    Starting test/klippy/machine_mode.test (machine_mode.cfg)
Starting Klippy...
Exception on read /proc/cpuinfo: Traceback (most recent call last):
  File "/Users/frede/Documents/Programming/CNC/KlipperCNC/klipper-cnc/klippy/util.py", line 115, in get_cpu_info
    f = open('/proc/cpuinfo', 'r')
FileNotFoundError: [Errno 2] No such file or directory: '/proc/cpuinfo'

Args: ['./klippy/klippy.py', 'test/klippy/machine_mode.cfg', '-i', './_test_.gcode', '-o', '_test_output', '-v', '-d', 'test/dicts/atmega644p.dict', '-l', '_test_.log']
Git version: '57ca728-dirty'
Modified files: .DS_Store, docs/.DS_Store, klippy/.DS_Store, klippy/chelper/serialqueue.c, klippy/extras/cnc_extended_m_codes.py, klippy/extras/gcode_move.py, klippy/extras/machine_mode.py
Branch: main
Remote: origin
Tracked URL: https://github.com/Infactionfreddy/klipper-for-cnc.git
CPU: ?
Python: '3.14.0 (main, Oct  7 2025, 09:34:52) [Clang 17.0.0 (clang-1700.4.4.1)]'
Start printer at Sat Dec 13 21:48:20 2025 (1765658900.5 281609.1)
===== Config file =====
[mcu]
serial = /dev/ttyACM0

[printer]
kinematics = cartesian_abc
kinematics_abc = cartesian_abc
axis = XYZABC
max_velocity = 300
max_accel = 3000
max_z_velocity = 5
max_z_accel = 100

[force_move]
enable_force_move = True

[stepper_x]
step_pin = PB1
dir_pin = PB2
enable_pin = !PB0
microsteps = 8
rotation_distance = 40
endstop_pin = ^!PB3
position_endstop = 0
position_min = -1
position_max = 330
homing_positive_dir = False
homing_speed = 50
second_homing_speed = 10

[stepper_y]
step_pin = PB4
dir_pin = !PB5
enable_pin = !PB0
microsteps = 8
rotation_distance = 40
endstop_pin = ^!PB6
position_endstop = 0
position_min = -1
position_max = 312
homing_positive_dir = False
homing_speed = 50
second_homing_speed = 10

[stepper_z]
step_pin = PB7
dir_pin = !PD2
enable_pin = !PB0
microsteps = 8
rotation_distance = 8
endstop_pin = ^!PD3
position_endstop = 150
position_min = -20
position_max = 150
homing_positive_dir = True
homing_speed = 20
second_homing_speed = 5

[stepper_a]
step_pin = PD4
dir_pin = PD5
enable_pin = !PB0
microsteps = 8
rotation_distance = 40
endstop_pin = ^PD6
position_endstop = 0.0
position_min = -360.0
position_max = 360.0
homing_positive_dir = False
homing_speed = 25.0
second_homing_speed = 5.0

[stepper_b]
step_pin = PD7
dir_pin = !PC0
enable_pin = !PB0
microsteps = 16
rotation_distance = 2
endstop_pin = ^!PC1
position_endstop = 0.0
position_min = -180.0
position_max = 180.0
homing_positive_dir = False
homing_speed = 25.0
second_homing_speed = 5.0

[stepper_c]
step_pin = PC2
dir_pin = !PC3
enable_pin = !PB0
microsteps = 16
rotation_distance = 2
endstop_pin = ^!PC4
position_endstop = 0.0
position_min = -360.0
position_max = 360.0
homing_positive_dir = False
homing_speed = 25.0
second_homing_speed = 5.0

[extruder]
step_pin = PC6
dir_pin = PC7
enable_pin = PA1
microsteps = 1
rotation_distance = 33.500
nozzle_diameter = 0.500
filament_diameter = 3.500
heater_pin = PC5
sensor_type = EPCOS 100K B57560G104F
sensor_pin = PA7
control = pid
pid_kp = 22.2
pid_ki = 1.08
pid_kd = 114
min_temp = 0
min_extrude_temp = 0
max_temp = 210
max_extrude_cross_section = 9999
max_extrude_only_distance = 9999
max_extrude_only_velocity = 50
max_extrude_only_accel = 100

[spindle_control]
pwm_pin = PA3
spindle_type = pwm
min_rpm = 0
max_rpm = 24000
pwm_frequency = 25000
acceleration = 10000
spinup_time = 0.5
spindown_time = 0.5

[laser_control]
pwm_pin = PA5
min_power = 0
max_power = 100
pwm_frequency = 1000.0
laser_mode = True
power_on_delay = 0.05
power_off_delay = 0.0

[machine_mode]
default_mode = cnc
default_tool_mode = spindle

[cnc_extended_m_codes]

[probe_G38_multi toolhead]
pin = ^PA2
z_offset = 0
speed = 5.0
lift_speed = 10.0
sample_retract_dist = 2.0
samples = 1
samples_result = average
samples_tolerance = 0.100
samples_tolerance_retries = 0

[output_pin digital_out_0]
pin = PA6
value = 0

[output_pin digital_out_1]
pin = PA4
value = 0
=======================
Spindle Control: Initialized type=pwm, max_rpm=24000.0, pwm_freq=25000.0Hz
Laser Control: Initialized with max_power=100.0, pwm_frequency=1000.0Hz, laser_mode=True
MachineMode: Initialized - default_mode=cnc, default_tool_mode=spindle, axis=XYZABC
CNC M-Codes: Comprehensive M-Code support initialized (tool_mode=auto)
Configuring MULTIPROBE and G38.n commands for probe 'toolhead'.
Setting endstop for 'probe_toolhead' using pin '^PA2'.
Registering endstop 'probe_toolhead' as a G38 probing endstop.
Skipped definition of standard PROBE commands with probe 'probe_toolhead'.
ProbeG38multi: G38.2 not yet configured, running G38.n register_command.
ToolHead: setup axis_map to '{'X': 0, 'Y': 1, 'Z': 2, 'A': 3, 'B': 4, 'C': 5, 'E': 6}' and axis_config to '[0, 1, 2, 3, 4, 5, 6]'.
ToolHead: starting setup with axes=XYZABC, pos_length=7, and accel_limited_axes=XYZABC
ToolHead: setting up additional ABC trapq.
Loading kinematics cartesian_abc.
CartKinematicsABC: starting setup with axes 'XYZ', indexes '[0, 1, 2]', and expanded indexes '[0, 1, 2]'
Loading kinematics cartesian_abc.
CartKinematicsABC: starting setup with axes 'ABC', indexes '[3, 4, 5]', and expanded indexes '[3, 4, 5]'
GCodeMove: starting setup with axis_names='XYZABC' and axis_map: '{'X': 0, 'Y': 1, 'Z': 2, 'A': 3, 'B': 4, 'C': 5, 'E': 6}'
Extruder max_extrude_ratio=1039.275282
Loaded MCU 'mcu' 106 commands (18de421 / gcc: (GCC) 5.4.0 binutils: (GNU Binutils) 2.26.20160125)
MCU 'mcu' config: ADC_MAX=1023 BUS_PINS_spi=PB6,PB5,PB7 BUS_PINS_twi=PC0,PC1 CLOCK_FREQ=16000000 MCU=atmega644p PWM_MAX=255 RECEIVE_WINDOW=192 RESERVE_PINS_serial=PD0,PD1 SERIAL_BAUD=250000 STATS_SUMSQ_BASE=256
ProbeEndstopWrapperG38: associating all steppers to probe endstop 'probe_toolhead'.
Registering stepper 'stepper_z' in probe 'probe_toolhead'.
Sending MCU 'mcu' printer configuration...
Configured MCU 'mcu' (500 moves)
Spindle Control: No PWM output_pin configured for PA3
Laser Control: No output_pin found for PA5, please configure [output_pin] section
MachineMode: Ready - mode=cnc, tool_mode=spindle, spindle=True, laser=True, extruder=True
CNC M-Codes: pause_resume not available
CNC M-Codes: laser_control module detected
CNC M-Codes: spindle_control module detected
CNC M-Codes: Both modules detected, defaulting to tool_mode=spindle
gcode_move.reset_last_position: triggered.
gcode_move.reset_last_position: set self.last_position=[0.0, 0.0, 0.0, 0.0, 0.0, 0.0, 0.0]
Running full garbage collection and freezing
Machine mode: cnc, Tool mode: spindle, Axis: XYZABC (6 axes)
MachineMode: Status - Machine mode: cnc, Tool mode: spindle, Axis: XYZABC (6 axes)
===== POSITION SUMMARY =====
Machine Mode: cnc
Axis Config: XYZABC (6 axes)
Position: X:0.000 Y:0.000 Z:0.000 A:0.000 B:0.000 C:0.000 E:0.000
Homed: X:✗ Y:✗ Z:✗ A:✗ B:✗ C:✗ X:✗ Y:✗ Z:✗ A:✗ B:✗ C:✗
Manual Steppers: None
Extruder Info:
  Temperature: 0.0°C (target: 0.0°C)
  Pressure Advance: 0.000000
  Smooth Time: 0.040000

===== DETAILED POSITIONS =====
mcu: XYZ: stepper_x:0 stepper_y:0 stepper_z:0, ABC: stepper_a:0 stepper_b:0 stepper_c:0
stepper: XYZ: stepper_x:0.000000 stepper_y:0.000000 stepper_z:0.000000, ABC: stepper_a:0.000000 stepper_b:0.000000 stepper_c:0.000000
kinematic: XYZ: X:0.000000 Y:0.000000 Z:0.000000, ABC: A:0.000000 B:0.000000 C:0.000000

===== COORDINATE SYSTEMS =====
toolhead: X:0.000000 Y:0.000000 Z:0.000000 A:0.000000 B:0.000000 C:0.000000 E:0.000000
gcode: X:0.000000 Y:0.000000 Z:0.000000 A:0.000000 B:0.000000 C:0.000000 E:0.000000
gcode base: X:0.000000 Y:0.000000 Z:0.000000 A:0.000000 B:0.000000 C:0.000000 E:0.000000
gcode homing: X:0.000000 Y:0.000000 Z:0.000000 A:0.000000 B:0.000000 C:0.000000 E:0.000000
PrinterHoming.cmd_G28: homing with command=G28 X Y Z
PrinterHoming.cmd_G28: homing axes=[0, 1, 2]
PrinterHoming.cmd_G28: checking if kin axes=[0, 1, 2] have been requested to home.
PrinterHoming.cmd_G28: homing ['X', 'Y', 'Z'] axes of the XYZ kinematic (axes: [0, 1, 2]).
PrinterHoming.home_axes: homing axis=['X', 'Y', 'Z']
cartesian_abc.home: homing axis changed_axes=[0, 1, 2]
toolhead.abc_axes_to_xyz: input=0
toolhead.abc_axes_to_xyz: output=0
cartesian_abc._home_axis: homing axis=0 with forcepos=[495.0, None, None, None, None, None, None] and homepos=[0.0, None, None, None, None, None, None]
homing.home_rails: homing begins with forcepos=[495.0, None, None, None, None, None, None] and movepos=[0.0, None, None, None, None, None, None]
set_position (toolhead): setting newpos=[495.0, 0.0, 0.0, 0.0, 0.0, 0.0, 0.0] and homing_axes=x
set_position (toolhead): setting XYZ trapq position.
set_position (toolhead): using newpos=[495.0, 0.0, 0.0]
set_kin_trap_position: setting trapq pos to newpos=[495.0, 0.0, 0.0]
set_position (toolhead): setting ABC trapq position.
set_position (toolhead): using newpos=[0.0, 0.0, 0.0]
set_kin_trap_position: setting trapq pos to newpos=[0.0, 0.0, 0.0]
set_position (toolhead): setting E trapq pos.
toolhead.set_position_e: setting E to newpos=0.0.
PrinterExtruder.set_position: called with newpos_e=0.0 homing_axes=x and self.axis_idx=6.
ExtruderStepper.set_position: setting E to newpos=0.0.
MCU_stepper.set_position: setting coord=[0.0, 0.0, 0.0] on stepper=extruder
MCU_stepper.set_position: calling itersolve_set_position
MCU_stepper.set_position: calling _set_mcu_position
set_position (toolhead): setting XYZ kinematic position.
set_position (toolhead): using newpos=[495.0, 0.0, 0.0] and kin_homing_axes=['x']
set_kinematics_position: setting kinematic position with newpos=[495.0, 0.0, 0.0] and homing_axes=['x']
CartKinematicsABC.set_position: setting kinematic position of 3 rails with newpos=[495.0, 0.0, 0.0] and homing_axes=['x']
CartKinematicsABC: setting newpos=[495.0, 0.0, 0.0] on stepper: stepper_x
MCU_stepper.set_position: setting coord=[495.0, 0.0, 0.0] on stepper=stepper_x
MCU_stepper.set_position: calling itersolve_set_position
MCU_stepper.set_position: calling _set_mcu_position
CartKinematicsABC: setting newpos=[495.0, 0.0, 0.0] on stepper: stepper_y
MCU_stepper.set_position: setting coord=[495.0, 0.0, 0.0] on stepper=stepper_y
MCU_stepper.set_position: calling itersolve_set_position
MCU_stepper.set_position: calling _set_mcu_position
CartKinematicsABC: setting newpos=[495.0, 0.0, 0.0] on stepper: stepper_z
MCU_stepper.set_position: setting coord=[495.0, 0.0, 0.0] on stepper=stepper_z
MCU_stepper.set_position: calling itersolve_set_position
MCU_stepper.set_position: calling _set_mcu_position
CartKinematicsABC: setting limits=(-1.0, 330.0) on stepper: stepper_x
set_position (toolhead): setting ABC kinematic position.
set_position (toolhead): using newpos=[0.0, 0.0, 0.0] and kin_homing_axes=[]
set_kinematics_position: setting kinematic position with newpos=[0.0, 0.0, 0.0] and homing_axes=[]
CartKinematicsABC.set_position: setting kinematic position of 3 rails with newpos=[0.0, 0.0, 0.0] and homing_axes=[]
CartKinematicsABC: setting newpos=[0.0, 0.0, 0.0] on stepper: stepper_a
MCU_stepper.set_position: setting coord=[0.0, 0.0, 0.0] on stepper=stepper_a
MCU_stepper.set_position: calling itersolve_set_position
MCU_stepper.set_position: calling _set_mcu_position
CartKinematicsABC: setting newpos=[0.0, 0.0, 0.0] on stepper: stepper_b
MCU_stepper.set_position: setting coord=[0.0, 0.0, 0.0] on stepper=stepper_b
MCU_stepper.set_position: calling itersolve_set_position
MCU_stepper.set_position: calling _set_mcu_position
CartKinematicsABC: setting newpos=[0.0, 0.0, 0.0] on stepper: stepper_c
MCU_stepper.set_position: setting coord=[0.0, 0.0, 0.0] on stepper=stepper_c
MCU_stepper.set_position: calling itersolve_set_position
MCU_stepper.set_position: calling _set_mcu_position
gcode_move.reset_last_position: triggered.
gcode_move.reset_last_position: set self.last_position=[495.0, 0.0, 0.0, 0.0, 0.0, 0.0, 0.0]
homing.homing_move: homing move called, starting setup.
homing.StepperPosition: add stepper stepper_x to endstop x
homing.homing_move: homing move start.
homing.homing_move: dwell for HOMING_START_DELAY=0.001
homing.homing_move: issuing drip move at speed: 50.0
drip_move: sending move to the queue.
toolhead.move: processing move to newpos=[0.0, 0.0, 0.0, 0.0, 0.0, 0.0, 0.0] at speed=50.0
toolhead.move: moved_axes=[0] unconfigured_axes=[] self.axes=[0, 1, 2, 3, 4, 5, 6]
toolhead.move: moving to newpos=[0.0, 0.0, 0.0, 0.0, 0.0, 0.0, 0.0]
Move: setup with start_pos=[495.0, 0.0, 0.0, 0.0, 0.0, 0.0, 0.0] and end_pos=[0.0, 0.0, 0.0, 0.0, 0.0, 0.0, 0.0]
Move: setup with axes_d=[-495.0, 0.0, 0.0, 0.0, 0.0, 0.0, 0.0] and move_d=495.0.
Move: scale acceleration from 3000.0 to 3000.0.
toolhead.move: check_move on XYZ move.
cartesian_abc.check_move: checking move ending on (0.0, 0.0, 0.0, 0.0, 0.0, 0.0, 0.0).
endstop check: triggered on XYZ/[0, 1, 2] move.
cartesian_abc.check_move: no Z axis in move.
toolhead.move: check_move on ABC move.
cartesian_abc.check_move: checking move ending on (0.0, 0.0, 0.0, 0.0, 0.0, 0.0, 0.0).
endstop check: triggered on ABC/[3, 4, 5] move.
cartesian_abc.check_move: no Z axis in ABC kinematic.
MoveQueue.add_move: adding move.
drip_move: flushing move queue / transmitting move.
Move set_junction: function triggered.
Move set_junction: function end.
ToolHead _process_moves: function triggered.
ToolHead _process_moves: self.print_time=0.253
ToolHead _process_moves: next_move_time=0.253
toolhead._process_moves: appending move to XYZ trapq.
toolhead._process_moves: appending move to ABC trapq.
ToolHead _process_moves: calling _update_drip_move_time with next_move_time=10.169666666666666
drip_move: calling flush_step_generation / exit drip state.
homing.homing_move: waiting for endstop triggers.
homing.homing_move: calculating haltpos.
set_position (toolhead): setting newpos=[0.0, 0.0, 0.0, 0.0, 0.0, 0.0, 0.0] and homing_axes=
set_position (toolhead): setting XYZ trapq position.
set_position (toolhead): using newpos=[0.0, 0.0, 0.0]
set_kin_trap_position: setting trapq pos to newpos=[0.0, 0.0, 0.0]
set_position (toolhead): setting ABC trapq position.
set_position (toolhead): using newpos=[0.0, 0.0, 0.0]
set_kin_trap_position: setting trapq pos to newpos=[0.0, 0.0, 0.0]
set_position (toolhead): setting E trapq pos.
toolhead.set_position_e: setting E to newpos=0.0.
PrinterExtruder.set_position: called with newpos_e=0.0 homing_axes= and self.axis_idx=6.
ExtruderStepper.set_position: setting E to newpos=0.0.
MCU_stepper.set_position: setting coord=[0.0, 0.0, 0.0] on stepper=extruder
MCU_stepper.set_position: calling itersolve_set_position
MCU_stepper.set_position: calling _set_mcu_position
set_position (toolhead): setting XYZ kinematic position.
set_position (toolhead): using newpos=[0.0, 0.0, 0.0] and kin_homing_axes=[]
set_kinematics_position: setting kinematic position with newpos=[0.0, 0.0, 0.0] and homing_axes=[]
CartKinematicsABC.set_position: setting kinematic position of 3 rails with newpos=[0.0, 0.0, 0.0] and homing_axes=[]
CartKinematicsABC: setting newpos=[0.0, 0.0, 0.0] on stepper: stepper_x
MCU_stepper.set_position: setting coord=[0.0, 0.0, 0.0] on stepper=stepper_x
MCU_stepper.set_position: calling itersolve_set_position
MCU_stepper.set_position: calling _set_mcu_position
CartKinematicsABC: setting newpos=[0.0, 0.0, 0.0] on stepper: stepper_y
MCU_stepper.set_position: setting coord=[0.0, 0.0, 0.0] on stepper=stepper_y
MCU_stepper.set_position: calling itersolve_set_position
MCU_stepper.set_position: calling _set_mcu_position
CartKinematicsABC: setting newpos=[0.0, 0.0, 0.0] on stepper: stepper_z
MCU_stepper.set_position: setting coord=[0.0, 0.0, 0.0] on stepper=stepper_z
MCU_stepper.set_position: calling itersolve_set_position
MCU_stepper.set_position: calling _set_mcu_position
set_position (toolhead): setting ABC kinematic position.
set_position (toolhead): using newpos=[0.0, 0.0, 0.0] and kin_homing_axes=[]
set_kinematics_position: setting kinematic position with newpos=[0.0, 0.0, 0.0] and homing_axes=[]
CartKinematicsABC.set_position: setting kinematic position of 3 rails with newpos=[0.0, 0.0, 0.0] and homing_axes=[]
CartKinematicsABC: setting newpos=[0.0, 0.0, 0.0] on stepper: stepper_a
MCU_stepper.set_position: setting coord=[0.0, 0.0, 0.0] on stepper=stepper_a
MCU_stepper.set_position: calling itersolve_set_position
MCU_stepper.set_position: calling _set_mcu_position
CartKinematicsABC: setting newpos=[0.0, 0.0, 0.0] on stepper: stepper_b
MCU_stepper.set_position: setting coord=[0.0, 0.0, 0.0] on stepper=stepper_b
MCU_stepper.set_position: calling itersolve_set_position
MCU_stepper.set_position: calling _set_mcu_position
CartKinematicsABC: setting newpos=[0.0, 0.0, 0.0] on stepper: stepper_c
MCU_stepper.set_position: setting coord=[0.0, 0.0, 0.0] on stepper=stepper_c
MCU_stepper.set_position: calling itersolve_set_position
MCU_stepper.set_position: calling _set_mcu_position
gcode_move.reset_last_position: triggered.
gcode_move.reset_last_position: set self.last_position=[0.0, 0.0, 0.0, 0.0, 0.0, 0.0, 0.0]
homing.homing_move: endstop trigger position trigpos=[0.0, 0.0, 0.0, 0.0, 0.0, 0.0, 0.0]
homing.homing_move: toolhead position set to haltpos=[0.0, 0.0, 0.0, 0.0, 0.0, 0.0, 0.0]
homing.homing_move: homing move end.
homing.home_rails: setting up second home startpos=[495.0, 0.0, 0.0, 0.0, 0.0, 0.0, 0.0] and homepos=[0.0, 0.0, 0.0, 0.0, 0.0, 0.0, 0.0]
homing.home_rails: issuing retraction move to retractpos=[5.0, 0.0, 0.0, 0.0, 0.0, 0.0, 0.0]
toolhead.move: processing move to newpos=[5.0, 0.0, 0.0, 0.0, 0.0, 0.0, 0.0] at speed=50.0
toolhead.move: moved_axes=[0] unconfigured_axes=[] self.axes=[0, 1, 2, 3, 4, 5, 6]
toolhead.move: moving to newpos=[5.0, 0.0, 0.0, 0.0, 0.0, 0.0, 0.0]
Move: setup with start_pos=[0.0, 0.0, 0.0, 0.0, 0.0, 0.0, 0.0] and end_pos=[5.0, 0.0, 0.0, 0.0, 0.0, 0.0, 0.0]
Move: setup with axes_d=[5.0, 0.0, 0.0, 0.0, 0.0, 0.0, 0.0] and move_d=5.0.
Move: scale acceleration from 3000.0 to 3000.0.
toolhead.move: check_move on XYZ move.
cartesian_abc.check_move: checking move ending on (5.0, 0.0, 0.0, 0.0, 0.0, 0.0, 0.0).
endstop check: triggered on XYZ/[0, 1, 2] move.
cartesian_abc.check_move: no Z axis in move.
toolhead.move: check_move on ABC move.
cartesian_abc.check_move: checking move ending on (5.0, 0.0, 0.0, 0.0, 0.0, 0.0, 0.0).
endstop check: triggered on ABC/[3, 4, 5] move.
cartesian_abc.check_move: no Z axis in ABC kinematic.
MoveQueue.add_move: adding move.
homing.home_rails: issuing second homing move with startpos=[10.0, 0.0, 0.0, 0.0, 0.0, 0.0, 0.0]
set_position (toolhead): setting newpos=[10.0, 0.0, 0.0, 0.0, 0.0, 0.0, 0.0] and homing_axes=
Move set_junction: function triggered.
Move set_junction: function end.
ToolHead _process_moves: function triggered.
ToolHead _process_moves: self.print_time=10.172666666666665
ToolHead _process_moves: next_move_time=10.172666666666665
toolhead._process_moves: appending move to XYZ trapq.
toolhead._process_moves: appending move to ABC trapq.
set_position (toolhead): setting XYZ trapq position.
set_position (toolhead): using newpos=[10.0, 0.0, 0.0]
set_kin_trap_position: setting trapq pos to newpos=[10.0, 0.0, 0.0]
set_position (toolhead): setting ABC trapq position.
set_position (toolhead): using newpos=[0.0, 0.0, 0.0]
set_kin_trap_position: setting trapq pos to newpos=[0.0, 0.0, 0.0]
set_position (toolhead): setting E trapq pos.
toolhead.set_position_e: setting E to newpos=0.0.
PrinterExtruder.set_position: called with newpos_e=0.0 homing_axes= and self.axis_idx=6.
ExtruderStepper.set_position: setting E to newpos=0.0.
MCU_stepper.set_position: setting coord=[0.0, 0.0, 0.0] on stepper=extruder
MCU_stepper.set_position: calling itersolve_set_position
MCU_stepper.set_position: calling _set_mcu_position
set_position (toolhead): setting XYZ kinematic position.
set_position (toolhead): using newpos=[10.0, 0.0, 0.0] and kin_homing_axes=[]
set_kinematics_position: setting kinematic position with newpos=[10.0, 0.0, 0.0] and homing_axes=[]
CartKinematicsABC.set_position: setting kinematic position of 3 rails with newpos=[10.0, 0.0, 0.0] and homing_axes=[]
CartKinematicsABC: setting newpos=[10.0, 0.0, 0.0] on stepper: stepper_x
MCU_stepper.set_position: setting coord=[10.0, 0.0, 0.0] on stepper=stepper_x
MCU_stepper.set_position: calling itersolve_set_position
MCU_stepper.set_position: calling _set_mcu_position
CartKinematicsABC: setting newpos=[10.0, 0.0, 0.0] on stepper: stepper_y
MCU_stepper.set_position: setting coord=[10.0, 0.0, 0.0] on stepper=stepper_y
MCU_stepper.set_position: calling itersolve_set_position
MCU_stepper.set_position: calling _set_mcu_position
CartKinematicsABC: setting newpos=[10.0, 0.0, 0.0] on stepper: stepper_z
MCU_stepper.set_position: setting coord=[10.0, 0.0, 0.0] on stepper=stepper_z
MCU_stepper.set_position: calling itersolve_set_position
MCU_stepper.set_position: calling _set_mcu_position
set_position (toolhead): setting ABC kinematic position.
set_position (toolhead): using newpos=[0.0, 0.0, 0.0] and kin_homing_axes=[]
set_kinematics_position: setting kinematic position with newpos=[0.0, 0.0, 0.0] and homing_axes=[]
CartKinematicsABC.set_position: setting kinematic position of 3 rails with newpos=[0.0, 0.0, 0.0] and homing_axes=[]
CartKinematicsABC: setting newpos=[0.0, 0.0, 0.0] on stepper: stepper_a
MCU_stepper.set_position: setting coord=[0.0, 0.0, 0.0] on stepper=stepper_a
MCU_stepper.set_position: calling itersolve_set_position
MCU_stepper.set_position: calling _set_mcu_position
CartKinematicsABC: setting newpos=[0.0, 0.0, 0.0] on stepper: stepper_b
MCU_stepper.set_position: setting coord=[0.0, 0.0, 0.0] on stepper=stepper_b
MCU_stepper.set_position: calling itersolve_set_position
MCU_stepper.set_position: calling _set_mcu_position
CartKinematicsABC: setting newpos=[0.0, 0.0, 0.0] on stepper: stepper_c
MCU_stepper.set_position: setting coord=[0.0, 0.0, 0.0] on stepper=stepper_c
MCU_stepper.set_position: calling itersolve_set_position
MCU_stepper.set_position: calling _set_mcu_position
gcode_move.reset_last_position: triggered.
gcode_move.reset_last_position: set self.last_position=[10.0, 0.0, 0.0, 0.0, 0.0, 0.0, 0.0]
homing.home_rails: starting second home startpos=[10.0, 0.0, 0.0, 0.0, 0.0, 0.0, 0.0] and homepos=[0.0, 0.0, 0.0, 0.0, 0.0, 0.0, 0.0]
homing.homing_move: homing move called, starting setup.
homing.StepperPosition: add stepper stepper_x to endstop x
homing.homing_move: homing move start.
homing.homing_move: dwell for HOMING_START_DELAY=0.001
homing.homing_move: issuing drip move at speed: 10.0
drip_move: sending move to the queue.
toolhead.move: processing move to newpos=[0.0, 0.0, 0.0, 0.0, 0.0, 0.0, 0.0] at speed=10.0
toolhead.move: moved_axes=[0] unconfigured_axes=[] self.axes=[0, 1, 2, 3, 4, 5, 6]
toolhead.move: moving to newpos=[0.0, 0.0, 0.0, 0.0, 0.0, 0.0, 0.0]
Move: setup with start_pos=[10.0, 0.0, 0.0, 0.0, 0.0, 0.0, 0.0] and end_pos=[0.0, 0.0, 0.0, 0.0, 0.0, 0.0, 0.0]
Move: setup with axes_d=[-10.0, 0.0, 0.0, 0.0, 0.0, 0.0, 0.0] and move_d=10.0.
Move: scale acceleration from 3000.0 to 3000.0.
toolhead.move: check_move on XYZ move.
cartesian_abc.check_move: checking move ending on (0.0, 0.0, 0.0, 0.0, 0.0, 0.0, 0.0).
endstop check: triggered on XYZ/[0, 1, 2] move.
cartesian_abc.check_move: no Z axis in move.
toolhead.move: check_move on ABC move.
cartesian_abc.check_move: checking move ending on (0.0, 0.0, 0.0, 0.0, 0.0, 0.0, 0.0).
endstop check: triggered on ABC/[3, 4, 5] move.
cartesian_abc.check_move: no Z axis in ABC kinematic.
MoveQueue.add_move: adding move.
drip_move: flushing move queue / transmitting move.
Move set_junction: function triggered.
Move set_junction: function end.
ToolHead _process_moves: function triggered.
ToolHead _process_moves: self.print_time=10.293333333333331
ToolHead _process_moves: next_move_time=10.293333333333331
toolhead._process_moves: appending move to XYZ trapq.
toolhead._process_moves: appending move to ABC trapq.
ToolHead _process_moves: calling _update_drip_move_time with next_move_time=11.296666666666665
drip_move: calling flush_step_generation / exit drip state.
homing.homing_move: waiting for endstop triggers.
homing.homing_move: calculating haltpos.
set_position (toolhead): setting newpos=[0.0, 0.0, 0.0, 0.0, 0.0, 0.0, 0.0] and homing_axes=
set_position (toolhead): setting XYZ trapq position.
set_position (toolhead): using newpos=[0.0, 0.0, 0.0]
set_kin_trap_position: setting trapq pos to newpos=[0.0, 0.0, 0.0]
set_position (toolhead): setting ABC trapq position.
set_position (toolhead): using newpos=[0.0, 0.0, 0.0]
set_kin_trap_position: setting trapq pos to newpos=[0.0, 0.0, 0.0]
set_position (toolhead): setting E trapq pos.
toolhead.set_position_e: setting E to newpos=0.0.
PrinterExtruder.set_position: called with newpos_e=0.0 homing_axes= and self.axis_idx=6.
ExtruderStepper.set_position: setting E to newpos=0.0.
MCU_stepper.set_position: setting coord=[0.0, 0.0, 0.0] on stepper=extruder
MCU_stepper.set_position: calling itersolve_set_position
MCU_stepper.set_position: calling _set_mcu_position
set_position (toolhead): setting XYZ kinematic position.
set_position (toolhead): using newpos=[0.0, 0.0, 0.0] and kin_homing_axes=[]
set_kinematics_position: setting kinematic position with newpos=[0.0, 0.0, 0.0] and homing_axes=[]
CartKinematicsABC.set_position: setting kinematic position of 3 rails with newpos=[0.0, 0.0, 0.0] and homing_axes=[]
CartKinematicsABC: setting newpos=[0.0, 0.0, 0.0] on stepper: stepper_x
MCU_stepper.set_position: setting coord=[0.0, 0.0, 0.0] on stepper=stepper_x
MCU_stepper.set_position: calling itersolve_set_position
MCU_stepper.set_position: calling _set_mcu_position
CartKinematicsABC: setting newpos=[0.0, 0.0, 0.0] on stepper: stepper_y
MCU_stepper.set_position: setting coord=[0.0, 0.0, 0.0] on stepper=stepper_y
MCU_stepper.set_position: calling itersolve_set_position
MCU_stepper.set_position: calling _set_mcu_position
CartKinematicsABC: setting newpos=[0.0, 0.0, 0.0] on stepper: stepper_z
MCU_stepper.set_position: setting coord=[0.0, 0.0, 0.0] on stepper=stepper_z
MCU_stepper.set_position: calling itersolve_set_position
MCU_stepper.set_position: calling _set_mcu_position
set_position (toolhead): setting ABC kinematic position.
set_position (toolhead): using newpos=[0.0, 0.0, 0.0] and kin_homing_axes=[]
set_kinematics_position: setting kinematic position with newpos=[0.0, 0.0, 0.0] and homing_axes=[]
CartKinematicsABC.set_position: setting kinematic position of 3 rails with newpos=[0.0, 0.0, 0.0] and homing_axes=[]
CartKinematicsABC: setting newpos=[0.0, 0.0, 0.0] on stepper: stepper_a
MCU_stepper.set_position: setting coord=[0.0, 0.0, 0.0] on stepper=stepper_a
MCU_stepper.set_position: calling itersolve_set_position
MCU_stepper.set_position: calling _set_mcu_position
CartKinematicsABC: setting newpos=[0.0, 0.0, 0.0] on stepper: stepper_b
MCU_stepper.set_position: setting coord=[0.0, 0.0, 0.0] on stepper=stepper_b
MCU_stepper.set_position: calling itersolve_set_position
MCU_stepper.set_position: calling _set_mcu_position
CartKinematicsABC: setting newpos=[0.0, 0.0, 0.0] on stepper: stepper_c
MCU_stepper.set_position: setting coord=[0.0, 0.0, 0.0] on stepper=stepper_c
MCU_stepper.set_position: calling itersolve_set_position
MCU_stepper.set_position: calling _set_mcu_position
gcode_move.reset_last_position: triggered.
gcode_move.reset_last_position: set self.last_position=[0.0, 0.0, 0.0, 0.0, 0.0, 0.0, 0.0]
homing.homing_move: endstop trigger position trigpos=[0.0, 0.0, 0.0, 0.0, 0.0, 0.0, 0.0]
homing.homing_move: toolhead position set to haltpos=[0.0, 0.0, 0.0, 0.0, 0.0, 0.0, 0.0]
homing.homing_move: homing move end.
check_no_movement with axes=None
gcode_move.reset_last_position: triggered.
gcode_move.reset_last_position: set self.last_position=[0.0, 0.0, 0.0, 0.0, 0.0, 0.0, 0.0]
homing.home_rails: finalized.
toolhead.abc_axes_to_xyz: input=1
toolhead.abc_axes_to_xyz: output=1
cartesian_abc._home_axis: homing axis=1 with forcepos=[None, 468.0, None, None, None, None, None] and homepos=[None, 0.0, None, None, None, None, None]
homing.home_rails: homing begins with forcepos=[None, 468.0, None, None, None, None, None] and movepos=[None, 0.0, None, None, None, None, None]
set_position (toolhead): setting newpos=[0.0, 468.0, 0.0, 0.0, 0.0, 0.0, 0.0] and homing_axes=y
set_position (toolhead): setting XYZ trapq position.
set_position (toolhead): using newpos=[0.0, 468.0, 0.0]
set_kin_trap_position: setting trapq pos to newpos=[0.0, 468.0, 0.0]
set_position (toolhead): setting ABC trapq position.
set_position (toolhead): using newpos=[0.0, 0.0, 0.0]
set_kin_trap_position: setting trapq pos to newpos=[0.0, 0.0, 0.0]
set_position (toolhead): setting E trapq pos.
toolhead.set_position_e: setting E to newpos=0.0.
PrinterExtruder.set_position: called with newpos_e=0.0 homing_axes=y and self.axis_idx=6.
ExtruderStepper.set_position: setting E to newpos=0.0.
MCU_stepper.set_position: setting coord=[0.0, 0.0, 0.0] on stepper=extruder
MCU_stepper.set_position: calling itersolve_set_position
MCU_stepper.set_position: calling _set_mcu_position
set_position (toolhead): setting XYZ kinematic position.
set_position (toolhead): using newpos=[0.0, 468.0, 0.0] and kin_homing_axes=['y']
set_kinematics_position: setting kinematic position with newpos=[0.0, 468.0, 0.0] and homing_axes=['y']
CartKinematicsABC.set_position: setting kinematic position of 3 rails with newpos=[0.0, 468.0, 0.0] and homing_axes=['y']
CartKinematicsABC: setting newpos=[0.0, 468.0, 0.0] on stepper: stepper_x
MCU_stepper.set_position: setting coord=[0.0, 468.0, 0.0] on stepper=stepper_x
MCU_stepper.set_position: calling itersolve_set_position
MCU_stepper.set_position: calling _set_mcu_position
CartKinematicsABC: setting newpos=[0.0, 468.0, 0.0] on stepper: stepper_y
MCU_stepper.set_position: setting coord=[0.0, 468.0, 0.0] on stepper=stepper_y
MCU_stepper.set_position: calling itersolve_set_position
MCU_stepper.set_position: calling _set_mcu_position
CartKinematicsABC: setting newpos=[0.0, 468.0, 0.0] on stepper: stepper_z
MCU_stepper.set_position: setting coord=[0.0, 468.0, 0.0] on stepper=stepper_z
MCU_stepper.set_position: calling itersolve_set_position
MCU_stepper.set_position: calling _set_mcu_position
CartKinematicsABC: setting limits=(-1.0, 312.0) on stepper: stepper_y
set_position (toolhead): setting ABC kinematic position.
set_position (toolhead): using newpos=[0.0, 0.0, 0.0] and kin_homing_axes=[]
set_kinematics_position: setting kinematic position with newpos=[0.0, 0.0, 0.0] and homing_axes=[]
CartKinematicsABC.set_position: setting kinematic position of 3 rails with newpos=[0.0, 0.0, 0.0] and homing_axes=[]
CartKinematicsABC: setting newpos=[0.0, 0.0, 0.0] on stepper: stepper_a
MCU_stepper.set_position: setting coord=[0.0, 0.0, 0.0] on stepper=stepper_a
MCU_stepper.set_position: calling itersolve_set_position
MCU_stepper.set_position: calling _set_mcu_position
CartKinematicsABC: setting newpos=[0.0, 0.0, 0.0] on stepper: stepper_b
MCU_stepper.set_position: setting coord=[0.0, 0.0, 0.0] on stepper=stepper_b
MCU_stepper.set_position: calling itersolve_set_position
MCU_stepper.set_position: calling _set_mcu_position
CartKinematicsABC: setting newpos=[0.0, 0.0, 0.0] on stepper: stepper_c
MCU_stepper.set_position: setting coord=[0.0, 0.0, 0.0] on stepper=stepper_c
MCU_stepper.set_position: calling itersolve_set_position
MCU_stepper.set_position: calling _set_mcu_position
gcode_move.reset_last_position: triggered.
gcode_move.reset_last_position: set self.last_position=[0.0, 468.0, 0.0, 0.0, 0.0, 0.0, 0.0]
homing.homing_move: homing move called, starting setup.
homing.StepperPosition: add stepper stepper_y to endstop y
homing.homing_move: homing move start.
homing.homing_move: dwell for HOMING_START_DELAY=0.001
homing.homing_move: issuing drip move at speed: 50.0
drip_move: sending move to the queue.
toolhead.move: processing move to newpos=[0.0, 0.0, 0.0, 0.0, 0.0, 0.0, 0.0] at speed=50.0
toolhead.move: moved_axes=[1] unconfigured_axes=[] self.axes=[0, 1, 2, 3, 4, 5, 6]
toolhead.move: moving to newpos=[0.0, 0.0, 0.0, 0.0, 0.0, 0.0, 0.0]
Move: setup with start_pos=[0.0, 468.0, 0.0, 0.0, 0.0, 0.0, 0.0] and end_pos=[0.0, 0.0, 0.0, 0.0, 0.0, 0.0, 0.0]
Move: setup with axes_d=[0.0, -468.0, 0.0, 0.0, 0.0, 0.0, 0.0] and move_d=468.0.
Move: scale acceleration from 3000.0 to 3000.0.
toolhead.move: check_move on XYZ move.
cartesian_abc.check_move: checking move ending on (0.0, 0.0, 0.0, 0.0, 0.0, 0.0, 0.0).
endstop check: triggered on XYZ/[0, 1, 2] move.
cartesian_abc.check_move: no Z axis in move.
toolhead.move: check_move on ABC move.
cartesian_abc.check_move: checking move ending on (0.0, 0.0, 0.0, 0.0, 0.0, 0.0, 0.0).
endstop check: triggered on ABC/[3, 4, 5] move.
cartesian_abc.check_move: no Z axis in ABC kinematic.
MoveQueue.add_move: adding move.
drip_move: flushing move queue / transmitting move.
Move set_junction: function triggered.
Move set_junction: function end.
ToolHead _process_moves: function triggered.
ToolHead _process_moves: self.print_time=11.301666666666662
ToolHead _process_moves: next_move_time=11.301666666666662
toolhead._process_moves: appending move to XYZ trapq.
toolhead._process_moves: appending move to ABC trapq.
ToolHead _process_moves: calling _update_drip_move_time with next_move_time=20.678333333333327
drip_move: calling flush_step_generation / exit drip state.
homing.homing_move: waiting for endstop triggers.
homing.homing_move: calculating haltpos.
set_position (toolhead): setting newpos=[0.0, 0.0, 0.0, 0.0, 0.0, 0.0, 0.0] and homing_axes=
set_position (toolhead): setting XYZ trapq position.
set_position (toolhead): using newpos=[0.0, 0.0, 0.0]
set_kin_trap_position: setting trapq pos to newpos=[0.0, 0.0, 0.0]
set_position (toolhead): setting ABC trapq position.
set_position (toolhead): using newpos=[0.0, 0.0, 0.0]
set_kin_trap_position: setting trapq pos to newpos=[0.0, 0.0, 0.0]
set_position (toolhead): setting E trapq pos.
toolhead.set_position_e: setting E to newpos=0.0.
PrinterExtruder.set_position: called with newpos_e=0.0 homing_axes= and self.axis_idx=6.
ExtruderStepper.set_position: setting E to newpos=0.0.
MCU_stepper.set_position: setting coord=[0.0, 0.0, 0.0] on stepper=extruder
MCU_stepper.set_position: calling itersolve_set_position
MCU_stepper.set_position: calling _set_mcu_position
set_position (toolhead): setting XYZ kinematic position.
set_position (toolhead): using newpos=[0.0, 0.0, 0.0] and kin_homing_axes=[]
set_kinematics_position: setting kinematic position with newpos=[0.0, 0.0, 0.0] and homing_axes=[]
CartKinematicsABC.set_position: setting kinematic position of 3 rails with newpos=[0.0, 0.0, 0.0] and homing_axes=[]
CartKinematicsABC: setting newpos=[0.0, 0.0, 0.0] on stepper: stepper_x
MCU_stepper.set_position: setting coord=[0.0, 0.0, 0.0] on stepper=stepper_x
MCU_stepper.set_position: calling itersolve_set_position
MCU_stepper.set_position: calling _set_mcu_position
CartKinematicsABC: setting newpos=[0.0, 0.0, 0.0] on stepper: stepper_y
MCU_stepper.set_position: setting coord=[0.0, 0.0, 0.0] on stepper=stepper_y
MCU_stepper.set_position: calling itersolve_set_position
MCU_stepper.set_position: calling _set_mcu_position
CartKinematicsABC: setting newpos=[0.0, 0.0, 0.0] on stepper: stepper_z
MCU_stepper.set_position: setting coord=[0.0, 0.0, 0.0] on stepper=stepper_z
MCU_stepper.set_position: calling itersolve_set_position
MCU_stepper.set_position: calling _set_mcu_position
set_position (toolhead): setting ABC kinematic position.
set_position (toolhead): using newpos=[0.0, 0.0, 0.0] and kin_homing_axes=[]
set_kinematics_position: setting kinematic position with newpos=[0.0, 0.0, 0.0] and homing_axes=[]
CartKinematicsABC.set_position: setting kinematic position of 3 rails with newpos=[0.0, 0.0, 0.0] and homing_axes=[]
CartKinematicsABC: setting newpos=[0.0, 0.0, 0.0] on stepper: stepper_a
MCU_stepper.set_position: setting coord=[0.0, 0.0, 0.0] on stepper=stepper_a
MCU_stepper.set_position: calling itersolve_set_position
MCU_stepper.set_position: calling _set_mcu_position
CartKinematicsABC: setting newpos=[0.0, 0.0, 0.0] on stepper: stepper_b
MCU_stepper.set_position: setting coord=[0.0, 0.0, 0.0] on stepper=stepper_b
MCU_stepper.set_position: calling itersolve_set_position
MCU_stepper.set_position: calling _set_mcu_position
CartKinematicsABC: setting newpos=[0.0, 0.0, 0.0] on stepper: stepper_c
MCU_stepper.set_position: setting coord=[0.0, 0.0, 0.0] on stepper=stepper_c
MCU_stepper.set_position: calling itersolve_set_position
MCU_stepper.set_position: calling _set_mcu_position
gcode_move.reset_last_position: triggered.
gcode_move.reset_last_position: set self.last_position=[0.0, 0.0, 0.0, 0.0, 0.0, 0.0, 0.0]
homing.homing_move: endstop trigger position trigpos=[0.0, 0.0, 0.0, 0.0, 0.0, 0.0, 0.0]
homing.homing_move: toolhead position set to haltpos=[0.0, 0.0, 0.0, 0.0, 0.0, 0.0, 0.0]
homing.homing_move: homing move end.
homing.home_rails: setting up second home startpos=[0.0, 468.0, 0.0, 0.0, 0.0, 0.0, 0.0] and homepos=[0.0, 0.0, 0.0, 0.0, 0.0, 0.0, 0.0]
homing.home_rails: issuing retraction move to retractpos=[0.0, 5.0, 0.0, 0.0, 0.0, 0.0, 0.0]
toolhead.move: processing move to newpos=[0.0, 5.0, 0.0, 0.0, 0.0, 0.0, 0.0] at speed=50.0
toolhead.move: moved_axes=[1] unconfigured_axes=[] self.axes=[0, 1, 2, 3, 4, 5, 6]
toolhead.move: moving to newpos=[0.0, 5.0, 0.0, 0.0, 0.0, 0.0, 0.0]
Move: setup with start_pos=[0.0, 0.0, 0.0, 0.0, 0.0, 0.0, 0.0] and end_pos=[0.0, 5.0, 0.0, 0.0, 0.0, 0.0, 0.0]
Move: setup with axes_d=[0.0, 5.0, 0.0, 0.0, 0.0, 0.0, 0.0] and move_d=5.0.
Move: scale acceleration from 3000.0 to 3000.0.
toolhead.move: check_move on XYZ move.
cartesian_abc.check_move: checking move ending on (0.0, 5.0, 0.0, 0.0, 0.0, 0.0, 0.0).
endstop check: triggered on XYZ/[0, 1, 2] move.
cartesian_abc.check_move: no Z axis in move.
toolhead.move: check_move on ABC move.
cartesian_abc.check_move: checking move ending on (0.0, 5.0, 0.0, 0.0, 0.0, 0.0, 0.0).
endstop check: triggered on ABC/[3, 4, 5] move.
cartesian_abc.check_move: no Z axis in ABC kinematic.
MoveQueue.add_move: adding move.
homing.home_rails: issuing second homing move with startpos=[0.0, 10.0, 0.0, 0.0, 0.0, 0.0, 0.0]
set_position (toolhead): setting newpos=[0.0, 10.0, 0.0, 0.0, 0.0, 0.0, 0.0] and homing_axes=
Move set_junction: function triggered.
Move set_junction: function end.
ToolHead _process_moves: function triggered.
ToolHead _process_moves: self.print_time=20.68133333333333
ToolHead _process_moves: next_move_time=20.68133333333333
toolhead._process_moves: appending move to XYZ trapq.
toolhead._process_moves: appending move to ABC trapq.
set_position (toolhead): setting XYZ trapq position.
set_position (toolhead): using newpos=[0.0, 10.0, 0.0]
set_kin_trap_position: setting trapq pos to newpos=[0.0, 10.0, 0.0]
set_position (toolhead): setting ABC trapq position.
set_position (toolhead): using newpos=[0.0, 0.0, 0.0]
set_kin_trap_position: setting trapq pos to newpos=[0.0, 0.0, 0.0]
set_position (toolhead): setting E trapq pos.
toolhead.set_position_e: setting E to newpos=0.0.
PrinterExtruder.set_position: called with newpos_e=0.0 homing_axes= and self.axis_idx=6.
ExtruderStepper.set_position: setting E to newpos=0.0.
MCU_stepper.set_position: setting coord=[0.0, 0.0, 0.0] on stepper=extruder
MCU_stepper.set_position: calling itersolve_set_position
MCU_stepper.set_position: calling _set_mcu_position
set_position (toolhead): setting XYZ kinematic position.
set_position (toolhead): using newpos=[0.0, 10.0, 0.0] and kin_homing_axes=[]
set_kinematics_position: setting kinematic position with newpos=[0.0, 10.0, 0.0] and homing_axes=[]
CartKinematicsABC.set_position: setting kinematic position of 3 rails with newpos=[0.0, 10.0, 0.0] and homing_axes=[]
CartKinematicsABC: setting newpos=[0.0, 10.0, 0.0] on stepper: stepper_x
MCU_stepper.set_position: setting coord=[0.0, 10.0, 0.0] on stepper=stepper_x
MCU_stepper.set_position: calling itersolve_set_position
MCU_stepper.set_position: calling _set_mcu_position
CartKinematicsABC: setting newpos=[0.0, 10.0, 0.0] on stepper: stepper_y
MCU_stepper.set_position: setting coord=[0.0, 10.0, 0.0] on stepper=stepper_y
MCU_stepper.set_position: calling itersolve_set_position
MCU_stepper.set_position: calling _set_mcu_position
CartKinematicsABC: setting newpos=[0.0, 10.0, 0.0] on stepper: stepper_z
MCU_stepper.set_position: setting coord=[0.0, 10.0, 0.0] on stepper=stepper_z
MCU_stepper.set_position: calling itersolve_set_position
MCU_stepper.set_position: calling _set_mcu_position
set_position (toolhead): setting ABC kinematic position.
set_position (toolhead): using newpos=[0.0, 0.0, 0.0] and kin_homing_axes=[]
set_kinematics_position: setting kinematic position with newpos=[0.0, 0.0, 0.0] and homing_axes=[]
CartKinematicsABC.set_position: setting kinematic position of 3 rails with newpos=[0.0, 0.0, 0.0] and homing_axes=[]
CartKinematicsABC: setting newpos=[0.0, 0.0, 0.0] on stepper: stepper_a
MCU_stepper.set_position: setting coord=[0.0, 0.0, 0.0] on stepper=stepper_a
MCU_stepper.set_position: calling itersolve_set_position
MCU_stepper.set_position: calling _set_mcu_position
CartKinematicsABC: setting newpos=[0.0, 0.0, 0.0] on stepper: stepper_b
MCU_stepper.set_position: setting coord=[0.0, 0.0, 0.0] on stepper=stepper_b
MCU_stepper.set_position: calling itersolve_set_position
MCU_stepper.set_position: calling _set_mcu_position
CartKinematicsABC: setting newpos=[0.0, 0.0, 0.0] on stepper: stepper_c
MCU_stepper.set_position: setting coord=[0.0, 0.0, 0.0] on stepper=stepper_c
MCU_stepper.set_position: calling itersolve_set_position
MCU_stepper.set_position: calling _set_mcu_position
gcode_move.reset_last_position: triggered.
gcode_move.reset_last_position: set self.last_position=[0.0, 10.0, 0.0, 0.0, 0.0, 0.0, 0.0]
homing.home_rails: starting second home startpos=[0.0, 10.0, 0.0, 0.0, 0.0, 0.0, 0.0] and homepos=[0.0, 0.0, 0.0, 0.0, 0.0, 0.0, 0.0]
homing.homing_move: homing move called, starting setup.
homing.StepperPosition: add stepper stepper_y to endstop y
homing.homing_move: homing move start.
homing.homing_move: dwell for HOMING_START_DELAY=0.001
homing.homing_move: issuing drip move at speed: 10.0
drip_move: sending move to the queue.
toolhead.move: processing move to newpos=[0.0, 0.0, 0.0, 0.0, 0.0, 0.0, 0.0] at speed=10.0
toolhead.move: moved_axes=[1] unconfigured_axes=[] self.axes=[0, 1, 2, 3, 4, 5, 6]
toolhead.move: moving to newpos=[0.0, 0.0, 0.0, 0.0, 0.0, 0.0, 0.0]
Move: setup with start_pos=[0.0, 10.0, 0.0, 0.0, 0.0, 0.0, 0.0] and end_pos=[0.0, 0.0, 0.0, 0.0, 0.0, 0.0, 0.0]
Move: setup with axes_d=[0.0, -10.0, 0.0, 0.0, 0.0, 0.0, 0.0] and move_d=10.0.
Move: scale acceleration from 3000.0 to 3000.0.
toolhead.move: check_move on XYZ move.
cartesian_abc.check_move: checking move ending on (0.0, 0.0, 0.0, 0.0, 0.0, 0.0, 0.0).
endstop check: triggered on XYZ/[0, 1, 2] move.
cartesian_abc.check_move: no Z axis in move.
toolhead.move: check_move on ABC move.
cartesian_abc.check_move: checking move ending on (0.0, 0.0, 0.0, 0.0, 0.0, 0.0, 0.0).
endstop check: triggered on ABC/[3, 4, 5] move.
cartesian_abc.check_move: no Z axis in ABC kinematic.
MoveQueue.add_move: adding move.
drip_move: flushing move queue / transmitting move.
Move set_junction: function triggered.
Move set_junction: function end.
ToolHead _process_moves: function triggered.
ToolHead _process_moves: self.print_time=20.802
ToolHead _process_moves: next_move_time=20.802
toolhead._process_moves: appending move to XYZ trapq.
toolhead._process_moves: appending move to ABC trapq.
ToolHead _process_moves: calling _update_drip_move_time with next_move_time=21.805333333333333
drip_move: calling flush_step_generation / exit drip state.
homing.homing_move: waiting for endstop triggers.
homing.homing_move: calculating haltpos.
set_position (toolhead): setting newpos=[0.0, 0.0, 0.0, 0.0, 0.0, 0.0, 0.0] and homing_axes=
set_position (toolhead): setting XYZ trapq position.
set_position (toolhead): using newpos=[0.0, 0.0, 0.0]
set_kin_trap_position: setting trapq pos to newpos=[0.0, 0.0, 0.0]
set_position (toolhead): setting ABC trapq position.
set_position (toolhead): using newpos=[0.0, 0.0, 0.0]
set_kin_trap_position: setting trapq pos to newpos=[0.0, 0.0, 0.0]
set_position (toolhead): setting E trapq pos.
toolhead.set_position_e: setting E to newpos=0.0.
PrinterExtruder.set_position: called with newpos_e=0.0 homing_axes= and self.axis_idx=6.
ExtruderStepper.set_position: setting E to newpos=0.0.
MCU_stepper.set_position: setting coord=[0.0, 0.0, 0.0] on stepper=extruder
MCU_stepper.set_position: calling itersolve_set_position
MCU_stepper.set_position: calling _set_mcu_position
set_position (toolhead): setting XYZ kinematic position.
set_position (toolhead): using newpos=[0.0, 0.0, 0.0] and kin_homing_axes=[]
set_kinematics_position: setting kinematic position with newpos=[0.0, 0.0, 0.0] and homing_axes=[]
CartKinematicsABC.set_position: setting kinematic position of 3 rails with newpos=[0.0, 0.0, 0.0] and homing_axes=[]
CartKinematicsABC: setting newpos=[0.0, 0.0, 0.0] on stepper: stepper_x
MCU_stepper.set_position: setting coord=[0.0, 0.0, 0.0] on stepper=stepper_x
MCU_stepper.set_position: calling itersolve_set_position
MCU_stepper.set_position: calling _set_mcu_position
CartKinematicsABC: setting newpos=[0.0, 0.0, 0.0] on stepper: stepper_y
MCU_stepper.set_position: setting coord=[0.0, 0.0, 0.0] on stepper=stepper_y
MCU_stepper.set_position: calling itersolve_set_position
MCU_stepper.set_position: calling _set_mcu_position
CartKinematicsABC: setting newpos=[0.0, 0.0, 0.0] on stepper: stepper_z
MCU_stepper.set_position: setting coord=[0.0, 0.0, 0.0] on stepper=stepper_z
MCU_stepper.set_position: calling itersolve_set_position
MCU_stepper.set_position: calling _set_mcu_position
set_position (toolhead): setting ABC kinematic position.
set_position (toolhead): using newpos=[0.0, 0.0, 0.0] and kin_homing_axes=[]
set_kinematics_position: setting kinematic position with newpos=[0.0, 0.0, 0.0] and homing_axes=[]
CartKinematicsABC.set_position: setting kinematic position of 3 rails with newpos=[0.0, 0.0, 0.0] and homing_axes=[]
CartKinematicsABC: setting newpos=[0.0, 0.0, 0.0] on stepper: stepper_a
MCU_stepper.set_position: setting coord=[0.0, 0.0, 0.0] on stepper=stepper_a
MCU_stepper.set_position: calling itersolve_set_position
MCU_stepper.set_position: calling _set_mcu_position
CartKinematicsABC: setting newpos=[0.0, 0.0, 0.0] on stepper: stepper_b
MCU_stepper.set_position: setting coord=[0.0, 0.0, 0.0] on stepper=stepper_b
MCU_stepper.set_position: calling itersolve_set_position
MCU_stepper.set_position: calling _set_mcu_position
CartKinematicsABC: setting newpos=[0.0, 0.0, 0.0] on stepper: stepper_c
MCU_stepper.set_position: setting coord=[0.0, 0.0, 0.0] on stepper=stepper_c
MCU_stepper.set_position: calling itersolve_set_position
MCU_stepper.set_position: calling _set_mcu_position
gcode_move.reset_last_position: triggered.
gcode_move.reset_last_position: set self.last_position=[0.0, 0.0, 0.0, 0.0, 0.0, 0.0, 0.0]
homing.homing_move: endstop trigger position trigpos=[0.0, 0.0, 0.0, 0.0, 0.0, 0.0, 0.0]
homing.homing_move: toolhead position set to haltpos=[0.0, 0.0, 0.0, 0.0, 0.0, 0.0, 0.0]
homing.homing_move: homing move end.
check_no_movement with axes=None
gcode_move.reset_last_position: triggered.
gcode_move.reset_last_position: set self.last_position=[0.0, 0.0, 0.0, 0.0, 0.0, 0.0, 0.0]
homing.home_rails: finalized.
toolhead.abc_axes_to_xyz: input=2
toolhead.abc_axes_to_xyz: output=2
cartesian_abc._home_axis: homing axis=2 with forcepos=[None, None, -105.0, None, None, None, None] and homepos=[None, None, 150.0, None, None, None, None]
homing.home_rails: homing begins with forcepos=[None, None, -105.0, None, None, None, None] and movepos=[None, None, 150.0, None, None, None, None]
set_position (toolhead): setting newpos=[0.0, 0.0, -105.0, 0.0, 0.0, 0.0, 0.0] and homing_axes=z
set_position (toolhead): setting XYZ trapq position.
set_position (toolhead): using newpos=[0.0, 0.0, -105.0]
set_kin_trap_position: setting trapq pos to newpos=[0.0, 0.0, -105.0]
set_position (toolhead): setting ABC trapq position.
set_position (toolhead): using newpos=[0.0, 0.0, 0.0]
set_kin_trap_position: setting trapq pos to newpos=[0.0, 0.0, 0.0]
set_position (toolhead): setting E trapq pos.
toolhead.set_position_e: setting E to newpos=0.0.
PrinterExtruder.set_position: called with newpos_e=0.0 homing_axes=z and self.axis_idx=6.
ExtruderStepper.set_position: setting E to newpos=0.0.
MCU_stepper.set_position: setting coord=[0.0, 0.0, 0.0] on stepper=extruder
MCU_stepper.set_position: calling itersolve_set_position
MCU_stepper.set_position: calling _set_mcu_position
set_position (toolhead): setting XYZ kinematic position.
set_position (toolhead): using newpos=[0.0, 0.0, -105.0] and kin_homing_axes=['z']
set_kinematics_position: setting kinematic position with newpos=[0.0, 0.0, -105.0] and homing_axes=['z']
CartKinematicsABC.set_position: setting kinematic position of 3 rails with newpos=[0.0, 0.0, -105.0] and homing_axes=['z']
CartKinematicsABC: setting newpos=[0.0, 0.0, -105.0] on stepper: stepper_x
MCU_stepper.set_position: setting coord=[0.0, 0.0, -105.0] on stepper=stepper_x
MCU_stepper.set_position: calling itersolve_set_position
MCU_stepper.set_position: calling _set_mcu_position
CartKinematicsABC: setting newpos=[0.0, 0.0, -105.0] on stepper: stepper_y
MCU_stepper.set_position: setting coord=[0.0, 0.0, -105.0] on stepper=stepper_y
MCU_stepper.set_position: calling itersolve_set_position
MCU_stepper.set_position: calling _set_mcu_position
CartKinematicsABC: setting newpos=[0.0, 0.0, -105.0] on stepper: stepper_z
MCU_stepper.set_position: setting coord=[0.0, 0.0, -105.0] on stepper=stepper_z
MCU_stepper.set_position: calling itersolve_set_position
MCU_stepper.set_position: calling _set_mcu_position
CartKinematicsABC: setting limits=(-20.0, 150.0) on stepper: stepper_z
set_position (toolhead): setting ABC kinematic position.
set_position (toolhead): using newpos=[0.0, 0.0, 0.0] and kin_homing_axes=[]
set_kinematics_position: setting kinematic position with newpos=[0.0, 0.0, 0.0] and homing_axes=[]
CartKinematicsABC.set_position: setting kinematic position of 3 rails with newpos=[0.0, 0.0, 0.0] and homing_axes=[]
CartKinematicsABC: setting newpos=[0.0, 0.0, 0.0] on stepper: stepper_a
MCU_stepper.set_position: setting coord=[0.0, 0.0, 0.0] on stepper=stepper_a
MCU_stepper.set_position: calling itersolve_set_position
MCU_stepper.set_position: calling _set_mcu_position
CartKinematicsABC: setting newpos=[0.0, 0.0, 0.0] on stepper: stepper_b
MCU_stepper.set_position: setting coord=[0.0, 0.0, 0.0] on stepper=stepper_b
MCU_stepper.set_position: calling itersolve_set_position
MCU_stepper.set_position: calling _set_mcu_position
CartKinematicsABC: setting newpos=[0.0, 0.0, 0.0] on stepper: stepper_c
MCU_stepper.set_position: setting coord=[0.0, 0.0, 0.0] on stepper=stepper_c
MCU_stepper.set_position: calling itersolve_set_position
MCU_stepper.set_position: calling _set_mcu_position
gcode_move.reset_last_position: triggered.
gcode_move.reset_last_position: set self.last_position=[0.0, 0.0, -105.0, 0.0, 0.0, 0.0, 0.0]
homing.homing_move: homing move called, starting setup.
homing.StepperPosition: add stepper stepper_z to endstop z
homing.homing_move: homing move start.
homing.homing_move: dwell for HOMING_START_DELAY=0.001
homing.homing_move: issuing drip move at speed: 20.0
drip_move: sending move to the queue.
toolhead.move: processing move to newpos=[0.0, 0.0, 150.0, 0.0, 0.0, 0.0, 0.0] at speed=20.0
toolhead.move: moved_axes=[2] unconfigured_axes=[] self.axes=[0, 1, 2, 3, 4, 5, 6]
toolhead.move: moving to newpos=[0.0, 0.0, 150.0, 0.0, 0.0, 0.0, 0.0]
Move: setup with start_pos=[0.0, 0.0, -105.0, 0.0, 0.0, 0.0, 0.0] and end_pos=[0.0, 0.0, 150.0, 0.0, 0.0, 0.0, 0.0]
Move: setup with axes_d=[0.0, 0.0, 255.0, 0.0, 0.0, 0.0, 0.0] and move_d=255.0.
Move: scale acceleration from 3000.0 to 3000.0.
toolhead.move: check_move on XYZ move.
cartesian_abc.check_move: checking move ending on (0.0, 0.0, 150.0, 0.0, 0.0, 0.0, 0.0).
endstop check: triggered on XYZ/[0, 1, 2] move.
toolhead.move: check_move on ABC move.
cartesian_abc.check_move: checking move ending on (0.0, 0.0, 150.0, 0.0, 0.0, 0.0, 0.0).
endstop check: triggered on ABC/[3, 4, 5] move.
cartesian_abc.check_move: no Z axis in ABC kinematic.
MoveQueue.add_move: adding move.
drip_move: flushing move queue / transmitting move.
Move set_junction: function triggered.
Move set_junction: function end.
ToolHead _process_moves: function triggered.
ToolHead _process_moves: self.print_time=21.81033333333334
ToolHead _process_moves: next_move_time=21.81033333333334
toolhead._process_moves: appending move to XYZ trapq.
toolhead._process_moves: appending move to ABC trapq.
ToolHead _process_moves: calling _update_drip_move_time with next_move_time=72.86033333333334
drip_move: calling flush_step_generation / exit drip state.
homing.homing_move: waiting for endstop triggers.
homing.homing_move: calculating haltpos.
set_position (toolhead): setting newpos=[0.0, 0.0, 150.0, 0.0, 0.0, 0.0, 0.0] and homing_axes=
set_position (toolhead): setting XYZ trapq position.
set_position (toolhead): using newpos=[0.0, 0.0, 150.0]
set_kin_trap_position: setting trapq pos to newpos=[0.0, 0.0, 150.0]
set_position (toolhead): setting ABC trapq position.
set_position (toolhead): using newpos=[0.0, 0.0, 0.0]
set_kin_trap_position: setting trapq pos to newpos=[0.0, 0.0, 0.0]
set_position (toolhead): setting E trapq pos.
toolhead.set_position_e: setting E to newpos=0.0.
PrinterExtruder.set_position: called with newpos_e=0.0 homing_axes= and self.axis_idx=6.
ExtruderStepper.set_position: setting E to newpos=0.0.
MCU_stepper.set_position: setting coord=[0.0, 0.0, 0.0] on stepper=extruder
MCU_stepper.set_position: calling itersolve_set_position
MCU_stepper.set_position: calling _set_mcu_position
set_position (toolhead): setting XYZ kinematic position.
set_position (toolhead): using newpos=[0.0, 0.0, 150.0] and kin_homing_axes=[]
set_kinematics_position: setting kinematic position with newpos=[0.0, 0.0, 150.0] and homing_axes=[]
CartKinematicsABC.set_position: setting kinematic position of 3 rails with newpos=[0.0, 0.0, 150.0] and homing_axes=[]
CartKinematicsABC: setting newpos=[0.0, 0.0, 150.0] on stepper: stepper_x
MCU_stepper.set_position: setting coord=[0.0, 0.0, 150.0] on stepper=stepper_x
MCU_stepper.set_position: calling itersolve_set_position
MCU_stepper.set_position: calling _set_mcu_position
CartKinematicsABC: setting newpos=[0.0, 0.0, 150.0] on stepper: stepper_y
MCU_stepper.set_position: setting coord=[0.0, 0.0, 150.0] on stepper=stepper_y
MCU_stepper.set_position: calling itersolve_set_position
MCU_stepper.set_position: calling _set_mcu_position
CartKinematicsABC: setting newpos=[0.0, 0.0, 150.0] on stepper: stepper_z
MCU_stepper.set_position: setting coord=[0.0, 0.0, 150.0] on stepper=stepper_z
MCU_stepper.set_position: calling itersolve_set_position
MCU_stepper.set_position: calling _set_mcu_position
set_position (toolhead): setting ABC kinematic position.
set_position (toolhead): using newpos=[0.0, 0.0, 0.0] and kin_homing_axes=[]
set_kinematics_position: setting kinematic position with newpos=[0.0, 0.0, 0.0] and homing_axes=[]
CartKinematicsABC.set_position: setting kinematic position of 3 rails with newpos=[0.0, 0.0, 0.0] and homing_axes=[]
CartKinematicsABC: setting newpos=[0.0, 0.0, 0.0] on stepper: stepper_a
MCU_stepper.set_position: setting coord=[0.0, 0.0, 0.0] on stepper=stepper_a
MCU_stepper.set_position: calling itersolve_set_position
MCU_stepper.set_position: calling _set_mcu_position
CartKinematicsABC: setting newpos=[0.0, 0.0, 0.0] on stepper: stepper_b
MCU_stepper.set_position: setting coord=[0.0, 0.0, 0.0] on stepper=stepper_b
MCU_stepper.set_position: calling itersolve_set_position
MCU_stepper.set_position: calling _set_mcu_position
CartKinematicsABC: setting newpos=[0.0, 0.0, 0.0] on stepper: stepper_c
MCU_stepper.set_position: setting coord=[0.0, 0.0, 0.0] on stepper=stepper_c
MCU_stepper.set_position: calling itersolve_set_position
MCU_stepper.set_position: calling _set_mcu_position
gcode_move.reset_last_position: triggered.
gcode_move.reset_last_position: set self.last_position=[0.0, 0.0, 150.0, 0.0, 0.0, 0.0, 0.0]
homing.homing_move: endstop trigger position trigpos=[0.0, 0.0, 150.0, 0.0, 0.0, 0.0, 0.0]
homing.homing_move: toolhead position set to haltpos=[0.0, 0.0, 150.0, 0.0, 0.0, 0.0, 0.0]
homing.homing_move: homing move end.
homing.home_rails: setting up second home startpos=[0.0, 0.0, -105.0, 0.0, 0.0, 0.0, 0.0] and homepos=[0.0, 0.0, 150.0, 0.0, 0.0, 0.0, 0.0]
homing.home_rails: issuing retraction move to retractpos=[0.0, 0.0, 145.0, 0.0, 0.0, 0.0, 0.0]
toolhead.move: processing move to newpos=[0.0, 0.0, 145.0, 0.0, 0.0, 0.0, 0.0] at speed=20.0
toolhead.move: moved_axes=[2] unconfigured_axes=[] self.axes=[0, 1, 2, 3, 4, 5, 6]
toolhead.move: moving to newpos=[0.0, 0.0, 145.0, 0.0, 0.0, 0.0, 0.0]
Move: setup with start_pos=[0.0, 0.0, 150.0, 0.0, 0.0, 0.0, 0.0] and end_pos=[0.0, 0.0, 145.0, 0.0, 0.0, 0.0, 0.0]
Move: setup with axes_d=[0.0, 0.0, -5.0, 0.0, 0.0, 0.0, 0.0] and move_d=5.0.
Move: scale acceleration from 3000.0 to 3000.0.
toolhead.move: check_move on XYZ move.
cartesian_abc.check_move: checking move ending on (0.0, 0.0, 145.0, 0.0, 0.0, 0.0, 0.0).
endstop check: triggered on XYZ/[0, 1, 2] move.
toolhead.move: check_move on ABC move.
cartesian_abc.check_move: checking move ending on (0.0, 0.0, 145.0, 0.0, 0.0, 0.0, 0.0).
endstop check: triggered on ABC/[3, 4, 5] move.
cartesian_abc.check_move: no Z axis in ABC kinematic.
MoveQueue.add_move: adding move.
homing.home_rails: issuing second homing move with startpos=[0.0, 0.0, 140.0, 0.0, 0.0, 0.0, 0.0]
set_position (toolhead): setting newpos=[0.0, 0.0, 140.0, 0.0, 0.0, 0.0, 0.0] and homing_axes=
Move set_junction: function triggered.
Move set_junction: function end.
ToolHead _process_moves: function triggered.
ToolHead _process_moves: self.print_time=72.86333333333336
ToolHead _process_moves: next_move_time=72.86333333333336
toolhead._process_moves: appending move to XYZ trapq.
toolhead._process_moves: appending move to ABC trapq.
set_position (toolhead): setting XYZ trapq position.
set_position (toolhead): using newpos=[0.0, 0.0, 140.0]
set_kin_trap_position: setting trapq pos to newpos=[0.0, 0.0, 140.0]
set_position (toolhead): setting ABC trapq position.
set_position (toolhead): using newpos=[0.0, 0.0, 0.0]
set_kin_trap_position: setting trapq pos to newpos=[0.0, 0.0, 0.0]
set_position (toolhead): setting E trapq pos.
toolhead.set_position_e: setting E to newpos=0.0.
PrinterExtruder.set_position: called with newpos_e=0.0 homing_axes= and self.axis_idx=6.
ExtruderStepper.set_position: setting E to newpos=0.0.
MCU_stepper.set_position: setting coord=[0.0, 0.0, 0.0] on stepper=extruder
MCU_stepper.set_position: calling itersolve_set_position
MCU_stepper.set_position: calling _set_mcu_position
set_position (toolhead): setting XYZ kinematic position.
set_position (toolhead): using newpos=[0.0, 0.0, 140.0] and kin_homing_axes=[]
set_kinematics_position: setting kinematic position with newpos=[0.0, 0.0, 140.0] and homing_axes=[]
CartKinematicsABC.set_position: setting kinematic position of 3 rails with newpos=[0.0, 0.0, 140.0] and homing_axes=[]
CartKinematicsABC: setting newpos=[0.0, 0.0, 140.0] on stepper: stepper_x
MCU_stepper.set_position: setting coord=[0.0, 0.0, 140.0] on stepper=stepper_x
MCU_stepper.set_position: calling itersolve_set_position
MCU_stepper.set_position: calling _set_mcu_position
CartKinematicsABC: setting newpos=[0.0, 0.0, 140.0] on stepper: stepper_y
MCU_stepper.set_position: setting coord=[0.0, 0.0, 140.0] on stepper=stepper_y
MCU_stepper.set_position: calling itersolve_set_position
MCU_stepper.set_position: calling _set_mcu_position
CartKinematicsABC: setting newpos=[0.0, 0.0, 140.0] on stepper: stepper_z
MCU_stepper.set_position: setting coord=[0.0, 0.0, 140.0] on stepper=stepper_z
MCU_stepper.set_position: calling itersolve_set_position
MCU_stepper.set_position: calling _set_mcu_position
set_position (toolhead): setting ABC kinematic position.
set_position (toolhead): using newpos=[0.0, 0.0, 0.0] and kin_homing_axes=[]
set_kinematics_position: setting kinematic position with newpos=[0.0, 0.0, 0.0] and homing_axes=[]
CartKinematicsABC.set_position: setting kinematic position of 3 rails with newpos=[0.0, 0.0, 0.0] and homing_axes=[]
CartKinematicsABC: setting newpos=[0.0, 0.0, 0.0] on stepper: stepper_a
MCU_stepper.set_position: setting coord=[0.0, 0.0, 0.0] on stepper=stepper_a
MCU_stepper.set_position: calling itersolve_set_position
MCU_stepper.set_position: calling _set_mcu_position
CartKinematicsABC: setting newpos=[0.0, 0.0, 0.0] on stepper: stepper_b
MCU_stepper.set_position: setting coord=[0.0, 0.0, 0.0] on stepper=stepper_b
MCU_stepper.set_position: calling itersolve_set_position
MCU_stepper.set_position: calling _set_mcu_position
CartKinematicsABC: setting newpos=[0.0, 0.0, 0.0] on stepper: stepper_c
MCU_stepper.set_position: setting coord=[0.0, 0.0, 0.0] on stepper=stepper_c
MCU_stepper.set_position: calling itersolve_set_position
MCU_stepper.set_position: calling _set_mcu_position
gcode_move.reset_last_position: triggered.
gcode_move.reset_last_position: set self.last_position=[0.0, 0.0, 140.0, 0.0, 0.0, 0.0, 0.0]
homing.home_rails: starting second home startpos=[0.0, 0.0, 140.0, 0.0, 0.0, 0.0, 0.0] and homepos=[0.0, 0.0, 150.0, 0.0, 0.0, 0.0, 0.0]
homing.homing_move: homing move called, starting setup.
homing.StepperPosition: add stepper stepper_z to endstop z
homing.homing_move: homing move start.
homing.homing_move: dwell for HOMING_START_DELAY=0.001
homing.homing_move: issuing drip move at speed: 5.0
drip_move: sending move to the queue.
toolhead.move: processing move to newpos=[0.0, 0.0, 150.0, 0.0, 0.0, 0.0, 0.0] at speed=5.0
toolhead.move: moved_axes=[2] unconfigured_axes=[] self.axes=[0, 1, 2, 3, 4, 5, 6]
toolhead.move: moving to newpos=[0.0, 0.0, 150.0, 0.0, 0.0, 0.0, 0.0]
Move: setup with start_pos=[0.0, 0.0, 140.0, 0.0, 0.0, 0.0, 0.0] and end_pos=[0.0, 0.0, 150.0, 0.0, 0.0, 0.0, 0.0]
Move: setup with axes_d=[0.0, 0.0, 10.0, 0.0, 0.0, 0.0, 0.0] and move_d=10.0.
Move: scale acceleration from 3000.0 to 3000.0.
toolhead.move: check_move on XYZ move.
cartesian_abc.check_move: checking move ending on (0.0, 0.0, 150.0, 0.0, 0.0, 0.0, 0.0).
endstop check: triggered on XYZ/[0, 1, 2] move.
toolhead.move: check_move on ABC move.
cartesian_abc.check_move: checking move ending on (0.0, 0.0, 150.0, 0.0, 0.0, 0.0, 0.0).
endstop check: triggered on ABC/[3, 4, 5] move.
cartesian_abc.check_move: no Z axis in ABC kinematic.
MoveQueue.add_move: adding move.
drip_move: flushing move queue / transmitting move.
Move set_junction: function triggered.
Move set_junction: function end.
ToolHead _process_moves: function triggered.
ToolHead _process_moves: self.print_time=73.91733333333337
ToolHead _process_moves: next_move_time=73.91733333333337
toolhead._process_moves: appending move to XYZ trapq.
toolhead._process_moves: appending move to ABC trapq.
ToolHead _process_moves: calling _update_drip_move_time with next_move_time=75.96733333333337
drip_move: calling flush_step_generation / exit drip state.
homing.homing_move: waiting for endstop triggers.
homing.homing_move: calculating haltpos.
set_position (toolhead): setting newpos=[0.0, 0.0, 150.0, 0.0, 0.0, 0.0, 0.0] and homing_axes=
set_position (toolhead): setting XYZ trapq position.
set_position (toolhead): using newpos=[0.0, 0.0, 150.0]
set_kin_trap_position: setting trapq pos to newpos=[0.0, 0.0, 150.0]
set_position (toolhead): setting ABC trapq position.
set_position (toolhead): using newpos=[0.0, 0.0, 0.0]
set_kin_trap_position: setting trapq pos to newpos=[0.0, 0.0, 0.0]
set_position (toolhead): setting E trapq pos.
toolhead.set_position_e: setting E to newpos=0.0.
PrinterExtruder.set_position: called with newpos_e=0.0 homing_axes= and self.axis_idx=6.
ExtruderStepper.set_position: setting E to newpos=0.0.
MCU_stepper.set_position: setting coord=[0.0, 0.0, 0.0] on stepper=extruder
MCU_stepper.set_position: calling itersolve_set_position
MCU_stepper.set_position: calling _set_mcu_position
set_position (toolhead): setting XYZ kinematic position.
set_position (toolhead): using newpos=[0.0, 0.0, 150.0] and kin_homing_axes=[]
set_kinematics_position: setting kinematic position with newpos=[0.0, 0.0, 150.0] and homing_axes=[]
CartKinematicsABC.set_position: setting kinematic position of 3 rails with newpos=[0.0, 0.0, 150.0] and homing_axes=[]
CartKinematicsABC: setting newpos=[0.0, 0.0, 150.0] on stepper: stepper_x
MCU_stepper.set_position: setting coord=[0.0, 0.0, 150.0] on stepper=stepper_x
MCU_stepper.set_position: calling itersolve_set_position
MCU_stepper.set_position: calling _set_mcu_position
CartKinematicsABC: setting newpos=[0.0, 0.0, 150.0] on stepper: stepper_y
MCU_stepper.set_position: setting coord=[0.0, 0.0, 150.0] on stepper=stepper_y
MCU_stepper.set_position: calling itersolve_set_position
MCU_stepper.set_position: calling _set_mcu_position
CartKinematicsABC: setting newpos=[0.0, 0.0, 150.0] on stepper: stepper_z
MCU_stepper.set_position: setting coord=[0.0, 0.0, 150.0] on stepper=stepper_z
MCU_stepper.set_position: calling itersolve_set_position
MCU_stepper.set_position: calling _set_mcu_position
set_position (toolhead): setting ABC kinematic position.
set_position (toolhead): using newpos=[0.0, 0.0, 0.0] and kin_homing_axes=[]
set_kinematics_position: setting kinematic position with newpos=[0.0, 0.0, 0.0] and homing_axes=[]
CartKinematicsABC.set_position: setting kinematic position of 3 rails with newpos=[0.0, 0.0, 0.0] and homing_axes=[]
CartKinematicsABC: setting newpos=[0.0, 0.0, 0.0] on stepper: stepper_a
MCU_stepper.set_position: setting coord=[0.0, 0.0, 0.0] on stepper=stepper_a
MCU_stepper.set_position: calling itersolve_set_position
MCU_stepper.set_position: calling _set_mcu_position
CartKinematicsABC: setting newpos=[0.0, 0.0, 0.0] on stepper: stepper_b
MCU_stepper.set_position: setting coord=[0.0, 0.0, 0.0] on stepper=stepper_b
MCU_stepper.set_position: calling itersolve_set_position
MCU_stepper.set_position: calling _set_mcu_position
CartKinematicsABC: setting newpos=[0.0, 0.0, 0.0] on stepper: stepper_c
MCU_stepper.set_position: setting coord=[0.0, 0.0, 0.0] on stepper=stepper_c
MCU_stepper.set_position: calling itersolve_set_position
MCU_stepper.set_position: calling _set_mcu_position
gcode_move.reset_last_position: triggered.
gcode_move.reset_last_position: set self.last_position=[0.0, 0.0, 150.0, 0.0, 0.0, 0.0, 0.0]
homing.homing_move: endstop trigger position trigpos=[0.0, 0.0, 150.0, 0.0, 0.0, 0.0, 0.0]
homing.homing_move: toolhead position set to haltpos=[0.0, 0.0, 150.0, 0.0, 0.0, 0.0, 0.0]
homing.homing_move: homing move end.
check_no_movement with axes=None
gcode_move.reset_last_position: triggered.
gcode_move.reset_last_position: set self.last_position=[0.0, 0.0, 150.0, 0.0, 0.0, 0.0, 0.0]
homing.home_rails: finalized.
PrinterHoming.cmd_G28: checking if kin axes=[3, 4, 5] have been requested to home.
===== POSITION SUMMARY =====
Machine Mode: cnc
Axis Config: XYZABC (6 axes)
Position: X:0.000 Y:0.000 Z:150.000 A:0.000 B:0.000 C:0.000 E:0.000
Homed: X:✗ Y:✗ Z:✗ A:✗ B:✗ C:✗ X:✗ Y:✗ Z:✗ A:✗ B:✗ C:✗
Manual Steppers: None
Extruder Info:
  Temperature: 0.0°C (target: 0.0°C)
  Pressure Advance: 0.000000
  Smooth Time: 0.040000

===== DETAILED POSITIONS =====
mcu: XYZ: stepper_x:-20000 stepper_y:-18920 stepper_z:52000, ABC: stepper_a:0 stepper_b:0 stepper_c:0
stepper: XYZ: stepper_x:0.000000 stepper_y:0.000000 stepper_z:150.000000, ABC: stepper_a:0.000000 stepper_b:0.000000 stepper_c:0.000000
kinematic: XYZ: X:0.000000 Y:0.000000 Z:150.000000, ABC: A:0.000000 B:0.000000 C:0.000000

===== COORDINATE SYSTEMS =====
toolhead: X:0.000000 Y:0.000000 Z:150.000000 A:0.000000 B:0.000000 C:0.000000 E:0.000000
gcode: X:0.000000 Y:0.000000 Z:150.000000 A:0.000000 B:0.000000 C:0.000000 E:0.000000
gcode base: X:0.000000 Y:0.000000 Z:0.000000 A:0.000000 B:0.000000 C:0.000000 E:0.000000
gcode homing: X:0.000000 Y:0.000000 Z:0.000000 A:0.000000 B:0.000000 C:0.000000 E:0.000000
GCodeMove: G1 starting setup with params={'G': '1', 'X': '50', 'Y': '50', 'Z': '100', 'F': '3000'}
GCodeMove: current G1 modes are absolute_coord=True and absolute_extrude=True
GCodeMove: parsed axis=X with value=50.0
GCodeMove: parsed axis=Y with value=50.0
GCodeMove: parsed axis=Z with value=100.0
GCodeMove: G1 moving to '[50.0, 50.0, 100.0, 0.0, 0.0, 0.0, 0.0]' at speed: 50.0
toolhead.move: processing move to newpos=[50.0, 50.0, 100.0, 0.0, 0.0, 0.0, 0.0] at speed=50.0
toolhead.move: moved_axes=[0, 1, 2] unconfigured_axes=[] self.axes=[0, 1, 2, 3, 4, 5, 6]
toolhead.move: moving to newpos=[50.0, 50.0, 100.0, 0.0, 0.0, 0.0, 0.0]
Move: setup with start_pos=[0.0, 0.0, 150.0, 0.0, 0.0, 0.0, 0.0] and end_pos=[50.0, 50.0, 100.0, 0.0, 0.0, 0.0, 0.0]
Move: setup with axes_d=[50.0, 50.0, -50.0, 0.0, 0.0, 0.0, 0.0] and move_d=86.60254037844386.
Move: scale acceleration from 3000.0 to 1732.050807568877.
toolhead.move: check_move on XYZ move.
cartesian_abc.check_move: checking move ending on (50.0, 50.0, 100.0, 0.0, 0.0, 0.0, 0.0).
endstop check: triggered on XYZ/[0, 1, 2] move.
toolhead.move: check_move on ABC move.
cartesian_abc.check_move: checking move ending on (50.0, 50.0, 100.0, 0.0, 0.0, 0.0, 0.0).
endstop check: triggered on ABC/[3, 4, 5] move.
cartesian_abc.check_move: no Z axis in ABC kinematic.
MoveQueue.add_move: adding move.
PrinterHoming.cmd_G28: homing with command=G28 A
PrinterHoming.cmd_G28: homing axes=[3]
PrinterHoming.cmd_G28: checking if kin axes=[0, 1, 2] have been requested to home.
PrinterHoming.cmd_G28: checking if kin axes=[3, 4, 5] have been requested to home.
PrinterHoming.cmd_G28: homing ['A'] axes of the ABC kinematic (axes: [3, 4, 5]).
PrinterHoming.home_axes: homing axis=['A']
cartesian_abc.home: homing axis changed_axes=[3]
toolhead.abc_axes_to_xyz: input=3
toolhead.abc_axes_to_xyz: output=0
cartesian_abc._home_axis: homing axis=3 with forcepos=[None, None, None, 540.0, None, None, None] and homepos=[None, None, None, 0.0, None, None, None]
homing.home_rails: homing begins with forcepos=[None, None, None, 540.0, None, None, None] and movepos=[None, None, None, 0.0, None, None, None]
set_position (toolhead): setting newpos=[50.0, 50.0, 100.0, 540.0, 0.0, 0.0, 0.0] and homing_axes=a
Move set_junction: function triggered.
Move set_junction: function end.
ToolHead _process_moves: function triggered.
ToolHead _process_moves: self.print_time=75.97033333333339
ToolHead _process_moves: next_move_time=75.97033333333339
toolhead._process_moves: appending move to XYZ trapq.
toolhead._process_moves: appending move to ABC trapq.
set_position (toolhead): setting XYZ trapq position.
set_position (toolhead): using newpos=[50.0, 50.0, 100.0]
set_kin_trap_position: setting trapq pos to newpos=[50.0, 50.0, 100.0]
set_position (toolhead): setting ABC trapq position.
set_position (toolhead): using newpos=[540.0, 0.0, 0.0]
set_kin_trap_position: setting trapq pos to newpos=[540.0, 0.0, 0.0]
set_position (toolhead): setting E trapq pos.
toolhead.set_position_e: setting E to newpos=0.0.
PrinterExtruder.set_position: called with newpos_e=0.0 homing_axes=a and self.axis_idx=6.
ExtruderStepper.set_position: setting E to newpos=0.0.
MCU_stepper.set_position: setting coord=[0.0, 0.0, 0.0] on stepper=extruder
MCU_stepper.set_position: calling itersolve_set_position
MCU_stepper.set_position: calling _set_mcu_position
set_position (toolhead): setting XYZ kinematic position.
set_position (toolhead): using newpos=[50.0, 50.0, 100.0] and kin_homing_axes=[]
set_kinematics_position: setting kinematic position with newpos=[50.0, 50.0, 100.0] and homing_axes=[]
CartKinematicsABC.set_position: setting kinematic position of 3 rails with newpos=[50.0, 50.0, 100.0] and homing_axes=[]
CartKinematicsABC: setting newpos=[50.0, 50.0, 100.0] on stepper: stepper_x
MCU_stepper.set_position: setting coord=[50.0, 50.0, 100.0] on stepper=stepper_x
MCU_stepper.set_position: calling itersolve_set_position
MCU_stepper.set_position: calling _set_mcu_position
CartKinematicsABC: setting newpos=[50.0, 50.0, 100.0] on stepper: stepper_y
MCU_stepper.set_position: setting coord=[50.0, 50.0, 100.0] on stepper=stepper_y
MCU_stepper.set_position: calling itersolve_set_position
MCU_stepper.set_position: calling _set_mcu_position
CartKinematicsABC: setting newpos=[50.0, 50.0, 100.0] on stepper: stepper_z
MCU_stepper.set_position: setting coord=[50.0, 50.0, 100.0] on stepper=stepper_z
MCU_stepper.set_position: calling itersolve_set_position
MCU_stepper.set_position: calling _set_mcu_position
set_position (toolhead): setting ABC kinematic position.
set_position (toolhead): using newpos=[540.0, 0.0, 0.0] and kin_homing_axes=['a']
set_kinematics_position: setting kinematic position with newpos=[540.0, 0.0, 0.0] and homing_axes=['a']
CartKinematicsABC.set_position: setting kinematic position of 3 rails with newpos=[540.0, 0.0, 0.0] and homing_axes=['a']
CartKinematicsABC: setting newpos=[540.0, 0.0, 0.0] on stepper: stepper_a
MCU_stepper.set_position: setting coord=[540.0, 0.0, 0.0] on stepper=stepper_a
MCU_stepper.set_position: calling itersolve_set_position
MCU_stepper.set_position: calling _set_mcu_position
CartKinematicsABC: setting newpos=[540.0, 0.0, 0.0] on stepper: stepper_b
MCU_stepper.set_position: setting coord=[540.0, 0.0, 0.0] on stepper=stepper_b
MCU_stepper.set_position: calling itersolve_set_position
MCU_stepper.set_position: calling _set_mcu_position
CartKinematicsABC: setting newpos=[540.0, 0.0, 0.0] on stepper: stepper_c
MCU_stepper.set_position: setting coord=[540.0, 0.0, 0.0] on stepper=stepper_c
MCU_stepper.set_position: calling itersolve_set_position
MCU_stepper.set_position: calling _set_mcu_position
CartKinematicsABC: setting limits=(-360.0, 360.0) on stepper: stepper_a
gcode_move.reset_last_position: triggered.
gcode_move.reset_last_position: set self.last_position=[50.0, 50.0, 100.0, 540.0, 0.0, 0.0, 0.0]
homing.homing_move: homing move called, starting setup.
homing.StepperPosition: add stepper stepper_a to endstop a
homing.homing_move: homing move start.
homing.homing_move: dwell for HOMING_START_DELAY=0.001
homing.homing_move: issuing drip move at speed: 25.0
drip_move: sending move to the queue.
toolhead.move: processing move to newpos=[50.0, 50.0, 100.0, 0.0, 0.0, 0.0, 0.0] at speed=25.0
toolhead.move: moved_axes=[3] unconfigured_axes=[] self.axes=[0, 1, 2, 3, 4, 5, 6]
toolhead.move: moving to newpos=[50.0, 50.0, 100.0, 0.0, 0.0, 0.0, 0.0]
Move: setup with start_pos=[50.0, 50.0, 100.0, 540.0, 0.0, 0.0, 0.0] and end_pos=[50.0, 50.0, 100.0, 0.0, 0.0, 0.0, 0.0]
Move: setup with axes_d=[0.0, 0.0, 0.0, -540.0, 0.0, 0.0, 0.0] and move_d=540.0.
Move: scale acceleration from 3000.0 to 3000.0.
toolhead.move: check_move on XYZ move.
cartesian_abc.check_move: checking move ending on (50.0, 50.0, 100.0, 0.0, 0.0, 0.0, 0.0).
cartesian_abc.check_move: no Z axis in move.
toolhead.move: check_move on ABC move.
cartesian_abc.check_move: checking move ending on (50.0, 50.0, 100.0, 0.0, 0.0, 0.0, 0.0).
endstop check: triggered on ABC/[3, 4, 5] move.
cartesian_abc.check_move: no Z axis in ABC kinematic.
MoveQueue.add_move: adding move.
drip_move: flushing move queue / transmitting move.
Move set_junction: function triggered.
Move set_junction: function end.
ToolHead _process_moves: function triggered.
ToolHead _process_moves: self.print_time=86.0243333333334
ToolHead _process_moves: next_move_time=86.0243333333334
toolhead._process_moves: appending move to XYZ trapq.
toolhead._process_moves: appending move to ABC trapq.
ToolHead _process_moves: calling _update_drip_move_time with next_move_time=107.63266666666675
drip_move: calling flush_step_generation / exit drip state.
homing.homing_move: waiting for endstop triggers.
homing.homing_move: calculating haltpos.
set_position (toolhead): setting newpos=[50.0, 50.0, 100.0, 0.0, 0.0, 0.0, 0.0] and homing_axes=
set_position (toolhead): setting XYZ trapq position.
set_position (toolhead): using newpos=[50.0, 50.0, 100.0]
set_kin_trap_position: setting trapq pos to newpos=[50.0, 50.0, 100.0]
set_position (toolhead): setting ABC trapq position.
set_position (toolhead): using newpos=[0.0, 0.0, 0.0]
set_kin_trap_position: setting trapq pos to newpos=[0.0, 0.0, 0.0]
set_position (toolhead): setting E trapq pos.
toolhead.set_position_e: setting E to newpos=0.0.
PrinterExtruder.set_position: called with newpos_e=0.0 homing_axes= and self.axis_idx=6.
ExtruderStepper.set_position: setting E to newpos=0.0.
MCU_stepper.set_position: setting coord=[0.0, 0.0, 0.0] on stepper=extruder
MCU_stepper.set_position: calling itersolve_set_position
MCU_stepper.set_position: calling _set_mcu_position
set_position (toolhead): setting XYZ kinematic position.
set_position (toolhead): using newpos=[50.0, 50.0, 100.0] and kin_homing_axes=[]
set_kinematics_position: setting kinematic position with newpos=[50.0, 50.0, 100.0] and homing_axes=[]
CartKinematicsABC.set_position: setting kinematic position of 3 rails with newpos=[50.0, 50.0, 100.0] and homing_axes=[]
CartKinematicsABC: setting newpos=[50.0, 50.0, 100.0] on stepper: stepper_x
MCU_stepper.set_position: setting coord=[50.0, 50.0, 100.0] on stepper=stepper_x
MCU_stepper.set_position: calling itersolve_set_position
MCU_stepper.set_position: calling _set_mcu_position
CartKinematicsABC: setting newpos=[50.0, 50.0, 100.0] on stepper: stepper_y
MCU_stepper.set_position: setting coord=[50.0, 50.0, 100.0] on stepper=stepper_y
MCU_stepper.set_position: calling itersolve_set_position
MCU_stepper.set_position: calling _set_mcu_position
CartKinematicsABC: setting newpos=[50.0, 50.0, 100.0] on stepper: stepper_z
MCU_stepper.set_position: setting coord=[50.0, 50.0, 100.0] on stepper=stepper_z
MCU_stepper.set_position: calling itersolve_set_position
MCU_stepper.set_position: calling _set_mcu_position
set_position (toolhead): setting ABC kinematic position.
set_position (toolhead): using newpos=[0.0, 0.0, 0.0] and kin_homing_axes=[]
set_kinematics_position: setting kinematic position with newpos=[0.0, 0.0, 0.0] and homing_axes=[]
CartKinematicsABC.set_position: setting kinematic position of 3 rails with newpos=[0.0, 0.0, 0.0] and homing_axes=[]
CartKinematicsABC: setting newpos=[0.0, 0.0, 0.0] on stepper: stepper_a
MCU_stepper.set_position: setting coord=[0.0, 0.0, 0.0] on stepper=stepper_a
MCU_stepper.set_position: calling itersolve_set_position
MCU_stepper.set_position: calling _set_mcu_position
CartKinematicsABC: setting newpos=[0.0, 0.0, 0.0] on stepper: stepper_b
MCU_stepper.set_position: setting coord=[0.0, 0.0, 0.0] on stepper=stepper_b
MCU_stepper.set_position: calling itersolve_set_position
MCU_stepper.set_position: calling _set_mcu_position
CartKinematicsABC: setting newpos=[0.0, 0.0, 0.0] on stepper: stepper_c
MCU_stepper.set_position: setting coord=[0.0, 0.0, 0.0] on stepper=stepper_c
MCU_stepper.set_position: calling itersolve_set_position
MCU_stepper.set_position: calling _set_mcu_position
gcode_move.reset_last_position: triggered.
gcode_move.reset_last_position: set self.last_position=[50.0, 50.0, 100.0, 0.0, 0.0, 0.0, 0.0]
homing.homing_move: endstop trigger position trigpos=[50.0, 50.0, 100.0, 0.0, 0.0, 0.0, 0.0]
homing.homing_move: toolhead position set to haltpos=[50.0, 50.0, 100.0, 0.0, 0.0, 0.0, 0.0]
homing.homing_move: homing move end.
homing.home_rails: setting up second home startpos=[50.0, 50.0, 100.0, 540.0, 0.0, 0.0, 0.0] and homepos=[50.0, 50.0, 100.0, 0.0, 0.0, 0.0, 0.0]
homing.home_rails: issuing retraction move to retractpos=[50.0, 50.0, 100.0, 5.0, 0.0, 0.0, 0.0]
toolhead.move: processing move to newpos=[50.0, 50.0, 100.0, 5.0, 0.0, 0.0, 0.0] at speed=25.0
toolhead.move: moved_axes=[3] unconfigured_axes=[] self.axes=[0, 1, 2, 3, 4, 5, 6]
toolhead.move: moving to newpos=[50.0, 50.0, 100.0, 5.0, 0.0, 0.0, 0.0]
Move: setup with start_pos=[50.0, 50.0, 100.0, 0.0, 0.0, 0.0, 0.0] and end_pos=[50.0, 50.0, 100.0, 5.0, 0.0, 0.0, 0.0]
Move: setup with axes_d=[0.0, 0.0, 0.0, 5.0, 0.0, 0.0, 0.0] and move_d=5.0.
Move: scale acceleration from 3000.0 to 3000.0.
toolhead.move: check_move on XYZ move.
cartesian_abc.check_move: checking move ending on (50.0, 50.0, 100.0, 5.0, 0.0, 0.0, 0.0).
cartesian_abc.check_move: no Z axis in move.
toolhead.move: check_move on ABC move.
cartesian_abc.check_move: checking move ending on (50.0, 50.0, 100.0, 5.0, 0.0, 0.0, 0.0).
endstop check: triggered on ABC/[3, 4, 5] move.
cartesian_abc.check_move: no Z axis in ABC kinematic.
MoveQueue.add_move: adding move.
homing.home_rails: issuing second homing move with startpos=[50.0, 50.0, 100.0, 10.0, 0.0, 0.0, 0.0]
set_position (toolhead): setting newpos=[50.0, 50.0, 100.0, 10.0, 0.0, 0.0, 0.0] and homing_axes=
Move set_junction: function triggered.
Move set_junction: function end.
ToolHead _process_moves: function triggered.
ToolHead _process_moves: self.print_time=107.63566666666676
ToolHead _process_moves: next_move_time=107.63566666666676
toolhead._process_moves: appending move to XYZ trapq.
toolhead._process_moves: appending move to ABC trapq.
set_position (toolhead): setting XYZ trapq position.
set_position (toolhead): using newpos=[50.0, 50.0, 100.0]
set_kin_trap_position: setting trapq pos to newpos=[50.0, 50.0, 100.0]
set_position (toolhead): setting ABC trapq position.
set_position (toolhead): using newpos=[10.0, 0.0, 0.0]
set_kin_trap_position: setting trapq pos to newpos=[10.0, 0.0, 0.0]
set_position (toolhead): setting E trapq pos.
toolhead.set_position_e: setting E to newpos=0.0.
PrinterExtruder.set_position: called with newpos_e=0.0 homing_axes= and self.axis_idx=6.
ExtruderStepper.set_position: setting E to newpos=0.0.
MCU_stepper.set_position: setting coord=[0.0, 0.0, 0.0] on stepper=extruder
MCU_stepper.set_position: calling itersolve_set_position
MCU_stepper.set_position: calling _set_mcu_position
set_position (toolhead): setting XYZ kinematic position.
set_position (toolhead): using newpos=[50.0, 50.0, 100.0] and kin_homing_axes=[]
set_kinematics_position: setting kinematic position with newpos=[50.0, 50.0, 100.0] and homing_axes=[]
CartKinematicsABC.set_position: setting kinematic position of 3 rails with newpos=[50.0, 50.0, 100.0] and homing_axes=[]
CartKinematicsABC: setting newpos=[50.0, 50.0, 100.0] on stepper: stepper_x
MCU_stepper.set_position: setting coord=[50.0, 50.0, 100.0] on stepper=stepper_x
MCU_stepper.set_position: calling itersolve_set_position
MCU_stepper.set_position: calling _set_mcu_position
CartKinematicsABC: setting newpos=[50.0, 50.0, 100.0] on stepper: stepper_y
MCU_stepper.set_position: setting coord=[50.0, 50.0, 100.0] on stepper=stepper_y
MCU_stepper.set_position: calling itersolve_set_position
MCU_stepper.set_position: calling _set_mcu_position
CartKinematicsABC: setting newpos=[50.0, 50.0, 100.0] on stepper: stepper_z
MCU_stepper.set_position: setting coord=[50.0, 50.0, 100.0] on stepper=stepper_z
MCU_stepper.set_position: calling itersolve_set_position
MCU_stepper.set_position: calling _set_mcu_position
set_position (toolhead): setting ABC kinematic position.
set_position (toolhead): using newpos=[10.0, 0.0, 0.0] and kin_homing_axes=[]
set_kinematics_position: setting kinematic position with newpos=[10.0, 0.0, 0.0] and homing_axes=[]
CartKinematicsABC.set_position: setting kinematic position of 3 rails with newpos=[10.0, 0.0, 0.0] and homing_axes=[]
CartKinematicsABC: setting newpos=[10.0, 0.0, 0.0] on stepper: stepper_a
MCU_stepper.set_position: setting coord=[10.0, 0.0, 0.0] on stepper=stepper_a
MCU_stepper.set_position: calling itersolve_set_position
MCU_stepper.set_position: calling _set_mcu_position
CartKinematicsABC: setting newpos=[10.0, 0.0, 0.0] on stepper: stepper_b
MCU_stepper.set_position: setting coord=[10.0, 0.0, 0.0] on stepper=stepper_b
MCU_stepper.set_position: calling itersolve_set_position
MCU_stepper.set_position: calling _set_mcu_position
CartKinematicsABC: setting newpos=[10.0, 0.0, 0.0] on stepper: stepper_c
MCU_stepper.set_position: setting coord=[10.0, 0.0, 0.0] on stepper=stepper_c
MCU_stepper.set_position: calling itersolve_set_position
MCU_stepper.set_position: calling _set_mcu_position
gcode_move.reset_last_position: triggered.
gcode_move.reset_last_position: set self.last_position=[50.0, 50.0, 100.0, 10.0, 0.0, 0.0, 0.0]
homing.home_rails: starting second home startpos=[50.0, 50.0, 100.0, 10.0, 0.0, 0.0, 0.0] and homepos=[50.0, 50.0, 100.0, 0.0, 0.0, 0.0, 0.0]
homing.homing_move: homing move called, starting setup.
homing.StepperPosition: add stepper stepper_a to endstop a
homing.homing_move: homing move start.
homing.homing_move: dwell for HOMING_START_DELAY=0.001
homing.homing_move: issuing drip move at speed: 5.0
drip_move: sending move to the queue.
toolhead.move: processing move to newpos=[50.0, 50.0, 100.0, 0.0, 0.0, 0.0, 0.0] at speed=5.0
toolhead.move: moved_axes=[3] unconfigured_axes=[] self.axes=[0, 1, 2, 3, 4, 5, 6]
toolhead.move: moving to newpos=[50.0, 50.0, 100.0, 0.0, 0.0, 0.0, 0.0]
Move: setup with start_pos=[50.0, 50.0, 100.0, 10.0, 0.0, 0.0, 0.0] and end_pos=[50.0, 50.0, 100.0, 0.0, 0.0, 0.0, 0.0]
Move: setup with axes_d=[0.0, 0.0, 0.0, -10.0, 0.0, 0.0, 0.0] and move_d=10.0.
Move: scale acceleration from 3000.0 to 3000.0.
toolhead.move: check_move on XYZ move.
cartesian_abc.check_move: checking move ending on (50.0, 50.0, 100.0, 0.0, 0.0, 0.0, 0.0).
cartesian_abc.check_move: no Z axis in move.
toolhead.move: check_move on ABC move.
cartesian_abc.check_move: checking move ending on (50.0, 50.0, 100.0, 0.0, 0.0, 0.0, 0.0).
endstop check: triggered on ABC/[3, 4, 5] move.
cartesian_abc.check_move: no Z axis in ABC kinematic.
MoveQueue.add_move: adding move.
drip_move: flushing move queue / transmitting move.
Move set_junction: function triggered.
Move set_junction: function end.
ToolHead _process_moves: function triggered.
ToolHead _process_moves: self.print_time=107.84800000000013
ToolHead _process_moves: next_move_time=107.84800000000013
toolhead._process_moves: appending move to XYZ trapq.
toolhead._process_moves: appending move to ABC trapq.
ToolHead _process_moves: calling _update_drip_move_time with next_move_time=109.84966666666679
drip_move: calling flush_step_generation / exit drip state.
homing.homing_move: waiting for endstop triggers.
homing.homing_move: calculating haltpos.
set_position (toolhead): setting newpos=[50.0, 50.0, 100.0, 0.0, 0.0, 0.0, 0.0] and homing_axes=
set_position (toolhead): setting XYZ trapq position.
set_position (toolhead): using newpos=[50.0, 50.0, 100.0]
set_kin_trap_position: setting trapq pos to newpos=[50.0, 50.0, 100.0]
set_position (toolhead): setting ABC trapq position.
set_position (toolhead): using newpos=[0.0, 0.0, 0.0]
set_kin_trap_position: setting trapq pos to newpos=[0.0, 0.0, 0.0]
set_position (toolhead): setting E trapq pos.
toolhead.set_position_e: setting E to newpos=0.0.
PrinterExtruder.set_position: called with newpos_e=0.0 homing_axes= and self.axis_idx=6.
ExtruderStepper.set_position: setting E to newpos=0.0.
MCU_stepper.set_position: setting coord=[0.0, 0.0, 0.0] on stepper=extruder
MCU_stepper.set_position: calling itersolve_set_position
MCU_stepper.set_position: calling _set_mcu_position
set_position (toolhead): setting XYZ kinematic position.
set_position (toolhead): using newpos=[50.0, 50.0, 100.0] and kin_homing_axes=[]
set_kinematics_position: setting kinematic position with newpos=[50.0, 50.0, 100.0] and homing_axes=[]
CartKinematicsABC.set_position: setting kinematic position of 3 rails with newpos=[50.0, 50.0, 100.0] and homing_axes=[]
CartKinematicsABC: setting newpos=[50.0, 50.0, 100.0] on stepper: stepper_x
MCU_stepper.set_position: setting coord=[50.0, 50.0, 100.0] on stepper=stepper_x
MCU_stepper.set_position: calling itersolve_set_position
MCU_stepper.set_position: calling _set_mcu_position
CartKinematicsABC: setting newpos=[50.0, 50.0, 100.0] on stepper: stepper_y
MCU_stepper.set_position: setting coord=[50.0, 50.0, 100.0] on stepper=stepper_y
MCU_stepper.set_position: calling itersolve_set_position
MCU_stepper.set_position: calling _set_mcu_position
CartKinematicsABC: setting newpos=[50.0, 50.0, 100.0] on stepper: stepper_z
MCU_stepper.set_position: setting coord=[50.0, 50.0, 100.0] on stepper=stepper_z
MCU_stepper.set_position: calling itersolve_set_position
MCU_stepper.set_position: calling _set_mcu_position
set_position (toolhead): setting ABC kinematic position.
set_position (toolhead): using newpos=[0.0, 0.0, 0.0] and kin_homing_axes=[]
set_kinematics_position: setting kinematic position with newpos=[0.0, 0.0, 0.0] and homing_axes=[]
CartKinematicsABC.set_position: setting kinematic position of 3 rails with newpos=[0.0, 0.0, 0.0] and homing_axes=[]
CartKinematicsABC: setting newpos=[0.0, 0.0, 0.0] on stepper: stepper_a
MCU_stepper.set_position: setting coord=[0.0, 0.0, 0.0] on stepper=stepper_a
MCU_stepper.set_position: calling itersolve_set_position
MCU_stepper.set_position: calling _set_mcu_position
CartKinematicsABC: setting newpos=[0.0, 0.0, 0.0] on stepper: stepper_b
MCU_stepper.set_position: setting coord=[0.0, 0.0, 0.0] on stepper=stepper_b
MCU_stepper.set_position: calling itersolve_set_position
MCU_stepper.set_position: calling _set_mcu_position
CartKinematicsABC: setting newpos=[0.0, 0.0, 0.0] on stepper: stepper_c
MCU_stepper.set_position: setting coord=[0.0, 0.0, 0.0] on stepper=stepper_c
MCU_stepper.set_position: calling itersolve_set_position
MCU_stepper.set_position: calling _set_mcu_position
gcode_move.reset_last_position: triggered.
gcode_move.reset_last_position: set self.last_position=[50.0, 50.0, 100.0, 0.0, 0.0, 0.0, 0.0]
homing.homing_move: endstop trigger position trigpos=[50.0, 50.0, 100.0, 0.0, 0.0, 0.0, 0.0]
homing.homing_move: toolhead position set to haltpos=[50.0, 50.0, 100.0, 0.0, 0.0, 0.0, 0.0]
homing.homing_move: homing move end.
check_no_movement with axes=None
gcode_move.reset_last_position: triggered.
gcode_move.reset_last_position: set self.last_position=[50.0, 50.0, 100.0, 0.0, 0.0, 0.0, 0.0]
homing.home_rails: finalized.
GCodeMove: G1 starting setup with params={'G': '1', 'X': '100', 'Y': '100', 'Z': '50', 'A': '45', 'F': '2000'}
GCodeMove: current G1 modes are absolute_coord=True and absolute_extrude=True
GCodeMove: parsed axis=X with value=100.0
GCodeMove: parsed axis=Y with value=100.0
GCodeMove: parsed axis=Z with value=50.0
GCodeMove: parsed axis=A with value=45.0
GCodeMove: G1 moving to '[100.0, 100.0, 50.0, 45.0, 0.0, 0.0, 0.0]' at speed: 33.333333333333336
toolhead.move: processing move to newpos=[100.0, 100.0, 50.0, 45.0, 0.0, 0.0, 0.0] at speed=33.333333333333336
toolhead.move: moved_axes=[0, 1, 2, 3] unconfigured_axes=[] self.axes=[0, 1, 2, 3, 4, 5, 6]
toolhead.move: moving to newpos=[100.0, 100.0, 50.0, 45.0, 0.0, 0.0, 0.0]
Move: setup with start_pos=[50.0, 50.0, 100.0, 0.0, 0.0, 0.0, 0.0] and end_pos=[100.0, 100.0, 50.0, 45.0, 0.0, 0.0, 0.0]
Move: setup with axes_d=[50.0, 50.0, -50.0, 45.0, 0.0, 0.0, 0.0] and move_d=97.59610647971567.
Move: scale acceleration from 3000.0 to 1501.4785612263947.
toolhead.move: check_move on XYZ move.
cartesian_abc.check_move: checking move ending on (100.0, 100.0, 50.0, 45.0, 0.0, 0.0, 0.0).
endstop check: triggered on XYZ/[0, 1, 2] move.
toolhead.move: check_move on ABC move.
cartesian_abc.check_move: checking move ending on (100.0, 100.0, 50.0, 45.0, 0.0, 0.0, 0.0).
endstop check: triggered on ABC/[3, 4, 5] move.
cartesian_abc.check_move: no Z axis in ABC kinematic.
MoveQueue.add_move: adding move.
===== POSITION SUMMARY =====
Machine Mode: cnc
Axis Config: XYZABC (6 axes)
Position: X:100.000 Y:100.000 Z:50.000 A:45.000 B:0.000 C:0.000 E:0.000
Homed: X:✗ Y:✗ Z:✗ A:✗ B:✗ C:✗ X:✗ Y:✗ Z:✗ A:✗ B:✗ C:✗
Manual Steppers: None
Extruder Info:
  Temperature: 0.0°C (target: 0.0°C)
  Pressure Advance: 0.000000
  Smooth Time: 0.040000

===== DETAILED POSITIONS =====
mcu: XYZ: stepper_x:-18000 stepper_y:-16920 stepper_z:42000, ABC: stepper_a:-21800 stepper_b:0 stepper_c:0
stepper: XYZ: stepper_x:50.000000 stepper_y:50.000000 stepper_z:100.000000, ABC: stepper_a:0.000000 stepper_b:0.000000 stepper_c:0.000000
kinematic: XYZ: X:50.000000 Y:50.000000 Z:100.000000, ABC: A:0.000000 B:0.000000 C:0.000000

===== COORDINATE SYSTEMS =====
toolhead: X:100.000000 Y:100.000000 Z:50.000000 A:45.000000 B:0.000000 C:0.000000 E:0.000000
gcode: X:100.000000 Y:100.000000 Z:50.000000 A:45.000000 B:0.000000 C:0.000000 E:0.000000
gcode base: X:0.000000 Y:0.000000 Z:0.000000 A:0.000000 B:0.000000 C:0.000000 E:0.000000
gcode homing: X:0.000000 Y:0.000000 Z:0.000000 A:0.000000 B:0.000000 C:0.000000 E:0.000000
GCodeMove: G1 starting setup with params={'G': '1', 'A': '90', 'F': '1000'}
GCodeMove: current G1 modes are absolute_coord=True and absolute_extrude=True
GCodeMove: parsed axis=A with value=90.0
GCodeMove: G1 moving to '[100.0, 100.0, 50.0, 90.0, 0.0, 0.0, 0.0]' at speed: 16.666666666666668
toolhead.move: processing move to newpos=[100.0, 100.0, 50.0, 90.0, 0.0, 0.0, 0.0] at speed=16.666666666666668
toolhead.move: moved_axes=[3] unconfigured_axes=[] self.axes=[0, 1, 2, 3, 4, 5, 6]
toolhead.move: moving to newpos=[100.0, 100.0, 50.0, 90.0, 0.0, 0.0, 0.0]
Move: setup with start_pos=[100.0, 100.0, 50.0, 45.0, 0.0, 0.0, 0.0] and end_pos=[100.0, 100.0, 50.0, 90.0, 0.0, 0.0, 0.0]
Move: setup with axes_d=[0.0, 0.0, 0.0, 45.0, 0.0, 0.0, 0.0] and move_d=45.0.
Move: scale acceleration from 3000.0 to 3000.0.
toolhead.move: check_move on XYZ move.
cartesian_abc.check_move: checking move ending on (100.0, 100.0, 50.0, 90.0, 0.0, 0.0, 0.0).
cartesian_abc.check_move: no Z axis in move.
toolhead.move: check_move on ABC move.
cartesian_abc.check_move: checking move ending on (100.0, 100.0, 50.0, 90.0, 0.0, 0.0, 0.0).
endstop check: triggered on ABC/[3, 4, 5] move.
cartesian_abc.check_move: no Z axis in ABC kinematic.
MoveQueue.add_move: adding move.
Move calc_junction: function triggered. Initial max_start_v2: 0.0
GCodeMove: G1 starting setup with params={'G': '1', 'A': '180', 'F': '1000'}
GCodeMove: current G1 modes are absolute_coord=True and absolute_extrude=True
GCodeMove: parsed axis=A with value=180.0
GCodeMove: G1 moving to '[100.0, 100.0, 50.0, 180.0, 0.0, 0.0, 0.0]' at speed: 16.666666666666668
toolhead.move: processing move to newpos=[100.0, 100.0, 50.0, 180.0, 0.0, 0.0, 0.0] at speed=16.666666666666668
toolhead.move: moved_axes=[3] unconfigured_axes=[] self.axes=[0, 1, 2, 3, 4, 5, 6]
toolhead.move: moving to newpos=[100.0, 100.0, 50.0, 180.0, 0.0, 0.0, 0.0]
Move: setup with start_pos=[100.0, 100.0, 50.0, 90.0, 0.0, 0.0, 0.0] and end_pos=[100.0, 100.0, 50.0, 180.0, 0.0, 0.0, 0.0]
Move: setup with axes_d=[0.0, 0.0, 0.0, 90.0, 0.0, 0.0, 0.0] and move_d=90.0.
Move: scale acceleration from 3000.0 to 3000.0.
toolhead.move: check_move on XYZ move.
cartesian_abc.check_move: checking move ending on (100.0, 100.0, 50.0, 180.0, 0.0, 0.0, 0.0).
cartesian_abc.check_move: no Z axis in move.
toolhead.move: check_move on ABC move.
cartesian_abc.check_move: checking move ending on (100.0, 100.0, 50.0, 180.0, 0.0, 0.0, 0.0).
endstop check: triggered on ABC/[3, 4, 5] move.
cartesian_abc.check_move: no Z axis in ABC kinematic.
MoveQueue.add_move: adding move.
Move calc_junction: function triggered. Initial max_start_v2: 0.0
Move set_junction: function triggered.
Move set_junction: function end.
ToolHead _process_moves: function triggered.
ToolHead _process_moves: self.print_time=109.8526666666668
ToolHead _process_moves: next_move_time=109.8526666666668
toolhead._process_moves: appending move to XYZ trapq.
toolhead._process_moves: appending move to ABC trapq.
GCodeMove: G1 starting setup with params={'G': '1', 'A': '0', 'F': '1000'}
GCodeMove: current G1 modes are absolute_coord=True and absolute_extrude=True
GCodeMove: parsed axis=A with value=0.0
GCodeMove: G1 moving to '[100.0, 100.0, 50.0, 0.0, 0.0, 0.0, 0.0]' at speed: 16.666666666666668
toolhead.move: processing move to newpos=[100.0, 100.0, 50.0, 0.0, 0.0, 0.0, 0.0] at speed=16.666666666666668
toolhead.move: moved_axes=[3] unconfigured_axes=[] self.axes=[0, 1, 2, 3, 4, 5, 6]
toolhead.move: moving to newpos=[100.0, 100.0, 50.0, 0.0, 0.0, 0.0, 0.0]
Move: setup with start_pos=[100.0, 100.0, 50.0, 180.0, 0.0, 0.0, 0.0] and end_pos=[100.0, 100.0, 50.0, 0.0, 0.0, 0.0, 0.0]
Move: setup with axes_d=[0.0, 0.0, 0.0, -180.0, 0.0, 0.0, 0.0] and move_d=180.0.
Move: scale acceleration from 3000.0 to 3000.0.
toolhead.move: check_move on XYZ move.
cartesian_abc.check_move: checking move ending on (100.0, 100.0, 50.0, 0.0, 0.0, 0.0, 0.0).
cartesian_abc.check_move: no Z axis in move.
toolhead.move: check_move on ABC move.
cartesian_abc.check_move: checking move ending on (100.0, 100.0, 50.0, 0.0, 0.0, 0.0, 0.0).
endstop check: triggered on ABC/[3, 4, 5] move.
cartesian_abc.check_move: no Z axis in ABC kinematic.
MoveQueue.add_move: adding move.
Move calc_junction: function triggered. Initial max_start_v2: 0.0
Move set_junction: function triggered.
Move set_junction: function end.
ToolHead _process_moves: function triggered.
ToolHead _process_moves: next_move_time=119.8935071649483
toolhead._process_moves: appending move to XYZ trapq.
toolhead._process_moves: appending move to ABC trapq.
PrinterHoming.cmd_G28: homing with command=G28 B
PrinterHoming.cmd_G28: homing axes=[4]
PrinterHoming.cmd_G28: checking if kin axes=[0, 1, 2] have been requested to home.
PrinterHoming.cmd_G28: checking if kin axes=[3, 4, 5] have been requested to home.
PrinterHoming.cmd_G28: homing ['B'] axes of the ABC kinematic (axes: [3, 4, 5]).
PrinterHoming.home_axes: homing axis=['B']
cartesian_abc.home: homing axis changed_axes=[4]
toolhead.abc_axes_to_xyz: input=4
toolhead.abc_axes_to_xyz: output=1
cartesian_abc._home_axis: homing axis=4 with forcepos=[None, None, None, None, 270.0, None, None] and homepos=[None, None, None, None, 0.0, None, None]
homing.home_rails: homing begins with forcepos=[None, None, None, None, 270.0, None, None] and movepos=[None, None, None, None, 0.0, None, None]
set_position (toolhead): setting newpos=[100.0, 100.0, 50.0, 0.0, 270.0, 0.0, 0.0] and homing_axes=b
Move set_junction: function triggered.
Move set_junction: function end.
Move set_junction: function triggered.
Move set_junction: function end.
ToolHead _process_moves: function triggered.
ToolHead _process_moves: next_move_time=122.59566093551577
toolhead._process_moves: appending move to XYZ trapq.
toolhead._process_moves: appending move to ABC trapq.
ToolHead _process_moves: next_move_time=127.99843871329355
toolhead._process_moves: appending move to XYZ trapq.
toolhead._process_moves: appending move to ABC trapq.
set_position (toolhead): setting XYZ trapq position.
set_position (toolhead): using newpos=[100.0, 100.0, 50.0]
set_kin_trap_position: setting trapq pos to newpos=[100.0, 100.0, 50.0]
set_position (toolhead): setting ABC trapq position.
set_position (toolhead): using newpos=[0.0, 270.0, 0.0]
set_kin_trap_position: setting trapq pos to newpos=[0.0, 270.0, 0.0]
set_position (toolhead): setting E trapq pos.
toolhead.set_position_e: setting E to newpos=0.0.
PrinterExtruder.set_position: called with newpos_e=0.0 homing_axes=b and self.axis_idx=6.
ExtruderStepper.set_position: setting E to newpos=0.0.
MCU_stepper.set_position: setting coord=[0.0, 0.0, 0.0] on stepper=extruder
MCU_stepper.set_position: calling itersolve_set_position
MCU_stepper.set_position: calling _set_mcu_position
set_position (toolhead): setting XYZ kinematic position.
set_position (toolhead): using newpos=[100.0, 100.0, 50.0] and kin_homing_axes=[]
set_kinematics_position: setting kinematic position with newpos=[100.0, 100.0, 50.0] and homing_axes=[]
CartKinematicsABC.set_position: setting kinematic position of 3 rails with newpos=[100.0, 100.0, 50.0] and homing_axes=[]
CartKinematicsABC: setting newpos=[100.0, 100.0, 50.0] on stepper: stepper_x
MCU_stepper.set_position: setting coord=[100.0, 100.0, 50.0] on stepper=stepper_x
MCU_stepper.set_position: calling itersolve_set_position
MCU_stepper.set_position: calling _set_mcu_position
CartKinematicsABC: setting newpos=[100.0, 100.0, 50.0] on stepper: stepper_y
MCU_stepper.set_position: setting coord=[100.0, 100.0, 50.0] on stepper=stepper_y
MCU_stepper.set_position: calling itersolve_set_position
MCU_stepper.set_position: calling _set_mcu_position
CartKinematicsABC: setting newpos=[100.0, 100.0, 50.0] on stepper: stepper_z
MCU_stepper.set_position: setting coord=[100.0, 100.0, 50.0] on stepper=stepper_z
MCU_stepper.set_position: calling itersolve_set_position
MCU_stepper.set_position: calling _set_mcu_position
set_position (toolhead): setting ABC kinematic position.
set_position (toolhead): using newpos=[0.0, 270.0, 0.0] and kin_homing_axes=['b']
set_kinematics_position: setting kinematic position with newpos=[0.0, 270.0, 0.0] and homing_axes=['b']
CartKinematicsABC.set_position: setting kinematic position of 3 rails with newpos=[0.0, 270.0, 0.0] and homing_axes=['b']
CartKinematicsABC: setting newpos=[0.0, 270.0, 0.0] on stepper: stepper_a
MCU_stepper.set_position: setting coord=[0.0, 270.0, 0.0] on stepper=stepper_a
MCU_stepper.set_position: calling itersolve_set_position
MCU_stepper.set_position: calling _set_mcu_position
CartKinematicsABC: setting newpos=[0.0, 270.0, 0.0] on stepper: stepper_b
MCU_stepper.set_position: setting coord=[0.0, 270.0, 0.0] on stepper=stepper_b
MCU_stepper.set_position: calling itersolve_set_position
MCU_stepper.set_position: calling _set_mcu_position
CartKinematicsABC: setting newpos=[0.0, 270.0, 0.0] on stepper: stepper_c
MCU_stepper.set_position: setting coord=[0.0, 270.0, 0.0] on stepper=stepper_c
MCU_stepper.set_position: calling itersolve_set_position
MCU_stepper.set_position: calling _set_mcu_position
CartKinematicsABC: setting limits=(-180.0, 180.0) on stepper: stepper_b
gcode_move.reset_last_position: triggered.
gcode_move.reset_last_position: set self.last_position=[100.0, 100.0, 50.0, 0.0, 270.0, 0.0, 0.0]
homing.homing_move: homing move called, starting setup.
homing.StepperPosition: add stepper stepper_b to endstop b
homing.homing_move: homing move start.
homing.homing_move: dwell for HOMING_START_DELAY=0.001
homing.homing_move: issuing drip move at speed: 25.0
drip_move: sending move to the queue.
toolhead.move: processing move to newpos=[100.0, 100.0, 50.0, 0.0, 0.0, 0.0, 0.0] at speed=25.0
toolhead.move: moved_axes=[4] unconfigured_axes=[] self.axes=[0, 1, 2, 3, 4, 5, 6]
toolhead.move: moving to newpos=[100.0, 100.0, 50.0, 0.0, 0.0, 0.0, 0.0]
Move: setup with start_pos=[100.0, 100.0, 50.0, 0.0, 270.0, 0.0, 0.0] and end_pos=[100.0, 100.0, 50.0, 0.0, 0.0, 0.0, 0.0]
Move: setup with axes_d=[0.0, 0.0, 0.0, 0.0, -270.0, 0.0, 0.0] and move_d=270.0.
Move: scale acceleration from 3000.0 to 3000.0.
toolhead.move: check_move on XYZ move.
cartesian_abc.check_move: checking move ending on (100.0, 100.0, 50.0, 0.0, 0.0, 0.0, 0.0).
cartesian_abc.check_move: no Z axis in move.
toolhead.move: check_move on ABC move.
cartesian_abc.check_move: checking move ending on (100.0, 100.0, 50.0, 0.0, 0.0, 0.0, 0.0).
endstop check: triggered on ABC/[3, 4, 5] move.
cartesian_abc.check_move: no Z axis in ABC kinematic.
MoveQueue.add_move: adding move.
drip_move: flushing move queue / transmitting move.
Move set_junction: function triggered.
Move set_junction: function end.
ToolHead _process_moves: function triggered.
ToolHead _process_moves: self.print_time=138.80799426884914
ToolHead _process_moves: next_move_time=138.80799426884914
toolhead._process_moves: appending move to XYZ trapq.
toolhead._process_moves: appending move to ABC trapq.
ToolHead _process_moves: calling _update_drip_move_time with next_move_time=149.61632760218245
drip_move: calling flush_step_generation / exit drip state.
homing.homing_move: waiting for endstop triggers.
homing.homing_move: calculating haltpos.
set_position (toolhead): setting newpos=[100.0, 100.0, 50.0, 0.0, 0.0, 0.0, 0.0] and homing_axes=
set_position (toolhead): setting XYZ trapq position.
set_position (toolhead): using newpos=[100.0, 100.0, 50.0]
set_kin_trap_position: setting trapq pos to newpos=[100.0, 100.0, 50.0]
set_position (toolhead): setting ABC trapq position.
set_position (toolhead): using newpos=[0.0, 0.0, 0.0]
set_kin_trap_position: setting trapq pos to newpos=[0.0, 0.0, 0.0]
set_position (toolhead): setting E trapq pos.
toolhead.set_position_e: setting E to newpos=0.0.
PrinterExtruder.set_position: called with newpos_e=0.0 homing_axes= and self.axis_idx=6.
ExtruderStepper.set_position: setting E to newpos=0.0.
MCU_stepper.set_position: setting coord=[0.0, 0.0, 0.0] on stepper=extruder
MCU_stepper.set_position: calling itersolve_set_position
MCU_stepper.set_position: calling _set_mcu_position
set_position (toolhead): setting XYZ kinematic position.
set_position (toolhead): using newpos=[100.0, 100.0, 50.0] and kin_homing_axes=[]
set_kinematics_position: setting kinematic position with newpos=[100.0, 100.0, 50.0] and homing_axes=[]
CartKinematicsABC.set_position: setting kinematic position of 3 rails with newpos=[100.0, 100.0, 50.0] and homing_axes=[]
CartKinematicsABC: setting newpos=[100.0, 100.0, 50.0] on stepper: stepper_x
MCU_stepper.set_position: setting coord=[100.0, 100.0, 50.0] on stepper=stepper_x
MCU_stepper.set_position: calling itersolve_set_position
MCU_stepper.set_position: calling _set_mcu_position
CartKinematicsABC: setting newpos=[100.0, 100.0, 50.0] on stepper: stepper_y
MCU_stepper.set_position: setting coord=[100.0, 100.0, 50.0] on stepper=stepper_y
MCU_stepper.set_position: calling itersolve_set_position
MCU_stepper.set_position: calling _set_mcu_position
CartKinematicsABC: setting newpos=[100.0, 100.0, 50.0] on stepper: stepper_z
MCU_stepper.set_position: setting coord=[100.0, 100.0, 50.0] on stepper=stepper_z
MCU_stepper.set_position: calling itersolve_set_position
MCU_stepper.set_position: calling _set_mcu_position
set_position (toolhead): setting ABC kinematic position.
set_position (toolhead): using newpos=[0.0, 0.0, 0.0] and kin_homing_axes=[]
set_kinematics_position: setting kinematic position with newpos=[0.0, 0.0, 0.0] and homing_axes=[]
CartKinematicsABC.set_position: setting kinematic position of 3 rails with newpos=[0.0, 0.0, 0.0] and homing_axes=[]
CartKinematicsABC: setting newpos=[0.0, 0.0, 0.0] on stepper: stepper_a
MCU_stepper.set_position: setting coord=[0.0, 0.0, 0.0] on stepper=stepper_a
MCU_stepper.set_position: calling itersolve_set_position
MCU_stepper.set_position: calling _set_mcu_position
CartKinematicsABC: setting newpos=[0.0, 0.0, 0.0] on stepper: stepper_b
MCU_stepper.set_position: setting coord=[0.0, 0.0, 0.0] on stepper=stepper_b
MCU_stepper.set_position: calling itersolve_set_position
MCU_stepper.set_position: calling _set_mcu_position
CartKinematicsABC: setting newpos=[0.0, 0.0, 0.0] on stepper: stepper_c
MCU_stepper.set_position: setting coord=[0.0, 0.0, 0.0] on stepper=stepper_c
MCU_stepper.set_position: calling itersolve_set_position
MCU_stepper.set_position: calling _set_mcu_position
gcode_move.reset_last_position: triggered.
gcode_move.reset_last_position: set self.last_position=[100.0, 100.0, 50.0, 0.0, 0.0, 0.0, 0.0]
homing.homing_move: endstop trigger position trigpos=[100.0, 100.0, 50.0, 0.0, 0.0, 0.0, 0.0]
homing.homing_move: toolhead position set to haltpos=[100.0, 100.0, 50.0, 0.0, 0.0, 0.0, 0.0]
homing.homing_move: homing move end.
homing.home_rails: setting up second home startpos=[100.0, 100.0, 50.0, 0.0, 270.0, 0.0, 0.0] and homepos=[100.0, 100.0, 50.0, 0.0, 0.0, 0.0, 0.0]
homing.home_rails: issuing retraction move to retractpos=[100.0, 100.0, 50.0, 0.0, 5.0, 0.0, 0.0]
toolhead.move: processing move to newpos=[100.0, 100.0, 50.0, 0.0, 5.0, 0.0, 0.0] at speed=25.0
toolhead.move: moved_axes=[4] unconfigured_axes=[] self.axes=[0, 1, 2, 3, 4, 5, 6]
toolhead.move: moving to newpos=[100.0, 100.0, 50.0, 0.0, 5.0, 0.0, 0.0]
Move: setup with start_pos=[100.0, 100.0, 50.0, 0.0, 0.0, 0.0, 0.0] and end_pos=[100.0, 100.0, 50.0, 0.0, 5.0, 0.0, 0.0]
Move: setup with axes_d=[0.0, 0.0, 0.0, 0.0, 5.0, 0.0, 0.0] and move_d=5.0.
Move: scale acceleration from 3000.0 to 3000.0.
toolhead.move: check_move on XYZ move.
cartesian_abc.check_move: checking move ending on (100.0, 100.0, 50.0, 0.0, 5.0, 0.0, 0.0).
cartesian_abc.check_move: no Z axis in move.
toolhead.move: check_move on ABC move.
cartesian_abc.check_move: checking move ending on (100.0, 100.0, 50.0, 0.0, 5.0, 0.0, 0.0).
endstop check: triggered on ABC/[3, 4, 5] move.
cartesian_abc.check_move: no Z axis in ABC kinematic.
MoveQueue.add_move: adding move.
homing.home_rails: issuing second homing move with startpos=[100.0, 100.0, 50.0, 0.0, 10.0, 0.0, 0.0]
set_position (toolhead): setting newpos=[100.0, 100.0, 50.0, 0.0, 10.0, 0.0, 0.0] and homing_axes=
Move set_junction: function triggered.
Move set_junction: function end.
ToolHead _process_moves: function triggered.
ToolHead _process_moves: self.print_time=149.61932760218247
ToolHead _process_moves: next_move_time=149.61932760218247
toolhead._process_moves: appending move to XYZ trapq.
toolhead._process_moves: appending move to ABC trapq.
set_position (toolhead): setting XYZ trapq position.
set_position (toolhead): using newpos=[100.0, 100.0, 50.0]
set_kin_trap_position: setting trapq pos to newpos=[100.0, 100.0, 50.0]
set_position (toolhead): setting ABC trapq position.
set_position (toolhead): using newpos=[0.0, 10.0, 0.0]
set_kin_trap_position: setting trapq pos to newpos=[0.0, 10.0, 0.0]
set_position (toolhead): setting E trapq pos.
toolhead.set_position_e: setting E to newpos=0.0.
PrinterExtruder.set_position: called with newpos_e=0.0 homing_axes= and self.axis_idx=6.
ExtruderStepper.set_position: setting E to newpos=0.0.
MCU_stepper.set_position: setting coord=[0.0, 0.0, 0.0] on stepper=extruder
MCU_stepper.set_position: calling itersolve_set_position
MCU_stepper.set_position: calling _set_mcu_position
set_position (toolhead): setting XYZ kinematic position.
set_position (toolhead): using newpos=[100.0, 100.0, 50.0] and kin_homing_axes=[]
set_kinematics_position: setting kinematic position with newpos=[100.0, 100.0, 50.0] and homing_axes=[]
CartKinematicsABC.set_position: setting kinematic position of 3 rails with newpos=[100.0, 100.0, 50.0] and homing_axes=[]
CartKinematicsABC: setting newpos=[100.0, 100.0, 50.0] on stepper: stepper_x
MCU_stepper.set_position: setting coord=[100.0, 100.0, 50.0] on stepper=stepper_x
MCU_stepper.set_position: calling itersolve_set_position
MCU_stepper.set_position: calling _set_mcu_position
CartKinematicsABC: setting newpos=[100.0, 100.0, 50.0] on stepper: stepper_y
MCU_stepper.set_position: setting coord=[100.0, 100.0, 50.0] on stepper=stepper_y
MCU_stepper.set_position: calling itersolve_set_position
MCU_stepper.set_position: calling _set_mcu_position
CartKinematicsABC: setting newpos=[100.0, 100.0, 50.0] on stepper: stepper_z
MCU_stepper.set_position: setting coord=[100.0, 100.0, 50.0] on stepper=stepper_z
MCU_stepper.set_position: calling itersolve_set_position
MCU_stepper.set_position: calling _set_mcu_position
set_position (toolhead): setting ABC kinematic position.
set_position (toolhead): using newpos=[0.0, 10.0, 0.0] and kin_homing_axes=[]
set_kinematics_position: setting kinematic position with newpos=[0.0, 10.0, 0.0] and homing_axes=[]
CartKinematicsABC.set_position: setting kinematic position of 3 rails with newpos=[0.0, 10.0, 0.0] and homing_axes=[]
CartKinematicsABC: setting newpos=[0.0, 10.0, 0.0] on stepper: stepper_a
MCU_stepper.set_position: setting coord=[0.0, 10.0, 0.0] on stepper=stepper_a
MCU_stepper.set_position: calling itersolve_set_position
MCU_stepper.set_position: calling _set_mcu_position
CartKinematicsABC: setting newpos=[0.0, 10.0, 0.0] on stepper: stepper_b
MCU_stepper.set_position: setting coord=[0.0, 10.0, 0.0] on stepper=stepper_b
MCU_stepper.set_position: calling itersolve_set_position
MCU_stepper.set_position: calling _set_mcu_position
CartKinematicsABC: setting newpos=[0.0, 10.0, 0.0] on stepper: stepper_c
MCU_stepper.set_position: setting coord=[0.0, 10.0, 0.0] on stepper=stepper_c
MCU_stepper.set_position: calling itersolve_set_position
MCU_stepper.set_position: calling _set_mcu_position
gcode_move.reset_last_position: triggered.
gcode_move.reset_last_position: set self.last_position=[100.0, 100.0, 50.0, 0.0, 10.0, 0.0, 0.0]
homing.home_rails: starting second home startpos=[100.0, 100.0, 50.0, 0.0, 10.0, 0.0, 0.0] and homepos=[100.0, 100.0, 50.0, 0.0, 0.0, 0.0, 0.0]
homing.homing_move: homing move called, starting setup.
homing.StepperPosition: add stepper stepper_b to endstop b
homing.homing_move: homing move start.
homing.homing_move: dwell for HOMING_START_DELAY=0.001
homing.homing_move: issuing drip move at speed: 5.0
drip_move: sending move to the queue.
toolhead.move: processing move to newpos=[100.0, 100.0, 50.0, 0.0, 0.0, 0.0, 0.0] at speed=5.0
toolhead.move: moved_axes=[4] unconfigured_axes=[] self.axes=[0, 1, 2, 3, 4, 5, 6]
toolhead.move: moving to newpos=[100.0, 100.0, 50.0, 0.0, 0.0, 0.0, 0.0]
Move: setup with start_pos=[100.0, 100.0, 50.0, 0.0, 10.0, 0.0, 0.0] and end_pos=[100.0, 100.0, 50.0, 0.0, 0.0, 0.0, 0.0]
Move: setup with axes_d=[0.0, 0.0, 0.0, 0.0, -10.0, 0.0, 0.0] and move_d=10.0.
Move: scale acceleration from 3000.0 to 3000.0.
toolhead.move: check_move on XYZ move.
cartesian_abc.check_move: checking move ending on (100.0, 100.0, 50.0, 0.0, 0.0, 0.0, 0.0).
cartesian_abc.check_move: no Z axis in move.
toolhead.move: check_move on ABC move.
cartesian_abc.check_move: checking move ending on (100.0, 100.0, 50.0, 0.0, 0.0, 0.0, 0.0).
endstop check: triggered on ABC/[3, 4, 5] move.
cartesian_abc.check_move: no Z axis in ABC kinematic.
MoveQueue.add_move: adding move.
drip_move: flushing move queue / transmitting move.
Move set_junction: function triggered.
Move set_junction: function end.
ToolHead _process_moves: function triggered.
ToolHead _process_moves: self.print_time=149.8316609355158
ToolHead _process_moves: next_move_time=149.8316609355158
toolhead._process_moves: appending move to XYZ trapq.
toolhead._process_moves: appending move to ABC trapq.
ToolHead _process_moves: calling _update_drip_move_time with next_move_time=151.83332760218246
drip_move: calling flush_step_generation / exit drip state.
homing.homing_move: waiting for endstop triggers.
homing.homing_move: calculating haltpos.
set_position (toolhead): setting newpos=[100.0, 100.0, 50.0, 0.0, 0.0, 0.0, 0.0] and homing_axes=
set_position (toolhead): setting XYZ trapq position.
set_position (toolhead): using newpos=[100.0, 100.0, 50.0]
set_kin_trap_position: setting trapq pos to newpos=[100.0, 100.0, 50.0]
set_position (toolhead): setting ABC trapq position.
set_position (toolhead): using newpos=[0.0, 0.0, 0.0]
set_kin_trap_position: setting trapq pos to newpos=[0.0, 0.0, 0.0]
set_position (toolhead): setting E trapq pos.
toolhead.set_position_e: setting E to newpos=0.0.
PrinterExtruder.set_position: called with newpos_e=0.0 homing_axes= and self.axis_idx=6.
ExtruderStepper.set_position: setting E to newpos=0.0.
MCU_stepper.set_position: setting coord=[0.0, 0.0, 0.0] on stepper=extruder
MCU_stepper.set_position: calling itersolve_set_position
MCU_stepper.set_position: calling _set_mcu_position
set_position (toolhead): setting XYZ kinematic position.
set_position (toolhead): using newpos=[100.0, 100.0, 50.0] and kin_homing_axes=[]
set_kinematics_position: setting kinematic position with newpos=[100.0, 100.0, 50.0] and homing_axes=[]
CartKinematicsABC.set_position: setting kinematic position of 3 rails with newpos=[100.0, 100.0, 50.0] and homing_axes=[]
CartKinematicsABC: setting newpos=[100.0, 100.0, 50.0] on stepper: stepper_x
MCU_stepper.set_position: setting coord=[100.0, 100.0, 50.0] on stepper=stepper_x
MCU_stepper.set_position: calling itersolve_set_position
MCU_stepper.set_position: calling _set_mcu_position
CartKinematicsABC: setting newpos=[100.0, 100.0, 50.0] on stepper: stepper_y
MCU_stepper.set_position: setting coord=[100.0, 100.0, 50.0] on stepper=stepper_y
MCU_stepper.set_position: calling itersolve_set_position
MCU_stepper.set_position: calling _set_mcu_position
CartKinematicsABC: setting newpos=[100.0, 100.0, 50.0] on stepper: stepper_z
MCU_stepper.set_position: setting coord=[100.0, 100.0, 50.0] on stepper=stepper_z
MCU_stepper.set_position: calling itersolve_set_position
MCU_stepper.set_position: calling _set_mcu_position
set_position (toolhead): setting ABC kinematic position.
set_position (toolhead): using newpos=[0.0, 0.0, 0.0] and kin_homing_axes=[]
set_kinematics_position: setting kinematic position with newpos=[0.0, 0.0, 0.0] and homing_axes=[]
CartKinematicsABC.set_position: setting kinematic position of 3 rails with newpos=[0.0, 0.0, 0.0] and homing_axes=[]
CartKinematicsABC: setting newpos=[0.0, 0.0, 0.0] on stepper: stepper_a
MCU_stepper.set_position: setting coord=[0.0, 0.0, 0.0] on stepper=stepper_a
MCU_stepper.set_position: calling itersolve_set_position
MCU_stepper.set_position: calling _set_mcu_position
CartKinematicsABC: setting newpos=[0.0, 0.0, 0.0] on stepper: stepper_b
MCU_stepper.set_position: setting coord=[0.0, 0.0, 0.0] on stepper=stepper_b
MCU_stepper.set_position: calling itersolve_set_position
MCU_stepper.set_position: calling _set_mcu_position
CartKinematicsABC: setting newpos=[0.0, 0.0, 0.0] on stepper: stepper_c
MCU_stepper.set_position: setting coord=[0.0, 0.0, 0.0] on stepper=stepper_c
MCU_stepper.set_position: calling itersolve_set_position
MCU_stepper.set_position: calling _set_mcu_position
gcode_move.reset_last_position: triggered.
gcode_move.reset_last_position: set self.last_position=[100.0, 100.0, 50.0, 0.0, 0.0, 0.0, 0.0]
homing.homing_move: endstop trigger position trigpos=[100.0, 100.0, 50.0, 0.0, 0.0, 0.0, 0.0]
homing.homing_move: toolhead position set to haltpos=[100.0, 100.0, 50.0, 0.0, 0.0, 0.0, 0.0]
homing.homing_move: homing move end.
check_no_movement with axes=None
gcode_move.reset_last_position: triggered.
gcode_move.reset_last_position: set self.last_position=[100.0, 100.0, 50.0, 0.0, 0.0, 0.0, 0.0]
homing.home_rails: finalized.
GCodeMove: G1 starting setup with params={'G': '1', 'X': '150', 'Y': '100', 'Z': '75', 'A': '30', 'B': '45', 'F': '1500'}
GCodeMove: current G1 modes are absolute_coord=True and absolute_extrude=True
GCodeMove: parsed axis=X with value=150.0
GCodeMove: parsed axis=Y with value=100.0
GCodeMove: parsed axis=Z with value=75.0
GCodeMove: parsed axis=A with value=30.0
GCodeMove: parsed axis=B with value=45.0
GCodeMove: G1 moving to '[150.0, 100.0, 75.0, 30.0, 45.0, 0.0, 0.0]' at speed: 25.0
toolhead.move: processing move to newpos=[150.0, 100.0, 75.0, 30.0, 45.0, 0.0, 0.0] at speed=25.0
toolhead.move: moved_axes=[0, 2, 3, 4] unconfigured_axes=[] self.axes=[0, 1, 2, 3, 4, 5, 6]
toolhead.move: moving to newpos=[150.0, 100.0, 75.0, 30.0, 45.0, 0.0, 0.0]
Move: setup with start_pos=[100.0, 100.0, 50.0, 0.0, 0.0, 0.0, 0.0] and end_pos=[150.0, 100.0, 75.0, 30.0, 45.0, 0.0, 0.0]
Move: setup with axes_d=[50.0, 0.0, 25.0, 30.0, 45.0, 0.0, 0.0] and move_d=77.78174593052023.
Move: scale acceleration from 3000.0 to 1555.6349186104044.
toolhead.move: check_move on XYZ move.
cartesian_abc.check_move: checking move ending on (150.0, 100.0, 75.0, 30.0, 45.0, 0.0, 0.0).
endstop check: triggered on XYZ/[0, 1, 2] move.
toolhead.move: check_move on ABC move.
cartesian_abc.check_move: checking move ending on (150.0, 100.0, 75.0, 30.0, 45.0, 0.0, 0.0).
endstop check: triggered on ABC/[3, 4, 5] move.
cartesian_abc.check_move: no Z axis in ABC kinematic.
MoveQueue.add_move: adding move.
===== POSITION SUMMARY =====
Machine Mode: cnc
Axis Config: XYZABC (6 axes)
Position: X:150.000 Y:100.000 Z:75.000 A:30.000 B:45.000 C:0.000 E:0.000
Homed: X:✗ Y:✗ Z:✗ A:✗ B:✗ C:✗ X:✗ Y:✗ Z:✗ A:✗ B:✗ C:✗
Manual Steppers: None
Extruder Info:
  Temperature: 0.0°C (target: 0.0°C)
  Pressure Advance: 0.000000
  Smooth Time: 0.040000

===== DETAILED POSITIONS =====
mcu: XYZ: stepper_x:-16000 stepper_y:-14920 stepper_z:32000, ABC: stepper_a:-21800 stepper_b:-440000 stepper_c:0
stepper: XYZ: stepper_x:100.000000 stepper_y:100.000000 stepper_z:50.000000, ABC: stepper_a:0.000000 stepper_b:0.000000 stepper_c:0.000000
kinematic: XYZ: X:100.000000 Y:100.000000 Z:50.000000, ABC: A:0.000000 B:0.000000 C:0.000000

===== COORDINATE SYSTEMS =====
toolhead: X:150.000000 Y:100.000000 Z:75.000000 A:30.000000 B:45.000000 C:0.000000 E:0.000000
gcode: X:150.000000 Y:100.000000 Z:75.000000 A:30.000000 B:45.000000 C:0.000000 E:0.000000
gcode base: X:0.000000 Y:0.000000 Z:0.000000 A:0.000000 B:0.000000 C:0.000000 E:0.000000
gcode homing: X:0.000000 Y:0.000000 Z:0.000000 A:0.000000 B:0.000000 C:0.000000 E:0.000000
GCodeMove: G1 starting setup with params={'G': '1', 'B': '90', 'F': '800'}
GCodeMove: current G1 modes are absolute_coord=True and absolute_extrude=True
GCodeMove: parsed axis=B with value=90.0
GCodeMove: G1 moving to '[150.0, 100.0, 75.0, 30.0, 90.0, 0.0, 0.0]' at speed: 13.333333333333334
toolhead.move: processing move to newpos=[150.0, 100.0, 75.0, 30.0, 90.0, 0.0, 0.0] at speed=13.333333333333334
toolhead.move: moved_axes=[4] unconfigured_axes=[] self.axes=[0, 1, 2, 3, 4, 5, 6]
toolhead.move: moving to newpos=[150.0, 100.0, 75.0, 30.0, 90.0, 0.0, 0.0]
Move: setup with start_pos=[150.0, 100.0, 75.0, 30.0, 45.0, 0.0, 0.0] and end_pos=[150.0, 100.0, 75.0, 30.0, 90.0, 0.0, 0.0]
Move: setup with axes_d=[0.0, 0.0, 0.0, 0.0, 45.0, 0.0, 0.0] and move_d=45.0.
Move: scale acceleration from 3000.0 to 3000.0.
toolhead.move: check_move on XYZ move.
cartesian_abc.check_move: checking move ending on (150.0, 100.0, 75.0, 30.0, 90.0, 0.0, 0.0).
cartesian_abc.check_move: no Z axis in move.
toolhead.move: check_move on ABC move.
cartesian_abc.check_move: checking move ending on (150.0, 100.0, 75.0, 30.0, 90.0, 0.0, 0.0).
endstop check: triggered on ABC/[3, 4, 5] move.
cartesian_abc.check_move: no Z axis in ABC kinematic.
MoveQueue.add_move: adding move.
Move calc_junction: function triggered. Initial max_start_v2: 0.0
GCodeMove: G1 starting setup with params={'G': '1', 'B': '-45', 'F': '800'}
GCodeMove: current G1 modes are absolute_coord=True and absolute_extrude=True
GCodeMove: parsed axis=B with value=-45.0
GCodeMove: G1 moving to '[150.0, 100.0, 75.0, 30.0, -45.0, 0.0, 0.0]' at speed: 13.333333333333334
toolhead.move: processing move to newpos=[150.0, 100.0, 75.0, 30.0, -45.0, 0.0, 0.0] at speed=13.333333333333334
toolhead.move: moved_axes=[4] unconfigured_axes=[] self.axes=[0, 1, 2, 3, 4, 5, 6]
toolhead.move: moving to newpos=[150.0, 100.0, 75.0, 30.0, -45.0, 0.0, 0.0]
Move: setup with start_pos=[150.0, 100.0, 75.0, 30.0, 90.0, 0.0, 0.0] and end_pos=[150.0, 100.0, 75.0, 30.0, -45.0, 0.0, 0.0]
Move: setup with axes_d=[0.0, 0.0, 0.0, 0.0, -135.0, 0.0, 0.0] and move_d=135.0.
Move: scale acceleration from 3000.0 to 3000.0.
toolhead.move: check_move on XYZ move.
cartesian_abc.check_move: checking move ending on (150.0, 100.0, 75.0, 30.0, -45.0, 0.0, 0.0).
cartesian_abc.check_move: no Z axis in move.
toolhead.move: check_move on ABC move.
cartesian_abc.check_move: checking move ending on (150.0, 100.0, 75.0, 30.0, -45.0, 0.0, 0.0).
endstop check: triggered on ABC/[3, 4, 5] move.
cartesian_abc.check_move: no Z axis in ABC kinematic.
MoveQueue.add_move: adding move.
Move calc_junction: function triggered. Initial max_start_v2: 0.0
Move set_junction: function triggered.
Move set_junction: function end.
ToolHead _process_moves: function triggered.
ToolHead _process_moves: self.print_time=151.83632760218248
ToolHead _process_moves: next_move_time=151.83632760218248
toolhead._process_moves: appending move to XYZ trapq.
toolhead._process_moves: appending move to ABC trapq.
GCodeMove: G1 starting setup with params={'G': '1', 'B': '0', 'F': '800'}
GCodeMove: current G1 modes are absolute_coord=True and absolute_extrude=True
GCodeMove: parsed axis=B with value=0.0
GCodeMove: G1 moving to '[150.0, 100.0, 75.0, 30.0, 0.0, 0.0, 0.0]' at speed: 13.333333333333334
toolhead.move: processing move to newpos=[150.0, 100.0, 75.0, 30.0, 0.0, 0.0, 0.0] at speed=13.333333333333334
toolhead.move: moved_axes=[4] unconfigured_axes=[] self.axes=[0, 1, 2, 3, 4, 5, 6]
toolhead.move: moving to newpos=[150.0, 100.0, 75.0, 30.0, 0.0, 0.0, 0.0]
Move: setup with start_pos=[150.0, 100.0, 75.0, 30.0, -45.0, 0.0, 0.0] and end_pos=[150.0, 100.0, 75.0, 30.0, 0.0, 0.0, 0.0]
Move: setup with axes_d=[0.0, 0.0, 0.0, 0.0, 45.0, 0.0, 0.0] and move_d=45.0.
Move: scale acceleration from 3000.0 to 3000.0.
toolhead.move: check_move on XYZ move.
cartesian_abc.check_move: checking move ending on (150.0, 100.0, 75.0, 30.0, 0.0, 0.0, 0.0).
cartesian_abc.check_move: no Z axis in move.
toolhead.move: check_move on ABC move.
cartesian_abc.check_move: checking move ending on (150.0, 100.0, 75.0, 30.0, 0.0, 0.0, 0.0).
endstop check: triggered on ABC/[3, 4, 5] move.
cartesian_abc.check_move: no Z axis in ABC kinematic.
MoveQueue.add_move: adding move.
Move calc_junction: function triggered. Initial max_start_v2: 0.0
Move set_junction: function triggered.
Move set_junction: function end.
ToolHead _process_moves: function triggered.
ToolHead _process_moves: next_move_time=156.87781265676853
toolhead._process_moves: appending move to XYZ trapq.
toolhead._process_moves: appending move to ABC trapq.
PrinterHoming.cmd_G28: homing with command=G28 C
PrinterHoming.cmd_G28: homing axes=[5]
PrinterHoming.cmd_G28: checking if kin axes=[0, 1, 2] have been requested to home.
PrinterHoming.cmd_G28: checking if kin axes=[3, 4, 5] have been requested to home.
PrinterHoming.cmd_G28: homing ['C'] axes of the ABC kinematic (axes: [3, 4, 5]).
PrinterHoming.home_axes: homing axis=['C']
cartesian_abc.home: homing axis changed_axes=[5]
toolhead.abc_axes_to_xyz: input=5
toolhead.abc_axes_to_xyz: output=2
cartesian_abc._home_axis: homing axis=5 with forcepos=[None, None, None, None, None, 540.0, None] and homepos=[None, None, None, None, None, 0.0, None]
homing.home_rails: homing begins with forcepos=[None, None, None, None, None, 540.0, None] and movepos=[None, None, None, None, None, 0.0, None]
set_position (toolhead): setting newpos=[150.0, 100.0, 75.0, 30.0, 0.0, 540.0, 0.0] and homing_axes=c
Move set_junction: function triggered.
Move set_junction: function end.
Move set_junction: function triggered.
Move set_junction: function end.
ToolHead _process_moves: function triggered.
ToolHead _process_moves: next_move_time=160.2563892972951
toolhead._process_moves: appending move to XYZ trapq.
toolhead._process_moves: appending move to ABC trapq.
ToolHead _process_moves: next_move_time=170.38583374173953
toolhead._process_moves: appending move to XYZ trapq.
toolhead._process_moves: appending move to ABC trapq.
set_position (toolhead): setting XYZ trapq position.
set_position (toolhead): using newpos=[150.0, 100.0, 75.0]
set_kin_trap_position: setting trapq pos to newpos=[150.0, 100.0, 75.0]
set_position (toolhead): setting ABC trapq position.
set_position (toolhead): using newpos=[30.0, 0.0, 540.0]
set_kin_trap_position: setting trapq pos to newpos=[30.0, 0.0, 540.0]
set_position (toolhead): setting E trapq pos.
toolhead.set_position_e: setting E to newpos=0.0.
PrinterExtruder.set_position: called with newpos_e=0.0 homing_axes=c and self.axis_idx=6.
ExtruderStepper.set_position: setting E to newpos=0.0.
MCU_stepper.set_position: setting coord=[0.0, 0.0, 0.0] on stepper=extruder
MCU_stepper.set_position: calling itersolve_set_position
MCU_stepper.set_position: calling _set_mcu_position
set_position (toolhead): setting XYZ kinematic position.
set_position (toolhead): using newpos=[150.0, 100.0, 75.0] and kin_homing_axes=[]
set_kinematics_position: setting kinematic position with newpos=[150.0, 100.0, 75.0] and homing_axes=[]
CartKinematicsABC.set_position: setting kinematic position of 3 rails with newpos=[150.0, 100.0, 75.0] and homing_axes=[]
CartKinematicsABC: setting newpos=[150.0, 100.0, 75.0] on stepper: stepper_x
MCU_stepper.set_position: setting coord=[150.0, 100.0, 75.0] on stepper=stepper_x
MCU_stepper.set_position: calling itersolve_set_position
MCU_stepper.set_position: calling _set_mcu_position
CartKinematicsABC: setting newpos=[150.0, 100.0, 75.0] on stepper: stepper_y
MCU_stepper.set_position: setting coord=[150.0, 100.0, 75.0] on stepper=stepper_y
MCU_stepper.set_position: calling itersolve_set_position
MCU_stepper.set_position: calling _set_mcu_position
CartKinematicsABC: setting newpos=[150.0, 100.0, 75.0] on stepper: stepper_z
MCU_stepper.set_position: setting coord=[150.0, 100.0, 75.0] on stepper=stepper_z
MCU_stepper.set_position: calling itersolve_set_position
MCU_stepper.set_position: calling _set_mcu_position
set_position (toolhead): setting ABC kinematic position.
set_position (toolhead): using newpos=[30.0, 0.0, 540.0] and kin_homing_axes=['c']
set_kinematics_position: setting kinematic position with newpos=[30.0, 0.0, 540.0] and homing_axes=['c']
CartKinematicsABC.set_position: setting kinematic position of 3 rails with newpos=[30.0, 0.0, 540.0] and homing_axes=['c']
CartKinematicsABC: setting newpos=[30.0, 0.0, 540.0] on stepper: stepper_a
MCU_stepper.set_position: setting coord=[30.0, 0.0, 540.0] on stepper=stepper_a
MCU_stepper.set_position: calling itersolve_set_position
MCU_stepper.set_position: calling _set_mcu_position
CartKinematicsABC: setting newpos=[30.0, 0.0, 540.0] on stepper: stepper_b
MCU_stepper.set_position: setting coord=[30.0, 0.0, 540.0] on stepper=stepper_b
MCU_stepper.set_position: calling itersolve_set_position
MCU_stepper.set_position: calling _set_mcu_position
CartKinematicsABC: setting newpos=[30.0, 0.0, 540.0] on stepper: stepper_c
MCU_stepper.set_position: setting coord=[30.0, 0.0, 540.0] on stepper=stepper_c
MCU_stepper.set_position: calling itersolve_set_position
MCU_stepper.set_position: calling _set_mcu_position
CartKinematicsABC: setting limits=(-360.0, 360.0) on stepper: stepper_c
gcode_move.reset_last_position: triggered.
gcode_move.reset_last_position: set self.last_position=[150.0, 100.0, 75.0, 30.0, 0.0, 540.0, 0.0]
homing.homing_move: homing move called, starting setup.
homing.StepperPosition: add stepper stepper_c to endstop c
homing.homing_move: homing move start.
homing.homing_move: dwell for HOMING_START_DELAY=0.001
homing.homing_move: issuing drip move at speed: 25.0
drip_move: sending move to the queue.
toolhead.move: processing move to newpos=[150.0, 100.0, 75.0, 30.0, 0.0, 0.0, 0.0] at speed=25.0
toolhead.move: moved_axes=[5] unconfigured_axes=[] self.axes=[0, 1, 2, 3, 4, 5, 6]
toolhead.move: moving to newpos=[150.0, 100.0, 75.0, 30.0, 0.0, 0.0, 0.0]
Move: setup with start_pos=[150.0, 100.0, 75.0, 30.0, 0.0, 540.0, 0.0] and end_pos=[150.0, 100.0, 75.0, 30.0, 0.0, 0.0, 0.0]
Move: setup with axes_d=[0.0, 0.0, 0.0, 0.0, 0.0, -540.0, 0.0] and move_d=540.0.
Move: scale acceleration from 3000.0 to 3000.0.
toolhead.move: check_move on XYZ move.
cartesian_abc.check_move: checking move ending on (150.0, 100.0, 75.0, 30.0, 0.0, 0.0, 0.0).
cartesian_abc.check_move: no Z axis in move.
toolhead.move: check_move on ABC move.
cartesian_abc.check_move: checking move ending on (150.0, 100.0, 75.0, 30.0, 0.0, 0.0, 0.0).
cartesian_abc.check_move: no Z axis in ABC kinematic.
MoveQueue.add_move: adding move.
drip_move: flushing move queue / transmitting move.
Move set_junction: function triggered.
Move set_junction: function end.
ToolHead _process_moves: function triggered.
ToolHead _process_moves: self.print_time=173.76927818618398
ToolHead _process_moves: next_move_time=173.76927818618398
toolhead._process_moves: appending move to XYZ trapq.
toolhead._process_moves: appending move to ABC trapq.
ToolHead _process_moves: calling _update_drip_move_time with next_move_time=195.3776115195173
drip_move: calling flush_step_generation / exit drip state.
homing.homing_move: waiting for endstop triggers.
homing.homing_move: calculating haltpos.
set_position (toolhead): setting newpos=[150.0, 100.0, 75.0, 30.0, 0.0, 0.0, 0.0] and homing_axes=
set_position (toolhead): setting XYZ trapq position.
set_position (toolhead): using newpos=[150.0, 100.0, 75.0]
set_kin_trap_position: setting trapq pos to newpos=[150.0, 100.0, 75.0]
set_position (toolhead): setting ABC trapq position.
set_position (toolhead): using newpos=[30.0, 0.0, 0.0]
set_kin_trap_position: setting trapq pos to newpos=[30.0, 0.0, 0.0]
set_position (toolhead): setting E trapq pos.
toolhead.set_position_e: setting E to newpos=0.0.
PrinterExtruder.set_position: called with newpos_e=0.0 homing_axes= and self.axis_idx=6.
ExtruderStepper.set_position: setting E to newpos=0.0.
MCU_stepper.set_position: setting coord=[0.0, 0.0, 0.0] on stepper=extruder
MCU_stepper.set_position: calling itersolve_set_position
MCU_stepper.set_position: calling _set_mcu_position
set_position (toolhead): setting XYZ kinematic position.
set_position (toolhead): using newpos=[150.0, 100.0, 75.0] and kin_homing_axes=[]
set_kinematics_position: setting kinematic position with newpos=[150.0, 100.0, 75.0] and homing_axes=[]
CartKinematicsABC.set_position: setting kinematic position of 3 rails with newpos=[150.0, 100.0, 75.0] and homing_axes=[]
CartKinematicsABC: setting newpos=[150.0, 100.0, 75.0] on stepper: stepper_x
MCU_stepper.set_position: setting coord=[150.0, 100.0, 75.0] on stepper=stepper_x
MCU_stepper.set_position: calling itersolve_set_position
MCU_stepper.set_position: calling _set_mcu_position
CartKinematicsABC: setting newpos=[150.0, 100.0, 75.0] on stepper: stepper_y
MCU_stepper.set_position: setting coord=[150.0, 100.0, 75.0] on stepper=stepper_y
MCU_stepper.set_position: calling itersolve_set_position
MCU_stepper.set_position: calling _set_mcu_position
CartKinematicsABC: setting newpos=[150.0, 100.0, 75.0] on stepper: stepper_z
MCU_stepper.set_position: setting coord=[150.0, 100.0, 75.0] on stepper=stepper_z
MCU_stepper.set_position: calling itersolve_set_position
MCU_stepper.set_position: calling _set_mcu_position
set_position (toolhead): setting ABC kinematic position.
set_position (toolhead): using newpos=[30.0, 0.0, 0.0] and kin_homing_axes=[]
set_kinematics_position: setting kinematic position with newpos=[30.0, 0.0, 0.0] and homing_axes=[]
CartKinematicsABC.set_position: setting kinematic position of 3 rails with newpos=[30.0, 0.0, 0.0] and homing_axes=[]
CartKinematicsABC: setting newpos=[30.0, 0.0, 0.0] on stepper: stepper_a
MCU_stepper.set_position: setting coord=[30.0, 0.0, 0.0] on stepper=stepper_a
MCU_stepper.set_position: calling itersolve_set_position
MCU_stepper.set_position: calling _set_mcu_position
CartKinematicsABC: setting newpos=[30.0, 0.0, 0.0] on stepper: stepper_b
MCU_stepper.set_position: setting coord=[30.0, 0.0, 0.0] on stepper=stepper_b
MCU_stepper.set_position: calling itersolve_set_position
MCU_stepper.set_position: calling _set_mcu_position
CartKinematicsABC: setting newpos=[30.0, 0.0, 0.0] on stepper: stepper_c
MCU_stepper.set_position: setting coord=[30.0, 0.0, 0.0] on stepper=stepper_c
MCU_stepper.set_position: calling itersolve_set_position
MCU_stepper.set_position: calling _set_mcu_position
gcode_move.reset_last_position: triggered.
gcode_move.reset_last_position: set self.last_position=[150.0, 100.0, 75.0, 30.0, 0.0, 0.0, 0.0]
homing.homing_move: endstop trigger position trigpos=[150.0, 100.0, 75.0, 30.0, 0.0, 0.0, 0.0]
homing.homing_move: toolhead position set to haltpos=[150.0, 100.0, 75.0, 30.0, 0.0, 0.0, 0.0]
homing.homing_move: homing move end.
homing.home_rails: setting up second home startpos=[150.0, 100.0, 75.0, 30.0, 0.0, 540.0, 0.0] and homepos=[150.0, 100.0, 75.0, 30.0, 0.0, 0.0, 0.0]
homing.home_rails: issuing retraction move to retractpos=[150.0, 100.0, 75.0, 30.0, 0.0, 5.0, 0.0]
toolhead.move: processing move to newpos=[150.0, 100.0, 75.0, 30.0, 0.0, 5.0, 0.0] at speed=25.0
toolhead.move: moved_axes=[5] unconfigured_axes=[] self.axes=[0, 1, 2, 3, 4, 5, 6]
toolhead.move: moving to newpos=[150.0, 100.0, 75.0, 30.0, 0.0, 5.0, 0.0]
Move: setup with start_pos=[150.0, 100.0, 75.0, 30.0, 0.0, 0.0, 0.0] and end_pos=[150.0, 100.0, 75.0, 30.0, 0.0, 5.0, 0.0]
Move: setup with axes_d=[0.0, 0.0, 0.0, 0.0, 0.0, 5.0, 0.0] and move_d=5.0.
Move: scale acceleration from 3000.0 to 3000.0.
toolhead.move: check_move on XYZ move.
cartesian_abc.check_move: checking move ending on (150.0, 100.0, 75.0, 30.0, 0.0, 5.0, 0.0).
cartesian_abc.check_move: no Z axis in move.
toolhead.move: check_move on ABC move.
cartesian_abc.check_move: checking move ending on (150.0, 100.0, 75.0, 30.0, 0.0, 5.0, 0.0).
cartesian_abc.check_move: no Z axis in ABC kinematic.
MoveQueue.add_move: adding move.
homing.home_rails: issuing second homing move with startpos=[150.0, 100.0, 75.0, 30.0, 0.0, 10.0, 0.0]
set_position (toolhead): setting newpos=[150.0, 100.0, 75.0, 30.0, 0.0, 10.0, 0.0] and homing_axes=
Move set_junction: function triggered.
Move set_junction: function end.
ToolHead _process_moves: function triggered.
ToolHead _process_moves: self.print_time=195.38061151951732
ToolHead _process_moves: next_move_time=195.38061151951732
toolhead._process_moves: appending move to XYZ trapq.
toolhead._process_moves: appending move to ABC trapq.
set_position (toolhead): setting XYZ trapq position.
set_position (toolhead): using newpos=[150.0, 100.0, 75.0]
set_kin_trap_position: setting trapq pos to newpos=[150.0, 100.0, 75.0]
set_position (toolhead): setting ABC trapq position.
set_position (toolhead): using newpos=[30.0, 0.0, 10.0]
set_kin_trap_position: setting trapq pos to newpos=[30.0, 0.0, 10.0]
set_position (toolhead): setting E trapq pos.
toolhead.set_position_e: setting E to newpos=0.0.
PrinterExtruder.set_position: called with newpos_e=0.0 homing_axes= and self.axis_idx=6.
ExtruderStepper.set_position: setting E to newpos=0.0.
MCU_stepper.set_position: setting coord=[0.0, 0.0, 0.0] on stepper=extruder
MCU_stepper.set_position: calling itersolve_set_position
MCU_stepper.set_position: calling _set_mcu_position
set_position (toolhead): setting XYZ kinematic position.
set_position (toolhead): using newpos=[150.0, 100.0, 75.0] and kin_homing_axes=[]
set_kinematics_position: setting kinematic position with newpos=[150.0, 100.0, 75.0] and homing_axes=[]
CartKinematicsABC.set_position: setting kinematic position of 3 rails with newpos=[150.0, 100.0, 75.0] and homing_axes=[]
CartKinematicsABC: setting newpos=[150.0, 100.0, 75.0] on stepper: stepper_x
MCU_stepper.set_position: setting coord=[150.0, 100.0, 75.0] on stepper=stepper_x
MCU_stepper.set_position: calling itersolve_set_position
MCU_stepper.set_position: calling _set_mcu_position
CartKinematicsABC: setting newpos=[150.0, 100.0, 75.0] on stepper: stepper_y
MCU_stepper.set_position: setting coord=[150.0, 100.0, 75.0] on stepper=stepper_y
MCU_stepper.set_position: calling itersolve_set_position
MCU_stepper.set_position: calling _set_mcu_position
CartKinematicsABC: setting newpos=[150.0, 100.0, 75.0] on stepper: stepper_z
MCU_stepper.set_position: setting coord=[150.0, 100.0, 75.0] on stepper=stepper_z
MCU_stepper.set_position: calling itersolve_set_position
MCU_stepper.set_position: calling _set_mcu_position
set_position (toolhead): setting ABC kinematic position.
set_position (toolhead): using newpos=[30.0, 0.0, 10.0] and kin_homing_axes=[]
set_kinematics_position: setting kinematic position with newpos=[30.0, 0.0, 10.0] and homing_axes=[]
CartKinematicsABC.set_position: setting kinematic position of 3 rails with newpos=[30.0, 0.0, 10.0] and homing_axes=[]
CartKinematicsABC: setting newpos=[30.0, 0.0, 10.0] on stepper: stepper_a
MCU_stepper.set_position: setting coord=[30.0, 0.0, 10.0] on stepper=stepper_a
MCU_stepper.set_position: calling itersolve_set_position
MCU_stepper.set_position: calling _set_mcu_position
CartKinematicsABC: setting newpos=[30.0, 0.0, 10.0] on stepper: stepper_b
MCU_stepper.set_position: setting coord=[30.0, 0.0, 10.0] on stepper=stepper_b
MCU_stepper.set_position: calling itersolve_set_position
MCU_stepper.set_position: calling _set_mcu_position
CartKinematicsABC: setting newpos=[30.0, 0.0, 10.0] on stepper: stepper_c
MCU_stepper.set_position: setting coord=[30.0, 0.0, 10.0] on stepper=stepper_c
MCU_stepper.set_position: calling itersolve_set_position
MCU_stepper.set_position: calling _set_mcu_position
gcode_move.reset_last_position: triggered.
gcode_move.reset_last_position: set self.last_position=[150.0, 100.0, 75.0, 30.0, 0.0, 10.0, 0.0]
homing.home_rails: starting second home startpos=[150.0, 100.0, 75.0, 30.0, 0.0, 10.0, 0.0] and homepos=[150.0, 100.0, 75.0, 30.0, 0.0, 0.0, 0.0]
homing.homing_move: homing move called, starting setup.
homing.StepperPosition: add stepper stepper_c to endstop c
homing.homing_move: homing move start.
homing.homing_move: dwell for HOMING_START_DELAY=0.001
homing.homing_move: issuing drip move at speed: 5.0
drip_move: sending move to the queue.
toolhead.move: processing move to newpos=[150.0, 100.0, 75.0, 30.0, 0.0, 0.0, 0.0] at speed=5.0
toolhead.move: moved_axes=[5] unconfigured_axes=[] self.axes=[0, 1, 2, 3, 4, 5, 6]
toolhead.move: moving to newpos=[150.0, 100.0, 75.0, 30.0, 0.0, 0.0, 0.0]
Move: setup with start_pos=[150.0, 100.0, 75.0, 30.0, 0.0, 10.0, 0.0] and end_pos=[150.0, 100.0, 75.0, 30.0, 0.0, 0.0, 0.0]
Move: setup with axes_d=[0.0, 0.0, 0.0, 0.0, 0.0, -10.0, 0.0] and move_d=10.0.
Move: scale acceleration from 3000.0 to 3000.0.
toolhead.move: check_move on XYZ move.
cartesian_abc.check_move: checking move ending on (150.0, 100.0, 75.0, 30.0, 0.0, 0.0, 0.0).
cartesian_abc.check_move: no Z axis in move.
toolhead.move: check_move on ABC move.
cartesian_abc.check_move: checking move ending on (150.0, 100.0, 75.0, 30.0, 0.0, 0.0, 0.0).
cartesian_abc.check_move: no Z axis in ABC kinematic.
MoveQueue.add_move: adding move.
drip_move: flushing move queue / transmitting move.
Move set_junction: function triggered.
Move set_junction: function end.
ToolHead _process_moves: function triggered.
ToolHead _process_moves: self.print_time=195.59294485285065
ToolHead _process_moves: next_move_time=195.59294485285065
toolhead._process_moves: appending move to XYZ trapq.
toolhead._process_moves: appending move to ABC trapq.
ToolHead _process_moves: calling _update_drip_move_time with next_move_time=197.59461151951731
drip_move: calling flush_step_generation / exit drip state.
homing.homing_move: waiting for endstop triggers.
homing.homing_move: calculating haltpos.
set_position (toolhead): setting newpos=[150.0, 100.0, 75.0, 30.0, 0.0, 0.0, 0.0] and homing_axes=
set_position (toolhead): setting XYZ trapq position.
set_position (toolhead): using newpos=[150.0, 100.0, 75.0]
set_kin_trap_position: setting trapq pos to newpos=[150.0, 100.0, 75.0]
set_position (toolhead): setting ABC trapq position.
set_position (toolhead): using newpos=[30.0, 0.0, 0.0]
set_kin_trap_position: setting trapq pos to newpos=[30.0, 0.0, 0.0]
set_position (toolhead): setting E trapq pos.
toolhead.set_position_e: setting E to newpos=0.0.
PrinterExtruder.set_position: called with newpos_e=0.0 homing_axes= and self.axis_idx=6.
ExtruderStepper.set_position: setting E to newpos=0.0.
MCU_stepper.set_position: setting coord=[0.0, 0.0, 0.0] on stepper=extruder
MCU_stepper.set_position: calling itersolve_set_position
MCU_stepper.set_position: calling _set_mcu_position
set_position (toolhead): setting XYZ kinematic position.
set_position (toolhead): using newpos=[150.0, 100.0, 75.0] and kin_homing_axes=[]
set_kinematics_position: setting kinematic position with newpos=[150.0, 100.0, 75.0] and homing_axes=[]
CartKinematicsABC.set_position: setting kinematic position of 3 rails with newpos=[150.0, 100.0, 75.0] and homing_axes=[]
CartKinematicsABC: setting newpos=[150.0, 100.0, 75.0] on stepper: stepper_x
MCU_stepper.set_position: setting coord=[150.0, 100.0, 75.0] on stepper=stepper_x
MCU_stepper.set_position: calling itersolve_set_position
MCU_stepper.set_position: calling _set_mcu_position
CartKinematicsABC: setting newpos=[150.0, 100.0, 75.0] on stepper: stepper_y
MCU_stepper.set_position: setting coord=[150.0, 100.0, 75.0] on stepper=stepper_y
MCU_stepper.set_position: calling itersolve_set_position
MCU_stepper.set_position: calling _set_mcu_position
CartKinematicsABC: setting newpos=[150.0, 100.0, 75.0] on stepper: stepper_z
MCU_stepper.set_position: setting coord=[150.0, 100.0, 75.0] on stepper=stepper_z
MCU_stepper.set_position: calling itersolve_set_position
MCU_stepper.set_position: calling _set_mcu_position
set_position (toolhead): setting ABC kinematic position.
set_position (toolhead): using newpos=[30.0, 0.0, 0.0] and kin_homing_axes=[]
set_kinematics_position: setting kinematic position with newpos=[30.0, 0.0, 0.0] and homing_axes=[]
CartKinematicsABC.set_position: setting kinematic position of 3 rails with newpos=[30.0, 0.0, 0.0] and homing_axes=[]
CartKinematicsABC: setting newpos=[30.0, 0.0, 0.0] on stepper: stepper_a
MCU_stepper.set_position: setting coord=[30.0, 0.0, 0.0] on stepper=stepper_a
MCU_stepper.set_position: calling itersolve_set_position
MCU_stepper.set_position: calling _set_mcu_position
CartKinematicsABC: setting newpos=[30.0, 0.0, 0.0] on stepper: stepper_b
MCU_stepper.set_position: setting coord=[30.0, 0.0, 0.0] on stepper=stepper_b
MCU_stepper.set_position: calling itersolve_set_position
MCU_stepper.set_position: calling _set_mcu_position
CartKinematicsABC: setting newpos=[30.0, 0.0, 0.0] on stepper: stepper_c
MCU_stepper.set_position: setting coord=[30.0, 0.0, 0.0] on stepper=stepper_c
MCU_stepper.set_position: calling itersolve_set_position
MCU_stepper.set_position: calling _set_mcu_position
gcode_move.reset_last_position: triggered.
gcode_move.reset_last_position: set self.last_position=[150.0, 100.0, 75.0, 30.0, 0.0, 0.0, 0.0]
homing.homing_move: endstop trigger position trigpos=[150.0, 100.0, 75.0, 30.0, 0.0, 0.0, 0.0]
homing.homing_move: toolhead position set to haltpos=[150.0, 100.0, 75.0, 30.0, 0.0, 0.0, 0.0]
homing.homing_move: homing move end.
check_no_movement with axes=None
gcode_move.reset_last_position: triggered.
gcode_move.reset_last_position: set self.last_position=[150.0, 100.0, 75.0, 30.0, 0.0, 0.0, 0.0]
homing.home_rails: finalized.
GCodeMove: G1 starting setup with params={'G': '1', 'X': '200', 'Y': '150', 'Z': '100', 'A': '60', 'B': '30', 'C': '90', 'F': '1000'}
GCodeMove: current G1 modes are absolute_coord=True and absolute_extrude=True
GCodeMove: parsed axis=X with value=200.0
GCodeMove: parsed axis=Y with value=150.0
GCodeMove: parsed axis=Z with value=100.0
GCodeMove: parsed axis=A with value=60.0
GCodeMove: parsed axis=B with value=30.0
GCodeMove: parsed axis=C with value=90.0
GCodeMove: G1 moving to '[200.0, 150.0, 100.0, 60.0, 30.0, 90.0, 0.0]' at speed: 16.666666666666668
toolhead.move: processing move to newpos=[200.0, 150.0, 100.0, 60.0, 30.0, 90.0, 0.0] at speed=16.666666666666668
toolhead.move: moved_axes=[0, 1, 2, 3, 4, 5] unconfigured_axes=[] self.axes=[0, 1, 2, 3, 4, 5, 6]
toolhead.move: moving to newpos=[200.0, 150.0, 100.0, 60.0, 30.0, 90.0, 0.0]
Move: setup with start_pos=[150.0, 100.0, 75.0, 30.0, 0.0, 0.0, 0.0] and end_pos=[200.0, 150.0, 100.0, 60.0, 30.0, 90.0, 0.0]
Move: setup with axes_d=[50.0, 50.0, 25.0, 30.0, 30.0, 90.0, 0.0] and move_d=124.59935794377112.
Move: scale acceleration from 3000.0 to 1359.2657230229577.
toolhead.move: check_move on XYZ move.
cartesian_abc.check_move: checking move ending on (200.0, 150.0, 100.0, 60.0, 30.0, 90.0, 0.0).
endstop check: triggered on XYZ/[0, 1, 2] move.
toolhead.move: check_move on ABC move.
cartesian_abc.check_move: checking move ending on (200.0, 150.0, 100.0, 60.0, 30.0, 90.0, 0.0).
cartesian_abc.check_move: no Z axis in ABC kinematic.
MoveQueue.add_move: adding move.
===== POSITION SUMMARY =====
Machine Mode: cnc
Axis Config: XYZABC (6 axes)
Position: X:200.000 Y:150.000 Z:100.000 A:60.000 B:30.000 C:90.000 E:0.000
Homed: X:✗ Y:✗ Z:✗ A:✗ B:✗ C:✗ X:✗ Y:✗ Z:✗ A:✗ B:✗ C:✗
Manual Steppers: None
Extruder Info:
  Temperature: 0.0°C (target: 0.0°C)
  Pressure Advance: 0.000000
  Smooth Time: 0.040000

===== DETAILED POSITIONS =====
mcu: XYZ: stepper_x:-14000 stepper_y:-14920 stepper_z:37000, ABC: stepper_a:-20600 stepper_b:-440000 stepper_c:-872000
stepper: XYZ: stepper_x:150.000000 stepper_y:100.000000 stepper_z:75.000000, ABC: stepper_a:30.000000 stepper_b:0.000000 stepper_c:0.000000
kinematic: XYZ: X:150.000000 Y:100.000000 Z:75.000000, ABC: A:30.000000 B:0.000000 C:0.000000

===== COORDINATE SYSTEMS =====
toolhead: X:200.000000 Y:150.000000 Z:100.000000 A:60.000000 B:30.000000 C:90.000000 E:0.000000
gcode: X:200.000000 Y:150.000000 Z:100.000000 A:60.000000 B:30.000000 C:90.000000 E:0.000000
gcode base: X:0.000000 Y:0.000000 Z:0.000000 A:0.000000 B:0.000000 C:0.000000 E:0.000000
gcode homing: X:0.000000 Y:0.000000 Z:0.000000 A:0.000000 B:0.000000 C:0.000000 E:0.000000
GCodeMove: G1 starting setup with params={'G': '1', 'X': '100', 'Y': '100', 'Z': '50', 'A': '45', 'B': '-30', 'C': '180', 'F': '1200'}
GCodeMove: current G1 modes are absolute_coord=True and absolute_extrude=True
GCodeMove: parsed axis=X with value=100.0
GCodeMove: parsed axis=Y with value=100.0
GCodeMove: parsed axis=Z with value=50.0
GCodeMove: parsed axis=A with value=45.0
GCodeMove: parsed axis=B with value=-30.0
GCodeMove: parsed axis=C with value=180.0
GCodeMove: G1 moving to '[100.0, 100.0, 50.0, 45.0, -30.0, 180.0, 0.0]' at speed: 20.0
toolhead.move: processing move to newpos=[100.0, 100.0, 50.0, 45.0, -30.0, 180.0, 0.0] at speed=20.0
toolhead.move: moved_axes=[0, 1, 2, 3, 4, 5] unconfigured_axes=[] self.axes=[0, 1, 2, 3, 4, 5, 6]
toolhead.move: moving to newpos=[100.0, 100.0, 50.0, 45.0, -30.0, 180.0, 0.0]
Move: setup with start_pos=[200.0, 150.0, 100.0, 60.0, 30.0, 90.0, 0.0] and end_pos=[100.0, 100.0, 50.0, 45.0, -30.0, 180.0, 0.0]
Move: setup with axes_d=[-100.0, -50.0, -50.0, -15.0, -60.0, 90.0, 0.0] and move_d=164.0883908142194.
Move: scale acceleration from 3000.0 to 1348.671705322351.
toolhead.move: check_move on XYZ move.
cartesian_abc.check_move: checking move ending on (100.0, 100.0, 50.0, 45.0, -30.0, 180.0, 0.0).
endstop check: triggered on XYZ/[0, 1, 2] move.
toolhead.move: check_move on ABC move.
cartesian_abc.check_move: checking move ending on (100.0, 100.0, 50.0, 45.0, -30.0, 180.0, 0.0).
cartesian_abc.check_move: no Z axis in ABC kinematic.
MoveQueue.add_move: adding move.
Move calc_junction: function triggered. Initial max_start_v2: 0.0
GCodeMove: G1 starting setup with params={'G': '1', 'A': '0', 'F': '500'}
GCodeMove: current G1 modes are absolute_coord=True and absolute_extrude=True
GCodeMove: parsed axis=A with value=0.0
GCodeMove: G1 moving to '[100.0, 100.0, 50.0, 0.0, -30.0, 180.0, 0.0]' at speed: 8.333333333333334
toolhead.move: processing move to newpos=[100.0, 100.0, 50.0, 0.0, -30.0, 180.0, 0.0] at speed=8.333333333333334
toolhead.move: moved_axes=[3] unconfigured_axes=[] self.axes=[0, 1, 2, 3, 4, 5, 6]
toolhead.move: moving to newpos=[100.0, 100.0, 50.0, 0.0, -30.0, 180.0, 0.0]
Move: setup with start_pos=[100.0, 100.0, 50.0, 45.0, -30.0, 180.0, 0.0] and end_pos=[100.0, 100.0, 50.0, 0.0, -30.0, 180.0, 0.0]
Move: setup with axes_d=[0.0, 0.0, 0.0, -45.0, 0.0, 0.0, 0.0] and move_d=45.0.
Move: scale acceleration from 3000.0 to 3000.0.
toolhead.move: check_move on XYZ move.
cartesian_abc.check_move: checking move ending on (100.0, 100.0, 50.0, 0.0, -30.0, 180.0, 0.0).
cartesian_abc.check_move: no Z axis in move.
toolhead.move: check_move on ABC move.
cartesian_abc.check_move: checking move ending on (100.0, 100.0, 50.0, 0.0, -30.0, 180.0, 0.0).
cartesian_abc.check_move: no Z axis in ABC kinematic.
MoveQueue.add_move: adding move.
Move calc_junction: function triggered. Initial max_start_v2: 0.0
Move set_junction: function triggered.
Move set_junction: function end.
ToolHead _process_moves: function triggered.
ToolHead _process_moves: self.print_time=197.59761151951733
ToolHead _process_moves: next_move_time=197.59761151951733
toolhead._process_moves: appending move to XYZ trapq.
toolhead._process_moves: appending move to ABC trapq.
GCodeMove: G1 starting setup with params={'G': '1', 'B': '0', 'F': '500'}
GCodeMove: current G1 modes are absolute_coord=True and absolute_extrude=True
GCodeMove: parsed axis=B with value=0.0
GCodeMove: G1 moving to '[100.0, 100.0, 50.0, 0.0, 0.0, 180.0, 0.0]' at speed: 8.333333333333334
toolhead.move: processing move to newpos=[100.0, 100.0, 50.0, 0.0, 0.0, 180.0, 0.0] at speed=8.333333333333334
toolhead.move: moved_axes=[4] unconfigured_axes=[] self.axes=[0, 1, 2, 3, 4, 5, 6]
toolhead.move: moving to newpos=[100.0, 100.0, 50.0, 0.0, 0.0, 180.0, 0.0]
Move: setup with start_pos=[100.0, 100.0, 50.0, 0.0, -30.0, 180.0, 0.0] and end_pos=[100.0, 100.0, 50.0, 0.0, 0.0, 180.0, 0.0]
Move: setup with axes_d=[0.0, 0.0, 0.0, 0.0, 30.0, 0.0, 0.0] and move_d=30.0.
Move: scale acceleration from 3000.0 to 3000.0.
toolhead.move: check_move on XYZ move.
cartesian_abc.check_move: checking move ending on (100.0, 100.0, 50.0, 0.0, 0.0, 180.0, 0.0).
cartesian_abc.check_move: no Z axis in move.
toolhead.move: check_move on ABC move.
cartesian_abc.check_move: checking move ending on (100.0, 100.0, 50.0, 0.0, 0.0, 180.0, 0.0).
cartesian_abc.check_move: no Z axis in ABC kinematic.
MoveQueue.add_move: adding move.
Move calc_junction: function triggered. Initial max_start_v2: 0.0
Move set_junction: function triggered.
Move set_junction: function end.
ToolHead _process_moves: function triggered.
ToolHead _process_moves: next_move_time=205.1042002593208
toolhead._process_moves: appending move to XYZ trapq.
toolhead._process_moves: appending move to ABC trapq.
GCodeMove: G1 starting setup with params={'G': '1', 'C': '0', 'F': '500'}
GCodeMove: current G1 modes are absolute_coord=True and absolute_extrude=True
GCodeMove: parsed axis=C with value=0.0
GCodeMove: G1 moving to '[100.0, 100.0, 50.0, 0.0, 0.0, 0.0, 0.0]' at speed: 8.333333333333334
toolhead.move: processing move to newpos=[100.0, 100.0, 50.0, 0.0, 0.0, 0.0, 0.0] at speed=8.333333333333334
toolhead.move: moved_axes=[5] unconfigured_axes=[] self.axes=[0, 1, 2, 3, 4, 5, 6]
toolhead.move: moving to newpos=[100.0, 100.0, 50.0, 0.0, 0.0, 0.0, 0.0]
Move: setup with start_pos=[100.0, 100.0, 50.0, 0.0, 0.0, 180.0, 0.0] and end_pos=[100.0, 100.0, 50.0, 0.0, 0.0, 0.0, 0.0]
Move: setup with axes_d=[0.0, 0.0, 0.0, 0.0, 0.0, -180.0, 0.0] and move_d=180.0.
Move: scale acceleration from 3000.0 to 3000.0.
toolhead.move: check_move on XYZ move.
cartesian_abc.check_move: checking move ending on (100.0, 100.0, 50.0, 0.0, 0.0, 0.0, 0.0).
cartesian_abc.check_move: no Z axis in move.
toolhead.move: check_move on ABC move.
cartesian_abc.check_move: checking move ending on (100.0, 100.0, 50.0, 0.0, 0.0, 0.0, 0.0).
cartesian_abc.check_move: no Z axis in ABC kinematic.
MoveQueue.add_move: adding move.
Move calc_junction: function triggered. Initial max_start_v2: 0.0
Move set_junction: function triggered.
Move set_junction: function end.
ToolHead _process_moves: function triggered.
ToolHead _process_moves: next_move_time=215.1447750451496
toolhead._process_moves: appending move to XYZ trapq.
toolhead._process_moves: appending move to ABC trapq.
MachineMode: Changed from cnc to cnc (tool_mode: spindle -> spindle)
Machine mode changed to cnc with tool_mode=spindle
Spindle Control: No PWM output configured
CNC M-Codes: M3 - Spindle CW at 12000 RPM
M3: Spindle CW at 12000 RPM
Machine mode: cnc, Tool mode: spindle, Axis: XYZABC (6 axes)
MachineMode: Status - Machine mode: cnc, Tool mode: spindle, Axis: XYZABC (6 axes)
Move set_junction: function triggered.
Move set_junction: function end.
Move set_junction: function triggered.
Move set_junction: function end.
ToolHead _process_moves: function triggered.
ToolHead _process_moves: next_move_time=220.5458536695949
toolhead._process_moves: appending move to XYZ trapq.
toolhead._process_moves: appending move to ABC trapq.
ToolHead _process_moves: next_move_time=224.14629811403933
toolhead._process_moves: appending move to XYZ trapq.
toolhead._process_moves: appending move to ABC trapq.
GCodeMove: G1 starting setup with params={'G': '1', 'X': '50', 'Y': '50', 'F': '1000'}
GCodeMove: current G1 modes are absolute_coord=True and absolute_extrude=True
GCodeMove: parsed axis=X with value=50.0
GCodeMove: parsed axis=Y with value=50.0
GCodeMove: G1 moving to '[50.0, 50.0, 50.0, 0.0, 0.0, 0.0, 0.0]' at speed: 16.666666666666668
toolhead.move: processing move to newpos=[50.0, 50.0, 50.0, 0.0, 0.0, 0.0, 0.0] at speed=16.666666666666668
toolhead.move: moved_axes=[0, 1] unconfigured_axes=[] self.axes=[0, 1, 2, 3, 4, 5, 6]
toolhead.move: moving to newpos=[50.0, 50.0, 50.0, 0.0, 0.0, 0.0, 0.0]
Move: setup with start_pos=[100.0, 100.0, 50.0, 0.0, 0.0, 0.0, 0.0] and end_pos=[50.0, 50.0, 50.0, 0.0, 0.0, 0.0, 0.0]
Move: setup with axes_d=[-50.0, -50.0, 0.0, 0.0, 0.0, 0.0, 0.0] and move_d=70.71067811865476.
Move: scale acceleration from 3000.0 to 2121.3203435596424.
toolhead.move: check_move on XYZ move.
cartesian_abc.check_move: checking move ending on (50.0, 50.0, 50.0, 0.0, 0.0, 0.0, 0.0).
cartesian_abc.check_move: no Z axis in move.
toolhead.move: check_move on ABC move.
cartesian_abc.check_move: checking move ending on (50.0, 50.0, 50.0, 0.0, 0.0, 0.0, 0.0).
cartesian_abc.check_move: no Z axis in ABC kinematic.
MoveQueue.add_move: adding move.
Spindle Control: No PWM output configured
CNC M-Codes: M4 - Spindle CCW at 8000 RPM
M4: Spindle CCW at 8000 RPM
Move set_junction: function triggered.
Move set_junction: function end.
ToolHead _process_moves: function triggered.
ToolHead _process_moves: next_move_time=245.74990922515042
toolhead._process_moves: appending move to XYZ trapq.
toolhead._process_moves: appending move to ABC trapq.
Spindle Control: No PWM output configured
CNC M-Codes: M5 - Spindle STOP
M5: Spindle STOP
Machine mode: cnc, Tool mode: spindle, Axis: XYZABC (6 axes)
MachineMode: Status - Machine mode: cnc, Tool mode: spindle, Axis: XYZABC (6 axes)
MachineMode: Changed from cnc to cnc (tool_mode: spindle -> laser)
Machine mode changed to cnc with tool_mode=laser
Laser Control: No output_pin configured
CNC M-Codes: M3 - Laser ON at S50.0 (50.0%)
M3: Laser ON at S50.0
Machine mode: cnc, Tool mode: laser, Axis: XYZABC (6 axes)
MachineMode: Status - Machine mode: cnc, Tool mode: laser, Axis: XYZABC (6 axes)
GCodeMove: G1 starting setup with params={'G': '1', 'X': '100', 'Y': '100', 'F': '500'}
GCodeMove: current G1 modes are absolute_coord=True and absolute_extrude=True
GCodeMove: parsed axis=X with value=100.0
GCodeMove: parsed axis=Y with value=100.0
GCodeMove: G1 moving to '[100.0, 100.0, 50.0, 0.0, 0.0, 0.0, 0.0]' at speed: 8.333333333333334
toolhead.move: processing move to newpos=[100.0, 100.0, 50.0, 0.0, 0.0, 0.0, 0.0] at speed=8.333333333333334
toolhead.move: moved_axes=[0, 1] unconfigured_axes=[] self.axes=[0, 1, 2, 3, 4, 5, 6]
toolhead.move: moving to newpos=[100.0, 100.0, 50.0, 0.0, 0.0, 0.0, 0.0]
Move: setup with start_pos=[50.0, 50.0, 50.0, 0.0, 0.0, 0.0, 0.0] and end_pos=[100.0, 100.0, 50.0, 0.0, 0.0, 0.0, 0.0]
Move: setup with axes_d=[50.0, 50.0, 0.0, 0.0, 0.0, 0.0, 0.0] and move_d=70.71067811865476.
Move: scale acceleration from 3000.0 to 2121.3203435596424.
toolhead.move: check_move on XYZ move.
cartesian_abc.check_move: checking move ending on (100.0, 100.0, 50.0, 0.0, 0.0, 0.0, 0.0).
cartesian_abc.check_move: no Z axis in move.
toolhead.move: check_move on ABC move.
cartesian_abc.check_move: checking move ending on (100.0, 100.0, 50.0, 0.0, 0.0, 0.0, 0.0).
cartesian_abc.check_move: no Z axis in ABC kinematic.
MoveQueue.add_move: adding move.
Laser Control: No output_pin configured
CNC M-Codes: M4 - Laser ON at S50.0 (50.0%)
M4: Laser ON at S50.0
GCodeMove: G1 starting setup with params={'G': '1', 'X': '150', 'Y': '150', 'F': '500'}
GCodeMove: current G1 modes are absolute_coord=True and absolute_extrude=True
GCodeMove: parsed axis=X with value=150.0
GCodeMove: parsed axis=Y with value=150.0
GCodeMove: G1 moving to '[150.0, 150.0, 50.0, 0.0, 0.0, 0.0, 0.0]' at speed: 8.333333333333334
toolhead.move: processing move to newpos=[150.0, 150.0, 50.0, 0.0, 0.0, 0.0, 0.0] at speed=8.333333333333334
toolhead.move: moved_axes=[0, 1] unconfigured_axes=[] self.axes=[0, 1, 2, 3, 4, 5, 6]
toolhead.move: moving to newpos=[150.0, 150.0, 50.0, 0.0, 0.0, 0.0, 0.0]
Move: setup with start_pos=[100.0, 100.0, 50.0, 0.0, 0.0, 0.0, 0.0] and end_pos=[150.0, 150.0, 50.0, 0.0, 0.0, 0.0, 0.0]
Move: setup with axes_d=[50.0, 50.0, 0.0, 0.0, 0.0, 0.0, 0.0] and move_d=70.71067811865476.
Move: scale acceleration from 3000.0 to 2121.3203435596424.
toolhead.move: check_move on XYZ move.
cartesian_abc.check_move: checking move ending on (150.0, 150.0, 50.0, 0.0, 0.0, 0.0, 0.0).
cartesian_abc.check_move: no Z axis in move.
toolhead.move: check_move on ABC move.
cartesian_abc.check_move: checking move ending on (150.0, 150.0, 50.0, 0.0, 0.0, 0.0, 0.0).
cartesian_abc.check_move: no Z axis in ABC kinematic.
MoveQueue.add_move: adding move.
Move calc_junction: function triggered. Initial max_start_v2: 0.0
Laser Control: No output_pin configured
CNC M-Codes: M5 - Laser OFF
M5: Laser OFF
Machine mode: cnc, Tool mode: laser, Axis: XYZABC (6 axes)
MachineMode: Status - Machine mode: cnc, Tool mode: laser, Axis: XYZABC (6 axes)
MachineMode: Changed from cnc to 3d_print
Machine mode changed to 3d_print
Machine mode: 3d_print, Axis: XYZABC (6 axes)
MachineMode: Status - Machine mode: 3d_print, Axis: XYZABC (6 axes)
Move set_junction: function triggered.
Move set_junction: function end.
Move set_junction: function triggered.
Move set_junction: function end.
ToolHead _process_moves: function triggered.
ToolHead _process_moves: next_move_time=250.0014066542829
toolhead._process_moves: appending move to XYZ trapq.
toolhead._process_moves: appending move to ABC trapq.
ToolHead _process_moves: next_move_time=258.4886522140248
toolhead._process_moves: appending move to XYZ trapq.
toolhead._process_moves: appending move to ABC trapq.
SET_KINEMATIC_POSITION: setting pos=[150.0, 150.0, 50.0, 0.0, 0.0, 0.0, 0.0] set_homed=XYZABCE clear_homed=
SET_KINEMATIC_POSITION: scanned axis_map={'X': 0, 'Y': 1, 'Z': 2, 'A': 3, 'B': 4, 'C': 5, 'E': 6} for commandline=SET_KINEMATIC_POSITION E=0
set_position (toolhead): setting newpos=[150.0, 150.0, 50.0, 0.0, 0.0, 0.0, 0.0] and homing_axes=XYZABCE
set_position (toolhead): setting XYZ trapq position.
set_position (toolhead): using newpos=[150.0, 150.0, 50.0]
set_kin_trap_position: setting trapq pos to newpos=[150.0, 150.0, 50.0]
set_position (toolhead): setting ABC trapq position.
set_position (toolhead): using newpos=[0.0, 0.0, 0.0]
set_kin_trap_position: setting trapq pos to newpos=[0.0, 0.0, 0.0]
set_position (toolhead): setting E trapq pos.
toolhead.set_position_e: setting E to newpos=0.0.
PrinterExtruder.set_position: called with newpos_e=0.0 homing_axes=xyzabce and self.axis_idx=6.
ExtruderStepper.set_position: setting E to newpos=0.0.
MCU_stepper.set_position: setting coord=[0.0, 0.0, 0.0] on stepper=extruder
MCU_stepper.set_position: calling itersolve_set_position
MCU_stepper.set_position: calling _set_mcu_position
set_position (toolhead): setting XYZ kinematic position.
set_position (toolhead): using newpos=[150.0, 150.0, 50.0] and kin_homing_axes=['x', 'y', 'z']
set_kinematics_position: setting kinematic position with newpos=[150.0, 150.0, 50.0] and homing_axes=['x', 'y', 'z']
CartKinematicsABC.set_position: setting kinematic position of 3 rails with newpos=[150.0, 150.0, 50.0] and homing_axes=['x', 'y', 'z']
CartKinematicsABC: setting newpos=[150.0, 150.0, 50.0] on stepper: stepper_x
MCU_stepper.set_position: setting coord=[150.0, 150.0, 50.0] on stepper=stepper_x
MCU_stepper.set_position: calling itersolve_set_position
MCU_stepper.set_position: calling _set_mcu_position
CartKinematicsABC: setting newpos=[150.0, 150.0, 50.0] on stepper: stepper_y
MCU_stepper.set_position: setting coord=[150.0, 150.0, 50.0] on stepper=stepper_y
MCU_stepper.set_position: calling itersolve_set_position
MCU_stepper.set_position: calling _set_mcu_position
CartKinematicsABC: setting newpos=[150.0, 150.0, 50.0] on stepper: stepper_z
MCU_stepper.set_position: setting coord=[150.0, 150.0, 50.0] on stepper=stepper_z
MCU_stepper.set_position: calling itersolve_set_position
MCU_stepper.set_position: calling _set_mcu_position
CartKinematicsABC: setting limits=(-1.0, 330.0) on stepper: stepper_x
CartKinematicsABC: setting limits=(-1.0, 312.0) on stepper: stepper_y
CartKinematicsABC: setting limits=(-20.0, 150.0) on stepper: stepper_z
set_position (toolhead): setting ABC kinematic position.
set_position (toolhead): using newpos=[0.0, 0.0, 0.0] and kin_homing_axes=['a', 'b', 'c']
set_kinematics_position: setting kinematic position with newpos=[0.0, 0.0, 0.0] and homing_axes=['a', 'b', 'c']
CartKinematicsABC.set_position: setting kinematic position of 3 rails with newpos=[0.0, 0.0, 0.0] and homing_axes=['a', 'b', 'c']
CartKinematicsABC: setting newpos=[0.0, 0.0, 0.0] on stepper: stepper_a
MCU_stepper.set_position: setting coord=[0.0, 0.0, 0.0] on stepper=stepper_a
MCU_stepper.set_position: calling itersolve_set_position
MCU_stepper.set_position: calling _set_mcu_position
CartKinematicsABC: setting newpos=[0.0, 0.0, 0.0] on stepper: stepper_b
MCU_stepper.set_position: setting coord=[0.0, 0.0, 0.0] on stepper=stepper_b
MCU_stepper.set_position: calling itersolve_set_position
MCU_stepper.set_position: calling _set_mcu_position
CartKinematicsABC: setting newpos=[0.0, 0.0, 0.0] on stepper: stepper_c
MCU_stepper.set_position: setting coord=[0.0, 0.0, 0.0] on stepper=stepper_c
MCU_stepper.set_position: calling itersolve_set_position
MCU_stepper.set_position: calling _set_mcu_position
CartKinematicsABC: setting limits=(-360.0, 360.0) on stepper: stepper_a
CartKinematicsABC: setting limits=(-180.0, 180.0) on stepper: stepper_b
CartKinematicsABC: setting limits=(-360.0, 360.0) on stepper: stepper_c
gcode_move.reset_last_position: triggered.
gcode_move.reset_last_position: set self.last_position=[150.0, 150.0, 50.0, 0.0, 0.0, 0.0, 0.0]
GCodeMove: G1 starting setup with params={'G': '1', 'E': '5', 'F': '100'}
GCodeMove: current G1 modes are absolute_coord=True and absolute_extrude=True
GCodeMove: parsed axis=E with value=5.0
GCodeMove: G1 moving to '[150.0, 150.0, 50.0, 0.0, 0.0, 0.0, 5.0]' at speed: 1.6666666666666667
toolhead.move: processing move to newpos=[150.0, 150.0, 50.0, 0.0, 0.0, 0.0, 5.0] at speed=1.6666666666666667
toolhead.move: moved_axes=[6] unconfigured_axes=[] self.axes=[0, 1, 2, 3, 4, 5, 6]
toolhead.move: moving to newpos=[150.0, 150.0, 50.0, 0.0, 0.0, 0.0, 5.0]
Move: setup with start_pos=[150.0, 150.0, 50.0, 0.0, 0.0, 0.0, 0.0] and end_pos=[150.0, 150.0, 50.0, 0.0, 0.0, 0.0, 5.0]
Move: setup with axes_d=[0.0, 0.0, 0.0, 0.0, 0.0, 0.0, 5.0] and move_d=0.0.
Move: acceleration set to 99999999.9.
toolhead.move: check_move on E move with displacement: 5.0
PrinterExtruder.check_move: retraction move or E-only move. Limiting move speed and acceleration.
extruder_stepper.check_move_limits: E stepper not home-able, skipping check on move ending on epos=5.0
MoveQueue.add_move: adding move.
GCodeMove: G1 starting setup with params={'G': '1', 'E': '-2', 'F': '100'}
GCodeMove: current G1 modes are absolute_coord=True and absolute_extrude=True
GCodeMove: parsed axis=E with value=-2.0
GCodeMove: G1 moving to '[150.0, 150.0, 50.0, 0.0, 0.0, 0.0, -2.0]' at speed: 1.6666666666666667
toolhead.move: processing move to newpos=[150.0, 150.0, 50.0, 0.0, 0.0, 0.0, -2.0] at speed=1.6666666666666667
toolhead.move: moved_axes=[6] unconfigured_axes=[] self.axes=[0, 1, 2, 3, 4, 5, 6]
toolhead.move: moving to newpos=[150.0, 150.0, 50.0, 0.0, 0.0, 0.0, -2.0]
Move: setup with start_pos=[150.0, 150.0, 50.0, 0.0, 0.0, 0.0, 5.0] and end_pos=[150.0, 150.0, 50.0, 0.0, 0.0, 0.0, -2.0]
Move: setup with axes_d=[0.0, 0.0, 0.0, 0.0, 0.0, 0.0, -7.0] and move_d=0.0.
Move: acceleration set to 99999999.9.
toolhead.move: check_move on E move with displacement: -7.0
PrinterExtruder.check_move: retraction move or E-only move. Limiting move speed and acceleration.
extruder_stepper.check_move_limits: E stepper not home-able, skipping check on move ending on epos=-2.0
MoveQueue.add_move: adding move.
GCodeMove: G1 starting setup with params={'G': '1', 'X': '50', 'Y': '50', 'Z': '1', 'E': '10', 'F': '1000'}
GCodeMove: current G1 modes are absolute_coord=True and absolute_extrude=True
GCodeMove: parsed axis=X with value=50.0
GCodeMove: parsed axis=Y with value=50.0
GCodeMove: parsed axis=Z with value=1.0
GCodeMove: parsed axis=E with value=10.0
GCodeMove: G1 moving to '[50.0, 50.0, 1.0, 0.0, 0.0, 0.0, 10.0]' at speed: 16.666666666666668
toolhead.move: processing move to newpos=[50.0, 50.0, 1.0, 0.0, 0.0, 0.0, 10.0] at speed=16.666666666666668
toolhead.move: moved_axes=[0, 1, 2, 6] unconfigured_axes=[] self.axes=[0, 1, 2, 3, 4, 5, 6]
toolhead.move: moving to newpos=[50.0, 50.0, 1.0, 0.0, 0.0, 0.0, 10.0]
Move: setup with start_pos=[150.0, 150.0, 50.0, 0.0, 0.0, 0.0, -2.0] and end_pos=[50.0, 50.0, 1.0, 0.0, 0.0, 0.0, 10.0]
Move: setup with axes_d=[-100.0, -100.0, -49.0, 0.0, 0.0, 0.0, 12.0] and move_d=149.66963619919707.
Move: scale acceleration from 3000.0 to 1803.2486289059887.
toolhead.move: check_move on XYZ move.
cartesian_abc.check_move: checking move ending on (50.0, 50.0, 1.0, 0.0, 0.0, 0.0, 10.0).
endstop check: triggered on XYZ/[0, 1, 2] move.
toolhead.move: check_move on ABC move.
cartesian_abc.check_move: checking move ending on (50.0, 50.0, 1.0, 0.0, 0.0, 0.0, 10.0).
cartesian_abc.check_move: no Z axis in ABC kinematic.
toolhead.move: check_move on E move with displacement: 12.0
extruder_stepper.check_move_limits: E stepper not home-able, skipping check on move ending on epos=10.0
MoveQueue.add_move: adding move.
Move set_junction: function triggered.
Move set_junction: function end.
ToolHead _process_moves: function triggered.
ToolHead _process_moves: self.print_time=266.9778977737666
ToolHead _process_moves: next_move_time=266.9778977737666
toolhead._process_moves: appending move to XYZ trapq.
toolhead._process_moves: appending move to ABC trapq.
extruder: move.end_pos[-1]=5.0
GCodeMove: G1 starting setup with params={'G': '1', 'X': '100', 'Y': '50', 'Z': '1', 'E': '15', 'F': '1000'}
GCodeMove: current G1 modes are absolute_coord=True and absolute_extrude=True
GCodeMove: parsed axis=X with value=100.0
GCodeMove: parsed axis=Y with value=50.0
GCodeMove: parsed axis=Z with value=1.0
GCodeMove: parsed axis=E with value=15.0
GCodeMove: G1 moving to '[100.0, 50.0, 1.0, 0.0, 0.0, 0.0, 15.0]' at speed: 16.666666666666668
toolhead.move: processing move to newpos=[100.0, 50.0, 1.0, 0.0, 0.0, 0.0, 15.0] at speed=16.666666666666668
toolhead.move: moved_axes=[0, 6] unconfigured_axes=[] self.axes=[0, 1, 2, 3, 4, 5, 6]
toolhead.move: moving to newpos=[100.0, 50.0, 1.0, 0.0, 0.0, 0.0, 15.0]
Move: setup with start_pos=[50.0, 50.0, 1.0, 0.0, 0.0, 0.0, 10.0] and end_pos=[100.0, 50.0, 1.0, 0.0, 0.0, 0.0, 15.0]
Move: setup with axes_d=[50.0, 0.0, 0.0, 0.0, 0.0, 0.0, 5.0] and move_d=50.0.
Move: scale acceleration from 3000.0 to 3000.0.
toolhead.move: check_move on XYZ move.
cartesian_abc.check_move: checking move ending on (100.0, 50.0, 1.0, 0.0, 0.0, 0.0, 15.0).
cartesian_abc.check_move: no Z axis in move.
toolhead.move: check_move on ABC move.
cartesian_abc.check_move: checking move ending on (100.0, 50.0, 1.0, 0.0, 0.0, 0.0, 15.0).
cartesian_abc.check_move: no Z axis in ABC kinematic.
toolhead.move: check_move on E move with displacement: 5.0
extruder_stepper.check_move_limits: E stepper not home-able, skipping check on move ending on epos=15.0
MoveQueue.add_move: adding move.
Move calc_junction: function triggered. Initial max_start_v2: 0.0
Move set_junction: function triggered.
Move set_junction: function end.
ToolHead _process_moves: function triggered.
ToolHead _process_moves: next_move_time=269.99456444043324
toolhead._process_moves: appending move to XYZ trapq.
toolhead._process_moves: appending move to ABC trapq.
extruder: move.end_pos[-1]=-2.0
===== POSITION SUMMARY =====
Machine Mode: 3d_print
Axis Config: XYZABC (6 axes)
Position: X:100.000 Y:50.000 Z:1.000 A:0.000 B:0.000 C:0.000 E:15.000
Homed: X:✗ Y:✗ Z:✗ A:✗ B:✗ C:✗ X:✗ Y:✗ Z:✗ A:✗ B:✗ C:✗
Manual Steppers: None
Extruder Info:
  Temperature: 0.0°C (target: 0.0°C)
  Pressure Advance: 0.000000
  Smooth Time: 0.040000

===== DETAILED POSITIONS =====
mcu: XYZ: stepper_x:-14000 stepper_y:-12920 stepper_z:32000, ABC: stepper_a:-21800 stepper_b:-440000 stepper_c:-872000
stepper: XYZ: stepper_x:150.000000 stepper_y:150.000000 stepper_z:50.000000, ABC: stepper_a:0.000000 stepper_b:0.000000 stepper_c:0.000000
kinematic: XYZ: X:150.000000 Y:150.000000 Z:50.000000, ABC: A:0.000000 B:0.000000 C:0.000000

===== COORDINATE SYSTEMS =====
toolhead: X:100.000000 Y:50.000000 Z:1.000000 A:0.000000 B:0.000000 C:0.000000 E:15.000000
gcode: X:100.000000 Y:50.000000 Z:1.000000 A:0.000000 B:0.000000 C:0.000000 E:15.000000
gcode base: X:0.000000 Y:0.000000 Z:0.000000 A:0.000000 B:0.000000 C:0.000000 E:0.000000
gcode homing: X:0.000000 Y:0.000000 Z:0.000000 A:0.000000 B:0.000000 C:0.000000 E:0.000000
MachineMode: Changed from 3d_print to cnc (tool_mode: laser -> spindle)
Machine mode changed to cnc with tool_mode=spindle
GCodeMove: G1 starting setup with params={'G': '1', 'X': '10', 'Y': '10', 'Z': '50', 'F': '2000'}
GCodeMove: current G1 modes are absolute_coord=True and absolute_extrude=True
GCodeMove: parsed axis=X with value=10.0
GCodeMove: parsed axis=Y with value=10.0
GCodeMove: parsed axis=Z with value=50.0
GCodeMove: G1 moving to '[10.0, 10.0, 50.0, 0.0, 0.0, 0.0, 15.0]' at speed: 33.333333333333336
toolhead.move: processing move to newpos=[10.0, 10.0, 50.0, 0.0, 0.0, 0.0, 15.0] at speed=33.333333333333336
toolhead.move: moved_axes=[0, 1, 2] unconfigured_axes=[] self.axes=[0, 1, 2, 3, 4, 5, 6]
toolhead.move: moving to newpos=[10.0, 10.0, 50.0, 0.0, 0.0, 0.0, 15.0]
Move: setup with start_pos=[100.0, 50.0, 1.0, 0.0, 0.0, 0.0, 15.0] and end_pos=[10.0, 10.0, 50.0, 0.0, 0.0, 0.0, 15.0]
Move: setup with axes_d=[-90.0, -40.0, 49.0, 0.0, 0.0, 0.0, 0.0] and move_d=110.00454536063498.
Move: scale acceleration from 3000.0 to 1843.6515982229325.
toolhead.move: check_move on XYZ move.
cartesian_abc.check_move: checking move ending on (10.0, 10.0, 50.0, 0.0, 0.0, 0.0, 15.0).
endstop check: triggered on XYZ/[0, 1, 2] move.
toolhead.move: check_move on ABC move.
cartesian_abc.check_move: checking move ending on (10.0, 10.0, 50.0, 0.0, 0.0, 0.0, 15.0).
cartesian_abc.check_move: no Z axis in ABC kinematic.
MoveQueue.add_move: adding move.
Move calc_junction: function triggered. Initial max_start_v2: 0.0
Move set_junction: function triggered.
Move set_junction: function end.
ToolHead _process_moves: function triggered.
ToolHead _process_moves: next_move_time=274.2112311070999
toolhead._process_moves: appending move to XYZ trapq.
toolhead._process_moves: appending move to ABC trapq.
extruder: move.end_pos[-1]=10.0
Move set_junction: function triggered.
Move set_junction: function end.
Move set_junction: function triggered.
Move set_junction: function end.
ToolHead _process_moves: function triggered.
ToolHead _process_moves: next_move_time=284.05852179880196
toolhead._process_moves: appending move to XYZ trapq.
toolhead._process_moves: appending move to ABC trapq.
extruder: move.end_pos[-1]=15.0
ToolHead _process_moves: next_move_time=287.063611386427
toolhead._process_moves: appending move to XYZ trapq.
toolhead._process_moves: appending move to ABC trapq.
probe_g38 probing with axes: ['z']
homing.homing_move: homing move called, starting setup.
homing.StepperPosition: add stepper stepper_x to endstop probe
homing.StepperPosition: add stepper stepper_y to endstop probe
homing.StepperPosition: add stepper stepper_z to endstop probe
homing.StepperPosition: add stepper stepper_a to endstop probe
homing.StepperPosition: add stepper stepper_b to endstop probe
homing.StepperPosition: add stepper stepper_c to endstop probe
homing.StepperPosition: add stepper extruder to endstop probe
homing.homing_move: homing move start.
homing.homing_move: dwell for HOMING_START_DELAY=0.001
homing.homing_move: issuing drip move at speed: 1.6666666666666667
drip_move: sending move to the queue.
toolhead.move: processing move to newpos=[10.0, 10.0, 0.0, 0.0, 0.0, 0.0, 15.0] at speed=1.6666666666666667
toolhead.move: moved_axes=[2] unconfigured_axes=[] self.axes=[0, 1, 2, 3, 4, 5, 6]
toolhead.move: moving to newpos=[10.0, 10.0, 0.0, 0.0, 0.0, 0.0, 15.0]
Move: setup with start_pos=[10.0, 10.0, 50.0, 0.0, 0.0, 0.0, 15.0] and end_pos=[10.0, 10.0, 0.0, 0.0, 0.0, 0.0, 15.0]
Move: setup with axes_d=[0.0, 0.0, -50.0, 0.0, 0.0, 0.0, 0.0] and move_d=50.0.
Move: scale acceleration from 3000.0 to 3000.0.
toolhead.move: check_move on XYZ move.
cartesian_abc.check_move: checking move ending on (10.0, 10.0, 0.0, 0.0, 0.0, 0.0, 15.0).
endstop check: triggered on XYZ/[0, 1, 2] move.
toolhead.move: check_move on ABC move.
cartesian_abc.check_move: checking move ending on (10.0, 10.0, 0.0, 0.0, 0.0, 0.0, 15.0).
cartesian_abc.check_move: no Z axis in ABC kinematic.
MoveQueue.add_move: adding move.
drip_move: flushing move queue / transmitting move.
Move set_junction: function triggered.
Move set_junction: function end.
ToolHead _process_moves: function triggered.
ToolHead _process_moves: self.print_time=297.31410135343475
ToolHead _process_moves: next_move_time=297.31410135343475
toolhead._process_moves: appending move to XYZ trapq.
toolhead._process_moves: appending move to ABC trapq.
ToolHead _process_moves: calling _update_drip_move_time with next_move_time=327.3307680201014
drip_move: calling flush_step_generation / exit drip state.
homing.homing_move: waiting for endstop triggers.
homing.homing_move: calculating haltpos.
calc_toolhead_pos input: kin_spos={'stepper_x': 9.999999999999435, 'stepper_y': 9.999999999999435, 'stepper_z': 50.0, 'stepper_a': 0.0, 'stepper_b': 0.0, 'stepper_c': 0.0, 'extruder': 15.075000000000033} offsets={'stepper_x': 0, 'stepper_y': 0, 'stepper_z': -10000, 'stepper_a': 0, 'stepper_b': 0, 'stepper_c': 0, 'extruder': 0}
calc_toolhead_pos: result=[9.999999999999435, 9.999999999999435, 0.0, 0.0, 0.0, 0.0, 15.075000000000033]
set_position (toolhead): setting newpos=[9.999999999999435, 9.999999999999435, 0.0, 0.0, 0.0, 0.0, 15.075000000000033] and homing_axes=
set_position (toolhead): setting XYZ trapq position.
set_position (toolhead): using newpos=[9.999999999999435, 9.999999999999435, 0.0]
set_kin_trap_position: setting trapq pos to newpos=[9.999999999999435, 9.999999999999435, 0.0]
set_position (toolhead): setting ABC trapq position.
set_position (toolhead): using newpos=[0.0, 0.0, 0.0]
set_kin_trap_position: setting trapq pos to newpos=[0.0, 0.0, 0.0]
set_position (toolhead): setting E trapq pos.
toolhead.set_position_e: setting E to newpos=15.075000000000033.
PrinterExtruder.set_position: called with newpos_e=15.075000000000033 homing_axes= and self.axis_idx=6.
ExtruderStepper.set_position: setting E to newpos=15.075000000000033.
MCU_stepper.set_position: setting coord=[15.075000000000033, 0.0, 0.0] on stepper=extruder
MCU_stepper.set_position: calling itersolve_set_position
MCU_stepper.set_position: calling _set_mcu_position
set_position (toolhead): setting XYZ kinematic position.
set_position (toolhead): using newpos=[9.999999999999435, 9.999999999999435, 0.0] and kin_homing_axes=[]
set_kinematics_position: setting kinematic position with newpos=[9.999999999999435, 9.999999999999435, 0.0] and homing_axes=[]
CartKinematicsABC.set_position: setting kinematic position of 3 rails with newpos=[9.999999999999435, 9.999999999999435, 0.0] and homing_axes=[]
CartKinematicsABC: setting newpos=[9.999999999999435, 9.999999999999435, 0.0] on stepper: stepper_x
MCU_stepper.set_position: setting coord=[9.999999999999435, 9.999999999999435, 0.0] on stepper=stepper_x
MCU_stepper.set_position: calling itersolve_set_position
MCU_stepper.set_position: calling _set_mcu_position
CartKinematicsABC: setting newpos=[9.999999999999435, 9.999999999999435, 0.0] on stepper: stepper_y
MCU_stepper.set_position: setting coord=[9.999999999999435, 9.999999999999435, 0.0] on stepper=stepper_y
MCU_stepper.set_position: calling itersolve_set_position
MCU_stepper.set_position: calling _set_mcu_position
CartKinematicsABC: setting newpos=[9.999999999999435, 9.999999999999435, 0.0] on stepper: stepper_z
MCU_stepper.set_position: setting coord=[9.999999999999435, 9.999999999999435, 0.0] on stepper=stepper_z
MCU_stepper.set_position: calling itersolve_set_position
MCU_stepper.set_position: calling _set_mcu_position
set_position (toolhead): setting ABC kinematic position.
set_position (toolhead): using newpos=[0.0, 0.0, 0.0] and kin_homing_axes=[]
set_kinematics_position: setting kinematic position with newpos=[0.0, 0.0, 0.0] and homing_axes=[]
CartKinematicsABC.set_position: setting kinematic position of 3 rails with newpos=[0.0, 0.0, 0.0] and homing_axes=[]
CartKinematicsABC: setting newpos=[0.0, 0.0, 0.0] on stepper: stepper_a
MCU_stepper.set_position: setting coord=[0.0, 0.0, 0.0] on stepper=stepper_a
MCU_stepper.set_position: calling itersolve_set_position
MCU_stepper.set_position: calling _set_mcu_position
CartKinematicsABC: setting newpos=[0.0, 0.0, 0.0] on stepper: stepper_b
MCU_stepper.set_position: setting coord=[0.0, 0.0, 0.0] on stepper=stepper_b
MCU_stepper.set_position: calling itersolve_set_position
MCU_stepper.set_position: calling _set_mcu_position
CartKinematicsABC: setting newpos=[0.0, 0.0, 0.0] on stepper: stepper_c
MCU_stepper.set_position: setting coord=[0.0, 0.0, 0.0] on stepper=stepper_c
MCU_stepper.set_position: calling itersolve_set_position
MCU_stepper.set_position: calling _set_mcu_position
gcode_move.reset_last_position: triggered.
gcode_move.reset_last_position: set self.last_position=[9.999999999999435, 9.999999999999435, 0.0, 0.0, 0.0, 0.0, 15.075000000000033]
homing.homing_move: endstop trigger position trigpos=[9.999999999999435, 9.999999999999435, 0.0, 0.0, 0.0, 0.0, 15.075000000000033]
homing.homing_move: toolhead position set to haltpos=[9.999999999999435, 9.999999999999435, 0.0, 0.0, 0.0, 0.0, 15.075000000000033]
homing.homing_move: homing move end.
check_no_movement with axes=['z']
probe_g38 probe ended with status: probe trigger
probe trigger at x=10.000 y=10.000 z=0.000 a=0.000 b=0.000 c=0.000 e=15.075
===== POSITION SUMMARY =====
Machine Mode: cnc
Axis Config: XYZABC (6 axes)
Position: X:10.000 Y:10.000 Z:0.000 A:0.000 B:0.000 C:0.000 E:15.075
Homed: X:✗ Y:✗ Z:✗ A:✗ B:✗ C:✗ X:✗ Y:✗ Z:✗ A:✗ B:✗ C:✗
Manual Steppers: None
Extruder Info:
  Temperature: 0.0°C (target: 0.0°C)
  Pressure Advance: 0.000000
  Smooth Time: 0.040000

===== DETAILED POSITIONS =====
mcu: XYZ: stepper_x:-19600 stepper_y:-18520 stepper_z:22000, ABC: stepper_a:-21800 stepper_b:-440000 stepper_c:-872000
stepper: XYZ: stepper_x:10.000000 stepper_y:10.000000 stepper_z:0.000000, ABC: stepper_a:0.000000 stepper_b:0.000000 stepper_c:0.000000
kinematic: XYZ: X:10.000000 Y:10.000000 Z:0.000000, ABC: A:0.000000 B:0.000000 C:0.000000

===== COORDINATE SYSTEMS =====
toolhead: X:10.000000 Y:10.000000 Z:0.000000 A:0.000000 B:0.000000 C:0.000000 E:15.075000
gcode: X:10.000000 Y:10.000000 Z:0.000000 A:0.000000 B:0.000000 C:0.000000 E:15.075000
gcode base: X:0.000000 Y:0.000000 Z:0.000000 A:0.000000 B:0.000000 C:0.000000 E:0.000000
gcode homing: X:0.000000 Y:0.000000 Z:0.000000 A:0.000000 B:0.000000 C:0.000000 E:0.000000
GCodeMove: G1 starting setup with params={'G': '1', 'Z': '50', 'F': '500'}
GCodeMove: current G1 modes are absolute_coord=True and absolute_extrude=True
GCodeMove: parsed axis=Z with value=50.0
GCodeMove: G1 moving to '[9.999999999999435, 9.999999999999435, 50.0, 0.0, 0.0, 0.0, 15.075000000000033]' at speed: 8.333333333333334
toolhead.move: processing move to newpos=[9.999999999999435, 9.999999999999435, 50.0, 0.0, 0.0, 0.0, 15.075000000000033] at speed=8.333333333333334
toolhead.move: moved_axes=[2] unconfigured_axes=[] self.axes=[0, 1, 2, 3, 4, 5, 6]
toolhead.move: moving to newpos=[9.999999999999435, 9.999999999999435, 50.0, 0.0, 0.0, 0.0, 15.075000000000033]
Move: setup with start_pos=[9.999999999999435, 9.999999999999435, 0.0, 0.0, 0.0, 0.0, 15.075000000000033] and end_pos=[9.999999999999435, 9.999999999999435, 50.0, 0.0, 0.0, 0.0, 15.075000000000033]
Move: setup with axes_d=[0.0, 0.0, 50.0, 0.0, 0.0, 0.0, 0.0] and move_d=50.0.
Move: scale acceleration from 3000.0 to 3000.0.
toolhead.move: check_move on XYZ move.
cartesian_abc.check_move: checking move ending on (9.999999999999435, 9.999999999999435, 50.0, 0.0, 0.0, 0.0, 15.075000000000033).
endstop check: triggered on XYZ/[0, 1, 2] move.
toolhead.move: check_move on ABC move.
cartesian_abc.check_move: checking move ending on (9.999999999999435, 9.999999999999435, 50.0, 0.0, 0.0, 0.0, 15.075000000000033).
cartesian_abc.check_move: no Z axis in ABC kinematic.
MoveQueue.add_move: adding move.
GCodeMove: G1 starting setup with params={'G': '1', 'X': '10', 'Y': '50', 'Z': '20'}
GCodeMove: current G1 modes are absolute_coord=True and absolute_extrude=True
GCodeMove: parsed axis=X with value=10.0
GCodeMove: parsed axis=Y with value=50.0
GCodeMove: parsed axis=Z with value=20.0
GCodeMove: G1 moving to '[10.0, 50.0, 20.0, 0.0, 0.0, 0.0, 15.075000000000033]' at speed: 8.333333333333334
toolhead.move: processing move to newpos=[10.0, 50.0, 20.0, 0.0, 0.0, 0.0, 15.075000000000033] at speed=8.333333333333334
toolhead.move: moved_axes=[0, 1, 2] unconfigured_axes=[] self.axes=[0, 1, 2, 3, 4, 5, 6]
toolhead.move: moving to newpos=[10.0, 50.0, 20.0, 0.0, 0.0, 0.0, 15.075000000000033]
Move: setup with start_pos=[9.999999999999435, 9.999999999999435, 50.0, 0.0, 0.0, 0.0, 15.075000000000033] and end_pos=[10.0, 50.0, 20.0, 0.0, 0.0, 0.0, 15.075000000000033]
Move: setup with axes_d=[5.648814749292796e-13, 40.00000000000057, -30.0, 0.0, 0.0, 0.0, 0.0] and move_d=50.000000000000455.
Move: scale acceleration from 3000.0 to 2142.8571428571277.
toolhead.move: check_move on XYZ move.
cartesian_abc.check_move: checking move ending on (10.0, 50.0, 20.0, 0.0, 0.0, 0.0, 15.075000000000033).
endstop check: triggered on XYZ/[0, 1, 2] move.
toolhead.move: check_move on ABC move.
cartesian_abc.check_move: checking move ending on (10.0, 50.0, 20.0, 0.0, 0.0, 0.0, 15.075000000000033).
cartesian_abc.check_move: no Z axis in ABC kinematic.
MoveQueue.add_move: adding move.
Move calc_junction: function triggered. Initial max_start_v2: 0.0
Move set_junction: function triggered.
Move set_junction: function end.
Move set_junction: function triggered.
Move set_junction: function end.
ToolHead _process_moves: function triggered.
ToolHead _process_moves: self.print_time=327.33376802010133
ToolHead _process_moves: next_move_time=327.33376802010133
toolhead._process_moves: appending move to XYZ trapq.
toolhead._process_moves: appending move to ABC trapq.
ToolHead _process_moves: next_move_time=337.37876281808724
toolhead._process_moves: appending move to XYZ trapq.
toolhead._process_moves: appending move to ABC trapq.
probe_g38 probing with axes: ['x']
homing.homing_move: homing move called, starting setup.
homing.StepperPosition: add stepper stepper_x to endstop probe
homing.StepperPosition: add stepper stepper_y to endstop probe
homing.StepperPosition: add stepper stepper_z to endstop probe
homing.StepperPosition: add stepper stepper_a to endstop probe
homing.StepperPosition: add stepper stepper_b to endstop probe
homing.StepperPosition: add stepper stepper_c to endstop probe
homing.StepperPosition: add stepper extruder to endstop probe
homing.homing_move: homing move start.
homing.homing_move: dwell for HOMING_START_DELAY=0.001
homing.homing_move: issuing drip move at speed: 1.6666666666666667
drip_move: sending move to the queue.
toolhead.move: processing move to newpos=[100.0, 50.0, 20.0, 0.0, 0.0, 0.0, 15.075000000000033] at speed=1.6666666666666667
toolhead.move: moved_axes=[0] unconfigured_axes=[] self.axes=[0, 1, 2, 3, 4, 5, 6]
toolhead.move: moving to newpos=[100.0, 50.0, 20.0, 0.0, 0.0, 0.0, 15.075000000000033]
Move: setup with start_pos=[10.0, 50.0, 20.0, 0.0, 0.0, 0.0, 15.075000000000033] and end_pos=[100.0, 50.0, 20.0, 0.0, 0.0, 0.0, 15.075000000000033]
Move: setup with axes_d=[90.0, 0.0, 0.0, 0.0, 0.0, 0.0, 0.0] and move_d=90.0.
Move: scale acceleration from 3000.0 to 3000.0.
toolhead.move: check_move on XYZ move.
cartesian_abc.check_move: checking move ending on (100.0, 50.0, 20.0, 0.0, 0.0, 0.0, 15.075000000000033).
cartesian_abc.check_move: no Z axis in move.
toolhead.move: check_move on ABC move.
cartesian_abc.check_move: checking move ending on (100.0, 50.0, 20.0, 0.0, 0.0, 0.0, 15.075000000000033).
cartesian_abc.check_move: no Z axis in ABC kinematic.
MoveQueue.add_move: adding move.
drip_move: flushing move queue / transmitting move.
Move set_junction: function triggered.
Move set_junction: function end.
ToolHead _process_moves: function triggered.
ToolHead _process_moves: self.print_time=343.82869267571647
ToolHead _process_moves: next_move_time=343.82869267571647
toolhead._process_moves: appending move to XYZ trapq.
toolhead._process_moves: appending move to ABC trapq.
ToolHead _process_moves: calling _update_drip_move_time with next_move_time=397.829248231272
drip_move: calling flush_step_generation / exit drip state.
homing.homing_move: waiting for endstop triggers.
homing.homing_move: calculating haltpos.
calc_toolhead_pos input: kin_spos={'stepper_x': 9.999999999999435, 'stepper_y': 50.000000000002274, 'stepper_z': 20.000000000001002, 'stepper_a': 0.0, 'stepper_b': 0.0, 'stepper_c': 0.0, 'extruder': 15.075000000000033} offsets={'stepper_x': 3600, 'stepper_y': 0, 'stepper_z': 0, 'stepper_a': 0, 'stepper_b': 0, 'stepper_c': 0, 'extruder': 0}
calc_toolhead_pos: result=[99.99999999999943, 50.000000000002274, 20.000000000001002, 0.0, 0.0, 0.0, 15.075000000000033]
set_position (toolhead): setting newpos=[99.99999999999943, 50.000000000002274, 20.000000000001002, 0.0, 0.0, 0.0, 15.075000000000033] and homing_axes=
set_position (toolhead): setting XYZ trapq position.
set_position (toolhead): using newpos=[99.99999999999943, 50.000000000002274, 20.000000000001002]
set_kin_trap_position: setting trapq pos to newpos=[99.99999999999943, 50.000000000002274, 20.000000000001002]
set_position (toolhead): setting ABC trapq position.
set_position (toolhead): using newpos=[0.0, 0.0, 0.0]
set_kin_trap_position: setting trapq pos to newpos=[0.0, 0.0, 0.0]
set_position (toolhead): setting E trapq pos.
toolhead.set_position_e: setting E to newpos=15.075000000000033.
PrinterExtruder.set_position: called with newpos_e=15.075000000000033 homing_axes= and self.axis_idx=6.
ExtruderStepper.set_position: setting E to newpos=15.075000000000033.
MCU_stepper.set_position: setting coord=[15.075000000000033, 0.0, 0.0] on stepper=extruder
MCU_stepper.set_position: calling itersolve_set_position
MCU_stepper.set_position: calling _set_mcu_position
set_position (toolhead): setting XYZ kinematic position.
set_position (toolhead): using newpos=[99.99999999999943, 50.000000000002274, 20.000000000001002] and kin_homing_axes=[]
set_kinematics_position: setting kinematic position with newpos=[99.99999999999943, 50.000000000002274, 20.000000000001002] and homing_axes=[]
CartKinematicsABC.set_position: setting kinematic position of 3 rails with newpos=[99.99999999999943, 50.000000000002274, 20.000000000001002] and homing_axes=[]
CartKinematicsABC: setting newpos=[99.99999999999943, 50.000000000002274, 20.000000000001002] on stepper: stepper_x
MCU_stepper.set_position: setting coord=[99.99999999999943, 50.000000000002274, 20.000000000001002] on stepper=stepper_x
MCU_stepper.set_position: calling itersolve_set_position
MCU_stepper.set_position: calling _set_mcu_position
CartKinematicsABC: setting newpos=[99.99999999999943, 50.000000000002274, 20.000000000001002] on stepper: stepper_y
MCU_stepper.set_position: setting coord=[99.99999999999943, 50.000000000002274, 20.000000000001002] on stepper=stepper_y
MCU_stepper.set_position: calling itersolve_set_position
MCU_stepper.set_position: calling _set_mcu_position
CartKinematicsABC: setting newpos=[99.99999999999943, 50.000000000002274, 20.000000000001002] on stepper: stepper_z
MCU_stepper.set_position: setting coord=[99.99999999999943, 50.000000000002274, 20.000000000001002] on stepper=stepper_z
MCU_stepper.set_position: calling itersolve_set_position
MCU_stepper.set_position: calling _set_mcu_position
set_position (toolhead): setting ABC kinematic position.
set_position (toolhead): using newpos=[0.0, 0.0, 0.0] and kin_homing_axes=[]
set_kinematics_position: setting kinematic position with newpos=[0.0, 0.0, 0.0] and homing_axes=[]
CartKinematicsABC.set_position: setting kinematic position of 3 rails with newpos=[0.0, 0.0, 0.0] and homing_axes=[]
CartKinematicsABC: setting newpos=[0.0, 0.0, 0.0] on stepper: stepper_a
MCU_stepper.set_position: setting coord=[0.0, 0.0, 0.0] on stepper=stepper_a
MCU_stepper.set_position: calling itersolve_set_position
MCU_stepper.set_position: calling _set_mcu_position
CartKinematicsABC: setting newpos=[0.0, 0.0, 0.0] on stepper: stepper_b
MCU_stepper.set_position: setting coord=[0.0, 0.0, 0.0] on stepper=stepper_b
MCU_stepper.set_position: calling itersolve_set_position
MCU_stepper.set_position: calling _set_mcu_position
CartKinematicsABC: setting newpos=[0.0, 0.0, 0.0] on stepper: stepper_c
MCU_stepper.set_position: setting coord=[0.0, 0.0, 0.0] on stepper=stepper_c
MCU_stepper.set_position: calling itersolve_set_position
MCU_stepper.set_position: calling _set_mcu_position
gcode_move.reset_last_position: triggered.
gcode_move.reset_last_position: set self.last_position=[99.99999999999943, 50.000000000002274, 20.000000000001002, 0.0, 0.0, 0.0, 15.075000000000033]
homing.homing_move: endstop trigger position trigpos=[99.99999999999943, 50.000000000002274, 20.000000000001002, 0.0, 0.0, 0.0, 15.075000000000033]
homing.homing_move: toolhead position set to haltpos=[99.99999999999943, 50.000000000002274, 20.000000000001002, 0.0, 0.0, 0.0, 15.075000000000033]
homing.homing_move: homing move end.
check_no_movement with axes=['x']
probe_g38 probe ended with status: probe trigger
probe trigger at x=100.000 y=50.000 z=20.000 a=0.000 b=0.000 c=0.000 e=15.075
GCodeMove: G1 starting setup with params={'G': '1', 'X': '10', 'F': '500'}
GCodeMove: current G1 modes are absolute_coord=True and absolute_extrude=True
GCodeMove: parsed axis=X with value=10.0
GCodeMove: G1 moving to '[10.0, 50.000000000002274, 20.000000000001002, 0.0, 0.0, 0.0, 15.075000000000033]' at speed: 8.333333333333334
toolhead.move: processing move to newpos=[10.0, 50.000000000002274, 20.000000000001002, 0.0, 0.0, 0.0, 15.075000000000033] at speed=8.333333333333334
toolhead.move: moved_axes=[0] unconfigured_axes=[] self.axes=[0, 1, 2, 3, 4, 5, 6]
toolhead.move: moving to newpos=[10.0, 50.000000000002274, 20.000000000001002, 0.0, 0.0, 0.0, 15.075000000000033]
Move: setup with start_pos=[99.99999999999943, 50.000000000002274, 20.000000000001002, 0.0, 0.0, 0.0, 15.075000000000033] and end_pos=[10.0, 50.000000000002274, 20.000000000001002, 0.0, 0.0, 0.0, 15.075000000000033]
Move: setup with axes_d=[-89.99999999999943, 0.0, 0.0, 0.0, 0.0, 0.0, 0.0] and move_d=89.99999999999943.
Move: scale acceleration from 3000.0 to 3000.0.
toolhead.move: check_move on XYZ move.
cartesian_abc.check_move: checking move ending on (10.0, 50.000000000002274, 20.000000000001002, 0.0, 0.0, 0.0, 15.075000000000033).
cartesian_abc.check_move: no Z axis in move.
toolhead.move: check_move on ABC move.
cartesian_abc.check_move: checking move ending on (10.0, 50.000000000002274, 20.000000000001002, 0.0, 0.0, 0.0, 15.075000000000033).
cartesian_abc.check_move: no Z axis in ABC kinematic.
MoveQueue.add_move: adding move.
GCodeMove: G1 starting setup with params={'G': '1', 'X': '50', 'Y': '50', 'Z': '50', 'A': '0', 'B': '0', 'C': '0', 'F': '1000'}
GCodeMove: current G1 modes are absolute_coord=True and absolute_extrude=True
GCodeMove: parsed axis=X with value=50.0
GCodeMove: parsed axis=Y with value=50.0
GCodeMove: parsed axis=Z with value=50.0
GCodeMove: parsed axis=A with value=0.0
GCodeMove: parsed axis=B with value=0.0
GCodeMove: parsed axis=C with value=0.0
GCodeMove: G1 moving to '[50.0, 50.0, 50.0, 0.0, 0.0, 0.0, 15.075000000000033]' at speed: 16.666666666666668
toolhead.move: processing move to newpos=[50.0, 50.0, 50.0, 0.0, 0.0, 0.0, 15.075000000000033] at speed=16.666666666666668
toolhead.move: moved_axes=[0, 1, 2] unconfigured_axes=[] self.axes=[0, 1, 2, 3, 4, 5, 6]
toolhead.move: moving to newpos=[50.0, 50.0, 50.0, 0.0, 0.0, 0.0, 15.075000000000033]
Move: setup with start_pos=[10.0, 50.000000000002274, 20.000000000001002, 0.0, 0.0, 0.0, 15.075000000000033] and end_pos=[50.0, 50.0, 50.0, 0.0, 0.0, 0.0, 15.075000000000033]
Move: setup with axes_d=[40.0, -2.2737367544323206e-12, 29.999999999998998, 0.0, 0.0, 0.0, 0.0] and move_d=49.9999999999994.
Move: scale acceleration from 3000.0 to 2142.857142857078.
toolhead.move: check_move on XYZ move.
cartesian_abc.check_move: checking move ending on (50.0, 50.0, 50.0, 0.0, 0.0, 0.0, 15.075000000000033).
endstop check: triggered on XYZ/[0, 1, 2] move.
toolhead.move: check_move on ABC move.
cartesian_abc.check_move: checking move ending on (50.0, 50.0, 50.0, 0.0, 0.0, 0.0, 15.075000000000033).
cartesian_abc.check_move: no Z axis in ABC kinematic.
MoveQueue.add_move: adding move.
Move calc_junction: function triggered. Initial max_start_v2: 0.0
Move set_junction: function triggered.
Move set_junction: function end.
Move set_junction: function triggered.
Move set_junction: function end.
ToolHead _process_moves: function triggered.
ToolHead _process_moves: self.print_time=397.83224823127193
ToolHead _process_moves: next_move_time=397.83224823127193
toolhead._process_moves: appending move to XYZ trapq.
toolhead._process_moves: appending move to ABC trapq.
ToolHead _process_moves: next_move_time=408.6348593934258
toolhead._process_moves: appending move to XYZ trapq.
toolhead._process_moves: appending move to ABC trapq.
probe_g38 probing with axes: ['z', 'a']
homing.homing_move: homing move called, starting setup.
homing.StepperPosition: add stepper stepper_x to endstop probe
homing.StepperPosition: add stepper stepper_y to endstop probe
homing.StepperPosition: add stepper stepper_z to endstop probe
homing.StepperPosition: add stepper stepper_a to endstop probe
homing.StepperPosition: add stepper stepper_b to endstop probe
homing.StepperPosition: add stepper stepper_c to endstop probe
homing.StepperPosition: add stepper extruder to endstop probe
homing.homing_move: homing move start.
homing.homing_move: dwell for HOMING_START_DELAY=0.001
homing.homing_move: issuing drip move at speed: 0.8333333333333334
drip_move: sending move to the queue.
toolhead.move: processing move to newpos=[50.0, 50.0, 10.0, 45.0, 0.0, 0.0, 15.075000000000033] at speed=0.8333333333333334
toolhead.move: moved_axes=[2, 3] unconfigured_axes=[] self.axes=[0, 1, 2, 3, 4, 5, 6]
toolhead.move: moving to newpos=[50.0, 50.0, 10.0, 45.0, 0.0, 0.0, 15.075000000000033]
Move: setup with start_pos=[50.0, 50.0, 50.0, 0.0, 0.0, 0.0, 15.075000000000033] and end_pos=[50.0, 50.0, 10.0, 45.0, 0.0, 0.0, 15.075000000000033]
Move: setup with axes_d=[0.0, 0.0, -40.0, 45.0, 0.0, 0.0, 0.0] and move_d=60.207972893961475.
Move: scale acceleration from 3000.0 to 2124.987278610405.
toolhead.move: check_move on XYZ move.
cartesian_abc.check_move: checking move ending on (50.0, 50.0, 10.0, 45.0, 0.0, 0.0, 15.075000000000033).
endstop check: triggered on XYZ/[0, 1, 2] move.
toolhead.move: check_move on ABC move.
cartesian_abc.check_move: checking move ending on (50.0, 50.0, 10.0, 45.0, 0.0, 0.0, 15.075000000000033).
cartesian_abc.check_move: no Z axis in ABC kinematic.
MoveQueue.add_move: adding move.
drip_move: flushing move queue / transmitting move.
Move set_junction: function triggered.
Move set_junction: function end.
ToolHead _process_moves: function triggered.
ToolHead _process_moves: self.print_time=415.08486031219604
ToolHead _process_moves: next_move_time=415.08486031219604
toolhead._process_moves: appending move to XYZ trapq.
toolhead._process_moves: appending move to ABC trapq.
ToolHead _process_moves: calling _update_drip_move_time with next_move_time=487.3399641502734
drip_move: calling flush_step_generation / exit drip state.
homing.homing_move: waiting for endstop triggers.
homing.homing_move: calculating haltpos.
calc_toolhead_pos input: kin_spos={'stepper_x': 49.99999999998806, 'stepper_y': 50.000000000002274, 'stepper_z': 49.99999999999077, 'stepper_a': 0.0, 'stepper_b': 0.0, 'stepper_c': 0.0, 'extruder': 15.075000000000033} offsets={'stepper_x': 0, 'stepper_y': 0, 'stepper_z': -8000, 'stepper_a': 1800, 'stepper_b': 0, 'stepper_c': 0, 'extruder': 0}
calc_toolhead_pos: result=[49.99999999998806, 50.000000000002274, 9.99999999999077, 45.0, 0.0, 0.0, 15.075000000000033]
set_position (toolhead): setting newpos=[49.99999999998806, 50.000000000002274, 9.99999999999077, 45.0, 0.0, 0.0, 15.075000000000033] and homing_axes=
set_position (toolhead): setting XYZ trapq position.
set_position (toolhead): using newpos=[49.99999999998806, 50.000000000002274, 9.99999999999077]
set_kin_trap_position: setting trapq pos to newpos=[49.99999999998806, 50.000000000002274, 9.99999999999077]
set_position (toolhead): setting ABC trapq position.
set_position (toolhead): using newpos=[45.0, 0.0, 0.0]
set_kin_trap_position: setting trapq pos to newpos=[45.0, 0.0, 0.0]
set_position (toolhead): setting E trapq pos.
toolhead.set_position_e: setting E to newpos=15.075000000000033.
PrinterExtruder.set_position: called with newpos_e=15.075000000000033 homing_axes= and self.axis_idx=6.
ExtruderStepper.set_position: setting E to newpos=15.075000000000033.
MCU_stepper.set_position: setting coord=[15.075000000000033, 0.0, 0.0] on stepper=extruder
MCU_stepper.set_position: calling itersolve_set_position
MCU_stepper.set_position: calling _set_mcu_position
set_position (toolhead): setting XYZ kinematic position.
set_position (toolhead): using newpos=[49.99999999998806, 50.000000000002274, 9.99999999999077] and kin_homing_axes=[]
set_kinematics_position: setting kinematic position with newpos=[49.99999999998806, 50.000000000002274, 9.99999999999077] and homing_axes=[]
CartKinematicsABC.set_position: setting kinematic position of 3 rails with newpos=[49.99999999998806, 50.000000000002274, 9.99999999999077] and homing_axes=[]
CartKinematicsABC: setting newpos=[49.99999999998806, 50.000000000002274, 9.99999999999077] on stepper: stepper_x
MCU_stepper.set_position: setting coord=[49.99999999998806, 50.000000000002274, 9.99999999999077] on stepper=stepper_x
MCU_stepper.set_position: calling itersolve_set_position
MCU_stepper.set_position: calling _set_mcu_position
CartKinematicsABC: setting newpos=[49.99999999998806, 50.000000000002274, 9.99999999999077] on stepper: stepper_y
MCU_stepper.set_position: setting coord=[49.99999999998806, 50.000000000002274, 9.99999999999077] on stepper=stepper_y
MCU_stepper.set_position: calling itersolve_set_position
MCU_stepper.set_position: calling _set_mcu_position
CartKinematicsABC: setting newpos=[49.99999999998806, 50.000000000002274, 9.99999999999077] on stepper: stepper_z
MCU_stepper.set_position: setting coord=[49.99999999998806, 50.000000000002274, 9.99999999999077] on stepper=stepper_z
MCU_stepper.set_position: calling itersolve_set_position
MCU_stepper.set_position: calling _set_mcu_position
set_position (toolhead): setting ABC kinematic position.
set_position (toolhead): using newpos=[45.0, 0.0, 0.0] and kin_homing_axes=[]
set_kinematics_position: setting kinematic position with newpos=[45.0, 0.0, 0.0] and homing_axes=[]
CartKinematicsABC.set_position: setting kinematic position of 3 rails with newpos=[45.0, 0.0, 0.0] and homing_axes=[]
CartKinematicsABC: setting newpos=[45.0, 0.0, 0.0] on stepper: stepper_a
MCU_stepper.set_position: setting coord=[45.0, 0.0, 0.0] on stepper=stepper_a
MCU_stepper.set_position: calling itersolve_set_position
MCU_stepper.set_position: calling _set_mcu_position
CartKinematicsABC: setting newpos=[45.0, 0.0, 0.0] on stepper: stepper_b
MCU_stepper.set_position: setting coord=[45.0, 0.0, 0.0] on stepper=stepper_b
MCU_stepper.set_position: calling itersolve_set_position
MCU_stepper.set_position: calling _set_mcu_position
CartKinematicsABC: setting newpos=[45.0, 0.0, 0.0] on stepper: stepper_c
MCU_stepper.set_position: setting coord=[45.0, 0.0, 0.0] on stepper=stepper_c
MCU_stepper.set_position: calling itersolve_set_position
MCU_stepper.set_position: calling _set_mcu_position
gcode_move.reset_last_position: triggered.
gcode_move.reset_last_position: set self.last_position=[49.99999999998806, 50.000000000002274, 9.99999999999077, 45.0, 0.0, 0.0, 15.075000000000033]
homing.homing_move: endstop trigger position trigpos=[49.99999999998806, 50.000000000002274, 9.99999999999077, 45.0, 0.0, 0.0, 15.075000000000033]
homing.homing_move: toolhead position set to haltpos=[49.99999999998806, 50.000000000002274, 9.99999999999077, 45.0, 0.0, 0.0, 15.075000000000033]
homing.homing_move: homing move end.
check_no_movement with axes=['z', 'a']
probe_g38 probe ended with status: probe trigger
probe trigger at x=50.000 y=50.000 z=10.000 a=45.000 b=0.000 c=0.000 e=15.075
===== POSITION SUMMARY =====
Machine Mode: cnc
Axis Config: XYZABC (6 axes)
Position: X:50.000 Y:50.000 Z:10.000 A:45.000 B:0.000 C:0.000 E:15.075
Homed: X:✗ Y:✗ Z:✗ A:✗ B:✗ C:✗ X:✗ Y:✗ Z:✗ A:✗ B:✗ C:✗
Manual Steppers: None
Extruder Info:
  Temperature: 0.0°C (target: 0.0°C)
  Pressure Advance: 0.000000
  Smooth Time: 0.040000

===== DETAILED POSITIONS =====
mcu: XYZ: stepper_x:-18000 stepper_y:-16920 stepper_z:24000, ABC: stepper_a:-20000 stepper_b:-440000 stepper_c:-872000
stepper: XYZ: stepper_x:50.000000 stepper_y:50.000000 stepper_z:10.000000, ABC: stepper_a:45.000000 stepper_b:0.000000 stepper_c:0.000000
kinematic: XYZ: X:50.000000 Y:50.000000 Z:10.000000, ABC: A:45.000000 B:0.000000 C:0.000000

===== COORDINATE SYSTEMS =====
toolhead: X:50.000000 Y:50.000000 Z:10.000000 A:45.000000 B:0.000000 C:0.000000 E:15.075000
gcode: X:50.000000 Y:50.000000 Z:10.000000 A:45.000000 B:0.000000 C:0.000000 E:15.075000
gcode base: X:0.000000 Y:0.000000 Z:0.000000 A:0.000000 B:0.000000 C:0.000000 E:0.000000
gcode homing: X:0.000000 Y:0.000000 Z:0.000000 A:0.000000 B:0.000000 C:0.000000 E:0.000000
Spindle Control: No PWM output configured
CNC M-Codes: M3 - Spindle CW at 10000 RPM
M3: Spindle CW at 10000 RPM
CNC M-Codes: M70 - Modal state saved
M70: Modal state saved
Spindle Control: No PWM output configured
CNC M-Codes: M3 - Spindle CW at 15000 RPM
M3: Spindle CW at 15000 RPM
CNC M-Codes: M72 - Modal state restored
M72: Modal state restored
Spindle Control: No PWM output configured
CNC M-Codes: M5 - Spindle STOP
M5: Spindle STOP
Spindle Control: No PWM output configured
CNC M-Codes: M3 - Spindle CW at 8000 RPM
M3: Spindle CW at 8000 RPM
Unknown command:"M73"
Unknown command error:"M73"
gcode_move.reset_last_position: triggered.
gcode_move.reset_last_position: set self.last_position=[49.99999999998806, 50.000000000002274, 9.99999999999077, 45.0, 0.0, 0.0, 15.075000000000033]
Spindle Control: No PWM output configured
CNC M-Codes: M3 - Spindle CW at 20000 RPM
M3: Spindle CW at 20000 RPM
CNC M-Codes: M99 - Return from subroutine
M99: Return from subroutine (use 'endsub' in Klipper O-code)
Spindle Control: No PWM output configured
CNC M-Codes: M5 - Spindle STOP
M5: Spindle STOP
PrinterHoming.cmd_G28: homing with command=G28
PrinterHoming.cmd_G28: no specific axes requested, homing axes=[0, 1, 2, 3, 4, 5]
PrinterHoming.cmd_G28: homing axes=[0, 1, 2, 3, 4, 5]
PrinterHoming.cmd_G28: checking if kin axes=[0, 1, 2] have been requested to home.
PrinterHoming.cmd_G28: homing ['X', 'Y', 'Z'] axes of the XYZ kinematic (axes: [0, 1, 2]).
PrinterHoming.home_axes: homing axis=['X', 'Y', 'Z']
cartesian_abc.home: homing axis changed_axes=[0, 1, 2]
toolhead.abc_axes_to_xyz: input=0
toolhead.abc_axes_to_xyz: output=0
cartesian_abc._home_axis: homing axis=0 with forcepos=[495.0, None, None, None, None, None, None] and homepos=[0.0, None, None, None, None, None, None]
homing.home_rails: homing begins with forcepos=[495.0, None, None, None, None, None, None] and movepos=[0.0, None, None, None, None, None, None]
set_position (toolhead): setting newpos=[495.0, 50.000000000002274, 9.99999999999077, 45.0, 0.0, 0.0, 15.075000000000033] and homing_axes=x
set_position (toolhead): setting XYZ trapq position.
set_position (toolhead): using newpos=[495.0, 50.000000000002274, 9.99999999999077]
set_kin_trap_position: setting trapq pos to newpos=[495.0, 50.000000000002274, 9.99999999999077]
set_position (toolhead): setting ABC trapq position.
set_position (toolhead): using newpos=[45.0, 0.0, 0.0]
set_kin_trap_position: setting trapq pos to newpos=[45.0, 0.0, 0.0]
set_position (toolhead): setting E trapq pos.
toolhead.set_position_e: setting E to newpos=15.075000000000033.
PrinterExtruder.set_position: called with newpos_e=15.075000000000033 homing_axes=x and self.axis_idx=6.
ExtruderStepper.set_position: setting E to newpos=15.075000000000033.
MCU_stepper.set_position: setting coord=[15.075000000000033, 0.0, 0.0] on stepper=extruder
MCU_stepper.set_position: calling itersolve_set_position
MCU_stepper.set_position: calling _set_mcu_position
set_position (toolhead): setting XYZ kinematic position.
set_position (toolhead): using newpos=[495.0, 50.000000000002274, 9.99999999999077] and kin_homing_axes=['x']
set_kinematics_position: setting kinematic position with newpos=[495.0, 50.000000000002274, 9.99999999999077] and homing_axes=['x']
CartKinematicsABC.set_position: setting kinematic position of 3 rails with newpos=[495.0, 50.000000000002274, 9.99999999999077] and homing_axes=['x']
CartKinematicsABC: setting newpos=[495.0, 50.000000000002274, 9.99999999999077] on stepper: stepper_x
MCU_stepper.set_position: setting coord=[495.0, 50.000000000002274, 9.99999999999077] on stepper=stepper_x
MCU_stepper.set_position: calling itersolve_set_position
MCU_stepper.set_position: calling _set_mcu_position
CartKinematicsABC: setting newpos=[495.0, 50.000000000002274, 9.99999999999077] on stepper: stepper_y
MCU_stepper.set_position: setting coord=[495.0, 50.000000000002274, 9.99999999999077] on stepper=stepper_y
MCU_stepper.set_position: calling itersolve_set_position
MCU_stepper.set_position: calling _set_mcu_position
CartKinematicsABC: setting newpos=[495.0, 50.000000000002274, 9.99999999999077] on stepper: stepper_z
MCU_stepper.set_position: setting coord=[495.0, 50.000000000002274, 9.99999999999077] on stepper=stepper_z
MCU_stepper.set_position: calling itersolve_set_position
MCU_stepper.set_position: calling _set_mcu_position
CartKinematicsABC: setting limits=(-1.0, 330.0) on stepper: stepper_x
set_position (toolhead): setting ABC kinematic position.
set_position (toolhead): using newpos=[45.0, 0.0, 0.0] and kin_homing_axes=[]
set_kinematics_position: setting kinematic position with newpos=[45.0, 0.0, 0.0] and homing_axes=[]
CartKinematicsABC.set_position: setting kinematic position of 3 rails with newpos=[45.0, 0.0, 0.0] and homing_axes=[]
CartKinematicsABC: setting newpos=[45.0, 0.0, 0.0] on stepper: stepper_a
MCU_stepper.set_position: setting coord=[45.0, 0.0, 0.0] on stepper=stepper_a
MCU_stepper.set_position: calling itersolve_set_position
MCU_stepper.set_position: calling _set_mcu_position
CartKinematicsABC: setting newpos=[45.0, 0.0, 0.0] on stepper: stepper_b
MCU_stepper.set_position: setting coord=[45.0, 0.0, 0.0] on stepper=stepper_b
MCU_stepper.set_position: calling itersolve_set_position
MCU_stepper.set_position: calling _set_mcu_position
CartKinematicsABC: setting newpos=[45.0, 0.0, 0.0] on stepper: stepper_c
MCU_stepper.set_position: setting coord=[45.0, 0.0, 0.0] on stepper=stepper_c
MCU_stepper.set_position: calling itersolve_set_position
MCU_stepper.set_position: calling _set_mcu_position
gcode_move.reset_last_position: triggered.
gcode_move.reset_last_position: set self.last_position=[495.0, 50.000000000002274, 9.99999999999077, 45.0, 0.0, 0.0, 15.075000000000033]
homing.homing_move: homing move called, starting setup.
homing.StepperPosition: add stepper stepper_x to endstop x
homing.homing_move: homing move start.
homing.homing_move: dwell for HOMING_START_DELAY=0.001
homing.homing_move: issuing drip move at speed: 50.0
drip_move: sending move to the queue.
toolhead.move: processing move to newpos=[0.0, 50.000000000002274, 9.99999999999077, 45.0, 0.0, 0.0, 15.075000000000033] at speed=50.0
toolhead.move: moved_axes=[0] unconfigured_axes=[] self.axes=[0, 1, 2, 3, 4, 5, 6]
toolhead.move: moving to newpos=[0.0, 50.000000000002274, 9.99999999999077, 45.0, 0.0, 0.0, 15.075000000000033]
Move: setup with start_pos=[495.0, 50.000000000002274, 9.99999999999077, 45.0, 0.0, 0.0, 15.075000000000033] and end_pos=[0.0, 50.000000000002274, 9.99999999999077, 45.0, 0.0, 0.0, 15.075000000000033]
Move: setup with axes_d=[-495.0, 0.0, 0.0, 0.0, 0.0, 0.0, 0.0] and move_d=495.0.
Move: scale acceleration from 3000.0 to 3000.0.
toolhead.move: check_move on XYZ move.
cartesian_abc.check_move: checking move ending on (0.0, 50.000000000002274, 9.99999999999077, 45.0, 0.0, 0.0, 15.075000000000033).
cartesian_abc.check_move: no Z axis in move.
toolhead.move: check_move on ABC move.
cartesian_abc.check_move: checking move ending on (0.0, 50.000000000002274, 9.99999999999077, 45.0, 0.0, 0.0, 15.075000000000033).
cartesian_abc.check_move: no Z axis in ABC kinematic.
MoveQueue.add_move: adding move.
drip_move: flushing move queue / transmitting move.
Move set_junction: function triggered.
Move set_junction: function end.
ToolHead _process_moves: function triggered.
ToolHead _process_moves: self.print_time=487.34496415027326
ToolHead _process_moves: next_move_time=487.34496415027326
toolhead._process_moves: appending move to XYZ trapq.
toolhead._process_moves: appending move to ABC trapq.
ToolHead _process_moves: calling _update_drip_move_time with next_move_time=497.2616308169399
drip_move: calling flush_step_generation / exit drip state.
homing.homing_move: waiting for endstop triggers.
homing.homing_move: calculating haltpos.
set_position (toolhead): setting newpos=[0.0, 50.000000000002274, 9.99999999999077, 45.0, 0.0, 0.0, 15.075000000000033] and homing_axes=
set_position (toolhead): setting XYZ trapq position.
set_position (toolhead): using newpos=[0.0, 50.000000000002274, 9.99999999999077]
set_kin_trap_position: setting trapq pos to newpos=[0.0, 50.000000000002274, 9.99999999999077]
set_position (toolhead): setting ABC trapq position.
set_position (toolhead): using newpos=[45.0, 0.0, 0.0]
set_kin_trap_position: setting trapq pos to newpos=[45.0, 0.0, 0.0]
set_position (toolhead): setting E trapq pos.
toolhead.set_position_e: setting E to newpos=15.075000000000033.
PrinterExtruder.set_position: called with newpos_e=15.075000000000033 homing_axes= and self.axis_idx=6.
ExtruderStepper.set_position: setting E to newpos=15.075000000000033.
MCU_stepper.set_position: setting coord=[15.075000000000033, 0.0, 0.0] on stepper=extruder
MCU_stepper.set_position: calling itersolve_set_position
MCU_stepper.set_position: calling _set_mcu_position
set_position (toolhead): setting XYZ kinematic position.
set_position (toolhead): using newpos=[0.0, 50.000000000002274, 9.99999999999077] and kin_homing_axes=[]
set_kinematics_position: setting kinematic position with newpos=[0.0, 50.000000000002274, 9.99999999999077] and homing_axes=[]
CartKinematicsABC.set_position: setting kinematic position of 3 rails with newpos=[0.0, 50.000000000002274, 9.99999999999077] and homing_axes=[]
CartKinematicsABC: setting newpos=[0.0, 50.000000000002274, 9.99999999999077] on stepper: stepper_x
MCU_stepper.set_position: setting coord=[0.0, 50.000000000002274, 9.99999999999077] on stepper=stepper_x
MCU_stepper.set_position: calling itersolve_set_position
MCU_stepper.set_position: calling _set_mcu_position
CartKinematicsABC: setting newpos=[0.0, 50.000000000002274, 9.99999999999077] on stepper: stepper_y
MCU_stepper.set_position: setting coord=[0.0, 50.000000000002274, 9.99999999999077] on stepper=stepper_y
MCU_stepper.set_position: calling itersolve_set_position
MCU_stepper.set_position: calling _set_mcu_position
CartKinematicsABC: setting newpos=[0.0, 50.000000000002274, 9.99999999999077] on stepper: stepper_z
MCU_stepper.set_position: setting coord=[0.0, 50.000000000002274, 9.99999999999077] on stepper=stepper_z
MCU_stepper.set_position: calling itersolve_set_position
MCU_stepper.set_position: calling _set_mcu_position
set_position (toolhead): setting ABC kinematic position.
set_position (toolhead): using newpos=[45.0, 0.0, 0.0] and kin_homing_axes=[]
set_kinematics_position: setting kinematic position with newpos=[45.0, 0.0, 0.0] and homing_axes=[]
CartKinematicsABC.set_position: setting kinematic position of 3 rails with newpos=[45.0, 0.0, 0.0] and homing_axes=[]
CartKinematicsABC: setting newpos=[45.0, 0.0, 0.0] on stepper: stepper_a
MCU_stepper.set_position: setting coord=[45.0, 0.0, 0.0] on stepper=stepper_a
MCU_stepper.set_position: calling itersolve_set_position
MCU_stepper.set_position: calling _set_mcu_position
CartKinematicsABC: setting newpos=[45.0, 0.0, 0.0] on stepper: stepper_b
MCU_stepper.set_position: setting coord=[45.0, 0.0, 0.0] on stepper=stepper_b
MCU_stepper.set_position: calling itersolve_set_position
MCU_stepper.set_position: calling _set_mcu_position
CartKinematicsABC: setting newpos=[45.0, 0.0, 0.0] on stepper: stepper_c
MCU_stepper.set_position: setting coord=[45.0, 0.0, 0.0] on stepper=stepper_c
MCU_stepper.set_position: calling itersolve_set_position
MCU_stepper.set_position: calling _set_mcu_position
gcode_move.reset_last_position: triggered.
gcode_move.reset_last_position: set self.last_position=[0.0, 50.000000000002274, 9.99999999999077, 45.0, 0.0, 0.0, 15.075000000000033]
homing.homing_move: endstop trigger position trigpos=[0.0, 50.000000000002274, 9.99999999999077, 45.0, 0.0, 0.0, 15.075000000000033]
homing.homing_move: toolhead position set to haltpos=[0.0, 50.000000000002274, 9.99999999999077, 45.0, 0.0, 0.0, 15.075000000000033]
homing.homing_move: homing move end.
homing.home_rails: setting up second home startpos=[495.0, 50.000000000002274, 9.99999999999077, 45.0, 0.0, 0.0, 15.075000000000033] and homepos=[0.0, 50.000000000002274, 9.99999999999077, 45.0, 0.0, 0.0, 15.075000000000033]
homing.home_rails: issuing retraction move to retractpos=[5.0, 50.000000000002274, 9.99999999999077, 45.0, 0.0, 0.0, 15.075000000000033]
toolhead.move: processing move to newpos=[5.0, 50.000000000002274, 9.99999999999077, 45.0, 0.0, 0.0, 15.075000000000033] at speed=50.0
toolhead.move: moved_axes=[0] unconfigured_axes=[] self.axes=[0, 1, 2, 3, 4, 5, 6]
toolhead.move: moving to newpos=[5.0, 50.000000000002274, 9.99999999999077, 45.0, 0.0, 0.0, 15.075000000000033]
Move: setup with start_pos=[0.0, 50.000000000002274, 9.99999999999077, 45.0, 0.0, 0.0, 15.075000000000033] and end_pos=[5.0, 50.000000000002274, 9.99999999999077, 45.0, 0.0, 0.0, 15.075000000000033]
Move: setup with axes_d=[5.0, 0.0, 0.0, 0.0, 0.0, 0.0, 0.0] and move_d=5.0.
Move: scale acceleration from 3000.0 to 3000.0.
toolhead.move: check_move on XYZ move.
cartesian_abc.check_move: checking move ending on (5.0, 50.000000000002274, 9.99999999999077, 45.0, 0.0, 0.0, 15.075000000000033).
cartesian_abc.check_move: no Z axis in move.
toolhead.move: check_move on ABC move.
cartesian_abc.check_move: checking move ending on (5.0, 50.000000000002274, 9.99999999999077, 45.0, 0.0, 0.0, 15.075000000000033).
cartesian_abc.check_move: no Z axis in ABC kinematic.
MoveQueue.add_move: adding move.
homing.home_rails: issuing second homing move with startpos=[10.0, 50.000000000002274, 9.99999999999077, 45.0, 0.0, 0.0, 15.075000000000033]
set_position (toolhead): setting newpos=[10.0, 50.000000000002274, 9.99999999999077, 45.0, 0.0, 0.0, 15.075000000000033] and homing_axes=
Move set_junction: function triggered.
Move set_junction: function end.
ToolHead _process_moves: function triggered.
ToolHead _process_moves: self.print_time=497.2646308169398
ToolHead _process_moves: next_move_time=497.2646308169398
toolhead._process_moves: appending move to XYZ trapq.
toolhead._process_moves: appending move to ABC trapq.
set_position (toolhead): setting XYZ trapq position.
set_position (toolhead): using newpos=[10.0, 50.000000000002274, 9.99999999999077]
set_kin_trap_position: setting trapq pos to newpos=[10.0, 50.000000000002274, 9.99999999999077]
set_position (toolhead): setting ABC trapq position.
set_position (toolhead): using newpos=[45.0, 0.0, 0.0]
set_kin_trap_position: setting trapq pos to newpos=[45.0, 0.0, 0.0]
set_position (toolhead): setting E trapq pos.
toolhead.set_position_e: setting E to newpos=15.075000000000033.
PrinterExtruder.set_position: called with newpos_e=15.075000000000033 homing_axes= and self.axis_idx=6.
ExtruderStepper.set_position: setting E to newpos=15.075000000000033.
MCU_stepper.set_position: setting coord=[15.075000000000033, 0.0, 0.0] on stepper=extruder
MCU_stepper.set_position: calling itersolve_set_position
MCU_stepper.set_position: calling _set_mcu_position
set_position (toolhead): setting XYZ kinematic position.
set_position (toolhead): using newpos=[10.0, 50.000000000002274, 9.99999999999077] and kin_homing_axes=[]
set_kinematics_position: setting kinematic position with newpos=[10.0, 50.000000000002274, 9.99999999999077] and homing_axes=[]
CartKinematicsABC.set_position: setting kinematic position of 3 rails with newpos=[10.0, 50.000000000002274, 9.99999999999077] and homing_axes=[]
CartKinematicsABC: setting newpos=[10.0, 50.000000000002274, 9.99999999999077] on stepper: stepper_x
MCU_stepper.set_position: setting coord=[10.0, 50.000000000002274, 9.99999999999077] on stepper=stepper_x
MCU_stepper.set_position: calling itersolve_set_position
MCU_stepper.set_position: calling _set_mcu_position
CartKinematicsABC: setting newpos=[10.0, 50.000000000002274, 9.99999999999077] on stepper: stepper_y
MCU_stepper.set_position: setting coord=[10.0, 50.000000000002274, 9.99999999999077] on stepper=stepper_y
MCU_stepper.set_position: calling itersolve_set_position
MCU_stepper.set_position: calling _set_mcu_position
CartKinematicsABC: setting newpos=[10.0, 50.000000000002274, 9.99999999999077] on stepper: stepper_z
MCU_stepper.set_position: setting coord=[10.0, 50.000000000002274, 9.99999999999077] on stepper=stepper_z
MCU_stepper.set_position: calling itersolve_set_position
MCU_stepper.set_position: calling _set_mcu_position
set_position (toolhead): setting ABC kinematic position.
set_position (toolhead): using newpos=[45.0, 0.0, 0.0] and kin_homing_axes=[]
set_kinematics_position: setting kinematic position with newpos=[45.0, 0.0, 0.0] and homing_axes=[]
CartKinematicsABC.set_position: setting kinematic position of 3 rails with newpos=[45.0, 0.0, 0.0] and homing_axes=[]
CartKinematicsABC: setting newpos=[45.0, 0.0, 0.0] on stepper: stepper_a
MCU_stepper.set_position: setting coord=[45.0, 0.0, 0.0] on stepper=stepper_a
MCU_stepper.set_position: calling itersolve_set_position
MCU_stepper.set_position: calling _set_mcu_position
CartKinematicsABC: setting newpos=[45.0, 0.0, 0.0] on stepper: stepper_b
MCU_stepper.set_position: setting coord=[45.0, 0.0, 0.0] on stepper=stepper_b
MCU_stepper.set_position: calling itersolve_set_position
MCU_stepper.set_position: calling _set_mcu_position
CartKinematicsABC: setting newpos=[45.0, 0.0, 0.0] on stepper: stepper_c
MCU_stepper.set_position: setting coord=[45.0, 0.0, 0.0] on stepper=stepper_c
MCU_stepper.set_position: calling itersolve_set_position
MCU_stepper.set_position: calling _set_mcu_position
gcode_move.reset_last_position: triggered.
gcode_move.reset_last_position: set self.last_position=[10.0, 50.000000000002274, 9.99999999999077, 45.0, 0.0, 0.0, 15.075000000000033]
homing.home_rails: starting second home startpos=[10.0, 50.000000000002274, 9.99999999999077, 45.0, 0.0, 0.0, 15.075000000000033] and homepos=[0.0, 50.000000000002274, 9.99999999999077, 45.0, 0.0, 0.0, 15.075000000000033]
homing.homing_move: homing move called, starting setup.
homing.StepperPosition: add stepper stepper_x to endstop x
homing.homing_move: homing move start.
homing.homing_move: dwell for HOMING_START_DELAY=0.001
homing.homing_move: issuing drip move at speed: 10.0
drip_move: sending move to the queue.
toolhead.move: processing move to newpos=[0.0, 50.000000000002274, 9.99999999999077, 45.0, 0.0, 0.0, 15.075000000000033] at speed=10.0
toolhead.move: moved_axes=[0] unconfigured_axes=[] self.axes=[0, 1, 2, 3, 4, 5, 6]
toolhead.move: moving to newpos=[0.0, 50.000000000002274, 9.99999999999077, 45.0, 0.0, 0.0, 15.075000000000033]
Move: setup with start_pos=[10.0, 50.000000000002274, 9.99999999999077, 45.0, 0.0, 0.0, 15.075000000000033] and end_pos=[0.0, 50.000000000002274, 9.99999999999077, 45.0, 0.0, 0.0, 15.075000000000033]
Move: setup with axes_d=[-10.0, 0.0, 0.0, 0.0, 0.0, 0.0, 0.0] and move_d=10.0.
Move: scale acceleration from 3000.0 to 3000.0.
toolhead.move: check_move on XYZ move.
cartesian_abc.check_move: checking move ending on (0.0, 50.000000000002274, 9.99999999999077, 45.0, 0.0, 0.0, 15.075000000000033).
cartesian_abc.check_move: no Z axis in move.
toolhead.move: check_move on ABC move.
cartesian_abc.check_move: checking move ending on (0.0, 50.000000000002274, 9.99999999999077, 45.0, 0.0, 0.0, 15.075000000000033).
cartesian_abc.check_move: no Z axis in ABC kinematic.
MoveQueue.add_move: adding move.
drip_move: flushing move queue / transmitting move.
Move set_junction: function triggered.
Move set_junction: function end.
ToolHead _process_moves: function triggered.
ToolHead _process_moves: self.print_time=497.38529748360634
ToolHead _process_moves: next_move_time=497.38529748360634
toolhead._process_moves: appending move to XYZ trapq.
toolhead._process_moves: appending move to ABC trapq.
ToolHead _process_moves: calling _update_drip_move_time with next_move_time=498.38863081693967
drip_move: calling flush_step_generation / exit drip state.
homing.homing_move: waiting for endstop triggers.
homing.homing_move: calculating haltpos.
set_position (toolhead): setting newpos=[0.0, 50.000000000002274, 9.99999999999077, 45.0, 0.0, 0.0, 15.075000000000033] and homing_axes=
set_position (toolhead): setting XYZ trapq position.
set_position (toolhead): using newpos=[0.0, 50.000000000002274, 9.99999999999077]
set_kin_trap_position: setting trapq pos to newpos=[0.0, 50.000000000002274, 9.99999999999077]
set_position (toolhead): setting ABC trapq position.
set_position (toolhead): using newpos=[45.0, 0.0, 0.0]
set_kin_trap_position: setting trapq pos to newpos=[45.0, 0.0, 0.0]
set_position (toolhead): setting E trapq pos.
toolhead.set_position_e: setting E to newpos=15.075000000000033.
PrinterExtruder.set_position: called with newpos_e=15.075000000000033 homing_axes= and self.axis_idx=6.
ExtruderStepper.set_position: setting E to newpos=15.075000000000033.
MCU_stepper.set_position: setting coord=[15.075000000000033, 0.0, 0.0] on stepper=extruder
MCU_stepper.set_position: calling itersolve_set_position
MCU_stepper.set_position: calling _set_mcu_position
set_position (toolhead): setting XYZ kinematic position.
set_position (toolhead): using newpos=[0.0, 50.000000000002274, 9.99999999999077] and kin_homing_axes=[]
set_kinematics_position: setting kinematic position with newpos=[0.0, 50.000000000002274, 9.99999999999077] and homing_axes=[]
CartKinematicsABC.set_position: setting kinematic position of 3 rails with newpos=[0.0, 50.000000000002274, 9.99999999999077] and homing_axes=[]
CartKinematicsABC: setting newpos=[0.0, 50.000000000002274, 9.99999999999077] on stepper: stepper_x
MCU_stepper.set_position: setting coord=[0.0, 50.000000000002274, 9.99999999999077] on stepper=stepper_x
MCU_stepper.set_position: calling itersolve_set_position
MCU_stepper.set_position: calling _set_mcu_position
CartKinematicsABC: setting newpos=[0.0, 50.000000000002274, 9.99999999999077] on stepper: stepper_y
MCU_stepper.set_position: setting coord=[0.0, 50.000000000002274, 9.99999999999077] on stepper=stepper_y
MCU_stepper.set_position: calling itersolve_set_position
MCU_stepper.set_position: calling _set_mcu_position
CartKinematicsABC: setting newpos=[0.0, 50.000000000002274, 9.99999999999077] on stepper: stepper_z
MCU_stepper.set_position: setting coord=[0.0, 50.000000000002274, 9.99999999999077] on stepper=stepper_z
MCU_stepper.set_position: calling itersolve_set_position
MCU_stepper.set_position: calling _set_mcu_position
set_position (toolhead): setting ABC kinematic position.
set_position (toolhead): using newpos=[45.0, 0.0, 0.0] and kin_homing_axes=[]
set_kinematics_position: setting kinematic position with newpos=[45.0, 0.0, 0.0] and homing_axes=[]
CartKinematicsABC.set_position: setting kinematic position of 3 rails with newpos=[45.0, 0.0, 0.0] and homing_axes=[]
CartKinematicsABC: setting newpos=[45.0, 0.0, 0.0] on stepper: stepper_a
MCU_stepper.set_position: setting coord=[45.0, 0.0, 0.0] on stepper=stepper_a
MCU_stepper.set_position: calling itersolve_set_position
MCU_stepper.set_position: calling _set_mcu_position
CartKinematicsABC: setting newpos=[45.0, 0.0, 0.0] on stepper: stepper_b
MCU_stepper.set_position: setting coord=[45.0, 0.0, 0.0] on stepper=stepper_b
MCU_stepper.set_position: calling itersolve_set_position
MCU_stepper.set_position: calling _set_mcu_position
CartKinematicsABC: setting newpos=[45.0, 0.0, 0.0] on stepper: stepper_c
MCU_stepper.set_position: setting coord=[45.0, 0.0, 0.0] on stepper=stepper_c
MCU_stepper.set_position: calling itersolve_set_position
MCU_stepper.set_position: calling _set_mcu_position
gcode_move.reset_last_position: triggered.
gcode_move.reset_last_position: set self.last_position=[0.0, 50.000000000002274, 9.99999999999077, 45.0, 0.0, 0.0, 15.075000000000033]
homing.homing_move: endstop trigger position trigpos=[0.0, 50.000000000002274, 9.99999999999077, 45.0, 0.0, 0.0, 15.075000000000033]
homing.homing_move: toolhead position set to haltpos=[0.0, 50.000000000002274, 9.99999999999077, 45.0, 0.0, 0.0, 15.075000000000033]
homing.homing_move: homing move end.
check_no_movement with axes=None
gcode_move.reset_last_position: triggered.
gcode_move.reset_last_position: set self.last_position=[0.0, 50.000000000002274, 9.99999999999077, 45.0, 0.0, 0.0, 15.075000000000033]
homing.home_rails: finalized.
toolhead.abc_axes_to_xyz: input=1
toolhead.abc_axes_to_xyz: output=1
cartesian_abc._home_axis: homing axis=1 with forcepos=[None, 468.0, None, None, None, None, None] and homepos=[None, 0.0, None, None, None, None, None]
homing.home_rails: homing begins with forcepos=[None, 468.0, None, None, None, None, None] and movepos=[None, 0.0, None, None, None, None, None]
set_position (toolhead): setting newpos=[0.0, 468.0, 9.99999999999077, 45.0, 0.0, 0.0, 15.075000000000033] and homing_axes=y
set_position (toolhead): setting XYZ trapq position.
set_position (toolhead): using newpos=[0.0, 468.0, 9.99999999999077]
set_kin_trap_position: setting trapq pos to newpos=[0.0, 468.0, 9.99999999999077]
set_position (toolhead): setting ABC trapq position.
set_position (toolhead): using newpos=[45.0, 0.0, 0.0]
set_kin_trap_position: setting trapq pos to newpos=[45.0, 0.0, 0.0]
set_position (toolhead): setting E trapq pos.
toolhead.set_position_e: setting E to newpos=15.075000000000033.
PrinterExtruder.set_position: called with newpos_e=15.075000000000033 homing_axes=y and self.axis_idx=6.
ExtruderStepper.set_position: setting E to newpos=15.075000000000033.
MCU_stepper.set_position: setting coord=[15.075000000000033, 0.0, 0.0] on stepper=extruder
MCU_stepper.set_position: calling itersolve_set_position
MCU_stepper.set_position: calling _set_mcu_position
set_position (toolhead): setting XYZ kinematic position.
set_position (toolhead): using newpos=[0.0, 468.0, 9.99999999999077] and kin_homing_axes=['y']
set_kinematics_position: setting kinematic position with newpos=[0.0, 468.0, 9.99999999999077] and homing_axes=['y']
CartKinematicsABC.set_position: setting kinematic position of 3 rails with newpos=[0.0, 468.0, 9.99999999999077] and homing_axes=['y']
CartKinematicsABC: setting newpos=[0.0, 468.0, 9.99999999999077] on stepper: stepper_x
MCU_stepper.set_position: setting coord=[0.0, 468.0, 9.99999999999077] on stepper=stepper_x
MCU_stepper.set_position: calling itersolve_set_position
MCU_stepper.set_position: calling _set_mcu_position
CartKinematicsABC: setting newpos=[0.0, 468.0, 9.99999999999077] on stepper: stepper_y
MCU_stepper.set_position: setting coord=[0.0, 468.0, 9.99999999999077] on stepper=stepper_y
MCU_stepper.set_position: calling itersolve_set_position
MCU_stepper.set_position: calling _set_mcu_position
CartKinematicsABC: setting newpos=[0.0, 468.0, 9.99999999999077] on stepper: stepper_z
MCU_stepper.set_position: setting coord=[0.0, 468.0, 9.99999999999077] on stepper=stepper_z
MCU_stepper.set_position: calling itersolve_set_position
MCU_stepper.set_position: calling _set_mcu_position
CartKinematicsABC: setting limits=(-1.0, 312.0) on stepper: stepper_y
set_position (toolhead): setting ABC kinematic position.
set_position (toolhead): using newpos=[45.0, 0.0, 0.0] and kin_homing_axes=[]
set_kinematics_position: setting kinematic position with newpos=[45.0, 0.0, 0.0] and homing_axes=[]
CartKinematicsABC.set_position: setting kinematic position of 3 rails with newpos=[45.0, 0.0, 0.0] and homing_axes=[]
CartKinematicsABC: setting newpos=[45.0, 0.0, 0.0] on stepper: stepper_a
MCU_stepper.set_position: setting coord=[45.0, 0.0, 0.0] on stepper=stepper_a
MCU_stepper.set_position: calling itersolve_set_position
MCU_stepper.set_position: calling _set_mcu_position
CartKinematicsABC: setting newpos=[45.0, 0.0, 0.0] on stepper: stepper_b
MCU_stepper.set_position: setting coord=[45.0, 0.0, 0.0] on stepper=stepper_b
MCU_stepper.set_position: calling itersolve_set_position
MCU_stepper.set_position: calling _set_mcu_position
CartKinematicsABC: setting newpos=[45.0, 0.0, 0.0] on stepper: stepper_c
MCU_stepper.set_position: setting coord=[45.0, 0.0, 0.0] on stepper=stepper_c
MCU_stepper.set_position: calling itersolve_set_position
MCU_stepper.set_position: calling _set_mcu_position
gcode_move.reset_last_position: triggered.
gcode_move.reset_last_position: set self.last_position=[0.0, 468.0, 9.99999999999077, 45.0, 0.0, 0.0, 15.075000000000033]
homing.homing_move: homing move called, starting setup.
homing.StepperPosition: add stepper stepper_y to endstop y
homing.homing_move: homing move start.
homing.homing_move: dwell for HOMING_START_DELAY=0.001
homing.homing_move: issuing drip move at speed: 50.0
drip_move: sending move to the queue.
toolhead.move: processing move to newpos=[0.0, 0.0, 9.99999999999077, 45.0, 0.0, 0.0, 15.075000000000033] at speed=50.0
toolhead.move: moved_axes=[1] unconfigured_axes=[] self.axes=[0, 1, 2, 3, 4, 5, 6]
toolhead.move: moving to newpos=[0.0, 0.0, 9.99999999999077, 45.0, 0.0, 0.0, 15.075000000000033]
Move: setup with start_pos=[0.0, 468.0, 9.99999999999077, 45.0, 0.0, 0.0, 15.075000000000033] and end_pos=[0.0, 0.0, 9.99999999999077, 45.0, 0.0, 0.0, 15.075000000000033]
Move: setup with axes_d=[0.0, -468.0, 0.0, 0.0, 0.0, 0.0, 0.0] and move_d=468.0.
Move: scale acceleration from 3000.0 to 3000.0.
toolhead.move: check_move on XYZ move.
cartesian_abc.check_move: checking move ending on (0.0, 0.0, 9.99999999999077, 45.0, 0.0, 0.0, 15.075000000000033).
cartesian_abc.check_move: no Z axis in move.
toolhead.move: check_move on ABC move.
cartesian_abc.check_move: checking move ending on (0.0, 0.0, 9.99999999999077, 45.0, 0.0, 0.0, 15.075000000000033).
cartesian_abc.check_move: no Z axis in ABC kinematic.
MoveQueue.add_move: adding move.
drip_move: flushing move queue / transmitting move.
Move set_junction: function triggered.
Move set_junction: function end.
ToolHead _process_moves: function triggered.
ToolHead _process_moves: self.print_time=498.39363081693955
ToolHead _process_moves: next_move_time=498.39363081693955
toolhead._process_moves: appending move to XYZ trapq.
toolhead._process_moves: appending move to ABC trapq.
ToolHead _process_moves: calling _update_drip_move_time with next_move_time=507.77029748360616
drip_move: calling flush_step_generation / exit drip state.
homing.homing_move: waiting for endstop triggers.
homing.homing_move: calculating haltpos.
set_position (toolhead): setting newpos=[0.0, 0.0, 9.99999999999077, 45.0, 0.0, 0.0, 15.075000000000033] and homing_axes=
set_position (toolhead): setting XYZ trapq position.
set_position (toolhead): using newpos=[0.0, 0.0, 9.99999999999077]
set_kin_trap_position: setting trapq pos to newpos=[0.0, 0.0, 9.99999999999077]
set_position (toolhead): setting ABC trapq position.
set_position (toolhead): using newpos=[45.0, 0.0, 0.0]
set_kin_trap_position: setting trapq pos to newpos=[45.0, 0.0, 0.0]
set_position (toolhead): setting E trapq pos.
toolhead.set_position_e: setting E to newpos=15.075000000000033.
PrinterExtruder.set_position: called with newpos_e=15.075000000000033 homing_axes= and self.axis_idx=6.
ExtruderStepper.set_position: setting E to newpos=15.075000000000033.
MCU_stepper.set_position: setting coord=[15.075000000000033, 0.0, 0.0] on stepper=extruder
MCU_stepper.set_position: calling itersolve_set_position
MCU_stepper.set_position: calling _set_mcu_position
set_position (toolhead): setting XYZ kinematic position.
set_position (toolhead): using newpos=[0.0, 0.0, 9.99999999999077] and kin_homing_axes=[]
set_kinematics_position: setting kinematic position with newpos=[0.0, 0.0, 9.99999999999077] and homing_axes=[]
CartKinematicsABC.set_position: setting kinematic position of 3 rails with newpos=[0.0, 0.0, 9.99999999999077] and homing_axes=[]
CartKinematicsABC: setting newpos=[0.0, 0.0, 9.99999999999077] on stepper: stepper_x
MCU_stepper.set_position: setting coord=[0.0, 0.0, 9.99999999999077] on stepper=stepper_x
MCU_stepper.set_position: calling itersolve_set_position
MCU_stepper.set_position: calling _set_mcu_position
CartKinematicsABC: setting newpos=[0.0, 0.0, 9.99999999999077] on stepper: stepper_y
MCU_stepper.set_position: setting coord=[0.0, 0.0, 9.99999999999077] on stepper=stepper_y
MCU_stepper.set_position: calling itersolve_set_position
MCU_stepper.set_position: calling _set_mcu_position
CartKinematicsABC: setting newpos=[0.0, 0.0, 9.99999999999077] on stepper: stepper_z
MCU_stepper.set_position: setting coord=[0.0, 0.0, 9.99999999999077] on stepper=stepper_z
MCU_stepper.set_position: calling itersolve_set_position
MCU_stepper.set_position: calling _set_mcu_position
set_position (toolhead): setting ABC kinematic position.
set_position (toolhead): using newpos=[45.0, 0.0, 0.0] and kin_homing_axes=[]
set_kinematics_position: setting kinematic position with newpos=[45.0, 0.0, 0.0] and homing_axes=[]
CartKinematicsABC.set_position: setting kinematic position of 3 rails with newpos=[45.0, 0.0, 0.0] and homing_axes=[]
CartKinematicsABC: setting newpos=[45.0, 0.0, 0.0] on stepper: stepper_a
MCU_stepper.set_position: setting coord=[45.0, 0.0, 0.0] on stepper=stepper_a
MCU_stepper.set_position: calling itersolve_set_position
MCU_stepper.set_position: calling _set_mcu_position
CartKinematicsABC: setting newpos=[45.0, 0.0, 0.0] on stepper: stepper_b
MCU_stepper.set_position: setting coord=[45.0, 0.0, 0.0] on stepper=stepper_b
MCU_stepper.set_position: calling itersolve_set_position
MCU_stepper.set_position: calling _set_mcu_position
CartKinematicsABC: setting newpos=[45.0, 0.0, 0.0] on stepper: stepper_c
MCU_stepper.set_position: setting coord=[45.0, 0.0, 0.0] on stepper=stepper_c
MCU_stepper.set_position: calling itersolve_set_position
MCU_stepper.set_position: calling _set_mcu_position
gcode_move.reset_last_position: triggered.
gcode_move.reset_last_position: set self.last_position=[0.0, 0.0, 9.99999999999077, 45.0, 0.0, 0.0, 15.075000000000033]
homing.homing_move: endstop trigger position trigpos=[0.0, 0.0, 9.99999999999077, 45.0, 0.0, 0.0, 15.075000000000033]
homing.homing_move: toolhead position set to haltpos=[0.0, 0.0, 9.99999999999077, 45.0, 0.0, 0.0, 15.075000000000033]
homing.homing_move: homing move end.
homing.home_rails: setting up second home startpos=[0.0, 468.0, 9.99999999999077, 45.0, 0.0, 0.0, 15.075000000000033] and homepos=[0.0, 0.0, 9.99999999999077, 45.0, 0.0, 0.0, 15.075000000000033]
homing.home_rails: issuing retraction move to retractpos=[0.0, 5.0, 9.99999999999077, 45.0, 0.0, 0.0, 15.075000000000033]
toolhead.move: processing move to newpos=[0.0, 5.0, 9.99999999999077, 45.0, 0.0, 0.0, 15.075000000000033] at speed=50.0
toolhead.move: moved_axes=[1] unconfigured_axes=[] self.axes=[0, 1, 2, 3, 4, 5, 6]
toolhead.move: moving to newpos=[0.0, 5.0, 9.99999999999077, 45.0, 0.0, 0.0, 15.075000000000033]
Move: setup with start_pos=[0.0, 0.0, 9.99999999999077, 45.0, 0.0, 0.0, 15.075000000000033] and end_pos=[0.0, 5.0, 9.99999999999077, 45.0, 0.0, 0.0, 15.075000000000033]
Move: setup with axes_d=[0.0, 5.0, 0.0, 0.0, 0.0, 0.0, 0.0] and move_d=5.0.
Move: scale acceleration from 3000.0 to 3000.0.
toolhead.move: check_move on XYZ move.
cartesian_abc.check_move: checking move ending on (0.0, 5.0, 9.99999999999077, 45.0, 0.0, 0.0, 15.075000000000033).
cartesian_abc.check_move: no Z axis in move.
toolhead.move: check_move on ABC move.
cartesian_abc.check_move: checking move ending on (0.0, 5.0, 9.99999999999077, 45.0, 0.0, 0.0, 15.075000000000033).
cartesian_abc.check_move: no Z axis in ABC kinematic.
MoveQueue.add_move: adding move.
homing.home_rails: issuing second homing move with startpos=[0.0, 10.0, 9.99999999999077, 45.0, 0.0, 0.0, 15.075000000000033]
set_position (toolhead): setting newpos=[0.0, 10.0, 9.99999999999077, 45.0, 0.0, 0.0, 15.075000000000033] and homing_axes=
Move set_junction: function triggered.
Move set_junction: function end.
ToolHead _process_moves: function triggered.
ToolHead _process_moves: self.print_time=507.7732974836061
ToolHead _process_moves: next_move_time=507.7732974836061
toolhead._process_moves: appending move to XYZ trapq.
toolhead._process_moves: appending move to ABC trapq.
set_position (toolhead): setting XYZ trapq position.
set_position (toolhead): using newpos=[0.0, 10.0, 9.99999999999077]
set_kin_trap_position: setting trapq pos to newpos=[0.0, 10.0, 9.99999999999077]
set_position (toolhead): setting ABC trapq position.
set_position (toolhead): using newpos=[45.0, 0.0, 0.0]
set_kin_trap_position: setting trapq pos to newpos=[45.0, 0.0, 0.0]
set_position (toolhead): setting E trapq pos.
toolhead.set_position_e: setting E to newpos=15.075000000000033.
PrinterExtruder.set_position: called with newpos_e=15.075000000000033 homing_axes= and self.axis_idx=6.
ExtruderStepper.set_position: setting E to newpos=15.075000000000033.
MCU_stepper.set_position: setting coord=[15.075000000000033, 0.0, 0.0] on stepper=extruder
MCU_stepper.set_position: calling itersolve_set_position
MCU_stepper.set_position: calling _set_mcu_position
set_position (toolhead): setting XYZ kinematic position.
set_position (toolhead): using newpos=[0.0, 10.0, 9.99999999999077] and kin_homing_axes=[]
set_kinematics_position: setting kinematic position with newpos=[0.0, 10.0, 9.99999999999077] and homing_axes=[]
CartKinematicsABC.set_position: setting kinematic position of 3 rails with newpos=[0.0, 10.0, 9.99999999999077] and homing_axes=[]
CartKinematicsABC: setting newpos=[0.0, 10.0, 9.99999999999077] on stepper: stepper_x
MCU_stepper.set_position: setting coord=[0.0, 10.0, 9.99999999999077] on stepper=stepper_x
MCU_stepper.set_position: calling itersolve_set_position
MCU_stepper.set_position: calling _set_mcu_position
CartKinematicsABC: setting newpos=[0.0, 10.0, 9.99999999999077] on stepper: stepper_y
MCU_stepper.set_position: setting coord=[0.0, 10.0, 9.99999999999077] on stepper=stepper_y
MCU_stepper.set_position: calling itersolve_set_position
MCU_stepper.set_position: calling _set_mcu_position
CartKinematicsABC: setting newpos=[0.0, 10.0, 9.99999999999077] on stepper: stepper_z
MCU_stepper.set_position: setting coord=[0.0, 10.0, 9.99999999999077] on stepper=stepper_z
MCU_stepper.set_position: calling itersolve_set_position
MCU_stepper.set_position: calling _set_mcu_position
set_position (toolhead): setting ABC kinematic position.
set_position (toolhead): using newpos=[45.0, 0.0, 0.0] and kin_homing_axes=[]
set_kinematics_position: setting kinematic position with newpos=[45.0, 0.0, 0.0] and homing_axes=[]
CartKinematicsABC.set_position: setting kinematic position of 3 rails with newpos=[45.0, 0.0, 0.0] and homing_axes=[]
CartKinematicsABC: setting newpos=[45.0, 0.0, 0.0] on stepper: stepper_a
MCU_stepper.set_position: setting coord=[45.0, 0.0, 0.0] on stepper=stepper_a
MCU_stepper.set_position: calling itersolve_set_position
MCU_stepper.set_position: calling _set_mcu_position
CartKinematicsABC: setting newpos=[45.0, 0.0, 0.0] on stepper: stepper_b
MCU_stepper.set_position: setting coord=[45.0, 0.0, 0.0] on stepper=stepper_b
MCU_stepper.set_position: calling itersolve_set_position
MCU_stepper.set_position: calling _set_mcu_position
CartKinematicsABC: setting newpos=[45.0, 0.0, 0.0] on stepper: stepper_c
MCU_stepper.set_position: setting coord=[45.0, 0.0, 0.0] on stepper=stepper_c
MCU_stepper.set_position: calling itersolve_set_position
MCU_stepper.set_position: calling _set_mcu_position
gcode_move.reset_last_position: triggered.
gcode_move.reset_last_position: set self.last_position=[0.0, 10.0, 9.99999999999077, 45.0, 0.0, 0.0, 15.075000000000033]
homing.home_rails: starting second home startpos=[0.0, 10.0, 9.99999999999077, 45.0, 0.0, 0.0, 15.075000000000033] and homepos=[0.0, 0.0, 9.99999999999077, 45.0, 0.0, 0.0, 15.075000000000033]
homing.homing_move: homing move called, starting setup.
homing.StepperPosition: add stepper stepper_y to endstop y
homing.homing_move: homing move start.
homing.homing_move: dwell for HOMING_START_DELAY=0.001
homing.homing_move: issuing drip move at speed: 10.0
drip_move: sending move to the queue.
toolhead.move: processing move to newpos=[0.0, 0.0, 9.99999999999077, 45.0, 0.0, 0.0, 15.075000000000033] at speed=10.0
toolhead.move: moved_axes=[1] unconfigured_axes=[] self.axes=[0, 1, 2, 3, 4, 5, 6]
toolhead.move: moving to newpos=[0.0, 0.0, 9.99999999999077, 45.0, 0.0, 0.0, 15.075000000000033]
Move: setup with start_pos=[0.0, 10.0, 9.99999999999077, 45.0, 0.0, 0.0, 15.075000000000033] and end_pos=[0.0, 0.0, 9.99999999999077, 45.0, 0.0, 0.0, 15.075000000000033]
Move: setup with axes_d=[0.0, -10.0, 0.0, 0.0, 0.0, 0.0, 0.0] and move_d=10.0.
Move: scale acceleration from 3000.0 to 3000.0.
toolhead.move: check_move on XYZ move.
cartesian_abc.check_move: checking move ending on (0.0, 0.0, 9.99999999999077, 45.0, 0.0, 0.0, 15.075000000000033).
cartesian_abc.check_move: no Z axis in move.
toolhead.move: check_move on ABC move.
cartesian_abc.check_move: checking move ending on (0.0, 0.0, 9.99999999999077, 45.0, 0.0, 0.0, 15.075000000000033).
cartesian_abc.check_move: no Z axis in ABC kinematic.
MoveQueue.add_move: adding move.
drip_move: flushing move queue / transmitting move.
Move set_junction: function triggered.
Move set_junction: function end.
ToolHead _process_moves: function triggered.
ToolHead _process_moves: self.print_time=507.8939641502726
ToolHead _process_moves: next_move_time=507.8939641502726
toolhead._process_moves: appending move to XYZ trapq.
toolhead._process_moves: appending move to ABC trapq.
ToolHead _process_moves: calling _update_drip_move_time with next_move_time=508.89729748360594
drip_move: calling flush_step_generation / exit drip state.
homing.homing_move: waiting for endstop triggers.
homing.homing_move: calculating haltpos.
set_position (toolhead): setting newpos=[0.0, 0.0, 9.99999999999077, 45.0, 0.0, 0.0, 15.075000000000033] and homing_axes=
set_position (toolhead): setting XYZ trapq position.
set_position (toolhead): using newpos=[0.0, 0.0, 9.99999999999077]
set_kin_trap_position: setting trapq pos to newpos=[0.0, 0.0, 9.99999999999077]
set_position (toolhead): setting ABC trapq position.
set_position (toolhead): using newpos=[45.0, 0.0, 0.0]
set_kin_trap_position: setting trapq pos to newpos=[45.0, 0.0, 0.0]
set_position (toolhead): setting E trapq pos.
toolhead.set_position_e: setting E to newpos=15.075000000000033.
PrinterExtruder.set_position: called with newpos_e=15.075000000000033 homing_axes= and self.axis_idx=6.
ExtruderStepper.set_position: setting E to newpos=15.075000000000033.
MCU_stepper.set_position: setting coord=[15.075000000000033, 0.0, 0.0] on stepper=extruder
MCU_stepper.set_position: calling itersolve_set_position
MCU_stepper.set_position: calling _set_mcu_position
set_position (toolhead): setting XYZ kinematic position.
set_position (toolhead): using newpos=[0.0, 0.0, 9.99999999999077] and kin_homing_axes=[]
set_kinematics_position: setting kinematic position with newpos=[0.0, 0.0, 9.99999999999077] and homing_axes=[]
CartKinematicsABC.set_position: setting kinematic position of 3 rails with newpos=[0.0, 0.0, 9.99999999999077] and homing_axes=[]
CartKinematicsABC: setting newpos=[0.0, 0.0, 9.99999999999077] on stepper: stepper_x
MCU_stepper.set_position: setting coord=[0.0, 0.0, 9.99999999999077] on stepper=stepper_x
MCU_stepper.set_position: calling itersolve_set_position
MCU_stepper.set_position: calling _set_mcu_position
CartKinematicsABC: setting newpos=[0.0, 0.0, 9.99999999999077] on stepper: stepper_y
MCU_stepper.set_position: setting coord=[0.0, 0.0, 9.99999999999077] on stepper=stepper_y
MCU_stepper.set_position: calling itersolve_set_position
MCU_stepper.set_position: calling _set_mcu_position
CartKinematicsABC: setting newpos=[0.0, 0.0, 9.99999999999077] on stepper: stepper_z
MCU_stepper.set_position: setting coord=[0.0, 0.0, 9.99999999999077] on stepper=stepper_z
MCU_stepper.set_position: calling itersolve_set_position
MCU_stepper.set_position: calling _set_mcu_position
set_position (toolhead): setting ABC kinematic position.
set_position (toolhead): using newpos=[45.0, 0.0, 0.0] and kin_homing_axes=[]
set_kinematics_position: setting kinematic position with newpos=[45.0, 0.0, 0.0] and homing_axes=[]
CartKinematicsABC.set_position: setting kinematic position of 3 rails with newpos=[45.0, 0.0, 0.0] and homing_axes=[]
CartKinematicsABC: setting newpos=[45.0, 0.0, 0.0] on stepper: stepper_a
MCU_stepper.set_position: setting coord=[45.0, 0.0, 0.0] on stepper=stepper_a
MCU_stepper.set_position: calling itersolve_set_position
MCU_stepper.set_position: calling _set_mcu_position
CartKinematicsABC: setting newpos=[45.0, 0.0, 0.0] on stepper: stepper_b
MCU_stepper.set_position: setting coord=[45.0, 0.0, 0.0] on stepper=stepper_b
MCU_stepper.set_position: calling itersolve_set_position
MCU_stepper.set_position: calling _set_mcu_position
CartKinematicsABC: setting newpos=[45.0, 0.0, 0.0] on stepper: stepper_c
MCU_stepper.set_position: setting coord=[45.0, 0.0, 0.0] on stepper=stepper_c
MCU_stepper.set_position: calling itersolve_set_position
MCU_stepper.set_position: calling _set_mcu_position
gcode_move.reset_last_position: triggered.
gcode_move.reset_last_position: set self.last_position=[0.0, 0.0, 9.99999999999077, 45.0, 0.0, 0.0, 15.075000000000033]
homing.homing_move: endstop trigger position trigpos=[0.0, 0.0, 9.99999999999077, 45.0, 0.0, 0.0, 15.075000000000033]
homing.homing_move: toolhead position set to haltpos=[0.0, 0.0, 9.99999999999077, 45.0, 0.0, 0.0, 15.075000000000033]
homing.homing_move: homing move end.
check_no_movement with axes=None
gcode_move.reset_last_position: triggered.
gcode_move.reset_last_position: set self.last_position=[0.0, 0.0, 9.99999999999077, 45.0, 0.0, 0.0, 15.075000000000033]
homing.home_rails: finalized.
toolhead.abc_axes_to_xyz: input=2
toolhead.abc_axes_to_xyz: output=2
cartesian_abc._home_axis: homing axis=2 with forcepos=[None, None, -105.0, None, None, None, None] and homepos=[None, None, 150.0, None, None, None, None]
homing.home_rails: homing begins with forcepos=[None, None, -105.0, None, None, None, None] and movepos=[None, None, 150.0, None, None, None, None]
set_position (toolhead): setting newpos=[0.0, 0.0, -105.0, 45.0, 0.0, 0.0, 15.075000000000033] and homing_axes=z
set_position (toolhead): setting XYZ trapq position.
set_position (toolhead): using newpos=[0.0, 0.0, -105.0]
set_kin_trap_position: setting trapq pos to newpos=[0.0, 0.0, -105.0]
set_position (toolhead): setting ABC trapq position.
set_position (toolhead): using newpos=[45.0, 0.0, 0.0]
set_kin_trap_position: setting trapq pos to newpos=[45.0, 0.0, 0.0]
set_position (toolhead): setting E trapq pos.
toolhead.set_position_e: setting E to newpos=15.075000000000033.
PrinterExtruder.set_position: called with newpos_e=15.075000000000033 homing_axes=z and self.axis_idx=6.
ExtruderStepper.set_position: setting E to newpos=15.075000000000033.
MCU_stepper.set_position: setting coord=[15.075000000000033, 0.0, 0.0] on stepper=extruder
MCU_stepper.set_position: calling itersolve_set_position
MCU_stepper.set_position: calling _set_mcu_position
set_position (toolhead): setting XYZ kinematic position.
set_position (toolhead): using newpos=[0.0, 0.0, -105.0] and kin_homing_axes=['z']
set_kinematics_position: setting kinematic position with newpos=[0.0, 0.0, -105.0] and homing_axes=['z']
CartKinematicsABC.set_position: setting kinematic position of 3 rails with newpos=[0.0, 0.0, -105.0] and homing_axes=['z']
CartKinematicsABC: setting newpos=[0.0, 0.0, -105.0] on stepper: stepper_x
MCU_stepper.set_position: setting coord=[0.0, 0.0, -105.0] on stepper=stepper_x
MCU_stepper.set_position: calling itersolve_set_position
MCU_stepper.set_position: calling _set_mcu_position
CartKinematicsABC: setting newpos=[0.0, 0.0, -105.0] on stepper: stepper_y
MCU_stepper.set_position: setting coord=[0.0, 0.0, -105.0] on stepper=stepper_y
MCU_stepper.set_position: calling itersolve_set_position
MCU_stepper.set_position: calling _set_mcu_position
CartKinematicsABC: setting newpos=[0.0, 0.0, -105.0] on stepper: stepper_z
MCU_stepper.set_position: setting coord=[0.0, 0.0, -105.0] on stepper=stepper_z
MCU_stepper.set_position: calling itersolve_set_position
MCU_stepper.set_position: calling _set_mcu_position
CartKinematicsABC: setting limits=(-20.0, 150.0) on stepper: stepper_z
set_position (toolhead): setting ABC kinematic position.
set_position (toolhead): using newpos=[45.0, 0.0, 0.0] and kin_homing_axes=[]
set_kinematics_position: setting kinematic position with newpos=[45.0, 0.0, 0.0] and homing_axes=[]
CartKinematicsABC.set_position: setting kinematic position of 3 rails with newpos=[45.0, 0.0, 0.0] and homing_axes=[]
CartKinematicsABC: setting newpos=[45.0, 0.0, 0.0] on stepper: stepper_a
MCU_stepper.set_position: setting coord=[45.0, 0.0, 0.0] on stepper=stepper_a
MCU_stepper.set_position: calling itersolve_set_position
MCU_stepper.set_position: calling _set_mcu_position
CartKinematicsABC: setting newpos=[45.0, 0.0, 0.0] on stepper: stepper_b
MCU_stepper.set_position: setting coord=[45.0, 0.0, 0.0] on stepper=stepper_b
MCU_stepper.set_position: calling itersolve_set_position
MCU_stepper.set_position: calling _set_mcu_position
CartKinematicsABC: setting newpos=[45.0, 0.0, 0.0] on stepper: stepper_c
MCU_stepper.set_position: setting coord=[45.0, 0.0, 0.0] on stepper=stepper_c
MCU_stepper.set_position: calling itersolve_set_position
MCU_stepper.set_position: calling _set_mcu_position
gcode_move.reset_last_position: triggered.
gcode_move.reset_last_position: set self.last_position=[0.0, 0.0, -105.0, 45.0, 0.0, 0.0, 15.075000000000033]
homing.homing_move: homing move called, starting setup.
homing.StepperPosition: add stepper stepper_z to endstop z
homing.homing_move: homing move start.
homing.homing_move: dwell for HOMING_START_DELAY=0.001
homing.homing_move: issuing drip move at speed: 20.0
drip_move: sending move to the queue.
toolhead.move: processing move to newpos=[0.0, 0.0, 150.0, 45.0, 0.0, 0.0, 15.075000000000033] at speed=20.0
toolhead.move: moved_axes=[2] unconfigured_axes=[] self.axes=[0, 1, 2, 3, 4, 5, 6]
toolhead.move: moving to newpos=[0.0, 0.0, 150.0, 45.0, 0.0, 0.0, 15.075000000000033]
Move: setup with start_pos=[0.0, 0.0, -105.0, 45.0, 0.0, 0.0, 15.075000000000033] and end_pos=[0.0, 0.0, 150.0, 45.0, 0.0, 0.0, 15.075000000000033]
Move: setup with axes_d=[0.0, 0.0, 255.0, 0.0, 0.0, 0.0, 0.0] and move_d=255.0.
Move: scale acceleration from 3000.0 to 3000.0.
toolhead.move: check_move on XYZ move.
cartesian_abc.check_move: checking move ending on (0.0, 0.0, 150.0, 45.0, 0.0, 0.0, 15.075000000000033).
endstop check: triggered on XYZ/[0, 1, 2] move.
toolhead.move: check_move on ABC move.
cartesian_abc.check_move: checking move ending on (0.0, 0.0, 150.0, 45.0, 0.0, 0.0, 15.075000000000033).
cartesian_abc.check_move: no Z axis in ABC kinematic.
MoveQueue.add_move: adding move.
drip_move: flushing move queue / transmitting move.
Move set_junction: function triggered.
Move set_junction: function end.
ToolHead _process_moves: function triggered.
ToolHead _process_moves: self.print_time=508.9022974836058
ToolHead _process_moves: next_move_time=508.9022974836058
toolhead._process_moves: appending move to XYZ trapq.
toolhead._process_moves: appending move to ABC trapq.
ToolHead _process_moves: calling _update_drip_move_time with next_move_time=559.9522974836058
drip_move: calling flush_step_generation / exit drip state.
homing.homing_move: waiting for endstop triggers.
homing.homing_move: calculating haltpos.
set_position (toolhead): setting newpos=[0.0, 0.0, 150.0, 45.0, 0.0, 0.0, 15.075000000000033] and homing_axes=
set_position (toolhead): setting XYZ trapq position.
set_position (toolhead): using newpos=[0.0, 0.0, 150.0]
set_kin_trap_position: setting trapq pos to newpos=[0.0, 0.0, 150.0]
set_position (toolhead): setting ABC trapq position.
set_position (toolhead): using newpos=[45.0, 0.0, 0.0]
set_kin_trap_position: setting trapq pos to newpos=[45.0, 0.0, 0.0]
set_position (toolhead): setting E trapq pos.
toolhead.set_position_e: setting E to newpos=15.075000000000033.
PrinterExtruder.set_position: called with newpos_e=15.075000000000033 homing_axes= and self.axis_idx=6.
ExtruderStepper.set_position: setting E to newpos=15.075000000000033.
MCU_stepper.set_position: setting coord=[15.075000000000033, 0.0, 0.0] on stepper=extruder
MCU_stepper.set_position: calling itersolve_set_position
MCU_stepper.set_position: calling _set_mcu_position
set_position (toolhead): setting XYZ kinematic position.
set_position (toolhead): using newpos=[0.0, 0.0, 150.0] and kin_homing_axes=[]
set_kinematics_position: setting kinematic position with newpos=[0.0, 0.0, 150.0] and homing_axes=[]
CartKinematicsABC.set_position: setting kinematic position of 3 rails with newpos=[0.0, 0.0, 150.0] and homing_axes=[]
CartKinematicsABC: setting newpos=[0.0, 0.0, 150.0] on stepper: stepper_x
MCU_stepper.set_position: setting coord=[0.0, 0.0, 150.0] on stepper=stepper_x
MCU_stepper.set_position: calling itersolve_set_position
MCU_stepper.set_position: calling _set_mcu_position
CartKinematicsABC: setting newpos=[0.0, 0.0, 150.0] on stepper: stepper_y
MCU_stepper.set_position: setting coord=[0.0, 0.0, 150.0] on stepper=stepper_y
MCU_stepper.set_position: calling itersolve_set_position
MCU_stepper.set_position: calling _set_mcu_position
CartKinematicsABC: setting newpos=[0.0, 0.0, 150.0] on stepper: stepper_z
MCU_stepper.set_position: setting coord=[0.0, 0.0, 150.0] on stepper=stepper_z
MCU_stepper.set_position: calling itersolve_set_position
MCU_stepper.set_position: calling _set_mcu_position
set_position (toolhead): setting ABC kinematic position.
set_position (toolhead): using newpos=[45.0, 0.0, 0.0] and kin_homing_axes=[]
set_kinematics_position: setting kinematic position with newpos=[45.0, 0.0, 0.0] and homing_axes=[]
CartKinematicsABC.set_position: setting kinematic position of 3 rails with newpos=[45.0, 0.0, 0.0] and homing_axes=[]
CartKinematicsABC: setting newpos=[45.0, 0.0, 0.0] on stepper: stepper_a
MCU_stepper.set_position: setting coord=[45.0, 0.0, 0.0] on stepper=stepper_a
MCU_stepper.set_position: calling itersolve_set_position
MCU_stepper.set_position: calling _set_mcu_position
CartKinematicsABC: setting newpos=[45.0, 0.0, 0.0] on stepper: stepper_b
MCU_stepper.set_position: setting coord=[45.0, 0.0, 0.0] on stepper=stepper_b
MCU_stepper.set_position: calling itersolve_set_position
MCU_stepper.set_position: calling _set_mcu_position
CartKinematicsABC: setting newpos=[45.0, 0.0, 0.0] on stepper: stepper_c
MCU_stepper.set_position: setting coord=[45.0, 0.0, 0.0] on stepper=stepper_c
MCU_stepper.set_position: calling itersolve_set_position
MCU_stepper.set_position: calling _set_mcu_position
gcode_move.reset_last_position: triggered.
gcode_move.reset_last_position: set self.last_position=[0.0, 0.0, 150.0, 45.0, 0.0, 0.0, 15.075000000000033]
homing.homing_move: endstop trigger position trigpos=[0.0, 0.0, 150.0, 45.0, 0.0, 0.0, 15.075000000000033]
homing.homing_move: toolhead position set to haltpos=[0.0, 0.0, 150.0, 45.0, 0.0, 0.0, 15.075000000000033]
homing.homing_move: homing move end.
homing.home_rails: setting up second home startpos=[0.0, 0.0, -105.0, 45.0, 0.0, 0.0, 15.075000000000033] and homepos=[0.0, 0.0, 150.0, 45.0, 0.0, 0.0, 15.075000000000033]
homing.home_rails: issuing retraction move to retractpos=[0.0, 0.0, 145.0, 45.0, 0.0, 0.0, 15.075000000000033]
toolhead.move: processing move to newpos=[0.0, 0.0, 145.0, 45.0, 0.0, 0.0, 15.075000000000033] at speed=20.0
toolhead.move: moved_axes=[2] unconfigured_axes=[] self.axes=[0, 1, 2, 3, 4, 5, 6]
toolhead.move: moving to newpos=[0.0, 0.0, 145.0, 45.0, 0.0, 0.0, 15.075000000000033]
Move: setup with start_pos=[0.0, 0.0, 150.0, 45.0, 0.0, 0.0, 15.075000000000033] and end_pos=[0.0, 0.0, 145.0, 45.0, 0.0, 0.0, 15.075000000000033]
Move: setup with axes_d=[0.0, 0.0, -5.0, 0.0, 0.0, 0.0, 0.0] and move_d=5.0.
Move: scale acceleration from 3000.0 to 3000.0.
toolhead.move: check_move on XYZ move.
cartesian_abc.check_move: checking move ending on (0.0, 0.0, 145.0, 45.0, 0.0, 0.0, 15.075000000000033).
endstop check: triggered on XYZ/[0, 1, 2] move.
toolhead.move: check_move on ABC move.
cartesian_abc.check_move: checking move ending on (0.0, 0.0, 145.0, 45.0, 0.0, 0.0, 15.075000000000033).
cartesian_abc.check_move: no Z axis in ABC kinematic.
MoveQueue.add_move: adding move.
homing.home_rails: issuing second homing move with startpos=[0.0, 0.0, 140.0, 45.0, 0.0, 0.0, 15.075000000000033]
set_position (toolhead): setting newpos=[0.0, 0.0, 140.0, 45.0, 0.0, 0.0, 15.075000000000033] and homing_axes=
Move set_junction: function triggered.
Move set_junction: function end.
ToolHead _process_moves: function triggered.
ToolHead _process_moves: self.print_time=559.9552974836057
ToolHead _process_moves: next_move_time=559.9552974836057
toolhead._process_moves: appending move to XYZ trapq.
toolhead._process_moves: appending move to ABC trapq.
set_position (toolhead): setting XYZ trapq position.
set_position (toolhead): using newpos=[0.0, 0.0, 140.0]
set_kin_trap_position: setting trapq pos to newpos=[0.0, 0.0, 140.0]
set_position (toolhead): setting ABC trapq position.
set_position (toolhead): using newpos=[45.0, 0.0, 0.0]
set_kin_trap_position: setting trapq pos to newpos=[45.0, 0.0, 0.0]
set_position (toolhead): setting E trapq pos.
toolhead.set_position_e: setting E to newpos=15.075000000000033.
PrinterExtruder.set_position: called with newpos_e=15.075000000000033 homing_axes= and self.axis_idx=6.
ExtruderStepper.set_position: setting E to newpos=15.075000000000033.
MCU_stepper.set_position: setting coord=[15.075000000000033, 0.0, 0.0] on stepper=extruder
MCU_stepper.set_position: calling itersolve_set_position
MCU_stepper.set_position: calling _set_mcu_position
set_position (toolhead): setting XYZ kinematic position.
set_position (toolhead): using newpos=[0.0, 0.0, 140.0] and kin_homing_axes=[]
set_kinematics_position: setting kinematic position with newpos=[0.0, 0.0, 140.0] and homing_axes=[]
CartKinematicsABC.set_position: setting kinematic position of 3 rails with newpos=[0.0, 0.0, 140.0] and homing_axes=[]
CartKinematicsABC: setting newpos=[0.0, 0.0, 140.0] on stepper: stepper_x
MCU_stepper.set_position: setting coord=[0.0, 0.0, 140.0] on stepper=stepper_x
MCU_stepper.set_position: calling itersolve_set_position
MCU_stepper.set_position: calling _set_mcu_position
CartKinematicsABC: setting newpos=[0.0, 0.0, 140.0] on stepper: stepper_y
MCU_stepper.set_position: setting coord=[0.0, 0.0, 140.0] on stepper=stepper_y
MCU_stepper.set_position: calling itersolve_set_position
MCU_stepper.set_position: calling _set_mcu_position
CartKinematicsABC: setting newpos=[0.0, 0.0, 140.0] on stepper: stepper_z
MCU_stepper.set_position: setting coord=[0.0, 0.0, 140.0] on stepper=stepper_z
MCU_stepper.set_position: calling itersolve_set_position
MCU_stepper.set_position: calling _set_mcu_position
set_position (toolhead): setting ABC kinematic position.
set_position (toolhead): using newpos=[45.0, 0.0, 0.0] and kin_homing_axes=[]
set_kinematics_position: setting kinematic position with newpos=[45.0, 0.0, 0.0] and homing_axes=[]
CartKinematicsABC.set_position: setting kinematic position of 3 rails with newpos=[45.0, 0.0, 0.0] and homing_axes=[]
CartKinematicsABC: setting newpos=[45.0, 0.0, 0.0] on stepper: stepper_a
MCU_stepper.set_position: setting coord=[45.0, 0.0, 0.0] on stepper=stepper_a
MCU_stepper.set_position: calling itersolve_set_position
MCU_stepper.set_position: calling _set_mcu_position
CartKinematicsABC: setting newpos=[45.0, 0.0, 0.0] on stepper: stepper_b
MCU_stepper.set_position: setting coord=[45.0, 0.0, 0.0] on stepper=stepper_b
MCU_stepper.set_position: calling itersolve_set_position
MCU_stepper.set_position: calling _set_mcu_position
CartKinematicsABC: setting newpos=[45.0, 0.0, 0.0] on stepper: stepper_c
MCU_stepper.set_position: setting coord=[45.0, 0.0, 0.0] on stepper=stepper_c
MCU_stepper.set_position: calling itersolve_set_position
MCU_stepper.set_position: calling _set_mcu_position
gcode_move.reset_last_position: triggered.
gcode_move.reset_last_position: set self.last_position=[0.0, 0.0, 140.0, 45.0, 0.0, 0.0, 15.075000000000033]
homing.home_rails: starting second home startpos=[0.0, 0.0, 140.0, 45.0, 0.0, 0.0, 15.075000000000033] and homepos=[0.0, 0.0, 150.0, 45.0, 0.0, 0.0, 15.075000000000033]
homing.homing_move: homing move called, starting setup.
homing.StepperPosition: add stepper stepper_z to endstop z
homing.homing_move: homing move start.
homing.homing_move: dwell for HOMING_START_DELAY=0.001
homing.homing_move: issuing drip move at speed: 5.0
drip_move: sending move to the queue.
toolhead.move: processing move to newpos=[0.0, 0.0, 150.0, 45.0, 0.0, 0.0, 15.075000000000033] at speed=5.0
toolhead.move: moved_axes=[2] unconfigured_axes=[] self.axes=[0, 1, 2, 3, 4, 5, 6]
toolhead.move: moving to newpos=[0.0, 0.0, 150.0, 45.0, 0.0, 0.0, 15.075000000000033]
Move: setup with start_pos=[0.0, 0.0, 140.0, 45.0, 0.0, 0.0, 15.075000000000033] and end_pos=[0.0, 0.0, 150.0, 45.0, 0.0, 0.0, 15.075000000000033]
Move: setup with axes_d=[0.0, 0.0, 10.0, 0.0, 0.0, 0.0, 0.0] and move_d=10.0.
Move: scale acceleration from 3000.0 to 3000.0.
toolhead.move: check_move on XYZ move.
cartesian_abc.check_move: checking move ending on (0.0, 0.0, 150.0, 45.0, 0.0, 0.0, 15.075000000000033).
endstop check: triggered on XYZ/[0, 1, 2] move.
toolhead.move: check_move on ABC move.
cartesian_abc.check_move: checking move ending on (0.0, 0.0, 150.0, 45.0, 0.0, 0.0, 15.075000000000033).
cartesian_abc.check_move: no Z axis in ABC kinematic.
MoveQueue.add_move: adding move.
drip_move: flushing move queue / transmitting move.
Move set_junction: function triggered.
Move set_junction: function end.
ToolHead _process_moves: function triggered.
ToolHead _process_moves: self.print_time=561.0092974836056
ToolHead _process_moves: next_move_time=561.0092974836056
toolhead._process_moves: appending move to XYZ trapq.
toolhead._process_moves: appending move to ABC trapq.
ToolHead _process_moves: calling _update_drip_move_time with next_move_time=563.0592974836055
drip_move: calling flush_step_generation / exit drip state.
homing.homing_move: waiting for endstop triggers.
homing.homing_move: calculating haltpos.
set_position (toolhead): setting newpos=[0.0, 0.0, 150.0, 45.0, 0.0, 0.0, 15.075000000000033] and homing_axes=
set_position (toolhead): setting XYZ trapq position.
set_position (toolhead): using newpos=[0.0, 0.0, 150.0]
set_kin_trap_position: setting trapq pos to newpos=[0.0, 0.0, 150.0]
set_position (toolhead): setting ABC trapq position.
set_position (toolhead): using newpos=[45.0, 0.0, 0.0]
set_kin_trap_position: setting trapq pos to newpos=[45.0, 0.0, 0.0]
set_position (toolhead): setting E trapq pos.
toolhead.set_position_e: setting E to newpos=15.075000000000033.
PrinterExtruder.set_position: called with newpos_e=15.075000000000033 homing_axes= and self.axis_idx=6.
ExtruderStepper.set_position: setting E to newpos=15.075000000000033.
MCU_stepper.set_position: setting coord=[15.075000000000033, 0.0, 0.0] on stepper=extruder
MCU_stepper.set_position: calling itersolve_set_position
MCU_stepper.set_position: calling _set_mcu_position
set_position (toolhead): setting XYZ kinematic position.
set_position (toolhead): using newpos=[0.0, 0.0, 150.0] and kin_homing_axes=[]
set_kinematics_position: setting kinematic position with newpos=[0.0, 0.0, 150.0] and homing_axes=[]
CartKinematicsABC.set_position: setting kinematic position of 3 rails with newpos=[0.0, 0.0, 150.0] and homing_axes=[]
CartKinematicsABC: setting newpos=[0.0, 0.0, 150.0] on stepper: stepper_x
MCU_stepper.set_position: setting coord=[0.0, 0.0, 150.0] on stepper=stepper_x
MCU_stepper.set_position: calling itersolve_set_position
MCU_stepper.set_position: calling _set_mcu_position
CartKinematicsABC: setting newpos=[0.0, 0.0, 150.0] on stepper: stepper_y
MCU_stepper.set_position: setting coord=[0.0, 0.0, 150.0] on stepper=stepper_y
MCU_stepper.set_position: calling itersolve_set_position
MCU_stepper.set_position: calling _set_mcu_position
CartKinematicsABC: setting newpos=[0.0, 0.0, 150.0] on stepper: stepper_z
MCU_stepper.set_position: setting coord=[0.0, 0.0, 150.0] on stepper=stepper_z
MCU_stepper.set_position: calling itersolve_set_position
MCU_stepper.set_position: calling _set_mcu_position
set_position (toolhead): setting ABC kinematic position.
set_position (toolhead): using newpos=[45.0, 0.0, 0.0] and kin_homing_axes=[]
set_kinematics_position: setting kinematic position with newpos=[45.0, 0.0, 0.0] and homing_axes=[]
CartKinematicsABC.set_position: setting kinematic position of 3 rails with newpos=[45.0, 0.0, 0.0] and homing_axes=[]
CartKinematicsABC: setting newpos=[45.0, 0.0, 0.0] on stepper: stepper_a
MCU_stepper.set_position: setting coord=[45.0, 0.0, 0.0] on stepper=stepper_a
MCU_stepper.set_position: calling itersolve_set_position
MCU_stepper.set_position: calling _set_mcu_position
CartKinematicsABC: setting newpos=[45.0, 0.0, 0.0] on stepper: stepper_b
MCU_stepper.set_position: setting coord=[45.0, 0.0, 0.0] on stepper=stepper_b
MCU_stepper.set_position: calling itersolve_set_position
MCU_stepper.set_position: calling _set_mcu_position
CartKinematicsABC: setting newpos=[45.0, 0.0, 0.0] on stepper: stepper_c
MCU_stepper.set_position: setting coord=[45.0, 0.0, 0.0] on stepper=stepper_c
MCU_stepper.set_position: calling itersolve_set_position
MCU_stepper.set_position: calling _set_mcu_position
gcode_move.reset_last_position: triggered.
gcode_move.reset_last_position: set self.last_position=[0.0, 0.0, 150.0, 45.0, 0.0, 0.0, 15.075000000000033]
homing.homing_move: endstop trigger position trigpos=[0.0, 0.0, 150.0, 45.0, 0.0, 0.0, 15.075000000000033]
homing.homing_move: toolhead position set to haltpos=[0.0, 0.0, 150.0, 45.0, 0.0, 0.0, 15.075000000000033]
homing.homing_move: homing move end.
check_no_movement with axes=None
gcode_move.reset_last_position: triggered.
gcode_move.reset_last_position: set self.last_position=[0.0, 0.0, 150.0, 45.0, 0.0, 0.0, 15.075000000000033]
homing.home_rails: finalized.
PrinterHoming.cmd_G28: checking if kin axes=[3, 4, 5] have been requested to home.
PrinterHoming.cmd_G28: homing ['A', 'B', 'C'] axes of the ABC kinematic (axes: [3, 4, 5]).
PrinterHoming.home_axes: homing axis=['A', 'B', 'C']
cartesian_abc.home: homing axis changed_axes=[3, 4, 5]
toolhead.abc_axes_to_xyz: input=3
toolhead.abc_axes_to_xyz: output=0
cartesian_abc._home_axis: homing axis=3 with forcepos=[None, None, None, 540.0, None, None, None] and homepos=[None, None, None, 0.0, None, None, None]
homing.home_rails: homing begins with forcepos=[None, None, None, 540.0, None, None, None] and movepos=[None, None, None, 0.0, None, None, None]
set_position (toolhead): setting newpos=[0.0, 0.0, 150.0, 540.0, 0.0, 0.0, 15.075000000000033] and homing_axes=a
set_position (toolhead): setting XYZ trapq position.
set_position (toolhead): using newpos=[0.0, 0.0, 150.0]
set_kin_trap_position: setting trapq pos to newpos=[0.0, 0.0, 150.0]
set_position (toolhead): setting ABC trapq position.
set_position (toolhead): using newpos=[540.0, 0.0, 0.0]
set_kin_trap_position: setting trapq pos to newpos=[540.0, 0.0, 0.0]
set_position (toolhead): setting E trapq pos.
toolhead.set_position_e: setting E to newpos=15.075000000000033.
PrinterExtruder.set_position: called with newpos_e=15.075000000000033 homing_axes=a and self.axis_idx=6.
ExtruderStepper.set_position: setting E to newpos=15.075000000000033.
MCU_stepper.set_position: setting coord=[15.075000000000033, 0.0, 0.0] on stepper=extruder
MCU_stepper.set_position: calling itersolve_set_position
MCU_stepper.set_position: calling _set_mcu_position
set_position (toolhead): setting XYZ kinematic position.
set_position (toolhead): using newpos=[0.0, 0.0, 150.0] and kin_homing_axes=[]
set_kinematics_position: setting kinematic position with newpos=[0.0, 0.0, 150.0] and homing_axes=[]
CartKinematicsABC.set_position: setting kinematic position of 3 rails with newpos=[0.0, 0.0, 150.0] and homing_axes=[]
CartKinematicsABC: setting newpos=[0.0, 0.0, 150.0] on stepper: stepper_x
MCU_stepper.set_position: setting coord=[0.0, 0.0, 150.0] on stepper=stepper_x
MCU_stepper.set_position: calling itersolve_set_position
MCU_stepper.set_position: calling _set_mcu_position
CartKinematicsABC: setting newpos=[0.0, 0.0, 150.0] on stepper: stepper_y
MCU_stepper.set_position: setting coord=[0.0, 0.0, 150.0] on stepper=stepper_y
MCU_stepper.set_position: calling itersolve_set_position
MCU_stepper.set_position: calling _set_mcu_position
CartKinematicsABC: setting newpos=[0.0, 0.0, 150.0] on stepper: stepper_z
MCU_stepper.set_position: setting coord=[0.0, 0.0, 150.0] on stepper=stepper_z
MCU_stepper.set_position: calling itersolve_set_position
MCU_stepper.set_position: calling _set_mcu_position
set_position (toolhead): setting ABC kinematic position.
set_position (toolhead): using newpos=[540.0, 0.0, 0.0] and kin_homing_axes=['a']
set_kinematics_position: setting kinematic position with newpos=[540.0, 0.0, 0.0] and homing_axes=['a']
CartKinematicsABC.set_position: setting kinematic position of 3 rails with newpos=[540.0, 0.0, 0.0] and homing_axes=['a']
CartKinematicsABC: setting newpos=[540.0, 0.0, 0.0] on stepper: stepper_a
MCU_stepper.set_position: setting coord=[540.0, 0.0, 0.0] on stepper=stepper_a
MCU_stepper.set_position: calling itersolve_set_position
MCU_stepper.set_position: calling _set_mcu_position
CartKinematicsABC: setting newpos=[540.0, 0.0, 0.0] on stepper: stepper_b
MCU_stepper.set_position: setting coord=[540.0, 0.0, 0.0] on stepper=stepper_b
MCU_stepper.set_position: calling itersolve_set_position
MCU_stepper.set_position: calling _set_mcu_position
CartKinematicsABC: setting newpos=[540.0, 0.0, 0.0] on stepper: stepper_c
MCU_stepper.set_position: setting coord=[540.0, 0.0, 0.0] on stepper=stepper_c
MCU_stepper.set_position: calling itersolve_set_position
MCU_stepper.set_position: calling _set_mcu_position
CartKinematicsABC: setting limits=(-360.0, 360.0) on stepper: stepper_a
gcode_move.reset_last_position: triggered.
gcode_move.reset_last_position: set self.last_position=[0.0, 0.0, 150.0, 540.0, 0.0, 0.0, 15.075000000000033]
homing.homing_move: homing move called, starting setup.
homing.StepperPosition: add stepper stepper_a to endstop a
homing.homing_move: homing move start.
homing.homing_move: dwell for HOMING_START_DELAY=0.001
homing.homing_move: issuing drip move at speed: 25.0
drip_move: sending move to the queue.
toolhead.move: processing move to newpos=[0.0, 0.0, 150.0, 0.0, 0.0, 0.0, 15.075000000000033] at speed=25.0
toolhead.move: moved_axes=[3] unconfigured_axes=[] self.axes=[0, 1, 2, 3, 4, 5, 6]
toolhead.move: moving to newpos=[0.0, 0.0, 150.0, 0.0, 0.0, 0.0, 15.075000000000033]
Move: setup with start_pos=[0.0, 0.0, 150.0, 540.0, 0.0, 0.0, 15.075000000000033] and end_pos=[0.0, 0.0, 150.0, 0.0, 0.0, 0.0, 15.075000000000033]
Move: setup with axes_d=[0.0, 0.0, 0.0, -540.0, 0.0, 0.0, 0.0] and move_d=540.0.
Move: scale acceleration from 3000.0 to 3000.0.
toolhead.move: check_move on XYZ move.
cartesian_abc.check_move: checking move ending on (0.0, 0.0, 150.0, 0.0, 0.0, 0.0, 15.075000000000033).
cartesian_abc.check_move: no Z axis in move.
toolhead.move: check_move on ABC move.
cartesian_abc.check_move: checking move ending on (0.0, 0.0, 150.0, 0.0, 0.0, 0.0, 15.075000000000033).
cartesian_abc.check_move: no Z axis in ABC kinematic.
MoveQueue.add_move: adding move.
drip_move: flushing move queue / transmitting move.
Move set_junction: function triggered.
Move set_junction: function end.
ToolHead _process_moves: function triggered.
ToolHead _process_moves: self.print_time=563.0642974836054
ToolHead _process_moves: next_move_time=563.0642974836054
toolhead._process_moves: appending move to XYZ trapq.
toolhead._process_moves: appending move to ABC trapq.
ToolHead _process_moves: calling _update_drip_move_time with next_move_time=584.6726308169387
drip_move: calling flush_step_generation / exit drip state.
homing.homing_move: waiting for endstop triggers.
homing.homing_move: calculating haltpos.
set_position (toolhead): setting newpos=[0.0, 0.0, 150.0, 0.0, 0.0, 0.0, 15.075000000000033] and homing_axes=
set_position (toolhead): setting XYZ trapq position.
set_position (toolhead): using newpos=[0.0, 0.0, 150.0]
set_kin_trap_position: setting trapq pos to newpos=[0.0, 0.0, 150.0]
set_position (toolhead): setting ABC trapq position.
set_position (toolhead): using newpos=[0.0, 0.0, 0.0]
set_kin_trap_position: setting trapq pos to newpos=[0.0, 0.0, 0.0]
set_position (toolhead): setting E trapq pos.
toolhead.set_position_e: setting E to newpos=15.075000000000033.
PrinterExtruder.set_position: called with newpos_e=15.075000000000033 homing_axes= and self.axis_idx=6.
ExtruderStepper.set_position: setting E to newpos=15.075000000000033.
MCU_stepper.set_position: setting coord=[15.075000000000033, 0.0, 0.0] on stepper=extruder
MCU_stepper.set_position: calling itersolve_set_position
MCU_stepper.set_position: calling _set_mcu_position
set_position (toolhead): setting XYZ kinematic position.
set_position (toolhead): using newpos=[0.0, 0.0, 150.0] and kin_homing_axes=[]
set_kinematics_position: setting kinematic position with newpos=[0.0, 0.0, 150.0] and homing_axes=[]
CartKinematicsABC.set_position: setting kinematic position of 3 rails with newpos=[0.0, 0.0, 150.0] and homing_axes=[]
CartKinematicsABC: setting newpos=[0.0, 0.0, 150.0] on stepper: stepper_x
MCU_stepper.set_position: setting coord=[0.0, 0.0, 150.0] on stepper=stepper_x
MCU_stepper.set_position: calling itersolve_set_position
MCU_stepper.set_position: calling _set_mcu_position
CartKinematicsABC: setting newpos=[0.0, 0.0, 150.0] on stepper: stepper_y
MCU_stepper.set_position: setting coord=[0.0, 0.0, 150.0] on stepper=stepper_y
MCU_stepper.set_position: calling itersolve_set_position
MCU_stepper.set_position: calling _set_mcu_position
CartKinematicsABC: setting newpos=[0.0, 0.0, 150.0] on stepper: stepper_z
MCU_stepper.set_position: setting coord=[0.0, 0.0, 150.0] on stepper=stepper_z
MCU_stepper.set_position: calling itersolve_set_position
MCU_stepper.set_position: calling _set_mcu_position
set_position (toolhead): setting ABC kinematic position.
set_position (toolhead): using newpos=[0.0, 0.0, 0.0] and kin_homing_axes=[]
set_kinematics_position: setting kinematic position with newpos=[0.0, 0.0, 0.0] and homing_axes=[]
CartKinematicsABC.set_position: setting kinematic position of 3 rails with newpos=[0.0, 0.0, 0.0] and homing_axes=[]
CartKinematicsABC: setting newpos=[0.0, 0.0, 0.0] on stepper: stepper_a
MCU_stepper.set_position: setting coord=[0.0, 0.0, 0.0] on stepper=stepper_a
MCU_stepper.set_position: calling itersolve_set_position
MCU_stepper.set_position: calling _set_mcu_position
CartKinematicsABC: setting newpos=[0.0, 0.0, 0.0] on stepper: stepper_b
MCU_stepper.set_position: setting coord=[0.0, 0.0, 0.0] on stepper=stepper_b
MCU_stepper.set_position: calling itersolve_set_position
MCU_stepper.set_position: calling _set_mcu_position
CartKinematicsABC: setting newpos=[0.0, 0.0, 0.0] on stepper: stepper_c
MCU_stepper.set_position: setting coord=[0.0, 0.0, 0.0] on stepper=stepper_c
MCU_stepper.set_position: calling itersolve_set_position
MCU_stepper.set_position: calling _set_mcu_position
gcode_move.reset_last_position: triggered.
gcode_move.reset_last_position: set self.last_position=[0.0, 0.0, 150.0, 0.0, 0.0, 0.0, 15.075000000000033]
homing.homing_move: endstop trigger position trigpos=[0.0, 0.0, 150.0, 0.0, 0.0, 0.0, 15.075000000000033]
homing.homing_move: toolhead position set to haltpos=[0.0, 0.0, 150.0, 0.0, 0.0, 0.0, 15.075000000000033]
homing.homing_move: homing move end.
homing.home_rails: setting up second home startpos=[0.0, 0.0, 150.0, 540.0, 0.0, 0.0, 15.075000000000033] and homepos=[0.0, 0.0, 150.0, 0.0, 0.0, 0.0, 15.075000000000033]
homing.home_rails: issuing retraction move to retractpos=[0.0, 0.0, 150.0, 5.0, 0.0, 0.0, 15.075000000000033]
toolhead.move: processing move to newpos=[0.0, 0.0, 150.0, 5.0, 0.0, 0.0, 15.075000000000033] at speed=25.0
toolhead.move: moved_axes=[3] unconfigured_axes=[] self.axes=[0, 1, 2, 3, 4, 5, 6]
toolhead.move: moving to newpos=[0.0, 0.0, 150.0, 5.0, 0.0, 0.0, 15.075000000000033]
Move: setup with start_pos=[0.0, 0.0, 150.0, 0.0, 0.0, 0.0, 15.075000000000033] and end_pos=[0.0, 0.0, 150.0, 5.0, 0.0, 0.0, 15.075000000000033]
Move: setup with axes_d=[0.0, 0.0, 0.0, 5.0, 0.0, 0.0, 0.0] and move_d=5.0.
Move: scale acceleration from 3000.0 to 3000.0.
toolhead.move: check_move on XYZ move.
cartesian_abc.check_move: checking move ending on (0.0, 0.0, 150.0, 5.0, 0.0, 0.0, 15.075000000000033).
cartesian_abc.check_move: no Z axis in move.
toolhead.move: check_move on ABC move.
cartesian_abc.check_move: checking move ending on (0.0, 0.0, 150.0, 5.0, 0.0, 0.0, 15.075000000000033).
cartesian_abc.check_move: no Z axis in ABC kinematic.
MoveQueue.add_move: adding move.
homing.home_rails: issuing second homing move with startpos=[0.0, 0.0, 150.0, 10.0, 0.0, 0.0, 15.075000000000033]
set_position (toolhead): setting newpos=[0.0, 0.0, 150.0, 10.0, 0.0, 0.0, 15.075000000000033] and homing_axes=
Move set_junction: function triggered.
Move set_junction: function end.
ToolHead _process_moves: function triggered.
ToolHead _process_moves: self.print_time=584.6756308169387
ToolHead _process_moves: next_move_time=584.6756308169387
toolhead._process_moves: appending move to XYZ trapq.
toolhead._process_moves: appending move to ABC trapq.
set_position (toolhead): setting XYZ trapq position.
set_position (toolhead): using newpos=[0.0, 0.0, 150.0]
set_kin_trap_position: setting trapq pos to newpos=[0.0, 0.0, 150.0]
set_position (toolhead): setting ABC trapq position.
set_position (toolhead): using newpos=[10.0, 0.0, 0.0]
set_kin_trap_position: setting trapq pos to newpos=[10.0, 0.0, 0.0]
set_position (toolhead): setting E trapq pos.
toolhead.set_position_e: setting E to newpos=15.075000000000033.
PrinterExtruder.set_position: called with newpos_e=15.075000000000033 homing_axes= and self.axis_idx=6.
ExtruderStepper.set_position: setting E to newpos=15.075000000000033.
MCU_stepper.set_position: setting coord=[15.075000000000033, 0.0, 0.0] on stepper=extruder
MCU_stepper.set_position: calling itersolve_set_position
MCU_stepper.set_position: calling _set_mcu_position
set_position (toolhead): setting XYZ kinematic position.
set_position (toolhead): using newpos=[0.0, 0.0, 150.0] and kin_homing_axes=[]
set_kinematics_position: setting kinematic position with newpos=[0.0, 0.0, 150.0] and homing_axes=[]
CartKinematicsABC.set_position: setting kinematic position of 3 rails with newpos=[0.0, 0.0, 150.0] and homing_axes=[]
CartKinematicsABC: setting newpos=[0.0, 0.0, 150.0] on stepper: stepper_x
MCU_stepper.set_position: setting coord=[0.0, 0.0, 150.0] on stepper=stepper_x
MCU_stepper.set_position: calling itersolve_set_position
MCU_stepper.set_position: calling _set_mcu_position
CartKinematicsABC: setting newpos=[0.0, 0.0, 150.0] on stepper: stepper_y
MCU_stepper.set_position: setting coord=[0.0, 0.0, 150.0] on stepper=stepper_y
MCU_stepper.set_position: calling itersolve_set_position
MCU_stepper.set_position: calling _set_mcu_position
CartKinematicsABC: setting newpos=[0.0, 0.0, 150.0] on stepper: stepper_z
MCU_stepper.set_position: setting coord=[0.0, 0.0, 150.0] on stepper=stepper_z
MCU_stepper.set_position: calling itersolve_set_position
MCU_stepper.set_position: calling _set_mcu_position
set_position (toolhead): setting ABC kinematic position.
set_position (toolhead): using newpos=[10.0, 0.0, 0.0] and kin_homing_axes=[]
set_kinematics_position: setting kinematic position with newpos=[10.0, 0.0, 0.0] and homing_axes=[]
CartKinematicsABC.set_position: setting kinematic position of 3 rails with newpos=[10.0, 0.0, 0.0] and homing_axes=[]
CartKinematicsABC: setting newpos=[10.0, 0.0, 0.0] on stepper: stepper_a
MCU_stepper.set_position: setting coord=[10.0, 0.0, 0.0] on stepper=stepper_a
MCU_stepper.set_position: calling itersolve_set_position
MCU_stepper.set_position: calling _set_mcu_position
CartKinematicsABC: setting newpos=[10.0, 0.0, 0.0] on stepper: stepper_b
MCU_stepper.set_position: setting coord=[10.0, 0.0, 0.0] on stepper=stepper_b
MCU_stepper.set_position: calling itersolve_set_position
MCU_stepper.set_position: calling _set_mcu_position
CartKinematicsABC: setting newpos=[10.0, 0.0, 0.0] on stepper: stepper_c
MCU_stepper.set_position: setting coord=[10.0, 0.0, 0.0] on stepper=stepper_c
MCU_stepper.set_position: calling itersolve_set_position
MCU_stepper.set_position: calling _set_mcu_position
gcode_move.reset_last_position: triggered.
gcode_move.reset_last_position: set self.last_position=[0.0, 0.0, 150.0, 10.0, 0.0, 0.0, 15.075000000000033]
homing.home_rails: starting second home startpos=[0.0, 0.0, 150.0, 10.0, 0.0, 0.0, 15.075000000000033] and homepos=[0.0, 0.0, 150.0, 0.0, 0.0, 0.0, 15.075000000000033]
homing.homing_move: homing move called, starting setup.
homing.StepperPosition: add stepper stepper_a to endstop a
homing.homing_move: homing move start.
homing.homing_move: dwell for HOMING_START_DELAY=0.001
homing.homing_move: issuing drip move at speed: 5.0
drip_move: sending move to the queue.
toolhead.move: processing move to newpos=[0.0, 0.0, 150.0, 0.0, 0.0, 0.0, 15.075000000000033] at speed=5.0
toolhead.move: moved_axes=[3] unconfigured_axes=[] self.axes=[0, 1, 2, 3, 4, 5, 6]
toolhead.move: moving to newpos=[0.0, 0.0, 150.0, 0.0, 0.0, 0.0, 15.075000000000033]
Move: setup with start_pos=[0.0, 0.0, 150.0, 10.0, 0.0, 0.0, 15.075000000000033] and end_pos=[0.0, 0.0, 150.0, 0.0, 0.0, 0.0, 15.075000000000033]
Move: setup with axes_d=[0.0, 0.0, 0.0, -10.0, 0.0, 0.0, 0.0] and move_d=10.0.
Move: scale acceleration from 3000.0 to 3000.0.
toolhead.move: check_move on XYZ move.
cartesian_abc.check_move: checking move ending on (0.0, 0.0, 150.0, 0.0, 0.0, 0.0, 15.075000000000033).
cartesian_abc.check_move: no Z axis in move.
toolhead.move: check_move on ABC move.
cartesian_abc.check_move: checking move ending on (0.0, 0.0, 150.0, 0.0, 0.0, 0.0, 15.075000000000033).
cartesian_abc.check_move: no Z axis in ABC kinematic.
MoveQueue.add_move: adding move.
drip_move: flushing move queue / transmitting move.
Move set_junction: function triggered.
Move set_junction: function end.
ToolHead _process_moves: function triggered.
ToolHead _process_moves: self.print_time=584.887964150272
ToolHead _process_moves: next_move_time=584.887964150272
toolhead._process_moves: appending move to XYZ trapq.
toolhead._process_moves: appending move to ABC trapq.
ToolHead _process_moves: calling _update_drip_move_time with next_move_time=586.8896308169386
drip_move: calling flush_step_generation / exit drip state.
homing.homing_move: waiting for endstop triggers.
homing.homing_move: calculating haltpos.
set_position (toolhead): setting newpos=[0.0, 0.0, 150.0, 0.0, 0.0, 0.0, 15.075000000000033] and homing_axes=
set_position (toolhead): setting XYZ trapq position.
set_position (toolhead): using newpos=[0.0, 0.0, 150.0]
set_kin_trap_position: setting trapq pos to newpos=[0.0, 0.0, 150.0]
set_position (toolhead): setting ABC trapq position.
set_position (toolhead): using newpos=[0.0, 0.0, 0.0]
set_kin_trap_position: setting trapq pos to newpos=[0.0, 0.0, 0.0]
set_position (toolhead): setting E trapq pos.
toolhead.set_position_e: setting E to newpos=15.075000000000033.
PrinterExtruder.set_position: called with newpos_e=15.075000000000033 homing_axes= and self.axis_idx=6.
ExtruderStepper.set_position: setting E to newpos=15.075000000000033.
MCU_stepper.set_position: setting coord=[15.075000000000033, 0.0, 0.0] on stepper=extruder
MCU_stepper.set_position: calling itersolve_set_position
MCU_stepper.set_position: calling _set_mcu_position
set_position (toolhead): setting XYZ kinematic position.
set_position (toolhead): using newpos=[0.0, 0.0, 150.0] and kin_homing_axes=[]
set_kinematics_position: setting kinematic position with newpos=[0.0, 0.0, 150.0] and homing_axes=[]
CartKinematicsABC.set_position: setting kinematic position of 3 rails with newpos=[0.0, 0.0, 150.0] and homing_axes=[]
CartKinematicsABC: setting newpos=[0.0, 0.0, 150.0] on stepper: stepper_x
MCU_stepper.set_position: setting coord=[0.0, 0.0, 150.0] on stepper=stepper_x
MCU_stepper.set_position: calling itersolve_set_position
MCU_stepper.set_position: calling _set_mcu_position
CartKinematicsABC: setting newpos=[0.0, 0.0, 150.0] on stepper: stepper_y
MCU_stepper.set_position: setting coord=[0.0, 0.0, 150.0] on stepper=stepper_y
MCU_stepper.set_position: calling itersolve_set_position
MCU_stepper.set_position: calling _set_mcu_position
CartKinematicsABC: setting newpos=[0.0, 0.0, 150.0] on stepper: stepper_z
MCU_stepper.set_position: setting coord=[0.0, 0.0, 150.0] on stepper=stepper_z
MCU_stepper.set_position: calling itersolve_set_position
MCU_stepper.set_position: calling _set_mcu_position
set_position (toolhead): setting ABC kinematic position.
set_position (toolhead): using newpos=[0.0, 0.0, 0.0] and kin_homing_axes=[]
set_kinematics_position: setting kinematic position with newpos=[0.0, 0.0, 0.0] and homing_axes=[]
CartKinematicsABC.set_position: setting kinematic position of 3 rails with newpos=[0.0, 0.0, 0.0] and homing_axes=[]
CartKinematicsABC: setting newpos=[0.0, 0.0, 0.0] on stepper: stepper_a
MCU_stepper.set_position: setting coord=[0.0, 0.0, 0.0] on stepper=stepper_a
MCU_stepper.set_position: calling itersolve_set_position
MCU_stepper.set_position: calling _set_mcu_position
CartKinematicsABC: setting newpos=[0.0, 0.0, 0.0] on stepper: stepper_b
MCU_stepper.set_position: setting coord=[0.0, 0.0, 0.0] on stepper=stepper_b
MCU_stepper.set_position: calling itersolve_set_position
MCU_stepper.set_position: calling _set_mcu_position
CartKinematicsABC: setting newpos=[0.0, 0.0, 0.0] on stepper: stepper_c
MCU_stepper.set_position: setting coord=[0.0, 0.0, 0.0] on stepper=stepper_c
MCU_stepper.set_position: calling itersolve_set_position
MCU_stepper.set_position: calling _set_mcu_position
gcode_move.reset_last_position: triggered.
gcode_move.reset_last_position: set self.last_position=[0.0, 0.0, 150.0, 0.0, 0.0, 0.0, 15.075000000000033]
homing.homing_move: endstop trigger position trigpos=[0.0, 0.0, 150.0, 0.0, 0.0, 0.0, 15.075000000000033]
homing.homing_move: toolhead position set to haltpos=[0.0, 0.0, 150.0, 0.0, 0.0, 0.0, 15.075000000000033]
homing.homing_move: homing move end.
check_no_movement with axes=None
gcode_move.reset_last_position: triggered.
gcode_move.reset_last_position: set self.last_position=[0.0, 0.0, 150.0, 0.0, 0.0, 0.0, 15.075000000000033]
homing.home_rails: finalized.
toolhead.abc_axes_to_xyz: input=4
toolhead.abc_axes_to_xyz: output=1
cartesian_abc._home_axis: homing axis=4 with forcepos=[None, None, None, None, 270.0, None, None] and homepos=[None, None, None, None, 0.0, None, None]
homing.home_rails: homing begins with forcepos=[None, None, None, None, 270.0, None, None] and movepos=[None, None, None, None, 0.0, None, None]
set_position (toolhead): setting newpos=[0.0, 0.0, 150.0, 0.0, 270.0, 0.0, 15.075000000000033] and homing_axes=b
set_position (toolhead): setting XYZ trapq position.
set_position (toolhead): using newpos=[0.0, 0.0, 150.0]
set_kin_trap_position: setting trapq pos to newpos=[0.0, 0.0, 150.0]
set_position (toolhead): setting ABC trapq position.
set_position (toolhead): using newpos=[0.0, 270.0, 0.0]
set_kin_trap_position: setting trapq pos to newpos=[0.0, 270.0, 0.0]
set_position (toolhead): setting E trapq pos.
toolhead.set_position_e: setting E to newpos=15.075000000000033.
PrinterExtruder.set_position: called with newpos_e=15.075000000000033 homing_axes=b and self.axis_idx=6.
ExtruderStepper.set_position: setting E to newpos=15.075000000000033.
MCU_stepper.set_position: setting coord=[15.075000000000033, 0.0, 0.0] on stepper=extruder
MCU_stepper.set_position: calling itersolve_set_position
MCU_stepper.set_position: calling _set_mcu_position
set_position (toolhead): setting XYZ kinematic position.
set_position (toolhead): using newpos=[0.0, 0.0, 150.0] and kin_homing_axes=[]
set_kinematics_position: setting kinematic position with newpos=[0.0, 0.0, 150.0] and homing_axes=[]
CartKinematicsABC.set_position: setting kinematic position of 3 rails with newpos=[0.0, 0.0, 150.0] and homing_axes=[]
CartKinematicsABC: setting newpos=[0.0, 0.0, 150.0] on stepper: stepper_x
MCU_stepper.set_position: setting coord=[0.0, 0.0, 150.0] on stepper=stepper_x
MCU_stepper.set_position: calling itersolve_set_position
MCU_stepper.set_position: calling _set_mcu_position
CartKinematicsABC: setting newpos=[0.0, 0.0, 150.0] on stepper: stepper_y
MCU_stepper.set_position: setting coord=[0.0, 0.0, 150.0] on stepper=stepper_y
MCU_stepper.set_position: calling itersolve_set_position
MCU_stepper.set_position: calling _set_mcu_position
CartKinematicsABC: setting newpos=[0.0, 0.0, 150.0] on stepper: stepper_z
MCU_stepper.set_position: setting coord=[0.0, 0.0, 150.0] on stepper=stepper_z
MCU_stepper.set_position: calling itersolve_set_position
MCU_stepper.set_position: calling _set_mcu_position
set_position (toolhead): setting ABC kinematic position.
set_position (toolhead): using newpos=[0.0, 270.0, 0.0] and kin_homing_axes=['b']
set_kinematics_position: setting kinematic position with newpos=[0.0, 270.0, 0.0] and homing_axes=['b']
CartKinematicsABC.set_position: setting kinematic position of 3 rails with newpos=[0.0, 270.0, 0.0] and homing_axes=['b']
CartKinematicsABC: setting newpos=[0.0, 270.0, 0.0] on stepper: stepper_a
MCU_stepper.set_position: setting coord=[0.0, 270.0, 0.0] on stepper=stepper_a
MCU_stepper.set_position: calling itersolve_set_position
MCU_stepper.set_position: calling _set_mcu_position
CartKinematicsABC: setting newpos=[0.0, 270.0, 0.0] on stepper: stepper_b
MCU_stepper.set_position: setting coord=[0.0, 270.0, 0.0] on stepper=stepper_b
MCU_stepper.set_position: calling itersolve_set_position
MCU_stepper.set_position: calling _set_mcu_position
CartKinematicsABC: setting newpos=[0.0, 270.0, 0.0] on stepper: stepper_c
MCU_stepper.set_position: setting coord=[0.0, 270.0, 0.0] on stepper=stepper_c
MCU_stepper.set_position: calling itersolve_set_position
MCU_stepper.set_position: calling _set_mcu_position
CartKinematicsABC: setting limits=(-180.0, 180.0) on stepper: stepper_b
gcode_move.reset_last_position: triggered.
gcode_move.reset_last_position: set self.last_position=[0.0, 0.0, 150.0, 0.0, 270.0, 0.0, 15.075000000000033]
homing.homing_move: homing move called, starting setup.
homing.StepperPosition: add stepper stepper_b to endstop b
homing.homing_move: homing move start.
homing.homing_move: dwell for HOMING_START_DELAY=0.001
homing.homing_move: issuing drip move at speed: 25.0
drip_move: sending move to the queue.
toolhead.move: processing move to newpos=[0.0, 0.0, 150.0, 0.0, 0.0, 0.0, 15.075000000000033] at speed=25.0
toolhead.move: moved_axes=[4] unconfigured_axes=[] self.axes=[0, 1, 2, 3, 4, 5, 6]
toolhead.move: moving to newpos=[0.0, 0.0, 150.0, 0.0, 0.0, 0.0, 15.075000000000033]
Move: setup with start_pos=[0.0, 0.0, 150.0, 0.0, 270.0, 0.0, 15.075000000000033] and end_pos=[0.0, 0.0, 150.0, 0.0, 0.0, 0.0, 15.075000000000033]
Move: setup with axes_d=[0.0, 0.0, 0.0, 0.0, -270.0, 0.0, 0.0] and move_d=270.0.
Move: scale acceleration from 3000.0 to 3000.0.
toolhead.move: check_move on XYZ move.
cartesian_abc.check_move: checking move ending on (0.0, 0.0, 150.0, 0.0, 0.0, 0.0, 15.075000000000033).
cartesian_abc.check_move: no Z axis in move.
toolhead.move: check_move on ABC move.
cartesian_abc.check_move: checking move ending on (0.0, 0.0, 150.0, 0.0, 0.0, 0.0, 15.075000000000033).
cartesian_abc.check_move: no Z axis in ABC kinematic.
MoveQueue.add_move: adding move.
drip_move: flushing move queue / transmitting move.
Move set_junction: function triggered.
Move set_junction: function end.
ToolHead _process_moves: function triggered.
ToolHead _process_moves: self.print_time=586.8946308169385
ToolHead _process_moves: next_move_time=586.8946308169385
toolhead._process_moves: appending move to XYZ trapq.
toolhead._process_moves: appending move to ABC trapq.
ToolHead _process_moves: calling _update_drip_move_time with next_move_time=597.7029641502718
drip_move: calling flush_step_generation / exit drip state.
homing.homing_move: waiting for endstop triggers.
homing.homing_move: calculating haltpos.
set_position (toolhead): setting newpos=[0.0, 0.0, 150.0, 0.0, 0.0, 0.0, 15.075000000000033] and homing_axes=
set_position (toolhead): setting XYZ trapq position.
set_position (toolhead): using newpos=[0.0, 0.0, 150.0]
set_kin_trap_position: setting trapq pos to newpos=[0.0, 0.0, 150.0]
set_position (toolhead): setting ABC trapq position.
set_position (toolhead): using newpos=[0.0, 0.0, 0.0]
set_kin_trap_position: setting trapq pos to newpos=[0.0, 0.0, 0.0]
set_position (toolhead): setting E trapq pos.
toolhead.set_position_e: setting E to newpos=15.075000000000033.
PrinterExtruder.set_position: called with newpos_e=15.075000000000033 homing_axes= and self.axis_idx=6.
ExtruderStepper.set_position: setting E to newpos=15.075000000000033.
MCU_stepper.set_position: setting coord=[15.075000000000033, 0.0, 0.0] on stepper=extruder
MCU_stepper.set_position: calling itersolve_set_position
MCU_stepper.set_position: calling _set_mcu_position
set_position (toolhead): setting XYZ kinematic position.
set_position (toolhead): using newpos=[0.0, 0.0, 150.0] and kin_homing_axes=[]
set_kinematics_position: setting kinematic position with newpos=[0.0, 0.0, 150.0] and homing_axes=[]
CartKinematicsABC.set_position: setting kinematic position of 3 rails with newpos=[0.0, 0.0, 150.0] and homing_axes=[]
CartKinematicsABC: setting newpos=[0.0, 0.0, 150.0] on stepper: stepper_x
MCU_stepper.set_position: setting coord=[0.0, 0.0, 150.0] on stepper=stepper_x
MCU_stepper.set_position: calling itersolve_set_position
MCU_stepper.set_position: calling _set_mcu_position
CartKinematicsABC: setting newpos=[0.0, 0.0, 150.0] on stepper: stepper_y
MCU_stepper.set_position: setting coord=[0.0, 0.0, 150.0] on stepper=stepper_y
MCU_stepper.set_position: calling itersolve_set_position
MCU_stepper.set_position: calling _set_mcu_position
CartKinematicsABC: setting newpos=[0.0, 0.0, 150.0] on stepper: stepper_z
MCU_stepper.set_position: setting coord=[0.0, 0.0, 150.0] on stepper=stepper_z
MCU_stepper.set_position: calling itersolve_set_position
MCU_stepper.set_position: calling _set_mcu_position
set_position (toolhead): setting ABC kinematic position.
set_position (toolhead): using newpos=[0.0, 0.0, 0.0] and kin_homing_axes=[]
set_kinematics_position: setting kinematic position with newpos=[0.0, 0.0, 0.0] and homing_axes=[]
CartKinematicsABC.set_position: setting kinematic position of 3 rails with newpos=[0.0, 0.0, 0.0] and homing_axes=[]
CartKinematicsABC: setting newpos=[0.0, 0.0, 0.0] on stepper: stepper_a
MCU_stepper.set_position: setting coord=[0.0, 0.0, 0.0] on stepper=stepper_a
MCU_stepper.set_position: calling itersolve_set_position
MCU_stepper.set_position: calling _set_mcu_position
CartKinematicsABC: setting newpos=[0.0, 0.0, 0.0] on stepper: stepper_b
MCU_stepper.set_position: setting coord=[0.0, 0.0, 0.0] on stepper=stepper_b
MCU_stepper.set_position: calling itersolve_set_position
MCU_stepper.set_position: calling _set_mcu_position
CartKinematicsABC: setting newpos=[0.0, 0.0, 0.0] on stepper: stepper_c
MCU_stepper.set_position: setting coord=[0.0, 0.0, 0.0] on stepper=stepper_c
MCU_stepper.set_position: calling itersolve_set_position
MCU_stepper.set_position: calling _set_mcu_position
gcode_move.reset_last_position: triggered.
gcode_move.reset_last_position: set self.last_position=[0.0, 0.0, 150.0, 0.0, 0.0, 0.0, 15.075000000000033]
homing.homing_move: endstop trigger position trigpos=[0.0, 0.0, 150.0, 0.0, 0.0, 0.0, 15.075000000000033]
homing.homing_move: toolhead position set to haltpos=[0.0, 0.0, 150.0, 0.0, 0.0, 0.0, 15.075000000000033]
homing.homing_move: homing move end.
homing.home_rails: setting up second home startpos=[0.0, 0.0, 150.0, 0.0, 270.0, 0.0, 15.075000000000033] and homepos=[0.0, 0.0, 150.0, 0.0, 0.0, 0.0, 15.075000000000033]
homing.home_rails: issuing retraction move to retractpos=[0.0, 0.0, 150.0, 0.0, 5.0, 0.0, 15.075000000000033]
toolhead.move: processing move to newpos=[0.0, 0.0, 150.0, 0.0, 5.0, 0.0, 15.075000000000033] at speed=25.0
toolhead.move: moved_axes=[4] unconfigured_axes=[] self.axes=[0, 1, 2, 3, 4, 5, 6]
toolhead.move: moving to newpos=[0.0, 0.0, 150.0, 0.0, 5.0, 0.0, 15.075000000000033]
Move: setup with start_pos=[0.0, 0.0, 150.0, 0.0, 0.0, 0.0, 15.075000000000033] and end_pos=[0.0, 0.0, 150.0, 0.0, 5.0, 0.0, 15.075000000000033]
Move: setup with axes_d=[0.0, 0.0, 0.0, 0.0, 5.0, 0.0, 0.0] and move_d=5.0.
Move: scale acceleration from 3000.0 to 3000.0.
toolhead.move: check_move on XYZ move.
cartesian_abc.check_move: checking move ending on (0.0, 0.0, 150.0, 0.0, 5.0, 0.0, 15.075000000000033).
cartesian_abc.check_move: no Z axis in move.
toolhead.move: check_move on ABC move.
cartesian_abc.check_move: checking move ending on (0.0, 0.0, 150.0, 0.0, 5.0, 0.0, 15.075000000000033).
cartesian_abc.check_move: no Z axis in ABC kinematic.
MoveQueue.add_move: adding move.
homing.home_rails: issuing second homing move with startpos=[0.0, 0.0, 150.0, 0.0, 10.0, 0.0, 15.075000000000033]
set_position (toolhead): setting newpos=[0.0, 0.0, 150.0, 0.0, 10.0, 0.0, 15.075000000000033] and homing_axes=
Move set_junction: function triggered.
Move set_junction: function end.
ToolHead _process_moves: function triggered.
ToolHead _process_moves: self.print_time=597.7059641502717
ToolHead _process_moves: next_move_time=597.7059641502717
toolhead._process_moves: appending move to XYZ trapq.
toolhead._process_moves: appending move to ABC trapq.
set_position (toolhead): setting XYZ trapq position.
set_position (toolhead): using newpos=[0.0, 0.0, 150.0]
set_kin_trap_position: setting trapq pos to newpos=[0.0, 0.0, 150.0]
set_position (toolhead): setting ABC trapq position.
set_position (toolhead): using newpos=[0.0, 10.0, 0.0]
set_kin_trap_position: setting trapq pos to newpos=[0.0, 10.0, 0.0]
set_position (toolhead): setting E trapq pos.
toolhead.set_position_e: setting E to newpos=15.075000000000033.
PrinterExtruder.set_position: called with newpos_e=15.075000000000033 homing_axes= and self.axis_idx=6.
ExtruderStepper.set_position: setting E to newpos=15.075000000000033.
MCU_stepper.set_position: setting coord=[15.075000000000033, 0.0, 0.0] on stepper=extruder
MCU_stepper.set_position: calling itersolve_set_position
MCU_stepper.set_position: calling _set_mcu_position
set_position (toolhead): setting XYZ kinematic position.
set_position (toolhead): using newpos=[0.0, 0.0, 150.0] and kin_homing_axes=[]
set_kinematics_position: setting kinematic position with newpos=[0.0, 0.0, 150.0] and homing_axes=[]
CartKinematicsABC.set_position: setting kinematic position of 3 rails with newpos=[0.0, 0.0, 150.0] and homing_axes=[]
CartKinematicsABC: setting newpos=[0.0, 0.0, 150.0] on stepper: stepper_x
MCU_stepper.set_position: setting coord=[0.0, 0.0, 150.0] on stepper=stepper_x
MCU_stepper.set_position: calling itersolve_set_position
MCU_stepper.set_position: calling _set_mcu_position
CartKinematicsABC: setting newpos=[0.0, 0.0, 150.0] on stepper: stepper_y
MCU_stepper.set_position: setting coord=[0.0, 0.0, 150.0] on stepper=stepper_y
MCU_stepper.set_position: calling itersolve_set_position
MCU_stepper.set_position: calling _set_mcu_position
CartKinematicsABC: setting newpos=[0.0, 0.0, 150.0] on stepper: stepper_z
MCU_stepper.set_position: setting coord=[0.0, 0.0, 150.0] on stepper=stepper_z
MCU_stepper.set_position: calling itersolve_set_position
MCU_stepper.set_position: calling _set_mcu_position
set_position (toolhead): setting ABC kinematic position.
set_position (toolhead): using newpos=[0.0, 10.0, 0.0] and kin_homing_axes=[]
set_kinematics_position: setting kinematic position with newpos=[0.0, 10.0, 0.0] and homing_axes=[]
CartKinematicsABC.set_position: setting kinematic position of 3 rails with newpos=[0.0, 10.0, 0.0] and homing_axes=[]
CartKinematicsABC: setting newpos=[0.0, 10.0, 0.0] on stepper: stepper_a
MCU_stepper.set_position: setting coord=[0.0, 10.0, 0.0] on stepper=stepper_a
MCU_stepper.set_position: calling itersolve_set_position
MCU_stepper.set_position: calling _set_mcu_position
CartKinematicsABC: setting newpos=[0.0, 10.0, 0.0] on stepper: stepper_b
MCU_stepper.set_position: setting coord=[0.0, 10.0, 0.0] on stepper=stepper_b
MCU_stepper.set_position: calling itersolve_set_position
MCU_stepper.set_position: calling _set_mcu_position
CartKinematicsABC: setting newpos=[0.0, 10.0, 0.0] on stepper: stepper_c
MCU_stepper.set_position: setting coord=[0.0, 10.0, 0.0] on stepper=stepper_c
MCU_stepper.set_position: calling itersolve_set_position
MCU_stepper.set_position: calling _set_mcu_position
gcode_move.reset_last_position: triggered.
gcode_move.reset_last_position: set self.last_position=[0.0, 0.0, 150.0, 0.0, 10.0, 0.0, 15.075000000000033]
homing.home_rails: starting second home startpos=[0.0, 0.0, 150.0, 0.0, 10.0, 0.0, 15.075000000000033] and homepos=[0.0, 0.0, 150.0, 0.0, 0.0, 0.0, 15.075000000000033]
homing.homing_move: homing move called, starting setup.
homing.StepperPosition: add stepper stepper_b to endstop b
homing.homing_move: homing move start.
homing.homing_move: dwell for HOMING_START_DELAY=0.001
homing.homing_move: issuing drip move at speed: 5.0
drip_move: sending move to the queue.
toolhead.move: processing move to newpos=[0.0, 0.0, 150.0, 0.0, 0.0, 0.0, 15.075000000000033] at speed=5.0
toolhead.move: moved_axes=[4] unconfigured_axes=[] self.axes=[0, 1, 2, 3, 4, 5, 6]
toolhead.move: moving to newpos=[0.0, 0.0, 150.0, 0.0, 0.0, 0.0, 15.075000000000033]
Move: setup with start_pos=[0.0, 0.0, 150.0, 0.0, 10.0, 0.0, 15.075000000000033] and end_pos=[0.0, 0.0, 150.0, 0.0, 0.0, 0.0, 15.075000000000033]
Move: setup with axes_d=[0.0, 0.0, 0.0, 0.0, -10.0, 0.0, 0.0] and move_d=10.0.
Move: scale acceleration from 3000.0 to 3000.0.
toolhead.move: check_move on XYZ move.
cartesian_abc.check_move: checking move ending on (0.0, 0.0, 150.0, 0.0, 0.0, 0.0, 15.075000000000033).
cartesian_abc.check_move: no Z axis in move.
toolhead.move: check_move on ABC move.
cartesian_abc.check_move: checking move ending on (0.0, 0.0, 150.0, 0.0, 0.0, 0.0, 15.075000000000033).
cartesian_abc.check_move: no Z axis in ABC kinematic.
MoveQueue.add_move: adding move.
drip_move: flushing move queue / transmitting move.
Move set_junction: function triggered.
Move set_junction: function end.
ToolHead _process_moves: function triggered.
ToolHead _process_moves: self.print_time=597.918297483605
ToolHead _process_moves: next_move_time=597.918297483605
toolhead._process_moves: appending move to XYZ trapq.
toolhead._process_moves: appending move to ABC trapq.
ToolHead _process_moves: calling _update_drip_move_time with next_move_time=599.9199641502717
drip_move: calling flush_step_generation / exit drip state.
homing.homing_move: waiting for endstop triggers.
homing.homing_move: calculating haltpos.
set_position (toolhead): setting newpos=[0.0, 0.0, 150.0, 0.0, 0.0, 0.0, 15.075000000000033] and homing_axes=
set_position (toolhead): setting XYZ trapq position.
set_position (toolhead): using newpos=[0.0, 0.0, 150.0]
set_kin_trap_position: setting trapq pos to newpos=[0.0, 0.0, 150.0]
set_position (toolhead): setting ABC trapq position.
set_position (toolhead): using newpos=[0.0, 0.0, 0.0]
set_kin_trap_position: setting trapq pos to newpos=[0.0, 0.0, 0.0]
set_position (toolhead): setting E trapq pos.
toolhead.set_position_e: setting E to newpos=15.075000000000033.
PrinterExtruder.set_position: called with newpos_e=15.075000000000033 homing_axes= and self.axis_idx=6.
ExtruderStepper.set_position: setting E to newpos=15.075000000000033.
MCU_stepper.set_position: setting coord=[15.075000000000033, 0.0, 0.0] on stepper=extruder
MCU_stepper.set_position: calling itersolve_set_position
MCU_stepper.set_position: calling _set_mcu_position
set_position (toolhead): setting XYZ kinematic position.
set_position (toolhead): using newpos=[0.0, 0.0, 150.0] and kin_homing_axes=[]
set_kinematics_position: setting kinematic position with newpos=[0.0, 0.0, 150.0] and homing_axes=[]
CartKinematicsABC.set_position: setting kinematic position of 3 rails with newpos=[0.0, 0.0, 150.0] and homing_axes=[]
CartKinematicsABC: setting newpos=[0.0, 0.0, 150.0] on stepper: stepper_x
MCU_stepper.set_position: setting coord=[0.0, 0.0, 150.0] on stepper=stepper_x
MCU_stepper.set_position: calling itersolve_set_position
MCU_stepper.set_position: calling _set_mcu_position
CartKinematicsABC: setting newpos=[0.0, 0.0, 150.0] on stepper: stepper_y
MCU_stepper.set_position: setting coord=[0.0, 0.0, 150.0] on stepper=stepper_y
MCU_stepper.set_position: calling itersolve_set_position
MCU_stepper.set_position: calling _set_mcu_position
CartKinematicsABC: setting newpos=[0.0, 0.0, 150.0] on stepper: stepper_z
MCU_stepper.set_position: setting coord=[0.0, 0.0, 150.0] on stepper=stepper_z
MCU_stepper.set_position: calling itersolve_set_position
MCU_stepper.set_position: calling _set_mcu_position
set_position (toolhead): setting ABC kinematic position.
set_position (toolhead): using newpos=[0.0, 0.0, 0.0] and kin_homing_axes=[]
set_kinematics_position: setting kinematic position with newpos=[0.0, 0.0, 0.0] and homing_axes=[]
CartKinematicsABC.set_position: setting kinematic position of 3 rails with newpos=[0.0, 0.0, 0.0] and homing_axes=[]
CartKinematicsABC: setting newpos=[0.0, 0.0, 0.0] on stepper: stepper_a
MCU_stepper.set_position: setting coord=[0.0, 0.0, 0.0] on stepper=stepper_a
MCU_stepper.set_position: calling itersolve_set_position
MCU_stepper.set_position: calling _set_mcu_position
CartKinematicsABC: setting newpos=[0.0, 0.0, 0.0] on stepper: stepper_b
MCU_stepper.set_position: setting coord=[0.0, 0.0, 0.0] on stepper=stepper_b
MCU_stepper.set_position: calling itersolve_set_position
MCU_stepper.set_position: calling _set_mcu_position
CartKinematicsABC: setting newpos=[0.0, 0.0, 0.0] on stepper: stepper_c
MCU_stepper.set_position: setting coord=[0.0, 0.0, 0.0] on stepper=stepper_c
MCU_stepper.set_position: calling itersolve_set_position
MCU_stepper.set_position: calling _set_mcu_position
gcode_move.reset_last_position: triggered.
gcode_move.reset_last_position: set self.last_position=[0.0, 0.0, 150.0, 0.0, 0.0, 0.0, 15.075000000000033]
homing.homing_move: endstop trigger position trigpos=[0.0, 0.0, 150.0, 0.0, 0.0, 0.0, 15.075000000000033]
homing.homing_move: toolhead position set to haltpos=[0.0, 0.0, 150.0, 0.0, 0.0, 0.0, 15.075000000000033]
homing.homing_move: homing move end.
check_no_movement with axes=None
gcode_move.reset_last_position: triggered.
gcode_move.reset_last_position: set self.last_position=[0.0, 0.0, 150.0, 0.0, 0.0, 0.0, 15.075000000000033]
homing.home_rails: finalized.
toolhead.abc_axes_to_xyz: input=5
toolhead.abc_axes_to_xyz: output=2
cartesian_abc._home_axis: homing axis=5 with forcepos=[None, None, None, None, None, 540.0, None] and homepos=[None, None, None, None, None, 0.0, None]
homing.home_rails: homing begins with forcepos=[None, None, None, None, None, 540.0, None] and movepos=[None, None, None, None, None, 0.0, None]
set_position (toolhead): setting newpos=[0.0, 0.0, 150.0, 0.0, 0.0, 540.0, 15.075000000000033] and homing_axes=c
set_position (toolhead): setting XYZ trapq position.
set_position (toolhead): using newpos=[0.0, 0.0, 150.0]
set_kin_trap_position: setting trapq pos to newpos=[0.0, 0.0, 150.0]
set_position (toolhead): setting ABC trapq position.
set_position (toolhead): using newpos=[0.0, 0.0, 540.0]
set_kin_trap_position: setting trapq pos to newpos=[0.0, 0.0, 540.0]
set_position (toolhead): setting E trapq pos.
toolhead.set_position_e: setting E to newpos=15.075000000000033.
PrinterExtruder.set_position: called with newpos_e=15.075000000000033 homing_axes=c and self.axis_idx=6.
ExtruderStepper.set_position: setting E to newpos=15.075000000000033.
MCU_stepper.set_position: setting coord=[15.075000000000033, 0.0, 0.0] on stepper=extruder
MCU_stepper.set_position: calling itersolve_set_position
MCU_stepper.set_position: calling _set_mcu_position
set_position (toolhead): setting XYZ kinematic position.
set_position (toolhead): using newpos=[0.0, 0.0, 150.0] and kin_homing_axes=[]
set_kinematics_position: setting kinematic position with newpos=[0.0, 0.0, 150.0] and homing_axes=[]
CartKinematicsABC.set_position: setting kinematic position of 3 rails with newpos=[0.0, 0.0, 150.0] and homing_axes=[]
CartKinematicsABC: setting newpos=[0.0, 0.0, 150.0] on stepper: stepper_x
MCU_stepper.set_position: setting coord=[0.0, 0.0, 150.0] on stepper=stepper_x
MCU_stepper.set_position: calling itersolve_set_position
MCU_stepper.set_position: calling _set_mcu_position
CartKinematicsABC: setting newpos=[0.0, 0.0, 150.0] on stepper: stepper_y
MCU_stepper.set_position: setting coord=[0.0, 0.0, 150.0] on stepper=stepper_y
MCU_stepper.set_position: calling itersolve_set_position
MCU_stepper.set_position: calling _set_mcu_position
CartKinematicsABC: setting newpos=[0.0, 0.0, 150.0] on stepper: stepper_z
MCU_stepper.set_position: setting coord=[0.0, 0.0, 150.0] on stepper=stepper_z
MCU_stepper.set_position: calling itersolve_set_position
MCU_stepper.set_position: calling _set_mcu_position
set_position (toolhead): setting ABC kinematic position.
set_position (toolhead): using newpos=[0.0, 0.0, 540.0] and kin_homing_axes=['c']
set_kinematics_position: setting kinematic position with newpos=[0.0, 0.0, 540.0] and homing_axes=['c']
CartKinematicsABC.set_position: setting kinematic position of 3 rails with newpos=[0.0, 0.0, 540.0] and homing_axes=['c']
CartKinematicsABC: setting newpos=[0.0, 0.0, 540.0] on stepper: stepper_a
MCU_stepper.set_position: setting coord=[0.0, 0.0, 540.0] on stepper=stepper_a
MCU_stepper.set_position: calling itersolve_set_position
MCU_stepper.set_position: calling _set_mcu_position
CartKinematicsABC: setting newpos=[0.0, 0.0, 540.0] on stepper: stepper_b
MCU_stepper.set_position: setting coord=[0.0, 0.0, 540.0] on stepper=stepper_b
MCU_stepper.set_position: calling itersolve_set_position
MCU_stepper.set_position: calling _set_mcu_position
CartKinematicsABC: setting newpos=[0.0, 0.0, 540.0] on stepper: stepper_c
MCU_stepper.set_position: setting coord=[0.0, 0.0, 540.0] on stepper=stepper_c
MCU_stepper.set_position: calling itersolve_set_position
MCU_stepper.set_position: calling _set_mcu_position
CartKinematicsABC: setting limits=(-360.0, 360.0) on stepper: stepper_c
gcode_move.reset_last_position: triggered.
gcode_move.reset_last_position: set self.last_position=[0.0, 0.0, 150.0, 0.0, 0.0, 540.0, 15.075000000000033]
homing.homing_move: homing move called, starting setup.
homing.StepperPosition: add stepper stepper_c to endstop c
homing.homing_move: homing move start.
homing.homing_move: dwell for HOMING_START_DELAY=0.001
homing.homing_move: issuing drip move at speed: 25.0
drip_move: sending move to the queue.
toolhead.move: processing move to newpos=[0.0, 0.0, 150.0, 0.0, 0.0, 0.0, 15.075000000000033] at speed=25.0
toolhead.move: moved_axes=[5] unconfigured_axes=[] self.axes=[0, 1, 2, 3, 4, 5, 6]
toolhead.move: moving to newpos=[0.0, 0.0, 150.0, 0.0, 0.0, 0.0, 15.075000000000033]
Move: setup with start_pos=[0.0, 0.0, 150.0, 0.0, 0.0, 540.0, 15.075000000000033] and end_pos=[0.0, 0.0, 150.0, 0.0, 0.0, 0.0, 15.075000000000033]
Move: setup with axes_d=[0.0, 0.0, 0.0, 0.0, 0.0, -540.0, 0.0] and move_d=540.0.
Move: scale acceleration from 3000.0 to 3000.0.
toolhead.move: check_move on XYZ move.
cartesian_abc.check_move: checking move ending on (0.0, 0.0, 150.0, 0.0, 0.0, 0.0, 15.075000000000033).
cartesian_abc.check_move: no Z axis in move.
toolhead.move: check_move on ABC move.
cartesian_abc.check_move: checking move ending on (0.0, 0.0, 150.0, 0.0, 0.0, 0.0, 15.075000000000033).
cartesian_abc.check_move: no Z axis in ABC kinematic.
MoveQueue.add_move: adding move.
drip_move: flushing move queue / transmitting move.
Move set_junction: function triggered.
Move set_junction: function end.
ToolHead _process_moves: function triggered.
ToolHead _process_moves: self.print_time=599.9249641502715
ToolHead _process_moves: next_move_time=599.9249641502715
toolhead._process_moves: appending move to XYZ trapq.
toolhead._process_moves: appending move to ABC trapq.
ToolHead _process_moves: calling _update_drip_move_time with next_move_time=621.5332974836049
drip_move: calling flush_step_generation / exit drip state.
homing.homing_move: waiting for endstop triggers.
homing.homing_move: calculating haltpos.
set_position (toolhead): setting newpos=[0.0, 0.0, 150.0, 0.0, 0.0, 0.0, 15.075000000000033] and homing_axes=
set_position (toolhead): setting XYZ trapq position.
set_position (toolhead): using newpos=[0.0, 0.0, 150.0]
set_kin_trap_position: setting trapq pos to newpos=[0.0, 0.0, 150.0]
set_position (toolhead): setting ABC trapq position.
set_position (toolhead): using newpos=[0.0, 0.0, 0.0]
set_kin_trap_position: setting trapq pos to newpos=[0.0, 0.0, 0.0]
set_position (toolhead): setting E trapq pos.
toolhead.set_position_e: setting E to newpos=15.075000000000033.
PrinterExtruder.set_position: called with newpos_e=15.075000000000033 homing_axes= and self.axis_idx=6.
ExtruderStepper.set_position: setting E to newpos=15.075000000000033.
MCU_stepper.set_position: setting coord=[15.075000000000033, 0.0, 0.0] on stepper=extruder
MCU_stepper.set_position: calling itersolve_set_position
MCU_stepper.set_position: calling _set_mcu_position
set_position (toolhead): setting XYZ kinematic position.
set_position (toolhead): using newpos=[0.0, 0.0, 150.0] and kin_homing_axes=[]
set_kinematics_position: setting kinematic position with newpos=[0.0, 0.0, 150.0] and homing_axes=[]
CartKinematicsABC.set_position: setting kinematic position of 3 rails with newpos=[0.0, 0.0, 150.0] and homing_axes=[]
CartKinematicsABC: setting newpos=[0.0, 0.0, 150.0] on stepper: stepper_x
MCU_stepper.set_position: setting coord=[0.0, 0.0, 150.0] on stepper=stepper_x
MCU_stepper.set_position: calling itersolve_set_position
MCU_stepper.set_position: calling _set_mcu_position
CartKinematicsABC: setting newpos=[0.0, 0.0, 150.0] on stepper: stepper_y
MCU_stepper.set_position: setting coord=[0.0, 0.0, 150.0] on stepper=stepper_y
MCU_stepper.set_position: calling itersolve_set_position
MCU_stepper.set_position: calling _set_mcu_position
CartKinematicsABC: setting newpos=[0.0, 0.0, 150.0] on stepper: stepper_z
MCU_stepper.set_position: setting coord=[0.0, 0.0, 150.0] on stepper=stepper_z
MCU_stepper.set_position: calling itersolve_set_position
MCU_stepper.set_position: calling _set_mcu_position
set_position (toolhead): setting ABC kinematic position.
set_position (toolhead): using newpos=[0.0, 0.0, 0.0] and kin_homing_axes=[]
set_kinematics_position: setting kinematic position with newpos=[0.0, 0.0, 0.0] and homing_axes=[]
CartKinematicsABC.set_position: setting kinematic position of 3 rails with newpos=[0.0, 0.0, 0.0] and homing_axes=[]
CartKinematicsABC: setting newpos=[0.0, 0.0, 0.0] on stepper: stepper_a
MCU_stepper.set_position: setting coord=[0.0, 0.0, 0.0] on stepper=stepper_a
MCU_stepper.set_position: calling itersolve_set_position
MCU_stepper.set_position: calling _set_mcu_position
CartKinematicsABC: setting newpos=[0.0, 0.0, 0.0] on stepper: stepper_b
MCU_stepper.set_position: setting coord=[0.0, 0.0, 0.0] on stepper=stepper_b
MCU_stepper.set_position: calling itersolve_set_position
MCU_stepper.set_position: calling _set_mcu_position
CartKinematicsABC: setting newpos=[0.0, 0.0, 0.0] on stepper: stepper_c
MCU_stepper.set_position: setting coord=[0.0, 0.0, 0.0] on stepper=stepper_c
MCU_stepper.set_position: calling itersolve_set_position
MCU_stepper.set_position: calling _set_mcu_position
gcode_move.reset_last_position: triggered.
gcode_move.reset_last_position: set self.last_position=[0.0, 0.0, 150.0, 0.0, 0.0, 0.0, 15.075000000000033]
homing.homing_move: endstop trigger position trigpos=[0.0, 0.0, 150.0, 0.0, 0.0, 0.0, 15.075000000000033]
homing.homing_move: toolhead position set to haltpos=[0.0, 0.0, 150.0, 0.0, 0.0, 0.0, 15.075000000000033]
homing.homing_move: homing move end.
homing.home_rails: setting up second home startpos=[0.0, 0.0, 150.0, 0.0, 0.0, 540.0, 15.075000000000033] and homepos=[0.0, 0.0, 150.0, 0.0, 0.0, 0.0, 15.075000000000033]
homing.home_rails: issuing retraction move to retractpos=[0.0, 0.0, 150.0, 0.0, 0.0, 5.0, 15.075000000000033]
toolhead.move: processing move to newpos=[0.0, 0.0, 150.0, 0.0, 0.0, 5.0, 15.075000000000033] at speed=25.0
toolhead.move: moved_axes=[5] unconfigured_axes=[] self.axes=[0, 1, 2, 3, 4, 5, 6]
toolhead.move: moving to newpos=[0.0, 0.0, 150.0, 0.0, 0.0, 5.0, 15.075000000000033]
Move: setup with start_pos=[0.0, 0.0, 150.0, 0.0, 0.0, 0.0, 15.075000000000033] and end_pos=[0.0, 0.0, 150.0, 0.0, 0.0, 5.0, 15.075000000000033]
Move: setup with axes_d=[0.0, 0.0, 0.0, 0.0, 0.0, 5.0, 0.0] and move_d=5.0.
Move: scale acceleration from 3000.0 to 3000.0.
toolhead.move: check_move on XYZ move.
cartesian_abc.check_move: checking move ending on (0.0, 0.0, 150.0, 0.0, 0.0, 5.0, 15.075000000000033).
cartesian_abc.check_move: no Z axis in move.
toolhead.move: check_move on ABC move.
cartesian_abc.check_move: checking move ending on (0.0, 0.0, 150.0, 0.0, 0.0, 5.0, 15.075000000000033).
cartesian_abc.check_move: no Z axis in ABC kinematic.
MoveQueue.add_move: adding move.
homing.home_rails: issuing second homing move with startpos=[0.0, 0.0, 150.0, 0.0, 0.0, 10.0, 15.075000000000033]
set_position (toolhead): setting newpos=[0.0, 0.0, 150.0, 0.0, 0.0, 10.0, 15.075000000000033] and homing_axes=
Move set_junction: function triggered.
Move set_junction: function end.
ToolHead _process_moves: function triggered.
ToolHead _process_moves: self.print_time=621.5362974836048
ToolHead _process_moves: next_move_time=621.5362974836048
toolhead._process_moves: appending move to XYZ trapq.
toolhead._process_moves: appending move to ABC trapq.
set_position (toolhead): setting XYZ trapq position.
set_position (toolhead): using newpos=[0.0, 0.0, 150.0]
set_kin_trap_position: setting trapq pos to newpos=[0.0, 0.0, 150.0]
set_position (toolhead): setting ABC trapq position.
set_position (toolhead): using newpos=[0.0, 0.0, 10.0]
set_kin_trap_position: setting trapq pos to newpos=[0.0, 0.0, 10.0]
set_position (toolhead): setting E trapq pos.
toolhead.set_position_e: setting E to newpos=15.075000000000033.
PrinterExtruder.set_position: called with newpos_e=15.075000000000033 homing_axes= and self.axis_idx=6.
ExtruderStepper.set_position: setting E to newpos=15.075000000000033.
MCU_stepper.set_position: setting coord=[15.075000000000033, 0.0, 0.0] on stepper=extruder
MCU_stepper.set_position: calling itersolve_set_position
MCU_stepper.set_position: calling _set_mcu_position
set_position (toolhead): setting XYZ kinematic position.
set_position (toolhead): using newpos=[0.0, 0.0, 150.0] and kin_homing_axes=[]
set_kinematics_position: setting kinematic position with newpos=[0.0, 0.0, 150.0] and homing_axes=[]
CartKinematicsABC.set_position: setting kinematic position of 3 rails with newpos=[0.0, 0.0, 150.0] and homing_axes=[]
CartKinematicsABC: setting newpos=[0.0, 0.0, 150.0] on stepper: stepper_x
MCU_stepper.set_position: setting coord=[0.0, 0.0, 150.0] on stepper=stepper_x
MCU_stepper.set_position: calling itersolve_set_position
MCU_stepper.set_position: calling _set_mcu_position
CartKinematicsABC: setting newpos=[0.0, 0.0, 150.0] on stepper: stepper_y
MCU_stepper.set_position: setting coord=[0.0, 0.0, 150.0] on stepper=stepper_y
MCU_stepper.set_position: calling itersolve_set_position
MCU_stepper.set_position: calling _set_mcu_position
CartKinematicsABC: setting newpos=[0.0, 0.0, 150.0] on stepper: stepper_z
MCU_stepper.set_position: setting coord=[0.0, 0.0, 150.0] on stepper=stepper_z
MCU_stepper.set_position: calling itersolve_set_position
MCU_stepper.set_position: calling _set_mcu_position
set_position (toolhead): setting ABC kinematic position.
set_position (toolhead): using newpos=[0.0, 0.0, 10.0] and kin_homing_axes=[]
set_kinematics_position: setting kinematic position with newpos=[0.0, 0.0, 10.0] and homing_axes=[]
CartKinematicsABC.set_position: setting kinematic position of 3 rails with newpos=[0.0, 0.0, 10.0] and homing_axes=[]
CartKinematicsABC: setting newpos=[0.0, 0.0, 10.0] on stepper: stepper_a
MCU_stepper.set_position: setting coord=[0.0, 0.0, 10.0] on stepper=stepper_a
MCU_stepper.set_position: calling itersolve_set_position
MCU_stepper.set_position: calling _set_mcu_position
CartKinematicsABC: setting newpos=[0.0, 0.0, 10.0] on stepper: stepper_b
MCU_stepper.set_position: setting coord=[0.0, 0.0, 10.0] on stepper=stepper_b
MCU_stepper.set_position: calling itersolve_set_position
MCU_stepper.set_position: calling _set_mcu_position
CartKinematicsABC: setting newpos=[0.0, 0.0, 10.0] on stepper: stepper_c
MCU_stepper.set_position: setting coord=[0.0, 0.0, 10.0] on stepper=stepper_c
MCU_stepper.set_position: calling itersolve_set_position
MCU_stepper.set_position: calling _set_mcu_position
gcode_move.reset_last_position: triggered.
gcode_move.reset_last_position: set self.last_position=[0.0, 0.0, 150.0, 0.0, 0.0, 10.0, 15.075000000000033]
homing.home_rails: starting second home startpos=[0.0, 0.0, 150.0, 0.0, 0.0, 10.0, 15.075000000000033] and homepos=[0.0, 0.0, 150.0, 0.0, 0.0, 0.0, 15.075000000000033]
homing.homing_move: homing move called, starting setup.
homing.StepperPosition: add stepper stepper_c to endstop c
homing.homing_move: homing move start.
homing.homing_move: dwell for HOMING_START_DELAY=0.001
homing.homing_move: issuing drip move at speed: 5.0
drip_move: sending move to the queue.
toolhead.move: processing move to newpos=[0.0, 0.0, 150.0, 0.0, 0.0, 0.0, 15.075000000000033] at speed=5.0
toolhead.move: moved_axes=[5] unconfigured_axes=[] self.axes=[0, 1, 2, 3, 4, 5, 6]
toolhead.move: moving to newpos=[0.0, 0.0, 150.0, 0.0, 0.0, 0.0, 15.075000000000033]
Move: setup with start_pos=[0.0, 0.0, 150.0, 0.0, 0.0, 10.0, 15.075000000000033] and end_pos=[0.0, 0.0, 150.0, 0.0, 0.0, 0.0, 15.075000000000033]
Move: setup with axes_d=[0.0, 0.0, 0.0, 0.0, 0.0, -10.0, 0.0] and move_d=10.0.
Move: scale acceleration from 3000.0 to 3000.0.
toolhead.move: check_move on XYZ move.
cartesian_abc.check_move: checking move ending on (0.0, 0.0, 150.0, 0.0, 0.0, 0.0, 15.075000000000033).
cartesian_abc.check_move: no Z axis in move.
toolhead.move: check_move on ABC move.
cartesian_abc.check_move: checking move ending on (0.0, 0.0, 150.0, 0.0, 0.0, 0.0, 15.075000000000033).
cartesian_abc.check_move: no Z axis in ABC kinematic.
MoveQueue.add_move: adding move.
drip_move: flushing move queue / transmitting move.
Move set_junction: function triggered.
Move set_junction: function end.
ToolHead _process_moves: function triggered.
ToolHead _process_moves: self.print_time=621.7486308169381
ToolHead _process_moves: next_move_time=621.7486308169381
toolhead._process_moves: appending move to XYZ trapq.
toolhead._process_moves: appending move to ABC trapq.
ToolHead _process_moves: calling _update_drip_move_time with next_move_time=623.7502974836048
drip_move: calling flush_step_generation / exit drip state.
homing.homing_move: waiting for endstop triggers.
homing.homing_move: calculating haltpos.
set_position (toolhead): setting newpos=[0.0, 0.0, 150.0, 0.0, 0.0, 0.0, 15.075000000000033] and homing_axes=
set_position (toolhead): setting XYZ trapq position.
set_position (toolhead): using newpos=[0.0, 0.0, 150.0]
set_kin_trap_position: setting trapq pos to newpos=[0.0, 0.0, 150.0]
set_position (toolhead): setting ABC trapq position.
set_position (toolhead): using newpos=[0.0, 0.0, 0.0]
set_kin_trap_position: setting trapq pos to newpos=[0.0, 0.0, 0.0]
set_position (toolhead): setting E trapq pos.
toolhead.set_position_e: setting E to newpos=15.075000000000033.
PrinterExtruder.set_position: called with newpos_e=15.075000000000033 homing_axes= and self.axis_idx=6.
ExtruderStepper.set_position: setting E to newpos=15.075000000000033.
MCU_stepper.set_position: setting coord=[15.075000000000033, 0.0, 0.0] on stepper=extruder
MCU_stepper.set_position: calling itersolve_set_position
MCU_stepper.set_position: calling _set_mcu_position
set_position (toolhead): setting XYZ kinematic position.
set_position (toolhead): using newpos=[0.0, 0.0, 150.0] and kin_homing_axes=[]
set_kinematics_position: setting kinematic position with newpos=[0.0, 0.0, 150.0] and homing_axes=[]
CartKinematicsABC.set_position: setting kinematic position of 3 rails with newpos=[0.0, 0.0, 150.0] and homing_axes=[]
CartKinematicsABC: setting newpos=[0.0, 0.0, 150.0] on stepper: stepper_x
MCU_stepper.set_position: setting coord=[0.0, 0.0, 150.0] on stepper=stepper_x
MCU_stepper.set_position: calling itersolve_set_position
MCU_stepper.set_position: calling _set_mcu_position
CartKinematicsABC: setting newpos=[0.0, 0.0, 150.0] on stepper: stepper_y
MCU_stepper.set_position: setting coord=[0.0, 0.0, 150.0] on stepper=stepper_y
MCU_stepper.set_position: calling itersolve_set_position
MCU_stepper.set_position: calling _set_mcu_position
CartKinematicsABC: setting newpos=[0.0, 0.0, 150.0] on stepper: stepper_z
MCU_stepper.set_position: setting coord=[0.0, 0.0, 150.0] on stepper=stepper_z
MCU_stepper.set_position: calling itersolve_set_position
MCU_stepper.set_position: calling _set_mcu_position
set_position (toolhead): setting ABC kinematic position.
set_position (toolhead): using newpos=[0.0, 0.0, 0.0] and kin_homing_axes=[]
set_kinematics_position: setting kinematic position with newpos=[0.0, 0.0, 0.0] and homing_axes=[]
CartKinematicsABC.set_position: setting kinematic position of 3 rails with newpos=[0.0, 0.0, 0.0] and homing_axes=[]
CartKinematicsABC: setting newpos=[0.0, 0.0, 0.0] on stepper: stepper_a
MCU_stepper.set_position: setting coord=[0.0, 0.0, 0.0] on stepper=stepper_a
MCU_stepper.set_position: calling itersolve_set_position
MCU_stepper.set_position: calling _set_mcu_position
CartKinematicsABC: setting newpos=[0.0, 0.0, 0.0] on stepper: stepper_b
MCU_stepper.set_position: setting coord=[0.0, 0.0, 0.0] on stepper=stepper_b
MCU_stepper.set_position: calling itersolve_set_position
MCU_stepper.set_position: calling _set_mcu_position
CartKinematicsABC: setting newpos=[0.0, 0.0, 0.0] on stepper: stepper_c
MCU_stepper.set_position: setting coord=[0.0, 0.0, 0.0] on stepper=stepper_c
MCU_stepper.set_position: calling itersolve_set_position
MCU_stepper.set_position: calling _set_mcu_position
gcode_move.reset_last_position: triggered.
gcode_move.reset_last_position: set self.last_position=[0.0, 0.0, 150.0, 0.0, 0.0, 0.0, 15.075000000000033]
homing.homing_move: endstop trigger position trigpos=[0.0, 0.0, 150.0, 0.0, 0.0, 0.0, 15.075000000000033]
homing.homing_move: toolhead position set to haltpos=[0.0, 0.0, 150.0, 0.0, 0.0, 0.0, 15.075000000000033]
homing.homing_move: homing move end.
check_no_movement with axes=None
gcode_move.reset_last_position: triggered.
gcode_move.reset_last_position: set self.last_position=[0.0, 0.0, 150.0, 0.0, 0.0, 0.0, 15.075000000000033]
homing.home_rails: finalized.
===== POSITION SUMMARY =====
Machine Mode: cnc
Axis Config: XYZABC (6 axes)
Position: X:0.000 Y:0.000 Z:150.000 A:0.000 B:0.000 C:0.000 E:15.075
Homed: X:✗ Y:✗ Z:✗ A:✗ B:✗ C:✗ X:✗ Y:✗ Z:✗ A:✗ B:✗ C:✗
Manual Steppers: None
Extruder Info:
  Temperature: 0.0°C (target: 0.0°C)
  Pressure Advance: 0.000000
  Smooth Time: 0.040000

===== DETAILED POSITIONS =====
mcu: XYZ: stepper_x:-38000 stepper_y:-35840 stepper_z:76000, ABC: stepper_a:-41800 stepper_b:-880000 stepper_c:-1744000
stepper: XYZ: stepper_x:0.000000 stepper_y:0.000000 stepper_z:150.000000, ABC: stepper_a:0.000000 stepper_b:0.000000 stepper_c:0.000000
kinematic: XYZ: X:0.000000 Y:0.000000 Z:150.000000, ABC: A:0.000000 B:0.000000 C:0.000000

===== COORDINATE SYSTEMS =====
toolhead: X:0.000000 Y:0.000000 Z:150.000000 A:0.000000 B:0.000000 C:0.000000 E:15.075000
gcode: X:0.000000 Y:0.000000 Z:150.000000 A:0.000000 B:0.000000 C:0.000000 E:15.075000
gcode base: X:0.000000 Y:0.000000 Z:0.000000 A:0.000000 B:0.000000 C:0.000000 E:0.000000
gcode homing: X:0.000000 Y:0.000000 Z:0.000000 A:0.000000 B:0.000000 C:0.000000 E:0.000000
MachineMode: Changed from cnc to cnc (tool_mode: spindle -> spindle)
Machine mode changed to cnc with tool_mode=spindle
Spindle Control: No PWM output configured
CNC M-Codes: M3 - Spindle CW at 12000 RPM
M3: Spindle CW at 12000 RPM
Spindle Control: No PWM output configured
CNC M-Codes: M5 - Spindle STOP
M5: Spindle STOP
MachineMode: Changed from cnc to cnc (tool_mode: spindle -> laser)
Machine mode changed to cnc with tool_mode=laser
Laser Control: No output_pin configured
CNC M-Codes: M3 - Laser ON at S75.0 (75.0%)
M3: Laser ON at S75.0
Laser Control: No output_pin configured
CNC M-Codes: M5 - Laser OFF
M5: Laser OFF
MachineMode: Changed from cnc to 3d_print
Machine mode changed to 3d_print
SET_KINEMATIC_POSITION: setting pos=[0.0, 0.0, 150.0, 0.0, 0.0, 0.0, 0.0] set_homed=XYZABCE clear_homed=
SET_KINEMATIC_POSITION: scanned axis_map={'X': 0, 'Y': 1, 'Z': 2, 'A': 3, 'B': 4, 'C': 5, 'E': 6} for commandline=SET_KINEMATIC_POSITION E=0
set_position (toolhead): setting newpos=[0.0, 0.0, 150.0, 0.0, 0.0, 0.0, 0.0] and homing_axes=XYZABCE
set_position (toolhead): setting XYZ trapq position.
set_position (toolhead): using newpos=[0.0, 0.0, 150.0]
set_kin_trap_position: setting trapq pos to newpos=[0.0, 0.0, 150.0]
set_position (toolhead): setting ABC trapq position.
set_position (toolhead): using newpos=[0.0, 0.0, 0.0]
set_kin_trap_position: setting trapq pos to newpos=[0.0, 0.0, 0.0]
set_position (toolhead): setting E trapq pos.
toolhead.set_position_e: setting E to newpos=0.0.
PrinterExtruder.set_position: called with newpos_e=0.0 homing_axes=xyzabce and self.axis_idx=6.
ExtruderStepper.set_position: setting E to newpos=0.0.
MCU_stepper.set_position: setting coord=[0.0, 0.0, 0.0] on stepper=extruder
MCU_stepper.set_position: calling itersolve_set_position
MCU_stepper.set_position: calling _set_mcu_position
set_position (toolhead): setting XYZ kinematic position.
set_position (toolhead): using newpos=[0.0, 0.0, 150.0] and kin_homing_axes=['x', 'y', 'z']
set_kinematics_position: setting kinematic position with newpos=[0.0, 0.0, 150.0] and homing_axes=['x', 'y', 'z']
CartKinematicsABC.set_position: setting kinematic position of 3 rails with newpos=[0.0, 0.0, 150.0] and homing_axes=['x', 'y', 'z']
CartKinematicsABC: setting newpos=[0.0, 0.0, 150.0] on stepper: stepper_x
MCU_stepper.set_position: setting coord=[0.0, 0.0, 150.0] on stepper=stepper_x
MCU_stepper.set_position: calling itersolve_set_position
MCU_stepper.set_position: calling _set_mcu_position
CartKinematicsABC: setting newpos=[0.0, 0.0, 150.0] on stepper: stepper_y
MCU_stepper.set_position: setting coord=[0.0, 0.0, 150.0] on stepper=stepper_y
MCU_stepper.set_position: calling itersolve_set_position
MCU_stepper.set_position: calling _set_mcu_position
CartKinematicsABC: setting newpos=[0.0, 0.0, 150.0] on stepper: stepper_z
MCU_stepper.set_position: setting coord=[0.0, 0.0, 150.0] on stepper=stepper_z
MCU_stepper.set_position: calling itersolve_set_position
MCU_stepper.set_position: calling _set_mcu_position
CartKinematicsABC: setting limits=(-1.0, 330.0) on stepper: stepper_x
CartKinematicsABC: setting limits=(-1.0, 312.0) on stepper: stepper_y
CartKinematicsABC: setting limits=(-20.0, 150.0) on stepper: stepper_z
set_position (toolhead): setting ABC kinematic position.
set_position (toolhead): using newpos=[0.0, 0.0, 0.0] and kin_homing_axes=['a', 'b', 'c']
set_kinematics_position: setting kinematic position with newpos=[0.0, 0.0, 0.0] and homing_axes=['a', 'b', 'c']
CartKinematicsABC.set_position: setting kinematic position of 3 rails with newpos=[0.0, 0.0, 0.0] and homing_axes=['a', 'b', 'c']
CartKinematicsABC: setting newpos=[0.0, 0.0, 0.0] on stepper: stepper_a
MCU_stepper.set_position: setting coord=[0.0, 0.0, 0.0] on stepper=stepper_a
MCU_stepper.set_position: calling itersolve_set_position
MCU_stepper.set_position: calling _set_mcu_position
CartKinematicsABC: setting newpos=[0.0, 0.0, 0.0] on stepper: stepper_b
MCU_stepper.set_position: setting coord=[0.0, 0.0, 0.0] on stepper=stepper_b
MCU_stepper.set_position: calling itersolve_set_position
MCU_stepper.set_position: calling _set_mcu_position
CartKinematicsABC: setting newpos=[0.0, 0.0, 0.0] on stepper: stepper_c
MCU_stepper.set_position: setting coord=[0.0, 0.0, 0.0] on stepper=stepper_c
MCU_stepper.set_position: calling itersolve_set_position
MCU_stepper.set_position: calling _set_mcu_position
CartKinematicsABC: setting limits=(-360.0, 360.0) on stepper: stepper_a
CartKinematicsABC: setting limits=(-180.0, 180.0) on stepper: stepper_b
CartKinematicsABC: setting limits=(-360.0, 360.0) on stepper: stepper_c
gcode_move.reset_last_position: triggered.
gcode_move.reset_last_position: set self.last_position=[0.0, 0.0, 150.0, 0.0, 0.0, 0.0, 0.0]
GCodeMove: G1 starting setup with params={'G': '1', 'E': '2', 'F': '50'}
GCodeMove: current G1 modes are absolute_coord=True and absolute_extrude=True
GCodeMove: parsed axis=E with value=2.0
GCodeMove: G1 moving to '[0.0, 0.0, 150.0, 0.0, 0.0, 0.0, 2.0]' at speed: 0.8333333333333334
toolhead.move: processing move to newpos=[0.0, 0.0, 150.0, 0.0, 0.0, 0.0, 2.0] at speed=0.8333333333333334
toolhead.move: moved_axes=[6] unconfigured_axes=[] self.axes=[0, 1, 2, 3, 4, 5, 6]
toolhead.move: moving to newpos=[0.0, 0.0, 150.0, 0.0, 0.0, 0.0, 2.0]
Move: setup with start_pos=[0.0, 0.0, 150.0, 0.0, 0.0, 0.0, 0.0] and end_pos=[0.0, 0.0, 150.0, 0.0, 0.0, 0.0, 2.0]
Move: setup with axes_d=[0.0, 0.0, 0.0, 0.0, 0.0, 0.0, 2.0] and move_d=0.0.
Move: acceleration set to 99999999.9.
toolhead.move: check_move on E move with displacement: 2.0
PrinterExtruder.check_move: retraction move or E-only move. Limiting move speed and acceleration.
extruder_stepper.check_move_limits: E stepper not home-able, skipping check on move ending on epos=2.0
MoveQueue.add_move: adding move.
MachineMode: Changed from 3d_print to cnc (tool_mode: laser -> spindle)
Machine mode changed to cnc with tool_mode=spindle
GCodeMove: G1 starting setup with params={'G': '1', 'X': '100', 'Y': '100', 'Z': '50', 'A': '0', 'B': '0', 'C': '0', 'F': '2000'}
GCodeMove: current G1 modes are absolute_coord=True and absolute_extrude=True
GCodeMove: parsed axis=X with value=100.0
GCodeMove: parsed axis=Y with value=100.0
GCodeMove: parsed axis=Z with value=50.0
GCodeMove: parsed axis=A with value=0.0
GCodeMove: parsed axis=B with value=0.0
GCodeMove: parsed axis=C with value=0.0
GCodeMove: G1 moving to '[100.0, 100.0, 50.0, 0.0, 0.0, 0.0, 2.0]' at speed: 33.333333333333336
toolhead.move: processing move to newpos=[100.0, 100.0, 50.0, 0.0, 0.0, 0.0, 2.0] at speed=33.333333333333336
toolhead.move: moved_axes=[0, 1, 2] unconfigured_axes=[] self.axes=[0, 1, 2, 3, 4, 5, 6]
toolhead.move: moving to newpos=[100.0, 100.0, 50.0, 0.0, 0.0, 0.0, 2.0]
Move: setup with start_pos=[0.0, 0.0, 150.0, 0.0, 0.0, 0.0, 2.0] and end_pos=[100.0, 100.0, 50.0, 0.0, 0.0, 0.0, 2.0]
Move: setup with axes_d=[100.0, 100.0, -100.0, 0.0, 0.0, 0.0, 0.0] and move_d=173.20508075688772.
Move: scale acceleration from 3000.0 to 1732.050807568877.
toolhead.move: check_move on XYZ move.
cartesian_abc.check_move: checking move ending on (100.0, 100.0, 50.0, 0.0, 0.0, 0.0, 2.0).
endstop check: triggered on XYZ/[0, 1, 2] move.
toolhead.move: check_move on ABC move.
cartesian_abc.check_move: checking move ending on (100.0, 100.0, 50.0, 0.0, 0.0, 0.0, 2.0).
cartesian_abc.check_move: no Z axis in ABC kinematic.
MoveQueue.add_move: adding move.
GCodeMove: G1 starting setup with params={'G': '1', 'X': '150', 'Y': '100', 'Z': '50', 'A': '30', 'B': '15', 'C': '45', 'F': '1500'}
GCodeMove: current G1 modes are absolute_coord=True and absolute_extrude=True
GCodeMove: parsed axis=X with value=150.0
GCodeMove: parsed axis=Y with value=100.0
GCodeMove: parsed axis=Z with value=50.0
GCodeMove: parsed axis=A with value=30.0
GCodeMove: parsed axis=B with value=15.0
GCodeMove: parsed axis=C with value=45.0
GCodeMove: G1 moving to '[150.0, 100.0, 50.0, 30.0, 15.0, 45.0, 2.0]' at speed: 25.0
toolhead.move: processing move to newpos=[150.0, 100.0, 50.0, 30.0, 15.0, 45.0, 2.0] at speed=25.0
toolhead.move: moved_axes=[0, 3, 4, 5] unconfigured_axes=[] self.axes=[0, 1, 2, 3, 4, 5, 6]
toolhead.move: moving to newpos=[150.0, 100.0, 50.0, 30.0, 15.0, 45.0, 2.0]
Move: setup with start_pos=[100.0, 100.0, 50.0, 0.0, 0.0, 0.0, 2.0] and end_pos=[150.0, 100.0, 50.0, 30.0, 15.0, 45.0, 2.0]
Move: setup with axes_d=[50.0, 0.0, 0.0, 30.0, 15.0, 45.0, 0.0] and move_d=75.16648189186454.
Move: scale acceleration from 3000.0 to 1610.71032625424.
toolhead.move: check_move on XYZ move.
cartesian_abc.check_move: checking move ending on (150.0, 100.0, 50.0, 30.0, 15.0, 45.0, 2.0).
cartesian_abc.check_move: no Z axis in move.
toolhead.move: check_move on ABC move.
cartesian_abc.check_move: checking move ending on (150.0, 100.0, 50.0, 30.0, 15.0, 45.0, 2.0).
cartesian_abc.check_move: no Z axis in ABC kinematic.
MoveQueue.add_move: adding move.
Move calc_junction: function triggered. Initial max_start_v2: 0.0
Move set_junction: function triggered.
Move set_junction: function end.
ToolHead _process_moves: function triggered.
ToolHead _process_moves: self.print_time=623.7542974836047
ToolHead _process_moves: next_move_time=623.7542974836047
toolhead._process_moves: appending move to XYZ trapq.
toolhead._process_moves: appending move to ABC trapq.
extruder: move.end_pos[-1]=2.0
GCodeMove: G1 starting setup with params={'G': '1', 'X': '150', 'Y': '150', 'Z': '50', 'A': '60', 'B': '30', 'C': '90', 'F': '1500'}
GCodeMove: current G1 modes are absolute_coord=True and absolute_extrude=True
GCodeMove: parsed axis=X with value=150.0
GCodeMove: parsed axis=Y with value=150.0
GCodeMove: parsed axis=Z with value=50.0
GCodeMove: parsed axis=A with value=60.0
GCodeMove: parsed axis=B with value=30.0
GCodeMove: parsed axis=C with value=90.0
GCodeMove: G1 moving to '[150.0, 150.0, 50.0, 60.0, 30.0, 90.0, 2.0]' at speed: 25.0
toolhead.move: processing move to newpos=[150.0, 150.0, 50.0, 60.0, 30.0, 90.0, 2.0] at speed=25.0
toolhead.move: moved_axes=[1, 3, 4, 5] unconfigured_axes=[] self.axes=[0, 1, 2, 3, 4, 5, 6]
toolhead.move: moving to newpos=[150.0, 150.0, 50.0, 60.0, 30.0, 90.0, 2.0]
Move: setup with start_pos=[150.0, 100.0, 50.0, 30.0, 15.0, 45.0, 2.0] and end_pos=[150.0, 150.0, 50.0, 60.0, 30.0, 90.0, 2.0]
Move: setup with axes_d=[0.0, 50.0, 0.0, 30.0, 15.0, 45.0, 0.0] and move_d=75.16648189186454.
Move: scale acceleration from 3000.0 to 1610.71032625424.
toolhead.move: check_move on XYZ move.
cartesian_abc.check_move: checking move ending on (150.0, 150.0, 50.0, 60.0, 30.0, 90.0, 2.0).
cartesian_abc.check_move: no Z axis in move.
toolhead.move: check_move on ABC move.
cartesian_abc.check_move: checking move ending on (150.0, 150.0, 50.0, 60.0, 30.0, 90.0, 2.0).
cartesian_abc.check_move: no Z axis in ABC kinematic.
MoveQueue.add_move: adding move.
Move calc_junction: function triggered. Initial max_start_v2: 0.0
Move set_junction: function triggered.
Move set_junction: function end.
ToolHead _process_moves: function triggered.
ToolHead _process_moves: next_move_time=626.162630816938
toolhead._process_moves: appending move to XYZ trapq.
toolhead._process_moves: appending move to ABC trapq.
GCodeMove: G1 starting setup with params={'G': '1', 'X': '100', 'Y': '150', 'Z': '50', 'A': '90', 'B': '45', 'C': '135', 'F': '1500'}
GCodeMove: current G1 modes are absolute_coord=True and absolute_extrude=True
GCodeMove: parsed axis=X with value=100.0
GCodeMove: parsed axis=Y with value=150.0
GCodeMove: parsed axis=Z with value=50.0
GCodeMove: parsed axis=A with value=90.0
GCodeMove: parsed axis=B with value=45.0
GCodeMove: parsed axis=C with value=135.0
GCodeMove: G1 moving to '[100.0, 150.0, 50.0, 90.0, 45.0, 135.0, 2.0]' at speed: 25.0
toolhead.move: processing move to newpos=[100.0, 150.0, 50.0, 90.0, 45.0, 135.0, 2.0] at speed=25.0
toolhead.move: moved_axes=[0, 3, 4, 5] unconfigured_axes=[] self.axes=[0, 1, 2, 3, 4, 5, 6]
toolhead.move: moving to newpos=[100.0, 150.0, 50.0, 90.0, 45.0, 135.0, 2.0]
Move: setup with start_pos=[150.0, 150.0, 50.0, 60.0, 30.0, 90.0, 2.0] and end_pos=[100.0, 150.0, 50.0, 90.0, 45.0, 135.0, 2.0]
Move: setup with axes_d=[-50.0, 0.0, 0.0, 30.0, 15.0, 45.0, 0.0] and move_d=75.16648189186454.
Move: scale acceleration from 3000.0 to 1610.71032625424.
toolhead.move: check_move on XYZ move.
cartesian_abc.check_move: checking move ending on (100.0, 150.0, 50.0, 90.0, 45.0, 135.0, 2.0).
cartesian_abc.check_move: no Z axis in move.
toolhead.move: check_move on ABC move.
cartesian_abc.check_move: checking move ending on (100.0, 150.0, 50.0, 90.0, 45.0, 135.0, 2.0).
cartesian_abc.check_move: no Z axis in ABC kinematic.
MoveQueue.add_move: adding move.
Move calc_junction: function triggered. Initial max_start_v2: 0.0
Move set_junction: function triggered.
Move set_junction: function end.
ToolHead _process_moves: function triggered.
ToolHead _process_moves: next_move_time=646.2036866430344
toolhead._process_moves: appending move to XYZ trapq.
toolhead._process_moves: appending move to ABC trapq.
GCodeMove: G1 starting setup with params={'G': '1', 'X': '100', 'Y': '100', 'Z': '50', 'A': '120', 'B': '60', 'C': '180', 'F': '1500'}
GCodeMove: current G1 modes are absolute_coord=True and absolute_extrude=True
GCodeMove: parsed axis=X with value=100.0
GCodeMove: parsed axis=Y with value=100.0
GCodeMove: parsed axis=Z with value=50.0
GCodeMove: parsed axis=A with value=120.0
GCodeMove: parsed axis=B with value=60.0
GCodeMove: parsed axis=C with value=180.0
GCodeMove: G1 moving to '[100.0, 100.0, 50.0, 120.0, 60.0, 180.0, 2.0]' at speed: 25.0
toolhead.move: processing move to newpos=[100.0, 100.0, 50.0, 120.0, 60.0, 180.0, 2.0] at speed=25.0
toolhead.move: moved_axes=[1, 3, 4, 5] unconfigured_axes=[] self.axes=[0, 1, 2, 3, 4, 5, 6]
toolhead.move: moving to newpos=[100.0, 100.0, 50.0, 120.0, 60.0, 180.0, 2.0]
Move: setup with start_pos=[100.0, 150.0, 50.0, 90.0, 45.0, 135.0, 2.0] and end_pos=[100.0, 100.0, 50.0, 120.0, 60.0, 180.0, 2.0]
Move: setup with axes_d=[0.0, -50.0, 0.0, 30.0, 15.0, 45.0, 0.0] and move_d=75.16648189186454.
Move: scale acceleration from 3000.0 to 1610.71032625424.
toolhead.move: check_move on XYZ move.
cartesian_abc.check_move: checking move ending on (100.0, 100.0, 50.0, 120.0, 60.0, 180.0, 2.0).
cartesian_abc.check_move: no Z axis in move.
toolhead.move: check_move on ABC move.
cartesian_abc.check_move: checking move ending on (100.0, 100.0, 50.0, 120.0, 60.0, 180.0, 2.0).
cartesian_abc.check_move: no Z axis in ABC kinematic.
MoveQueue.add_move: adding move.
Move calc_junction: function triggered. Initial max_start_v2: 0.0
Move set_junction: function triggered.
Move set_junction: function end.
ToolHead _process_moves: function triggered.
ToolHead _process_moves: next_move_time=649.221342876169
toolhead._process_moves: appending move to XYZ trapq.
toolhead._process_moves: appending move to ABC trapq.
Unknown command:"G2"
Unknown command error:"G2"
gcode_move.reset_last_position: triggered.
gcode_move.reset_last_position: set self.last_position=[100.0, 100.0, 50.0, 120.0, 60.0, 180.0, 2.0]
Unknown command:"G2"
Unknown command error:"G2"
gcode_move.reset_last_position: triggered.
gcode_move.reset_last_position: set self.last_position=[100.0, 100.0, 50.0, 120.0, 60.0, 180.0, 2.0]
MachineMode: Changed from cnc to cnc (tool_mode: spindle -> spindle)
Machine mode changed to cnc with tool_mode=spindle
GCodeMove: G1 starting setup with params={'G': '1', 'X': '50', 'Y': '50', 'Z': '50', 'A': '30', 'B': '30', 'C': '30', 'F': '1000'}
GCodeMove: current G1 modes are absolute_coord=True and absolute_extrude=True
GCodeMove: parsed axis=X with value=50.0
GCodeMove: parsed axis=Y with value=50.0
GCodeMove: parsed axis=Z with value=50.0
GCodeMove: parsed axis=A with value=30.0
GCodeMove: parsed axis=B with value=30.0
GCodeMove: parsed axis=C with value=30.0
GCodeMove: G1 moving to '[50.0, 50.0, 50.0, 30.0, 30.0, 30.0, 2.0]' at speed: 16.666666666666668
toolhead.move: processing move to newpos=[50.0, 50.0, 50.0, 30.0, 30.0, 30.0, 2.0] at speed=16.666666666666668
toolhead.move: moved_axes=[0, 1, 3, 4, 5] unconfigured_axes=[] self.axes=[0, 1, 2, 3, 4, 5, 6]
toolhead.move: moving to newpos=[50.0, 50.0, 50.0, 30.0, 30.0, 30.0, 2.0]
Move: setup with start_pos=[100.0, 100.0, 50.0, 120.0, 60.0, 180.0, 2.0] and end_pos=[50.0, 50.0, 50.0, 30.0, 30.0, 30.0, 2.0]
Move: setup with axes_d=[-50.0, -50.0, 0.0, -90.0, -30.0, -150.0, 0.0] and move_d=191.049731745428.
Move: scale acceleration from 3000.0 to 1549.0518790169835.
toolhead.move: check_move on XYZ move.
cartesian_abc.check_move: checking move ending on (50.0, 50.0, 50.0, 30.0, 30.0, 30.0, 2.0).
cartesian_abc.check_move: no Z axis in move.
toolhead.move: check_move on ABC move.
cartesian_abc.check_move: checking move ending on (50.0, 50.0, 50.0, 30.0, 30.0, 30.0, 2.0).
cartesian_abc.check_move: no Z axis in ABC kinematic.
MoveQueue.add_move: adding move.
Move calc_junction: function triggered. Initial max_start_v2: 0.0
Move set_junction: function triggered.
Move set_junction: function end.
ToolHead _process_moves: function triggered.
ToolHead _process_moves: next_move_time=652.2365371704619
toolhead._process_moves: appending move to XYZ trapq.
toolhead._process_moves: appending move to ABC trapq.
===== POSITION SUMMARY =====
Machine Mode: cnc
Axis Config: XYZABC (6 axes)
Position: X:50.000 Y:50.000 Z:50.000 A:30.000 B:30.000 C:30.000 E:2.000
Homed: X:✗ Y:✗ Z:✗ A:✗ B:✗ C:✗ X:✗ Y:✗ Z:✗ A:✗ B:✗ C:✗
Manual Steppers: None
Extruder Info:
  Temperature: 0.0°C (target: 0.0°C)
  Pressure Advance: 0.000000
  Smooth Time: 0.040000

===== DETAILED POSITIONS =====
mcu: XYZ: stepper_x:-34000 stepper_y:-29840 stepper_z:56000, ABC: stepper_a:-38200 stepper_b:-808002 stepper_c:-1528007
stepper: XYZ: stepper_x:100.000000 stepper_y:150.000000 stepper_z:50.000000, ABC: stepper_a:90.000000 stepper_b:44.998750 stepper_c:134.995625
kinematic: XYZ: X:100.000000 Y:150.000000 Z:50.000000, ABC: A:90.000000 B:44.998750 C:134.995625

===== COORDINATE SYSTEMS =====
toolhead: X:50.000000 Y:50.000000 Z:50.000000 A:30.000000 B:30.000000 C:30.000000 E:2.000000
gcode: X:50.000000 Y:50.000000 Z:50.000000 A:30.000000 B:30.000000 C:30.000000 E:2.000000
gcode base: X:0.000000 Y:0.000000 Z:0.000000 A:0.000000 B:0.000000 C:0.000000 E:0.000000
gcode homing: X:0.000000 Y:0.000000 Z:0.000000 A:0.000000 B:0.000000 C:0.000000 E:0.000000
MachineMode: Changed from cnc to 3d_print
Machine mode changed to 3d_print
Move set_junction: function triggered.
Move set_junction: function end.
Move set_junction: function triggered.
Move set_junction: function end.
ToolHead _process_moves: function triggered.
ToolHead _process_moves: next_move_time=655.2517314647548
toolhead._process_moves: appending move to XYZ trapq.
toolhead._process_moves: appending move to ABC trapq.
ToolHead _process_moves: next_move_time=658.2690695344551
toolhead._process_moves: appending move to XYZ trapq.
toolhead._process_moves: appending move to ABC trapq.
SET_KINEMATIC_POSITION: setting pos=[50.0, 50.0, 50.0, 30.0, 30.0, 30.0, 0.0] set_homed=XYZABCE clear_homed=
SET_KINEMATIC_POSITION: scanned axis_map={'X': 0, 'Y': 1, 'Z': 2, 'A': 3, 'B': 4, 'C': 5, 'E': 6} for commandline=SET_KINEMATIC_POSITION E=0
set_position (toolhead): setting newpos=[50.0, 50.0, 50.0, 30.0, 30.0, 30.0, 0.0] and homing_axes=XYZABCE
set_position (toolhead): setting XYZ trapq position.
set_position (toolhead): using newpos=[50.0, 50.0, 50.0]
set_kin_trap_position: setting trapq pos to newpos=[50.0, 50.0, 50.0]
set_position (toolhead): setting ABC trapq position.
set_position (toolhead): using newpos=[30.0, 30.0, 30.0]
set_kin_trap_position: setting trapq pos to newpos=[30.0, 30.0, 30.0]
set_position (toolhead): setting E trapq pos.
toolhead.set_position_e: setting E to newpos=0.0.
PrinterExtruder.set_position: called with newpos_e=0.0 homing_axes=xyzabce and self.axis_idx=6.
ExtruderStepper.set_position: setting E to newpos=0.0.
MCU_stepper.set_position: setting coord=[0.0, 0.0, 0.0] on stepper=extruder
MCU_stepper.set_position: calling itersolve_set_position
MCU_stepper.set_position: calling _set_mcu_position
set_position (toolhead): setting XYZ kinematic position.
set_position (toolhead): using newpos=[50.0, 50.0, 50.0] and kin_homing_axes=['x', 'y', 'z']
set_kinematics_position: setting kinematic position with newpos=[50.0, 50.0, 50.0] and homing_axes=['x', 'y', 'z']
CartKinematicsABC.set_position: setting kinematic position of 3 rails with newpos=[50.0, 50.0, 50.0] and homing_axes=['x', 'y', 'z']
CartKinematicsABC: setting newpos=[50.0, 50.0, 50.0] on stepper: stepper_x
MCU_stepper.set_position: setting coord=[50.0, 50.0, 50.0] on stepper=stepper_x
MCU_stepper.set_position: calling itersolve_set_position
MCU_stepper.set_position: calling _set_mcu_position
CartKinematicsABC: setting newpos=[50.0, 50.0, 50.0] on stepper: stepper_y
MCU_stepper.set_position: setting coord=[50.0, 50.0, 50.0] on stepper=stepper_y
MCU_stepper.set_position: calling itersolve_set_position
MCU_stepper.set_position: calling _set_mcu_position
CartKinematicsABC: setting newpos=[50.0, 50.0, 50.0] on stepper: stepper_z
MCU_stepper.set_position: setting coord=[50.0, 50.0, 50.0] on stepper=stepper_z
MCU_stepper.set_position: calling itersolve_set_position
MCU_stepper.set_position: calling _set_mcu_position
CartKinematicsABC: setting limits=(-1.0, 330.0) on stepper: stepper_x
CartKinematicsABC: setting limits=(-1.0, 312.0) on stepper: stepper_y
CartKinematicsABC: setting limits=(-20.0, 150.0) on stepper: stepper_z
set_position (toolhead): setting ABC kinematic position.
set_position (toolhead): using newpos=[30.0, 30.0, 30.0] and kin_homing_axes=['a', 'b', 'c']
set_kinematics_position: setting kinematic position with newpos=[30.0, 30.0, 30.0] and homing_axes=['a', 'b', 'c']
CartKinematicsABC.set_position: setting kinematic position of 3 rails with newpos=[30.0, 30.0, 30.0] and homing_axes=['a', 'b', 'c']
CartKinematicsABC: setting newpos=[30.0, 30.0, 30.0] on stepper: stepper_a
MCU_stepper.set_position: setting coord=[30.0, 30.0, 30.0] on stepper=stepper_a
MCU_stepper.set_position: calling itersolve_set_position
MCU_stepper.set_position: calling _set_mcu_position
CartKinematicsABC: setting newpos=[30.0, 30.0, 30.0] on stepper: stepper_b
MCU_stepper.set_position: setting coord=[30.0, 30.0, 30.0] on stepper=stepper_b
MCU_stepper.set_position: calling itersolve_set_position
MCU_stepper.set_position: calling _set_mcu_position
CartKinematicsABC: setting newpos=[30.0, 30.0, 30.0] on stepper: stepper_c
MCU_stepper.set_position: setting coord=[30.0, 30.0, 30.0] on stepper=stepper_c
MCU_stepper.set_position: calling itersolve_set_position
MCU_stepper.set_position: calling _set_mcu_position
CartKinematicsABC: setting limits=(-360.0, 360.0) on stepper: stepper_a
CartKinematicsABC: setting limits=(-180.0, 180.0) on stepper: stepper_b
CartKinematicsABC: setting limits=(-360.0, 360.0) on stepper: stepper_c
gcode_move.reset_last_position: triggered.
gcode_move.reset_last_position: set self.last_position=[50.0, 50.0, 50.0, 30.0, 30.0, 30.0, 0.0]
GCodeMove: G1 starting setup with params={'G': '1', 'X': '100', 'Y': '100', 'Z': '10', 'E': '5', 'F': '800'}
GCodeMove: current G1 modes are absolute_coord=True and absolute_extrude=True
GCodeMove: parsed axis=X with value=100.0
GCodeMove: parsed axis=Y with value=100.0
GCodeMove: parsed axis=Z with value=10.0
GCodeMove: parsed axis=E with value=5.0
GCodeMove: G1 moving to '[100.0, 100.0, 10.0, 30.0, 30.0, 30.0, 5.0]' at speed: 13.333333333333334
toolhead.move: processing move to newpos=[100.0, 100.0, 10.0, 30.0, 30.0, 30.0, 5.0] at speed=13.333333333333334
toolhead.move: moved_axes=[0, 1, 2, 6] unconfigured_axes=[] self.axes=[0, 1, 2, 3, 4, 5, 6]
toolhead.move: moving to newpos=[100.0, 100.0, 10.0, 30.0, 30.0, 30.0, 5.0]
Move: setup with start_pos=[50.0, 50.0, 50.0, 30.0, 30.0, 30.0, 0.0] and end_pos=[100.0, 100.0, 10.0, 30.0, 30.0, 30.0, 5.0]
Move: setup with axes_d=[50.0, 50.0, -40.0, 0.0, 0.0, 0.0, 5.0] and move_d=81.24038404635961.
Move: scale acceleration from 3000.0 to 1740.8653724219919.
toolhead.move: check_move on XYZ move.
cartesian_abc.check_move: checking move ending on (100.0, 100.0, 10.0, 30.0, 30.0, 30.0, 5.0).
endstop check: triggered on XYZ/[0, 1, 2] move.
toolhead.move: check_move on ABC move.
cartesian_abc.check_move: checking move ending on (100.0, 100.0, 10.0, 30.0, 30.0, 30.0, 5.0).
cartesian_abc.check_move: no Z axis in ABC kinematic.
toolhead.move: check_move on E move with displacement: 5.0
extruder_stepper.check_move_limits: E stepper not home-able, skipping check on move ending on epos=5.0
MoveQueue.add_move: adding move.
===== POSITION SUMMARY =====
Machine Mode: 3d_print
Axis Config: XYZABC (6 axes)
Position: X:100.000 Y:100.000 Z:10.000 A:30.000 B:30.000 C:30.000 E:5.000
Homed: X:✗ Y:✗ Z:✗ A:✗ B:✗ C:✗ X:✗ Y:✗ Z:✗ A:✗ B:✗ C:✗
Manual Steppers: None
Extruder Info:
  Temperature: 0.0°C (target: 0.0°C)
  Pressure Advance: 0.000000
  Smooth Time: 0.040000

===== DETAILED POSITIONS =====
mcu: XYZ: stepper_x:-36000 stepper_y:-33840 stepper_z:56000, ABC: stepper_a:-40600 stepper_b:-832000 stepper_c:-1696000
stepper: XYZ: stepper_x:50.000000 stepper_y:50.000000 stepper_z:50.000000, ABC: stepper_a:30.000000 stepper_b:30.000000 stepper_c:30.000000
kinematic: XYZ: X:50.000000 Y:50.000000 Z:50.000000, ABC: A:30.000000 B:30.000000 C:30.000000

===== COORDINATE SYSTEMS =====
toolhead: X:100.000000 Y:100.000000 Z:10.000000 A:30.000000 B:30.000000 C:30.000000 E:5.000000
gcode: X:100.000000 Y:100.000000 Z:10.000000 A:30.000000 B:30.000000 C:30.000000 E:5.000000
gcode base: X:0.000000 Y:0.000000 Z:0.000000 A:0.000000 B:0.000000 C:0.000000 E:0.000000
gcode homing: X:0.000000 Y:0.000000 Z:0.000000 A:0.000000 B:0.000000 C:0.000000 E:0.000000
MachineMode: Changed from 3d_print to cnc (tool_mode: spindle -> spindle)
Machine mode changed to cnc with tool_mode=spindle
PrinterHoming.cmd_G28: homing with command=G28
PrinterHoming.cmd_G28: no specific axes requested, homing axes=[0, 1, 2, 3, 4, 5]
PrinterHoming.cmd_G28: homing axes=[0, 1, 2, 3, 4, 5]
PrinterHoming.cmd_G28: checking if kin axes=[0, 1, 2] have been requested to home.
PrinterHoming.cmd_G28: homing ['X', 'Y', 'Z'] axes of the XYZ kinematic (axes: [0, 1, 2]).
PrinterHoming.home_axes: homing axis=['X', 'Y', 'Z']
cartesian_abc.home: homing axis changed_axes=[0, 1, 2]
toolhead.abc_axes_to_xyz: input=0
toolhead.abc_axes_to_xyz: output=0
cartesian_abc._home_axis: homing axis=0 with forcepos=[495.0, None, None, None, None, None, None] and homepos=[0.0, None, None, None, None, None, None]
homing.home_rails: homing begins with forcepos=[495.0, None, None, None, None, None, None] and movepos=[0.0, None, None, None, None, None, None]
set_position (toolhead): setting newpos=[495.0, 100.0, 10.0, 30.0, 30.0, 30.0, 5.0] and homing_axes=x
Move set_junction: function triggered.
Move set_junction: function end.
ToolHead _process_moves: function triggered.
ToolHead _process_moves: self.print_time=669.7434432054321
ToolHead _process_moves: next_move_time=669.7434432054321
toolhead._process_moves: appending move to XYZ trapq.
toolhead._process_moves: appending move to ABC trapq.
extruder: move.end_pos[-1]=5.0
set_position (toolhead): setting XYZ trapq position.
set_position (toolhead): using newpos=[495.0, 100.0, 10.0]
set_kin_trap_position: setting trapq pos to newpos=[495.0, 100.0, 10.0]
set_position (toolhead): setting ABC trapq position.
set_position (toolhead): using newpos=[30.0, 30.0, 30.0]
set_kin_trap_position: setting trapq pos to newpos=[30.0, 30.0, 30.0]
set_position (toolhead): setting E trapq pos.
toolhead.set_position_e: setting E to newpos=5.0.
PrinterExtruder.set_position: called with newpos_e=5.0 homing_axes=x and self.axis_idx=6.
ExtruderStepper.set_position: setting E to newpos=5.0.
MCU_stepper.set_position: setting coord=[5.0, 0.0, 0.0] on stepper=extruder
MCU_stepper.set_position: calling itersolve_set_position
MCU_stepper.set_position: calling _set_mcu_position
set_position (toolhead): setting XYZ kinematic position.
set_position (toolhead): using newpos=[495.0, 100.0, 10.0] and kin_homing_axes=['x']
set_kinematics_position: setting kinematic position with newpos=[495.0, 100.0, 10.0] and homing_axes=['x']
CartKinematicsABC.set_position: setting kinematic position of 3 rails with newpos=[495.0, 100.0, 10.0] and homing_axes=['x']
CartKinematicsABC: setting newpos=[495.0, 100.0, 10.0] on stepper: stepper_x
MCU_stepper.set_position: setting coord=[495.0, 100.0, 10.0] on stepper=stepper_x
MCU_stepper.set_position: calling itersolve_set_position
MCU_stepper.set_position: calling _set_mcu_position
CartKinematicsABC: setting newpos=[495.0, 100.0, 10.0] on stepper: stepper_y
MCU_stepper.set_position: setting coord=[495.0, 100.0, 10.0] on stepper=stepper_y
MCU_stepper.set_position: calling itersolve_set_position
MCU_stepper.set_position: calling _set_mcu_position
CartKinematicsABC: setting newpos=[495.0, 100.0, 10.0] on stepper: stepper_z
MCU_stepper.set_position: setting coord=[495.0, 100.0, 10.0] on stepper=stepper_z
MCU_stepper.set_position: calling itersolve_set_position
MCU_stepper.set_position: calling _set_mcu_position
CartKinematicsABC: setting limits=(-1.0, 330.0) on stepper: stepper_x
set_position (toolhead): setting ABC kinematic position.
set_position (toolhead): using newpos=[30.0, 30.0, 30.0] and kin_homing_axes=[]
set_kinematics_position: setting kinematic position with newpos=[30.0, 30.0, 30.0] and homing_axes=[]
CartKinematicsABC.set_position: setting kinematic position of 3 rails with newpos=[30.0, 30.0, 30.0] and homing_axes=[]
CartKinematicsABC: setting newpos=[30.0, 30.0, 30.0] on stepper: stepper_a
MCU_stepper.set_position: setting coord=[30.0, 30.0, 30.0] on stepper=stepper_a
MCU_stepper.set_position: calling itersolve_set_position
MCU_stepper.set_position: calling _set_mcu_position
CartKinematicsABC: setting newpos=[30.0, 30.0, 30.0] on stepper: stepper_b
MCU_stepper.set_position: setting coord=[30.0, 30.0, 30.0] on stepper=stepper_b
MCU_stepper.set_position: calling itersolve_set_position
MCU_stepper.set_position: calling _set_mcu_position
CartKinematicsABC: setting newpos=[30.0, 30.0, 30.0] on stepper: stepper_c
MCU_stepper.set_position: setting coord=[30.0, 30.0, 30.0] on stepper=stepper_c
MCU_stepper.set_position: calling itersolve_set_position
MCU_stepper.set_position: calling _set_mcu_position
gcode_move.reset_last_position: triggered.
gcode_move.reset_last_position: set self.last_position=[495.0, 100.0, 10.0, 30.0, 30.0, 30.0, 5.0]
homing.homing_move: homing move called, starting setup.
homing.StepperPosition: add stepper stepper_x to endstop x
homing.homing_move: homing move start.
homing.homing_move: dwell for HOMING_START_DELAY=0.001
homing.homing_move: issuing drip move at speed: 50.0
drip_move: sending move to the queue.
toolhead.move: processing move to newpos=[0.0, 100.0, 10.0, 30.0, 30.0, 30.0, 5.0] at speed=50.0
toolhead.move: moved_axes=[0] unconfigured_axes=[] self.axes=[0, 1, 2, 3, 4, 5, 6]
toolhead.move: moving to newpos=[0.0, 100.0, 10.0, 30.0, 30.0, 30.0, 5.0]
Move: setup with start_pos=[495.0, 100.0, 10.0, 30.0, 30.0, 30.0, 5.0] and end_pos=[0.0, 100.0, 10.0, 30.0, 30.0, 30.0, 5.0]
Move: setup with axes_d=[-495.0, 0.0, 0.0, 0.0, 0.0, 0.0, 0.0] and move_d=495.0.
Move: scale acceleration from 3000.0 to 3000.0.
toolhead.move: check_move on XYZ move.
cartesian_abc.check_move: checking move ending on (0.0, 100.0, 10.0, 30.0, 30.0, 30.0, 5.0).
cartesian_abc.check_move: no Z axis in move.
toolhead.move: check_move on ABC move.
cartesian_abc.check_move: checking move ending on (0.0, 100.0, 10.0, 30.0, 30.0, 30.0, 5.0).
cartesian_abc.check_move: no Z axis in ABC kinematic.
MoveQueue.add_move: adding move.
drip_move: flushing move queue / transmitting move.
Move set_junction: function triggered.
Move set_junction: function end.
ToolHead _process_moves: function triggered.
ToolHead _process_moves: self.print_time=677.7974432054319
ToolHead _process_moves: next_move_time=677.7974432054319
toolhead._process_moves: appending move to XYZ trapq.
toolhead._process_moves: appending move to ABC trapq.
ToolHead _process_moves: calling _update_drip_move_time with next_move_time=687.7141098720986
drip_move: calling flush_step_generation / exit drip state.
homing.homing_move: waiting for endstop triggers.
homing.homing_move: calculating haltpos.
set_position (toolhead): setting newpos=[0.0, 100.0, 10.0, 30.0, 30.0, 30.0, 5.0] and homing_axes=
set_position (toolhead): setting XYZ trapq position.
set_position (toolhead): using newpos=[0.0, 100.0, 10.0]
set_kin_trap_position: setting trapq pos to newpos=[0.0, 100.0, 10.0]
set_position (toolhead): setting ABC trapq position.
set_position (toolhead): using newpos=[30.0, 30.0, 30.0]
set_kin_trap_position: setting trapq pos to newpos=[30.0, 30.0, 30.0]
set_position (toolhead): setting E trapq pos.
toolhead.set_position_e: setting E to newpos=5.0.
PrinterExtruder.set_position: called with newpos_e=5.0 homing_axes= and self.axis_idx=6.
ExtruderStepper.set_position: setting E to newpos=5.0.
MCU_stepper.set_position: setting coord=[5.0, 0.0, 0.0] on stepper=extruder
MCU_stepper.set_position: calling itersolve_set_position
MCU_stepper.set_position: calling _set_mcu_position
set_position (toolhead): setting XYZ kinematic position.
set_position (toolhead): using newpos=[0.0, 100.0, 10.0] and kin_homing_axes=[]
set_kinematics_position: setting kinematic position with newpos=[0.0, 100.0, 10.0] and homing_axes=[]
CartKinematicsABC.set_position: setting kinematic position of 3 rails with newpos=[0.0, 100.0, 10.0] and homing_axes=[]
CartKinematicsABC: setting newpos=[0.0, 100.0, 10.0] on stepper: stepper_x
MCU_stepper.set_position: setting coord=[0.0, 100.0, 10.0] on stepper=stepper_x
MCU_stepper.set_position: calling itersolve_set_position
MCU_stepper.set_position: calling _set_mcu_position
CartKinematicsABC: setting newpos=[0.0, 100.0, 10.0] on stepper: stepper_y
MCU_stepper.set_position: setting coord=[0.0, 100.0, 10.0] on stepper=stepper_y
MCU_stepper.set_position: calling itersolve_set_position
MCU_stepper.set_position: calling _set_mcu_position
CartKinematicsABC: setting newpos=[0.0, 100.0, 10.0] on stepper: stepper_z
MCU_stepper.set_position: setting coord=[0.0, 100.0, 10.0] on stepper=stepper_z
MCU_stepper.set_position: calling itersolve_set_position
MCU_stepper.set_position: calling _set_mcu_position
set_position (toolhead): setting ABC kinematic position.
set_position (toolhead): using newpos=[30.0, 30.0, 30.0] and kin_homing_axes=[]
set_kinematics_position: setting kinematic position with newpos=[30.0, 30.0, 30.0] and homing_axes=[]
CartKinematicsABC.set_position: setting kinematic position of 3 rails with newpos=[30.0, 30.0, 30.0] and homing_axes=[]
CartKinematicsABC: setting newpos=[30.0, 30.0, 30.0] on stepper: stepper_a
MCU_stepper.set_position: setting coord=[30.0, 30.0, 30.0] on stepper=stepper_a
MCU_stepper.set_position: calling itersolve_set_position
MCU_stepper.set_position: calling _set_mcu_position
CartKinematicsABC: setting newpos=[30.0, 30.0, 30.0] on stepper: stepper_b
MCU_stepper.set_position: setting coord=[30.0, 30.0, 30.0] on stepper=stepper_b
MCU_stepper.set_position: calling itersolve_set_position
MCU_stepper.set_position: calling _set_mcu_position
CartKinematicsABC: setting newpos=[30.0, 30.0, 30.0] on stepper: stepper_c
MCU_stepper.set_position: setting coord=[30.0, 30.0, 30.0] on stepper=stepper_c
MCU_stepper.set_position: calling itersolve_set_position
MCU_stepper.set_position: calling _set_mcu_position
gcode_move.reset_last_position: triggered.
gcode_move.reset_last_position: set self.last_position=[0.0, 100.0, 10.0, 30.0, 30.0, 30.0, 5.0]
homing.homing_move: endstop trigger position trigpos=[0.0, 100.0, 10.0, 30.0, 30.0, 30.0, 5.0]
homing.homing_move: toolhead position set to haltpos=[0.0, 100.0, 10.0, 30.0, 30.0, 30.0, 5.0]
homing.homing_move: homing move end.
homing.home_rails: setting up second home startpos=[495.0, 100.0, 10.0, 30.0, 30.0, 30.0, 5.0] and homepos=[0.0, 100.0, 10.0, 30.0, 30.0, 30.0, 5.0]
homing.home_rails: issuing retraction move to retractpos=[5.0, 100.0, 10.0, 30.0, 30.0, 30.0, 5.0]
toolhead.move: processing move to newpos=[5.0, 100.0, 10.0, 30.0, 30.0, 30.0, 5.0] at speed=50.0
toolhead.move: moved_axes=[0] unconfigured_axes=[] self.axes=[0, 1, 2, 3, 4, 5, 6]
toolhead.move: moving to newpos=[5.0, 100.0, 10.0, 30.0, 30.0, 30.0, 5.0]
Move: setup with start_pos=[0.0, 100.0, 10.0, 30.0, 30.0, 30.0, 5.0] and end_pos=[5.0, 100.0, 10.0, 30.0, 30.0, 30.0, 5.0]
Move: setup with axes_d=[5.0, 0.0, 0.0, 0.0, 0.0, 0.0, 0.0] and move_d=5.0.
Move: scale acceleration from 3000.0 to 3000.0.
toolhead.move: check_move on XYZ move.
cartesian_abc.check_move: checking move ending on (5.0, 100.0, 10.0, 30.0, 30.0, 30.0, 5.0).
cartesian_abc.check_move: no Z axis in move.
toolhead.move: check_move on ABC move.
cartesian_abc.check_move: checking move ending on (5.0, 100.0, 10.0, 30.0, 30.0, 30.0, 5.0).
cartesian_abc.check_move: no Z axis in ABC kinematic.
MoveQueue.add_move: adding move.
homing.home_rails: issuing second homing move with startpos=[10.0, 100.0, 10.0, 30.0, 30.0, 30.0, 5.0]
set_position (toolhead): setting newpos=[10.0, 100.0, 10.0, 30.0, 30.0, 30.0, 5.0] and homing_axes=
Move set_junction: function triggered.
Move set_junction: function end.
ToolHead _process_moves: function triggered.
ToolHead _process_moves: self.print_time=687.7171098720985
ToolHead _process_moves: next_move_time=687.7171098720985
toolhead._process_moves: appending move to XYZ trapq.
toolhead._process_moves: appending move to ABC trapq.
set_position (toolhead): setting XYZ trapq position.
set_position (toolhead): using newpos=[10.0, 100.0, 10.0]
set_kin_trap_position: setting trapq pos to newpos=[10.0, 100.0, 10.0]
set_position (toolhead): setting ABC trapq position.
set_position (toolhead): using newpos=[30.0, 30.0, 30.0]
set_kin_trap_position: setting trapq pos to newpos=[30.0, 30.0, 30.0]
set_position (toolhead): setting E trapq pos.
toolhead.set_position_e: setting E to newpos=5.0.
PrinterExtruder.set_position: called with newpos_e=5.0 homing_axes= and self.axis_idx=6.
ExtruderStepper.set_position: setting E to newpos=5.0.
MCU_stepper.set_position: setting coord=[5.0, 0.0, 0.0] on stepper=extruder
MCU_stepper.set_position: calling itersolve_set_position
MCU_stepper.set_position: calling _set_mcu_position
set_position (toolhead): setting XYZ kinematic position.
set_position (toolhead): using newpos=[10.0, 100.0, 10.0] and kin_homing_axes=[]
set_kinematics_position: setting kinematic position with newpos=[10.0, 100.0, 10.0] and homing_axes=[]
CartKinematicsABC.set_position: setting kinematic position of 3 rails with newpos=[10.0, 100.0, 10.0] and homing_axes=[]
CartKinematicsABC: setting newpos=[10.0, 100.0, 10.0] on stepper: stepper_x
MCU_stepper.set_position: setting coord=[10.0, 100.0, 10.0] on stepper=stepper_x
MCU_stepper.set_position: calling itersolve_set_position
MCU_stepper.set_position: calling _set_mcu_position
CartKinematicsABC: setting newpos=[10.0, 100.0, 10.0] on stepper: stepper_y
MCU_stepper.set_position: setting coord=[10.0, 100.0, 10.0] on stepper=stepper_y
MCU_stepper.set_position: calling itersolve_set_position
MCU_stepper.set_position: calling _set_mcu_position
CartKinematicsABC: setting newpos=[10.0, 100.0, 10.0] on stepper: stepper_z
MCU_stepper.set_position: setting coord=[10.0, 100.0, 10.0] on stepper=stepper_z
MCU_stepper.set_position: calling itersolve_set_position
MCU_stepper.set_position: calling _set_mcu_position
set_position (toolhead): setting ABC kinematic position.
set_position (toolhead): using newpos=[30.0, 30.0, 30.0] and kin_homing_axes=[]
set_kinematics_position: setting kinematic position with newpos=[30.0, 30.0, 30.0] and homing_axes=[]
CartKinematicsABC.set_position: setting kinematic position of 3 rails with newpos=[30.0, 30.0, 30.0] and homing_axes=[]
CartKinematicsABC: setting newpos=[30.0, 30.0, 30.0] on stepper: stepper_a
MCU_stepper.set_position: setting coord=[30.0, 30.0, 30.0] on stepper=stepper_a
MCU_stepper.set_position: calling itersolve_set_position
MCU_stepper.set_position: calling _set_mcu_position
CartKinematicsABC: setting newpos=[30.0, 30.0, 30.0] on stepper: stepper_b
MCU_stepper.set_position: setting coord=[30.0, 30.0, 30.0] on stepper=stepper_b
MCU_stepper.set_position: calling itersolve_set_position
MCU_stepper.set_position: calling _set_mcu_position
CartKinematicsABC: setting newpos=[30.0, 30.0, 30.0] on stepper: stepper_c
MCU_stepper.set_position: setting coord=[30.0, 30.0, 30.0] on stepper=stepper_c
MCU_stepper.set_position: calling itersolve_set_position
MCU_stepper.set_position: calling _set_mcu_position
gcode_move.reset_last_position: triggered.
gcode_move.reset_last_position: set self.last_position=[10.0, 100.0, 10.0, 30.0, 30.0, 30.0, 5.0]
homing.home_rails: starting second home startpos=[10.0, 100.0, 10.0, 30.0, 30.0, 30.0, 5.0] and homepos=[0.0, 100.0, 10.0, 30.0, 30.0, 30.0, 5.0]
homing.homing_move: homing move called, starting setup.
homing.StepperPosition: add stepper stepper_x to endstop x
homing.homing_move: homing move start.
homing.homing_move: dwell for HOMING_START_DELAY=0.001
homing.homing_move: issuing drip move at speed: 10.0
drip_move: sending move to the queue.
toolhead.move: processing move to newpos=[0.0, 100.0, 10.0, 30.0, 30.0, 30.0, 5.0] at speed=10.0
toolhead.move: moved_axes=[0] unconfigured_axes=[] self.axes=[0, 1, 2, 3, 4, 5, 6]
toolhead.move: moving to newpos=[0.0, 100.0, 10.0, 30.0, 30.0, 30.0, 5.0]
Move: setup with start_pos=[10.0, 100.0, 10.0, 30.0, 30.0, 30.0, 5.0] and end_pos=[0.0, 100.0, 10.0, 30.0, 30.0, 30.0, 5.0]
Move: setup with axes_d=[-10.0, 0.0, 0.0, 0.0, 0.0, 0.0, 0.0] and move_d=10.0.
Move: scale acceleration from 3000.0 to 3000.0.
toolhead.move: check_move on XYZ move.
cartesian_abc.check_move: checking move ending on (0.0, 100.0, 10.0, 30.0, 30.0, 30.0, 5.0).
cartesian_abc.check_move: no Z axis in move.
toolhead.move: check_move on ABC move.
cartesian_abc.check_move: checking move ending on (0.0, 100.0, 10.0, 30.0, 30.0, 30.0, 5.0).
cartesian_abc.check_move: no Z axis in ABC kinematic.
MoveQueue.add_move: adding move.
drip_move: flushing move queue / transmitting move.
Move set_junction: function triggered.
Move set_junction: function end.
ToolHead _process_moves: function triggered.
ToolHead _process_moves: self.print_time=687.8377765387651
ToolHead _process_moves: next_move_time=687.8377765387651
toolhead._process_moves: appending move to XYZ trapq.
toolhead._process_moves: appending move to ABC trapq.
ToolHead _process_moves: calling _update_drip_move_time with next_move_time=688.8411098720984
drip_move: calling flush_step_generation / exit drip state.
homing.homing_move: waiting for endstop triggers.
homing.homing_move: calculating haltpos.
set_position (toolhead): setting newpos=[0.0, 100.0, 10.0, 30.0, 30.0, 30.0, 5.0] and homing_axes=
set_position (toolhead): setting XYZ trapq position.
set_position (toolhead): using newpos=[0.0, 100.0, 10.0]
set_kin_trap_position: setting trapq pos to newpos=[0.0, 100.0, 10.0]
set_position (toolhead): setting ABC trapq position.
set_position (toolhead): using newpos=[30.0, 30.0, 30.0]
set_kin_trap_position: setting trapq pos to newpos=[30.0, 30.0, 30.0]
set_position (toolhead): setting E trapq pos.
toolhead.set_position_e: setting E to newpos=5.0.
PrinterExtruder.set_position: called with newpos_e=5.0 homing_axes= and self.axis_idx=6.
ExtruderStepper.set_position: setting E to newpos=5.0.
MCU_stepper.set_position: setting coord=[5.0, 0.0, 0.0] on stepper=extruder
MCU_stepper.set_position: calling itersolve_set_position
MCU_stepper.set_position: calling _set_mcu_position
set_position (toolhead): setting XYZ kinematic position.
set_position (toolhead): using newpos=[0.0, 100.0, 10.0] and kin_homing_axes=[]
set_kinematics_position: setting kinematic position with newpos=[0.0, 100.0, 10.0] and homing_axes=[]
CartKinematicsABC.set_position: setting kinematic position of 3 rails with newpos=[0.0, 100.0, 10.0] and homing_axes=[]
CartKinematicsABC: setting newpos=[0.0, 100.0, 10.0] on stepper: stepper_x
MCU_stepper.set_position: setting coord=[0.0, 100.0, 10.0] on stepper=stepper_x
MCU_stepper.set_position: calling itersolve_set_position
MCU_stepper.set_position: calling _set_mcu_position
CartKinematicsABC: setting newpos=[0.0, 100.0, 10.0] on stepper: stepper_y
MCU_stepper.set_position: setting coord=[0.0, 100.0, 10.0] on stepper=stepper_y
MCU_stepper.set_position: calling itersolve_set_position
MCU_stepper.set_position: calling _set_mcu_position
CartKinematicsABC: setting newpos=[0.0, 100.0, 10.0] on stepper: stepper_z
MCU_stepper.set_position: setting coord=[0.0, 100.0, 10.0] on stepper=stepper_z
MCU_stepper.set_position: calling itersolve_set_position
MCU_stepper.set_position: calling _set_mcu_position
set_position (toolhead): setting ABC kinematic position.
set_position (toolhead): using newpos=[30.0, 30.0, 30.0] and kin_homing_axes=[]
set_kinematics_position: setting kinematic position with newpos=[30.0, 30.0, 30.0] and homing_axes=[]
CartKinematicsABC.set_position: setting kinematic position of 3 rails with newpos=[30.0, 30.0, 30.0] and homing_axes=[]
CartKinematicsABC: setting newpos=[30.0, 30.0, 30.0] on stepper: stepper_a
MCU_stepper.set_position: setting coord=[30.0, 30.0, 30.0] on stepper=stepper_a
MCU_stepper.set_position: calling itersolve_set_position
MCU_stepper.set_position: calling _set_mcu_position
CartKinematicsABC: setting newpos=[30.0, 30.0, 30.0] on stepper: stepper_b
MCU_stepper.set_position: setting coord=[30.0, 30.0, 30.0] on stepper=stepper_b
MCU_stepper.set_position: calling itersolve_set_position
MCU_stepper.set_position: calling _set_mcu_position
CartKinematicsABC: setting newpos=[30.0, 30.0, 30.0] on stepper: stepper_c
MCU_stepper.set_position: setting coord=[30.0, 30.0, 30.0] on stepper=stepper_c
MCU_stepper.set_position: calling itersolve_set_position
MCU_stepper.set_position: calling _set_mcu_position
gcode_move.reset_last_position: triggered.
gcode_move.reset_last_position: set self.last_position=[0.0, 100.0, 10.0, 30.0, 30.0, 30.0, 5.0]
homing.homing_move: endstop trigger position trigpos=[0.0, 100.0, 10.0, 30.0, 30.0, 30.0, 5.0]
homing.homing_move: toolhead position set to haltpos=[0.0, 100.0, 10.0, 30.0, 30.0, 30.0, 5.0]
homing.homing_move: homing move end.
check_no_movement with axes=None
gcode_move.reset_last_position: triggered.
gcode_move.reset_last_position: set self.last_position=[0.0, 100.0, 10.0, 30.0, 30.0, 30.0, 5.0]
homing.home_rails: finalized.
toolhead.abc_axes_to_xyz: input=1
toolhead.abc_axes_to_xyz: output=1
cartesian_abc._home_axis: homing axis=1 with forcepos=[None, 468.0, None, None, None, None, None] and homepos=[None, 0.0, None, None, None, None, None]
homing.home_rails: homing begins with forcepos=[None, 468.0, None, None, None, None, None] and movepos=[None, 0.0, None, None, None, None, None]
set_position (toolhead): setting newpos=[0.0, 468.0, 10.0, 30.0, 30.0, 30.0, 5.0] and homing_axes=y
set_position (toolhead): setting XYZ trapq position.
set_position (toolhead): using newpos=[0.0, 468.0, 10.0]
set_kin_trap_position: setting trapq pos to newpos=[0.0, 468.0, 10.0]
set_position (toolhead): setting ABC trapq position.
set_position (toolhead): using newpos=[30.0, 30.0, 30.0]
set_kin_trap_position: setting trapq pos to newpos=[30.0, 30.0, 30.0]
set_position (toolhead): setting E trapq pos.
toolhead.set_position_e: setting E to newpos=5.0.
PrinterExtruder.set_position: called with newpos_e=5.0 homing_axes=y and self.axis_idx=6.
ExtruderStepper.set_position: setting E to newpos=5.0.
MCU_stepper.set_position: setting coord=[5.0, 0.0, 0.0] on stepper=extruder
MCU_stepper.set_position: calling itersolve_set_position
MCU_stepper.set_position: calling _set_mcu_position
set_position (toolhead): setting XYZ kinematic position.
set_position (toolhead): using newpos=[0.0, 468.0, 10.0] and kin_homing_axes=['y']
set_kinematics_position: setting kinematic position with newpos=[0.0, 468.0, 10.0] and homing_axes=['y']
CartKinematicsABC.set_position: setting kinematic position of 3 rails with newpos=[0.0, 468.0, 10.0] and homing_axes=['y']
CartKinematicsABC: setting newpos=[0.0, 468.0, 10.0] on stepper: stepper_x
MCU_stepper.set_position: setting coord=[0.0, 468.0, 10.0] on stepper=stepper_x
MCU_stepper.set_position: calling itersolve_set_position
MCU_stepper.set_position: calling _set_mcu_position
CartKinematicsABC: setting newpos=[0.0, 468.0, 10.0] on stepper: stepper_y
MCU_stepper.set_position: setting coord=[0.0, 468.0, 10.0] on stepper=stepper_y
MCU_stepper.set_position: calling itersolve_set_position
MCU_stepper.set_position: calling _set_mcu_position
CartKinematicsABC: setting newpos=[0.0, 468.0, 10.0] on stepper: stepper_z
MCU_stepper.set_position: setting coord=[0.0, 468.0, 10.0] on stepper=stepper_z
MCU_stepper.set_position: calling itersolve_set_position
MCU_stepper.set_position: calling _set_mcu_position
CartKinematicsABC: setting limits=(-1.0, 312.0) on stepper: stepper_y
set_position (toolhead): setting ABC kinematic position.
set_position (toolhead): using newpos=[30.0, 30.0, 30.0] and kin_homing_axes=[]
set_kinematics_position: setting kinematic position with newpos=[30.0, 30.0, 30.0] and homing_axes=[]
CartKinematicsABC.set_position: setting kinematic position of 3 rails with newpos=[30.0, 30.0, 30.0] and homing_axes=[]
CartKinematicsABC: setting newpos=[30.0, 30.0, 30.0] on stepper: stepper_a
MCU_stepper.set_position: setting coord=[30.0, 30.0, 30.0] on stepper=stepper_a
MCU_stepper.set_position: calling itersolve_set_position
MCU_stepper.set_position: calling _set_mcu_position
CartKinematicsABC: setting newpos=[30.0, 30.0, 30.0] on stepper: stepper_b
MCU_stepper.set_position: setting coord=[30.0, 30.0, 30.0] on stepper=stepper_b
MCU_stepper.set_position: calling itersolve_set_position
MCU_stepper.set_position: calling _set_mcu_position
CartKinematicsABC: setting newpos=[30.0, 30.0, 30.0] on stepper: stepper_c
MCU_stepper.set_position: setting coord=[30.0, 30.0, 30.0] on stepper=stepper_c
MCU_stepper.set_position: calling itersolve_set_position
MCU_stepper.set_position: calling _set_mcu_position
gcode_move.reset_last_position: triggered.
gcode_move.reset_last_position: set self.last_position=[0.0, 468.0, 10.0, 30.0, 30.0, 30.0, 5.0]
homing.homing_move: homing move called, starting setup.
homing.StepperPosition: add stepper stepper_y to endstop y
homing.homing_move: homing move start.
homing.homing_move: dwell for HOMING_START_DELAY=0.001
homing.homing_move: issuing drip move at speed: 50.0
drip_move: sending move to the queue.
toolhead.move: processing move to newpos=[0.0, 0.0, 10.0, 30.0, 30.0, 30.0, 5.0] at speed=50.0
toolhead.move: moved_axes=[1] unconfigured_axes=[] self.axes=[0, 1, 2, 3, 4, 5, 6]
toolhead.move: moving to newpos=[0.0, 0.0, 10.0, 30.0, 30.0, 30.0, 5.0]
Move: setup with start_pos=[0.0, 468.0, 10.0, 30.0, 30.0, 30.0, 5.0] and end_pos=[0.0, 0.0, 10.0, 30.0, 30.0, 30.0, 5.0]
Move: setup with axes_d=[0.0, -468.0, 0.0, 0.0, 0.0, 0.0, 0.0] and move_d=468.0.
Move: scale acceleration from 3000.0 to 3000.0.
toolhead.move: check_move on XYZ move.
cartesian_abc.check_move: checking move ending on (0.0, 0.0, 10.0, 30.0, 30.0, 30.0, 5.0).
cartesian_abc.check_move: no Z axis in move.
toolhead.move: check_move on ABC move.
cartesian_abc.check_move: checking move ending on (0.0, 0.0, 10.0, 30.0, 30.0, 30.0, 5.0).
cartesian_abc.check_move: no Z axis in ABC kinematic.
MoveQueue.add_move: adding move.
drip_move: flushing move queue / transmitting move.
Move set_junction: function triggered.
Move set_junction: function end.
ToolHead _process_moves: function triggered.
ToolHead _process_moves: self.print_time=688.8461098720983
ToolHead _process_moves: next_move_time=688.8461098720983
toolhead._process_moves: appending move to XYZ trapq.
toolhead._process_moves: appending move to ABC trapq.
ToolHead _process_moves: calling _update_drip_move_time with next_move_time=698.222776538765
drip_move: calling flush_step_generation / exit drip state.
homing.homing_move: waiting for endstop triggers.
homing.homing_move: calculating haltpos.
set_position (toolhead): setting newpos=[0.0, 0.0, 10.0, 30.0, 30.0, 30.0, 5.0] and homing_axes=
set_position (toolhead): setting XYZ trapq position.
set_position (toolhead): using newpos=[0.0, 0.0, 10.0]
set_kin_trap_position: setting trapq pos to newpos=[0.0, 0.0, 10.0]
set_position (toolhead): setting ABC trapq position.
set_position (toolhead): using newpos=[30.0, 30.0, 30.0]
set_kin_trap_position: setting trapq pos to newpos=[30.0, 30.0, 30.0]
set_position (toolhead): setting E trapq pos.
toolhead.set_position_e: setting E to newpos=5.0.
PrinterExtruder.set_position: called with newpos_e=5.0 homing_axes= and self.axis_idx=6.
ExtruderStepper.set_position: setting E to newpos=5.0.
MCU_stepper.set_position: setting coord=[5.0, 0.0, 0.0] on stepper=extruder
MCU_stepper.set_position: calling itersolve_set_position
MCU_stepper.set_position: calling _set_mcu_position
set_position (toolhead): setting XYZ kinematic position.
set_position (toolhead): using newpos=[0.0, 0.0, 10.0] and kin_homing_axes=[]
set_kinematics_position: setting kinematic position with newpos=[0.0, 0.0, 10.0] and homing_axes=[]
CartKinematicsABC.set_position: setting kinematic position of 3 rails with newpos=[0.0, 0.0, 10.0] and homing_axes=[]
CartKinematicsABC: setting newpos=[0.0, 0.0, 10.0] on stepper: stepper_x
MCU_stepper.set_position: setting coord=[0.0, 0.0, 10.0] on stepper=stepper_x
MCU_stepper.set_position: calling itersolve_set_position
MCU_stepper.set_position: calling _set_mcu_position
CartKinematicsABC: setting newpos=[0.0, 0.0, 10.0] on stepper: stepper_y
MCU_stepper.set_position: setting coord=[0.0, 0.0, 10.0] on stepper=stepper_y
MCU_stepper.set_position: calling itersolve_set_position
MCU_stepper.set_position: calling _set_mcu_position
CartKinematicsABC: setting newpos=[0.0, 0.0, 10.0] on stepper: stepper_z
MCU_stepper.set_position: setting coord=[0.0, 0.0, 10.0] on stepper=stepper_z
MCU_stepper.set_position: calling itersolve_set_position
MCU_stepper.set_position: calling _set_mcu_position
set_position (toolhead): setting ABC kinematic position.
set_position (toolhead): using newpos=[30.0, 30.0, 30.0] and kin_homing_axes=[]
set_kinematics_position: setting kinematic position with newpos=[30.0, 30.0, 30.0] and homing_axes=[]
CartKinematicsABC.set_position: setting kinematic position of 3 rails with newpos=[30.0, 30.0, 30.0] and homing_axes=[]
CartKinematicsABC: setting newpos=[30.0, 30.0, 30.0] on stepper: stepper_a
MCU_stepper.set_position: setting coord=[30.0, 30.0, 30.0] on stepper=stepper_a
MCU_stepper.set_position: calling itersolve_set_position
MCU_stepper.set_position: calling _set_mcu_position
CartKinematicsABC: setting newpos=[30.0, 30.0, 30.0] on stepper: stepper_b
MCU_stepper.set_position: setting coord=[30.0, 30.0, 30.0] on stepper=stepper_b
MCU_stepper.set_position: calling itersolve_set_position
MCU_stepper.set_position: calling _set_mcu_position
CartKinematicsABC: setting newpos=[30.0, 30.0, 30.0] on stepper: stepper_c
MCU_stepper.set_position: setting coord=[30.0, 30.0, 30.0] on stepper=stepper_c
MCU_stepper.set_position: calling itersolve_set_position
MCU_stepper.set_position: calling _set_mcu_position
gcode_move.reset_last_position: triggered.
gcode_move.reset_last_position: set self.last_position=[0.0, 0.0, 10.0, 30.0, 30.0, 30.0, 5.0]
homing.homing_move: endstop trigger position trigpos=[0.0, 0.0, 10.0, 30.0, 30.0, 30.0, 5.0]
homing.homing_move: toolhead position set to haltpos=[0.0, 0.0, 10.0, 30.0, 30.0, 30.0, 5.0]
homing.homing_move: homing move end.
homing.home_rails: setting up second home startpos=[0.0, 468.0, 10.0, 30.0, 30.0, 30.0, 5.0] and homepos=[0.0, 0.0, 10.0, 30.0, 30.0, 30.0, 5.0]
homing.home_rails: issuing retraction move to retractpos=[0.0, 5.0, 10.0, 30.0, 30.0, 30.0, 5.0]
toolhead.move: processing move to newpos=[0.0, 5.0, 10.0, 30.0, 30.0, 30.0, 5.0] at speed=50.0
toolhead.move: moved_axes=[1] unconfigured_axes=[] self.axes=[0, 1, 2, 3, 4, 5, 6]
toolhead.move: moving to newpos=[0.0, 5.0, 10.0, 30.0, 30.0, 30.0, 5.0]
Move: setup with start_pos=[0.0, 0.0, 10.0, 30.0, 30.0, 30.0, 5.0] and end_pos=[0.0, 5.0, 10.0, 30.0, 30.0, 30.0, 5.0]
Move: setup with axes_d=[0.0, 5.0, 0.0, 0.0, 0.0, 0.0, 0.0] and move_d=5.0.
Move: scale acceleration from 3000.0 to 3000.0.
toolhead.move: check_move on XYZ move.
cartesian_abc.check_move: checking move ending on (0.0, 5.0, 10.0, 30.0, 30.0, 30.0, 5.0).
cartesian_abc.check_move: no Z axis in move.
toolhead.move: check_move on ABC move.
cartesian_abc.check_move: checking move ending on (0.0, 5.0, 10.0, 30.0, 30.0, 30.0, 5.0).
cartesian_abc.check_move: no Z axis in ABC kinematic.
MoveQueue.add_move: adding move.
homing.home_rails: issuing second homing move with startpos=[0.0, 10.0, 10.0, 30.0, 30.0, 30.0, 5.0]
set_position (toolhead): setting newpos=[0.0, 10.0, 10.0, 30.0, 30.0, 30.0, 5.0] and homing_axes=
Move set_junction: function triggered.
Move set_junction: function end.
ToolHead _process_moves: function triggered.
ToolHead _process_moves: self.print_time=698.2257765387649
ToolHead _process_moves: next_move_time=698.2257765387649
toolhead._process_moves: appending move to XYZ trapq.
toolhead._process_moves: appending move to ABC trapq.
set_position (toolhead): setting XYZ trapq position.
set_position (toolhead): using newpos=[0.0, 10.0, 10.0]
set_kin_trap_position: setting trapq pos to newpos=[0.0, 10.0, 10.0]
set_position (toolhead): setting ABC trapq position.
set_position (toolhead): using newpos=[30.0, 30.0, 30.0]
set_kin_trap_position: setting trapq pos to newpos=[30.0, 30.0, 30.0]
set_position (toolhead): setting E trapq pos.
toolhead.set_position_e: setting E to newpos=5.0.
PrinterExtruder.set_position: called with newpos_e=5.0 homing_axes= and self.axis_idx=6.
ExtruderStepper.set_position: setting E to newpos=5.0.
MCU_stepper.set_position: setting coord=[5.0, 0.0, 0.0] on stepper=extruder
MCU_stepper.set_position: calling itersolve_set_position
MCU_stepper.set_position: calling _set_mcu_position
set_position (toolhead): setting XYZ kinematic position.
set_position (toolhead): using newpos=[0.0, 10.0, 10.0] and kin_homing_axes=[]
set_kinematics_position: setting kinematic position with newpos=[0.0, 10.0, 10.0] and homing_axes=[]
CartKinematicsABC.set_position: setting kinematic position of 3 rails with newpos=[0.0, 10.0, 10.0] and homing_axes=[]
CartKinematicsABC: setting newpos=[0.0, 10.0, 10.0] on stepper: stepper_x
MCU_stepper.set_position: setting coord=[0.0, 10.0, 10.0] on stepper=stepper_x
MCU_stepper.set_position: calling itersolve_set_position
MCU_stepper.set_position: calling _set_mcu_position
CartKinematicsABC: setting newpos=[0.0, 10.0, 10.0] on stepper: stepper_y
MCU_stepper.set_position: setting coord=[0.0, 10.0, 10.0] on stepper=stepper_y
MCU_stepper.set_position: calling itersolve_set_position
MCU_stepper.set_position: calling _set_mcu_position
CartKinematicsABC: setting newpos=[0.0, 10.0, 10.0] on stepper: stepper_z
MCU_stepper.set_position: setting coord=[0.0, 10.0, 10.0] on stepper=stepper_z
MCU_stepper.set_position: calling itersolve_set_position
MCU_stepper.set_position: calling _set_mcu_position
set_position (toolhead): setting ABC kinematic position.
set_position (toolhead): using newpos=[30.0, 30.0, 30.0] and kin_homing_axes=[]
set_kinematics_position: setting kinematic position with newpos=[30.0, 30.0, 30.0] and homing_axes=[]
CartKinematicsABC.set_position: setting kinematic position of 3 rails with newpos=[30.0, 30.0, 30.0] and homing_axes=[]
CartKinematicsABC: setting newpos=[30.0, 30.0, 30.0] on stepper: stepper_a
MCU_stepper.set_position: setting coord=[30.0, 30.0, 30.0] on stepper=stepper_a
MCU_stepper.set_position: calling itersolve_set_position
MCU_stepper.set_position: calling _set_mcu_position
CartKinematicsABC: setting newpos=[30.0, 30.0, 30.0] on stepper: stepper_b
MCU_stepper.set_position: setting coord=[30.0, 30.0, 30.0] on stepper=stepper_b
MCU_stepper.set_position: calling itersolve_set_position
MCU_stepper.set_position: calling _set_mcu_position
CartKinematicsABC: setting newpos=[30.0, 30.0, 30.0] on stepper: stepper_c
MCU_stepper.set_position: setting coord=[30.0, 30.0, 30.0] on stepper=stepper_c
MCU_stepper.set_position: calling itersolve_set_position
MCU_stepper.set_position: calling _set_mcu_position
gcode_move.reset_last_position: triggered.
gcode_move.reset_last_position: set self.last_position=[0.0, 10.0, 10.0, 30.0, 30.0, 30.0, 5.0]
homing.home_rails: starting second home startpos=[0.0, 10.0, 10.0, 30.0, 30.0, 30.0, 5.0] and homepos=[0.0, 0.0, 10.0, 30.0, 30.0, 30.0, 5.0]
homing.homing_move: homing move called, starting setup.
homing.StepperPosition: add stepper stepper_y to endstop y
homing.homing_move: homing move start.
homing.homing_move: dwell for HOMING_START_DELAY=0.001
homing.homing_move: issuing drip move at speed: 10.0
drip_move: sending move to the queue.
toolhead.move: processing move to newpos=[0.0, 0.0, 10.0, 30.0, 30.0, 30.0, 5.0] at speed=10.0
toolhead.move: moved_axes=[1] unconfigured_axes=[] self.axes=[0, 1, 2, 3, 4, 5, 6]
toolhead.move: moving to newpos=[0.0, 0.0, 10.0, 30.0, 30.0, 30.0, 5.0]
Move: setup with start_pos=[0.0, 10.0, 10.0, 30.0, 30.0, 30.0, 5.0] and end_pos=[0.0, 0.0, 10.0, 30.0, 30.0, 30.0, 5.0]
Move: setup with axes_d=[0.0, -10.0, 0.0, 0.0, 0.0, 0.0, 0.0] and move_d=10.0.
Move: scale acceleration from 3000.0 to 3000.0.
toolhead.move: check_move on XYZ move.
cartesian_abc.check_move: checking move ending on (0.0, 0.0, 10.0, 30.0, 30.0, 30.0, 5.0).
cartesian_abc.check_move: no Z axis in move.
toolhead.move: check_move on ABC move.
cartesian_abc.check_move: checking move ending on (0.0, 0.0, 10.0, 30.0, 30.0, 30.0, 5.0).
cartesian_abc.check_move: no Z axis in ABC kinematic.
MoveQueue.add_move: adding move.
drip_move: flushing move queue / transmitting move.
Move set_junction: function triggered.
Move set_junction: function end.
ToolHead _process_moves: function triggered.
ToolHead _process_moves: self.print_time=698.3464432054315
ToolHead _process_moves: next_move_time=698.3464432054315
toolhead._process_moves: appending move to XYZ trapq.
toolhead._process_moves: appending move to ABC trapq.
ToolHead _process_moves: calling _update_drip_move_time with next_move_time=699.3497765387648
drip_move: calling flush_step_generation / exit drip state.
homing.homing_move: waiting for endstop triggers.
homing.homing_move: calculating haltpos.
set_position (toolhead): setting newpos=[0.0, 0.0, 10.0, 30.0, 30.0, 30.0, 5.0] and homing_axes=
set_position (toolhead): setting XYZ trapq position.
set_position (toolhead): using newpos=[0.0, 0.0, 10.0]
set_kin_trap_position: setting trapq pos to newpos=[0.0, 0.0, 10.0]
set_position (toolhead): setting ABC trapq position.
set_position (toolhead): using newpos=[30.0, 30.0, 30.0]
set_kin_trap_position: setting trapq pos to newpos=[30.0, 30.0, 30.0]
set_position (toolhead): setting E trapq pos.
toolhead.set_position_e: setting E to newpos=5.0.
PrinterExtruder.set_position: called with newpos_e=5.0 homing_axes= and self.axis_idx=6.
ExtruderStepper.set_position: setting E to newpos=5.0.
MCU_stepper.set_position: setting coord=[5.0, 0.0, 0.0] on stepper=extruder
MCU_stepper.set_position: calling itersolve_set_position
MCU_stepper.set_position: calling _set_mcu_position
set_position (toolhead): setting XYZ kinematic position.
set_position (toolhead): using newpos=[0.0, 0.0, 10.0] and kin_homing_axes=[]
set_kinematics_position: setting kinematic position with newpos=[0.0, 0.0, 10.0] and homing_axes=[]
CartKinematicsABC.set_position: setting kinematic position of 3 rails with newpos=[0.0, 0.0, 10.0] and homing_axes=[]
CartKinematicsABC: setting newpos=[0.0, 0.0, 10.0] on stepper: stepper_x
MCU_stepper.set_position: setting coord=[0.0, 0.0, 10.0] on stepper=stepper_x
MCU_stepper.set_position: calling itersolve_set_position
MCU_stepper.set_position: calling _set_mcu_position
CartKinematicsABC: setting newpos=[0.0, 0.0, 10.0] on stepper: stepper_y
MCU_stepper.set_position: setting coord=[0.0, 0.0, 10.0] on stepper=stepper_y
MCU_stepper.set_position: calling itersolve_set_position
MCU_stepper.set_position: calling _set_mcu_position
CartKinematicsABC: setting newpos=[0.0, 0.0, 10.0] on stepper: stepper_z
MCU_stepper.set_position: setting coord=[0.0, 0.0, 10.0] on stepper=stepper_z
MCU_stepper.set_position: calling itersolve_set_position
MCU_stepper.set_position: calling _set_mcu_position
set_position (toolhead): setting ABC kinematic position.
set_position (toolhead): using newpos=[30.0, 30.0, 30.0] and kin_homing_axes=[]
set_kinematics_position: setting kinematic position with newpos=[30.0, 30.0, 30.0] and homing_axes=[]
CartKinematicsABC.set_position: setting kinematic position of 3 rails with newpos=[30.0, 30.0, 30.0] and homing_axes=[]
CartKinematicsABC: setting newpos=[30.0, 30.0, 30.0] on stepper: stepper_a
MCU_stepper.set_position: setting coord=[30.0, 30.0, 30.0] on stepper=stepper_a
MCU_stepper.set_position: calling itersolve_set_position
MCU_stepper.set_position: calling _set_mcu_position
CartKinematicsABC: setting newpos=[30.0, 30.0, 30.0] on stepper: stepper_b
MCU_stepper.set_position: setting coord=[30.0, 30.0, 30.0] on stepper=stepper_b
MCU_stepper.set_position: calling itersolve_set_position
MCU_stepper.set_position: calling _set_mcu_position
CartKinematicsABC: setting newpos=[30.0, 30.0, 30.0] on stepper: stepper_c
MCU_stepper.set_position: setting coord=[30.0, 30.0, 30.0] on stepper=stepper_c
MCU_stepper.set_position: calling itersolve_set_position
MCU_stepper.set_position: calling _set_mcu_position
gcode_move.reset_last_position: triggered.
gcode_move.reset_last_position: set self.last_position=[0.0, 0.0, 10.0, 30.0, 30.0, 30.0, 5.0]
homing.homing_move: endstop trigger position trigpos=[0.0, 0.0, 10.0, 30.0, 30.0, 30.0, 5.0]
homing.homing_move: toolhead position set to haltpos=[0.0, 0.0, 10.0, 30.0, 30.0, 30.0, 5.0]
homing.homing_move: homing move end.
check_no_movement with axes=None
gcode_move.reset_last_position: triggered.
gcode_move.reset_last_position: set self.last_position=[0.0, 0.0, 10.0, 30.0, 30.0, 30.0, 5.0]
homing.home_rails: finalized.
toolhead.abc_axes_to_xyz: input=2
toolhead.abc_axes_to_xyz: output=2
cartesian_abc._home_axis: homing axis=2 with forcepos=[None, None, -105.0, None, None, None, None] and homepos=[None, None, 150.0, None, None, None, None]
homing.home_rails: homing begins with forcepos=[None, None, -105.0, None, None, None, None] and movepos=[None, None, 150.0, None, None, None, None]
set_position (toolhead): setting newpos=[0.0, 0.0, -105.0, 30.0, 30.0, 30.0, 5.0] and homing_axes=z
set_position (toolhead): setting XYZ trapq position.
set_position (toolhead): using newpos=[0.0, 0.0, -105.0]
set_kin_trap_position: setting trapq pos to newpos=[0.0, 0.0, -105.0]
set_position (toolhead): setting ABC trapq position.
set_position (toolhead): using newpos=[30.0, 30.0, 30.0]
set_kin_trap_position: setting trapq pos to newpos=[30.0, 30.0, 30.0]
set_position (toolhead): setting E trapq pos.
toolhead.set_position_e: setting E to newpos=5.0.
PrinterExtruder.set_position: called with newpos_e=5.0 homing_axes=z and self.axis_idx=6.
ExtruderStepper.set_position: setting E to newpos=5.0.
MCU_stepper.set_position: setting coord=[5.0, 0.0, 0.0] on stepper=extruder
MCU_stepper.set_position: calling itersolve_set_position
MCU_stepper.set_position: calling _set_mcu_position
set_position (toolhead): setting XYZ kinematic position.
set_position (toolhead): using newpos=[0.0, 0.0, -105.0] and kin_homing_axes=['z']
set_kinematics_position: setting kinematic position with newpos=[0.0, 0.0, -105.0] and homing_axes=['z']
CartKinematicsABC.set_position: setting kinematic position of 3 rails with newpos=[0.0, 0.0, -105.0] and homing_axes=['z']
CartKinematicsABC: setting newpos=[0.0, 0.0, -105.0] on stepper: stepper_x
MCU_stepper.set_position: setting coord=[0.0, 0.0, -105.0] on stepper=stepper_x
MCU_stepper.set_position: calling itersolve_set_position
MCU_stepper.set_position: calling _set_mcu_position
CartKinematicsABC: setting newpos=[0.0, 0.0, -105.0] on stepper: stepper_y
MCU_stepper.set_position: setting coord=[0.0, 0.0, -105.0] on stepper=stepper_y
MCU_stepper.set_position: calling itersolve_set_position
MCU_stepper.set_position: calling _set_mcu_position
CartKinematicsABC: setting newpos=[0.0, 0.0, -105.0] on stepper: stepper_z
MCU_stepper.set_position: setting coord=[0.0, 0.0, -105.0] on stepper=stepper_z
MCU_stepper.set_position: calling itersolve_set_position
MCU_stepper.set_position: calling _set_mcu_position
CartKinematicsABC: setting limits=(-20.0, 150.0) on stepper: stepper_z
set_position (toolhead): setting ABC kinematic position.
set_position (toolhead): using newpos=[30.0, 30.0, 30.0] and kin_homing_axes=[]
set_kinematics_position: setting kinematic position with newpos=[30.0, 30.0, 30.0] and homing_axes=[]
CartKinematicsABC.set_position: setting kinematic position of 3 rails with newpos=[30.0, 30.0, 30.0] and homing_axes=[]
CartKinematicsABC: setting newpos=[30.0, 30.0, 30.0] on stepper: stepper_a
MCU_stepper.set_position: setting coord=[30.0, 30.0, 30.0] on stepper=stepper_a
MCU_stepper.set_position: calling itersolve_set_position
MCU_stepper.set_position: calling _set_mcu_position
CartKinematicsABC: setting newpos=[30.0, 30.0, 30.0] on stepper: stepper_b
MCU_stepper.set_position: setting coord=[30.0, 30.0, 30.0] on stepper=stepper_b
MCU_stepper.set_position: calling itersolve_set_position
MCU_stepper.set_position: calling _set_mcu_position
CartKinematicsABC: setting newpos=[30.0, 30.0, 30.0] on stepper: stepper_c
MCU_stepper.set_position: setting coord=[30.0, 30.0, 30.0] on stepper=stepper_c
MCU_stepper.set_position: calling itersolve_set_position
MCU_stepper.set_position: calling _set_mcu_position
gcode_move.reset_last_position: triggered.
gcode_move.reset_last_position: set self.last_position=[0.0, 0.0, -105.0, 30.0, 30.0, 30.0, 5.0]
homing.homing_move: homing move called, starting setup.
homing.StepperPosition: add stepper stepper_z to endstop z
homing.homing_move: homing move start.
homing.homing_move: dwell for HOMING_START_DELAY=0.001
homing.homing_move: issuing drip move at speed: 20.0
drip_move: sending move to the queue.
toolhead.move: processing move to newpos=[0.0, 0.0, 150.0, 30.0, 30.0, 30.0, 5.0] at speed=20.0
toolhead.move: moved_axes=[2] unconfigured_axes=[] self.axes=[0, 1, 2, 3, 4, 5, 6]
toolhead.move: moving to newpos=[0.0, 0.0, 150.0, 30.0, 30.0, 30.0, 5.0]
Move: setup with start_pos=[0.0, 0.0, -105.0, 30.0, 30.0, 30.0, 5.0] and end_pos=[0.0, 0.0, 150.0, 30.0, 30.0, 30.0, 5.0]
Move: setup with axes_d=[0.0, 0.0, 255.0, 0.0, 0.0, 0.0, 0.0] and move_d=255.0.
Move: scale acceleration from 3000.0 to 3000.0.
toolhead.move: check_move on XYZ move.
cartesian_abc.check_move: checking move ending on (0.0, 0.0, 150.0, 30.0, 30.0, 30.0, 5.0).
endstop check: triggered on XYZ/[0, 1, 2] move.
toolhead.move: check_move on ABC move.
cartesian_abc.check_move: checking move ending on (0.0, 0.0, 150.0, 30.0, 30.0, 30.0, 5.0).
cartesian_abc.check_move: no Z axis in ABC kinematic.
MoveQueue.add_move: adding move.
drip_move: flushing move queue / transmitting move.
Move set_junction: function triggered.
Move set_junction: function end.
ToolHead _process_moves: function triggered.
ToolHead _process_moves: self.print_time=699.3547765387647
ToolHead _process_moves: next_move_time=699.3547765387647
toolhead._process_moves: appending move to XYZ trapq.
toolhead._process_moves: appending move to ABC trapq.
ToolHead _process_moves: calling _update_drip_move_time with next_move_time=750.4047765387646
drip_move: calling flush_step_generation / exit drip state.
homing.homing_move: waiting for endstop triggers.
homing.homing_move: calculating haltpos.
set_position (toolhead): setting newpos=[0.0, 0.0, 150.0, 30.0, 30.0, 30.0, 5.0] and homing_axes=
set_position (toolhead): setting XYZ trapq position.
set_position (toolhead): using newpos=[0.0, 0.0, 150.0]
set_kin_trap_position: setting trapq pos to newpos=[0.0, 0.0, 150.0]
set_position (toolhead): setting ABC trapq position.
set_position (toolhead): using newpos=[30.0, 30.0, 30.0]
set_kin_trap_position: setting trapq pos to newpos=[30.0, 30.0, 30.0]
set_position (toolhead): setting E trapq pos.
toolhead.set_position_e: setting E to newpos=5.0.
PrinterExtruder.set_position: called with newpos_e=5.0 homing_axes= and self.axis_idx=6.
ExtruderStepper.set_position: setting E to newpos=5.0.
MCU_stepper.set_position: setting coord=[5.0, 0.0, 0.0] on stepper=extruder
MCU_stepper.set_position: calling itersolve_set_position
MCU_stepper.set_position: calling _set_mcu_position
set_position (toolhead): setting XYZ kinematic position.
set_position (toolhead): using newpos=[0.0, 0.0, 150.0] and kin_homing_axes=[]
set_kinematics_position: setting kinematic position with newpos=[0.0, 0.0, 150.0] and homing_axes=[]
CartKinematicsABC.set_position: setting kinematic position of 3 rails with newpos=[0.0, 0.0, 150.0] and homing_axes=[]
CartKinematicsABC: setting newpos=[0.0, 0.0, 150.0] on stepper: stepper_x
MCU_stepper.set_position: setting coord=[0.0, 0.0, 150.0] on stepper=stepper_x
MCU_stepper.set_position: calling itersolve_set_position
MCU_stepper.set_position: calling _set_mcu_position
CartKinematicsABC: setting newpos=[0.0, 0.0, 150.0] on stepper: stepper_y
MCU_stepper.set_position: setting coord=[0.0, 0.0, 150.0] on stepper=stepper_y
MCU_stepper.set_position: calling itersolve_set_position
MCU_stepper.set_position: calling _set_mcu_position
CartKinematicsABC: setting newpos=[0.0, 0.0, 150.0] on stepper: stepper_z
MCU_stepper.set_position: setting coord=[0.0, 0.0, 150.0] on stepper=stepper_z
MCU_stepper.set_position: calling itersolve_set_position
MCU_stepper.set_position: calling _set_mcu_position
set_position (toolhead): setting ABC kinematic position.
set_position (toolhead): using newpos=[30.0, 30.0, 30.0] and kin_homing_axes=[]
set_kinematics_position: setting kinematic position with newpos=[30.0, 30.0, 30.0] and homing_axes=[]
CartKinematicsABC.set_position: setting kinematic position of 3 rails with newpos=[30.0, 30.0, 30.0] and homing_axes=[]
CartKinematicsABC: setting newpos=[30.0, 30.0, 30.0] on stepper: stepper_a
MCU_stepper.set_position: setting coord=[30.0, 30.0, 30.0] on stepper=stepper_a
MCU_stepper.set_position: calling itersolve_set_position
MCU_stepper.set_position: calling _set_mcu_position
CartKinematicsABC: setting newpos=[30.0, 30.0, 30.0] on stepper: stepper_b
MCU_stepper.set_position: setting coord=[30.0, 30.0, 30.0] on stepper=stepper_b
MCU_stepper.set_position: calling itersolve_set_position
MCU_stepper.set_position: calling _set_mcu_position
CartKinematicsABC: setting newpos=[30.0, 30.0, 30.0] on stepper: stepper_c
MCU_stepper.set_position: setting coord=[30.0, 30.0, 30.0] on stepper=stepper_c
MCU_stepper.set_position: calling itersolve_set_position
MCU_stepper.set_position: calling _set_mcu_position
gcode_move.reset_last_position: triggered.
gcode_move.reset_last_position: set self.last_position=[0.0, 0.0, 150.0, 30.0, 30.0, 30.0, 5.0]
homing.homing_move: endstop trigger position trigpos=[0.0, 0.0, 150.0, 30.0, 30.0, 30.0, 5.0]
homing.homing_move: toolhead position set to haltpos=[0.0, 0.0, 150.0, 30.0, 30.0, 30.0, 5.0]
homing.homing_move: homing move end.
homing.home_rails: setting up second home startpos=[0.0, 0.0, -105.0, 30.0, 30.0, 30.0, 5.0] and homepos=[0.0, 0.0, 150.0, 30.0, 30.0, 30.0, 5.0]
homing.home_rails: issuing retraction move to retractpos=[0.0, 0.0, 145.0, 30.0, 30.0, 30.0, 5.0]
toolhead.move: processing move to newpos=[0.0, 0.0, 145.0, 30.0, 30.0, 30.0, 5.0] at speed=20.0
toolhead.move: moved_axes=[2] unconfigured_axes=[] self.axes=[0, 1, 2, 3, 4, 5, 6]
toolhead.move: moving to newpos=[0.0, 0.0, 145.0, 30.0, 30.0, 30.0, 5.0]
Move: setup with start_pos=[0.0, 0.0, 150.0, 30.0, 30.0, 30.0, 5.0] and end_pos=[0.0, 0.0, 145.0, 30.0, 30.0, 30.0, 5.0]
Move: setup with axes_d=[0.0, 0.0, -5.0, 0.0, 0.0, 0.0, 0.0] and move_d=5.0.
Move: scale acceleration from 3000.0 to 3000.0.
toolhead.move: check_move on XYZ move.
cartesian_abc.check_move: checking move ending on (0.0, 0.0, 145.0, 30.0, 30.0, 30.0, 5.0).
endstop check: triggered on XYZ/[0, 1, 2] move.
toolhead.move: check_move on ABC move.
cartesian_abc.check_move: checking move ending on (0.0, 0.0, 145.0, 30.0, 30.0, 30.0, 5.0).
cartesian_abc.check_move: no Z axis in ABC kinematic.
MoveQueue.add_move: adding move.
homing.home_rails: issuing second homing move with startpos=[0.0, 0.0, 140.0, 30.0, 30.0, 30.0, 5.0]
set_position (toolhead): setting newpos=[0.0, 0.0, 140.0, 30.0, 30.0, 30.0, 5.0] and homing_axes=
Move set_junction: function triggered.
Move set_junction: function end.
ToolHead _process_moves: function triggered.
ToolHead _process_moves: self.print_time=750.4077765387646
ToolHead _process_moves: next_move_time=750.4077765387646
toolhead._process_moves: appending move to XYZ trapq.
toolhead._process_moves: appending move to ABC trapq.
set_position (toolhead): setting XYZ trapq position.
set_position (toolhead): using newpos=[0.0, 0.0, 140.0]
set_kin_trap_position: setting trapq pos to newpos=[0.0, 0.0, 140.0]
set_position (toolhead): setting ABC trapq position.
set_position (toolhead): using newpos=[30.0, 30.0, 30.0]
set_kin_trap_position: setting trapq pos to newpos=[30.0, 30.0, 30.0]
set_position (toolhead): setting E trapq pos.
toolhead.set_position_e: setting E to newpos=5.0.
PrinterExtruder.set_position: called with newpos_e=5.0 homing_axes= and self.axis_idx=6.
ExtruderStepper.set_position: setting E to newpos=5.0.
MCU_stepper.set_position: setting coord=[5.0, 0.0, 0.0] on stepper=extruder
MCU_stepper.set_position: calling itersolve_set_position
MCU_stepper.set_position: calling _set_mcu_position
set_position (toolhead): setting XYZ kinematic position.
set_position (toolhead): using newpos=[0.0, 0.0, 140.0] and kin_homing_axes=[]
set_kinematics_position: setting kinematic position with newpos=[0.0, 0.0, 140.0] and homing_axes=[]
CartKinematicsABC.set_position: setting kinematic position of 3 rails with newpos=[0.0, 0.0, 140.0] and homing_axes=[]
CartKinematicsABC: setting newpos=[0.0, 0.0, 140.0] on stepper: stepper_x
MCU_stepper.set_position: setting coord=[0.0, 0.0, 140.0] on stepper=stepper_x
MCU_stepper.set_position: calling itersolve_set_position
MCU_stepper.set_position: calling _set_mcu_position
CartKinematicsABC: setting newpos=[0.0, 0.0, 140.0] on stepper: stepper_y
MCU_stepper.set_position: setting coord=[0.0, 0.0, 140.0] on stepper=stepper_y
MCU_stepper.set_position: calling itersolve_set_position
MCU_stepper.set_position: calling _set_mcu_position
CartKinematicsABC: setting newpos=[0.0, 0.0, 140.0] on stepper: stepper_z
MCU_stepper.set_position: setting coord=[0.0, 0.0, 140.0] on stepper=stepper_z
MCU_stepper.set_position: calling itersolve_set_position
MCU_stepper.set_position: calling _set_mcu_position
set_position (toolhead): setting ABC kinematic position.
set_position (toolhead): using newpos=[30.0, 30.0, 30.0] and kin_homing_axes=[]
set_kinematics_position: setting kinematic position with newpos=[30.0, 30.0, 30.0] and homing_axes=[]
CartKinematicsABC.set_position: setting kinematic position of 3 rails with newpos=[30.0, 30.0, 30.0] and homing_axes=[]
CartKinematicsABC: setting newpos=[30.0, 30.0, 30.0] on stepper: stepper_a
MCU_stepper.set_position: setting coord=[30.0, 30.0, 30.0] on stepper=stepper_a
MCU_stepper.set_position: calling itersolve_set_position
MCU_stepper.set_position: calling _set_mcu_position
CartKinematicsABC: setting newpos=[30.0, 30.0, 30.0] on stepper: stepper_b
MCU_stepper.set_position: setting coord=[30.0, 30.0, 30.0] on stepper=stepper_b
MCU_stepper.set_position: calling itersolve_set_position
MCU_stepper.set_position: calling _set_mcu_position
CartKinematicsABC: setting newpos=[30.0, 30.0, 30.0] on stepper: stepper_c
MCU_stepper.set_position: setting coord=[30.0, 30.0, 30.0] on stepper=stepper_c
MCU_stepper.set_position: calling itersolve_set_position
MCU_stepper.set_position: calling _set_mcu_position
gcode_move.reset_last_position: triggered.
gcode_move.reset_last_position: set self.last_position=[0.0, 0.0, 140.0, 30.0, 30.0, 30.0, 5.0]
homing.home_rails: starting second home startpos=[0.0, 0.0, 140.0, 30.0, 30.0, 30.0, 5.0] and homepos=[0.0, 0.0, 150.0, 30.0, 30.0, 30.0, 5.0]
homing.homing_move: homing move called, starting setup.
homing.StepperPosition: add stepper stepper_z to endstop z
homing.homing_move: homing move start.
homing.homing_move: dwell for HOMING_START_DELAY=0.001
homing.homing_move: issuing drip move at speed: 5.0
drip_move: sending move to the queue.
toolhead.move: processing move to newpos=[0.0, 0.0, 150.0, 30.0, 30.0, 30.0, 5.0] at speed=5.0
toolhead.move: moved_axes=[2] unconfigured_axes=[] self.axes=[0, 1, 2, 3, 4, 5, 6]
toolhead.move: moving to newpos=[0.0, 0.0, 150.0, 30.0, 30.0, 30.0, 5.0]
Move: setup with start_pos=[0.0, 0.0, 140.0, 30.0, 30.0, 30.0, 5.0] and end_pos=[0.0, 0.0, 150.0, 30.0, 30.0, 30.0, 5.0]
Move: setup with axes_d=[0.0, 0.0, 10.0, 0.0, 0.0, 0.0, 0.0] and move_d=10.0.
Move: scale acceleration from 3000.0 to 3000.0.
toolhead.move: check_move on XYZ move.
cartesian_abc.check_move: checking move ending on (0.0, 0.0, 150.0, 30.0, 30.0, 30.0, 5.0).
endstop check: triggered on XYZ/[0, 1, 2] move.
toolhead.move: check_move on ABC move.
cartesian_abc.check_move: checking move ending on (0.0, 0.0, 150.0, 30.0, 30.0, 30.0, 5.0).
cartesian_abc.check_move: no Z axis in ABC kinematic.
MoveQueue.add_move: adding move.
drip_move: flushing move queue / transmitting move.
Move set_junction: function triggered.
Move set_junction: function end.
ToolHead _process_moves: function triggered.
ToolHead _process_moves: self.print_time=751.4617765387644
ToolHead _process_moves: next_move_time=751.4617765387644
toolhead._process_moves: appending move to XYZ trapq.
toolhead._process_moves: appending move to ABC trapq.
ToolHead _process_moves: calling _update_drip_move_time with next_move_time=753.5117765387644
drip_move: calling flush_step_generation / exit drip state.
homing.homing_move: waiting for endstop triggers.
homing.homing_move: calculating haltpos.
set_position (toolhead): setting newpos=[0.0, 0.0, 150.0, 30.0, 30.0, 30.0, 5.0] and homing_axes=
set_position (toolhead): setting XYZ trapq position.
set_position (toolhead): using newpos=[0.0, 0.0, 150.0]
set_kin_trap_position: setting trapq pos to newpos=[0.0, 0.0, 150.0]
set_position (toolhead): setting ABC trapq position.
set_position (toolhead): using newpos=[30.0, 30.0, 30.0]
set_kin_trap_position: setting trapq pos to newpos=[30.0, 30.0, 30.0]
set_position (toolhead): setting E trapq pos.
toolhead.set_position_e: setting E to newpos=5.0.
PrinterExtruder.set_position: called with newpos_e=5.0 homing_axes= and self.axis_idx=6.
ExtruderStepper.set_position: setting E to newpos=5.0.
MCU_stepper.set_position: setting coord=[5.0, 0.0, 0.0] on stepper=extruder
MCU_stepper.set_position: calling itersolve_set_position
MCU_stepper.set_position: calling _set_mcu_position
set_position (toolhead): setting XYZ kinematic position.
set_position (toolhead): using newpos=[0.0, 0.0, 150.0] and kin_homing_axes=[]
set_kinematics_position: setting kinematic position with newpos=[0.0, 0.0, 150.0] and homing_axes=[]
CartKinematicsABC.set_position: setting kinematic position of 3 rails with newpos=[0.0, 0.0, 150.0] and homing_axes=[]
CartKinematicsABC: setting newpos=[0.0, 0.0, 150.0] on stepper: stepper_x
MCU_stepper.set_position: setting coord=[0.0, 0.0, 150.0] on stepper=stepper_x
MCU_stepper.set_position: calling itersolve_set_position
MCU_stepper.set_position: calling _set_mcu_position
CartKinematicsABC: setting newpos=[0.0, 0.0, 150.0] on stepper: stepper_y
MCU_stepper.set_position: setting coord=[0.0, 0.0, 150.0] on stepper=stepper_y
MCU_stepper.set_position: calling itersolve_set_position
MCU_stepper.set_position: calling _set_mcu_position
CartKinematicsABC: setting newpos=[0.0, 0.0, 150.0] on stepper: stepper_z
MCU_stepper.set_position: setting coord=[0.0, 0.0, 150.0] on stepper=stepper_z
MCU_stepper.set_position: calling itersolve_set_position
MCU_stepper.set_position: calling _set_mcu_position
set_position (toolhead): setting ABC kinematic position.
set_position (toolhead): using newpos=[30.0, 30.0, 30.0] and kin_homing_axes=[]
set_kinematics_position: setting kinematic position with newpos=[30.0, 30.0, 30.0] and homing_axes=[]
CartKinematicsABC.set_position: setting kinematic position of 3 rails with newpos=[30.0, 30.0, 30.0] and homing_axes=[]
CartKinematicsABC: setting newpos=[30.0, 30.0, 30.0] on stepper: stepper_a
MCU_stepper.set_position: setting coord=[30.0, 30.0, 30.0] on stepper=stepper_a
MCU_stepper.set_position: calling itersolve_set_position
MCU_stepper.set_position: calling _set_mcu_position
CartKinematicsABC: setting newpos=[30.0, 30.0, 30.0] on stepper: stepper_b
MCU_stepper.set_position: setting coord=[30.0, 30.0, 30.0] on stepper=stepper_b
MCU_stepper.set_position: calling itersolve_set_position
MCU_stepper.set_position: calling _set_mcu_position
CartKinematicsABC: setting newpos=[30.0, 30.0, 30.0] on stepper: stepper_c
MCU_stepper.set_position: setting coord=[30.0, 30.0, 30.0] on stepper=stepper_c
MCU_stepper.set_position: calling itersolve_set_position
MCU_stepper.set_position: calling _set_mcu_position
gcode_move.reset_last_position: triggered.
gcode_move.reset_last_position: set self.last_position=[0.0, 0.0, 150.0, 30.0, 30.0, 30.0, 5.0]
homing.homing_move: endstop trigger position trigpos=[0.0, 0.0, 150.0, 30.0, 30.0, 30.0, 5.0]
homing.homing_move: toolhead position set to haltpos=[0.0, 0.0, 150.0, 30.0, 30.0, 30.0, 5.0]
homing.homing_move: homing move end.
check_no_movement with axes=None
gcode_move.reset_last_position: triggered.
gcode_move.reset_last_position: set self.last_position=[0.0, 0.0, 150.0, 30.0, 30.0, 30.0, 5.0]
homing.home_rails: finalized.
PrinterHoming.cmd_G28: checking if kin axes=[3, 4, 5] have been requested to home.
PrinterHoming.cmd_G28: homing ['A', 'B', 'C'] axes of the ABC kinematic (axes: [3, 4, 5]).
PrinterHoming.home_axes: homing axis=['A', 'B', 'C']
cartesian_abc.home: homing axis changed_axes=[3, 4, 5]
toolhead.abc_axes_to_xyz: input=3
toolhead.abc_axes_to_xyz: output=0
cartesian_abc._home_axis: homing axis=3 with forcepos=[None, None, None, 540.0, None, None, None] and homepos=[None, None, None, 0.0, None, None, None]
homing.home_rails: homing begins with forcepos=[None, None, None, 540.0, None, None, None] and movepos=[None, None, None, 0.0, None, None, None]
set_position (toolhead): setting newpos=[0.0, 0.0, 150.0, 540.0, 30.0, 30.0, 5.0] and homing_axes=a
set_position (toolhead): setting XYZ trapq position.
set_position (toolhead): using newpos=[0.0, 0.0, 150.0]
set_kin_trap_position: setting trapq pos to newpos=[0.0, 0.0, 150.0]
set_position (toolhead): setting ABC trapq position.
set_position (toolhead): using newpos=[540.0, 30.0, 30.0]
set_kin_trap_position: setting trapq pos to newpos=[540.0, 30.0, 30.0]
set_position (toolhead): setting E trapq pos.
toolhead.set_position_e: setting E to newpos=5.0.
PrinterExtruder.set_position: called with newpos_e=5.0 homing_axes=a and self.axis_idx=6.
ExtruderStepper.set_position: setting E to newpos=5.0.
MCU_stepper.set_position: setting coord=[5.0, 0.0, 0.0] on stepper=extruder
MCU_stepper.set_position: calling itersolve_set_position
MCU_stepper.set_position: calling _set_mcu_position
set_position (toolhead): setting XYZ kinematic position.
set_position (toolhead): using newpos=[0.0, 0.0, 150.0] and kin_homing_axes=[]
set_kinematics_position: setting kinematic position with newpos=[0.0, 0.0, 150.0] and homing_axes=[]
CartKinematicsABC.set_position: setting kinematic position of 3 rails with newpos=[0.0, 0.0, 150.0] and homing_axes=[]
CartKinematicsABC: setting newpos=[0.0, 0.0, 150.0] on stepper: stepper_x
MCU_stepper.set_position: setting coord=[0.0, 0.0, 150.0] on stepper=stepper_x
MCU_stepper.set_position: calling itersolve_set_position
MCU_stepper.set_position: calling _set_mcu_position
CartKinematicsABC: setting newpos=[0.0, 0.0, 150.0] on stepper: stepper_y
MCU_stepper.set_position: setting coord=[0.0, 0.0, 150.0] on stepper=stepper_y
MCU_stepper.set_position: calling itersolve_set_position
MCU_stepper.set_position: calling _set_mcu_position
CartKinematicsABC: setting newpos=[0.0, 0.0, 150.0] on stepper: stepper_z
MCU_stepper.set_position: setting coord=[0.0, 0.0, 150.0] on stepper=stepper_z
MCU_stepper.set_position: calling itersolve_set_position
MCU_stepper.set_position: calling _set_mcu_position
set_position (toolhead): setting ABC kinematic position.
set_position (toolhead): using newpos=[540.0, 30.0, 30.0] and kin_homing_axes=['a']
set_kinematics_position: setting kinematic position with newpos=[540.0, 30.0, 30.0] and homing_axes=['a']
CartKinematicsABC.set_position: setting kinematic position of 3 rails with newpos=[540.0, 30.0, 30.0] and homing_axes=['a']
CartKinematicsABC: setting newpos=[540.0, 30.0, 30.0] on stepper: stepper_a
MCU_stepper.set_position: setting coord=[540.0, 30.0, 30.0] on stepper=stepper_a
MCU_stepper.set_position: calling itersolve_set_position
MCU_stepper.set_position: calling _set_mcu_position
CartKinematicsABC: setting newpos=[540.0, 30.0, 30.0] on stepper: stepper_b
MCU_stepper.set_position: setting coord=[540.0, 30.0, 30.0] on stepper=stepper_b
MCU_stepper.set_position: calling itersolve_set_position
MCU_stepper.set_position: calling _set_mcu_position
CartKinematicsABC: setting newpos=[540.0, 30.0, 30.0] on stepper: stepper_c
MCU_stepper.set_position: setting coord=[540.0, 30.0, 30.0] on stepper=stepper_c
MCU_stepper.set_position: calling itersolve_set_position
MCU_stepper.set_position: calling _set_mcu_position
CartKinematicsABC: setting limits=(-360.0, 360.0) on stepper: stepper_a
gcode_move.reset_last_position: triggered.
gcode_move.reset_last_position: set self.last_position=[0.0, 0.0, 150.0, 540.0, 30.0, 30.0, 5.0]
homing.homing_move: homing move called, starting setup.
homing.StepperPosition: add stepper stepper_a to endstop a
homing.homing_move: homing move start.
homing.homing_move: dwell for HOMING_START_DELAY=0.001
homing.homing_move: issuing drip move at speed: 25.0
drip_move: sending move to the queue.
toolhead.move: processing move to newpos=[0.0, 0.0, 150.0, 0.0, 30.0, 30.0, 5.0] at speed=25.0
toolhead.move: moved_axes=[3] unconfigured_axes=[] self.axes=[0, 1, 2, 3, 4, 5, 6]
toolhead.move: moving to newpos=[0.0, 0.0, 150.0, 0.0, 30.0, 30.0, 5.0]
Move: setup with start_pos=[0.0, 0.0, 150.0, 540.0, 30.0, 30.0, 5.0] and end_pos=[0.0, 0.0, 150.0, 0.0, 30.0, 30.0, 5.0]
Move: setup with axes_d=[0.0, 0.0, 0.0, -540.0, 0.0, 0.0, 0.0] and move_d=540.0.
Move: scale acceleration from 3000.0 to 3000.0.
toolhead.move: check_move on XYZ move.
cartesian_abc.check_move: checking move ending on (0.0, 0.0, 150.0, 0.0, 30.0, 30.0, 5.0).
cartesian_abc.check_move: no Z axis in move.
toolhead.move: check_move on ABC move.
cartesian_abc.check_move: checking move ending on (0.0, 0.0, 150.0, 0.0, 30.0, 30.0, 5.0).
cartesian_abc.check_move: no Z axis in ABC kinematic.
MoveQueue.add_move: adding move.
drip_move: flushing move queue / transmitting move.
Move set_junction: function triggered.
Move set_junction: function end.
ToolHead _process_moves: function triggered.
ToolHead _process_moves: self.print_time=753.5167765387642
ToolHead _process_moves: next_move_time=753.5167765387642
toolhead._process_moves: appending move to XYZ trapq.
toolhead._process_moves: appending move to ABC trapq.
ToolHead _process_moves: calling _update_drip_move_time with next_move_time=775.1251098720976
drip_move: calling flush_step_generation / exit drip state.
homing.homing_move: waiting for endstop triggers.
homing.homing_move: calculating haltpos.
set_position (toolhead): setting newpos=[0.0, 0.0, 150.0, 0.0, 30.0, 30.0, 5.0] and homing_axes=
set_position (toolhead): setting XYZ trapq position.
set_position (toolhead): using newpos=[0.0, 0.0, 150.0]
set_kin_trap_position: setting trapq pos to newpos=[0.0, 0.0, 150.0]
set_position (toolhead): setting ABC trapq position.
set_position (toolhead): using newpos=[0.0, 30.0, 30.0]
set_kin_trap_position: setting trapq pos to newpos=[0.0, 30.0, 30.0]
set_position (toolhead): setting E trapq pos.
toolhead.set_position_e: setting E to newpos=5.0.
PrinterExtruder.set_position: called with newpos_e=5.0 homing_axes= and self.axis_idx=6.
ExtruderStepper.set_position: setting E to newpos=5.0.
MCU_stepper.set_position: setting coord=[5.0, 0.0, 0.0] on stepper=extruder
MCU_stepper.set_position: calling itersolve_set_position
MCU_stepper.set_position: calling _set_mcu_position
set_position (toolhead): setting XYZ kinematic position.
set_position (toolhead): using newpos=[0.0, 0.0, 150.0] and kin_homing_axes=[]
set_kinematics_position: setting kinematic position with newpos=[0.0, 0.0, 150.0] and homing_axes=[]
CartKinematicsABC.set_position: setting kinematic position of 3 rails with newpos=[0.0, 0.0, 150.0] and homing_axes=[]
CartKinematicsABC: setting newpos=[0.0, 0.0, 150.0] on stepper: stepper_x
MCU_stepper.set_position: setting coord=[0.0, 0.0, 150.0] on stepper=stepper_x
MCU_stepper.set_position: calling itersolve_set_position
MCU_stepper.set_position: calling _set_mcu_position
CartKinematicsABC: setting newpos=[0.0, 0.0, 150.0] on stepper: stepper_y
MCU_stepper.set_position: setting coord=[0.0, 0.0, 150.0] on stepper=stepper_y
MCU_stepper.set_position: calling itersolve_set_position
MCU_stepper.set_position: calling _set_mcu_position
CartKinematicsABC: setting newpos=[0.0, 0.0, 150.0] on stepper: stepper_z
MCU_stepper.set_position: setting coord=[0.0, 0.0, 150.0] on stepper=stepper_z
MCU_stepper.set_position: calling itersolve_set_position
MCU_stepper.set_position: calling _set_mcu_position
set_position (toolhead): setting ABC kinematic position.
set_position (toolhead): using newpos=[0.0, 30.0, 30.0] and kin_homing_axes=[]
set_kinematics_position: setting kinematic position with newpos=[0.0, 30.0, 30.0] and homing_axes=[]
CartKinematicsABC.set_position: setting kinematic position of 3 rails with newpos=[0.0, 30.0, 30.0] and homing_axes=[]
CartKinematicsABC: setting newpos=[0.0, 30.0, 30.0] on stepper: stepper_a
MCU_stepper.set_position: setting coord=[0.0, 30.0, 30.0] on stepper=stepper_a
MCU_stepper.set_position: calling itersolve_set_position
MCU_stepper.set_position: calling _set_mcu_position
CartKinematicsABC: setting newpos=[0.0, 30.0, 30.0] on stepper: stepper_b
MCU_stepper.set_position: setting coord=[0.0, 30.0, 30.0] on stepper=stepper_b
MCU_stepper.set_position: calling itersolve_set_position
MCU_stepper.set_position: calling _set_mcu_position
CartKinematicsABC: setting newpos=[0.0, 30.0, 30.0] on stepper: stepper_c
MCU_stepper.set_position: setting coord=[0.0, 30.0, 30.0] on stepper=stepper_c
MCU_stepper.set_position: calling itersolve_set_position
MCU_stepper.set_position: calling _set_mcu_position
gcode_move.reset_last_position: triggered.
gcode_move.reset_last_position: set self.last_position=[0.0, 0.0, 150.0, 0.0, 30.0, 30.0, 5.0]
homing.homing_move: endstop trigger position trigpos=[0.0, 0.0, 150.0, 0.0, 30.0, 30.0, 5.0]
homing.homing_move: toolhead position set to haltpos=[0.0, 0.0, 150.0, 0.0, 30.0, 30.0, 5.0]
homing.homing_move: homing move end.
homing.home_rails: setting up second home startpos=[0.0, 0.0, 150.0, 540.0, 30.0, 30.0, 5.0] and homepos=[0.0, 0.0, 150.0, 0.0, 30.0, 30.0, 5.0]
homing.home_rails: issuing retraction move to retractpos=[0.0, 0.0, 150.0, 5.0, 30.0, 30.0, 5.0]
toolhead.move: processing move to newpos=[0.0, 0.0, 150.0, 5.0, 30.0, 30.0, 5.0] at speed=25.0
toolhead.move: moved_axes=[3] unconfigured_axes=[] self.axes=[0, 1, 2, 3, 4, 5, 6]
toolhead.move: moving to newpos=[0.0, 0.0, 150.0, 5.0, 30.0, 30.0, 5.0]
Move: setup with start_pos=[0.0, 0.0, 150.0, 0.0, 30.0, 30.0, 5.0] and end_pos=[0.0, 0.0, 150.0, 5.0, 30.0, 30.0, 5.0]
Move: setup with axes_d=[0.0, 0.0, 0.0, 5.0, 0.0, 0.0, 0.0] and move_d=5.0.
Move: scale acceleration from 3000.0 to 3000.0.
toolhead.move: check_move on XYZ move.
cartesian_abc.check_move: checking move ending on (0.0, 0.0, 150.0, 5.0, 30.0, 30.0, 5.0).
cartesian_abc.check_move: no Z axis in move.
toolhead.move: check_move on ABC move.
cartesian_abc.check_move: checking move ending on (0.0, 0.0, 150.0, 5.0, 30.0, 30.0, 5.0).
cartesian_abc.check_move: no Z axis in ABC kinematic.
MoveQueue.add_move: adding move.
homing.home_rails: issuing second homing move with startpos=[0.0, 0.0, 150.0, 10.0, 30.0, 30.0, 5.0]
set_position (toolhead): setting newpos=[0.0, 0.0, 150.0, 10.0, 30.0, 30.0, 5.0] and homing_axes=
Move set_junction: function triggered.
Move set_junction: function end.
ToolHead _process_moves: function triggered.
ToolHead _process_moves: self.print_time=775.1281098720975
ToolHead _process_moves: next_move_time=775.1281098720975
toolhead._process_moves: appending move to XYZ trapq.
toolhead._process_moves: appending move to ABC trapq.
set_position (toolhead): setting XYZ trapq position.
set_position (toolhead): using newpos=[0.0, 0.0, 150.0]
set_kin_trap_position: setting trapq pos to newpos=[0.0, 0.0, 150.0]
set_position (toolhead): setting ABC trapq position.
set_position (toolhead): using newpos=[10.0, 30.0, 30.0]
set_kin_trap_position: setting trapq pos to newpos=[10.0, 30.0, 30.0]
set_position (toolhead): setting E trapq pos.
toolhead.set_position_e: setting E to newpos=5.0.
PrinterExtruder.set_position: called with newpos_e=5.0 homing_axes= and self.axis_idx=6.
ExtruderStepper.set_position: setting E to newpos=5.0.
MCU_stepper.set_position: setting coord=[5.0, 0.0, 0.0] on stepper=extruder
MCU_stepper.set_position: calling itersolve_set_position
MCU_stepper.set_position: calling _set_mcu_position
set_position (toolhead): setting XYZ kinematic position.
set_position (toolhead): using newpos=[0.0, 0.0, 150.0] and kin_homing_axes=[]
set_kinematics_position: setting kinematic position with newpos=[0.0, 0.0, 150.0] and homing_axes=[]
CartKinematicsABC.set_position: setting kinematic position of 3 rails with newpos=[0.0, 0.0, 150.0] and homing_axes=[]
CartKinematicsABC: setting newpos=[0.0, 0.0, 150.0] on stepper: stepper_x
MCU_stepper.set_position: setting coord=[0.0, 0.0, 150.0] on stepper=stepper_x
MCU_stepper.set_position: calling itersolve_set_position
MCU_stepper.set_position: calling _set_mcu_position
CartKinematicsABC: setting newpos=[0.0, 0.0, 150.0] on stepper: stepper_y
MCU_stepper.set_position: setting coord=[0.0, 0.0, 150.0] on stepper=stepper_y
MCU_stepper.set_position: calling itersolve_set_position
MCU_stepper.set_position: calling _set_mcu_position
CartKinematicsABC: setting newpos=[0.0, 0.0, 150.0] on stepper: stepper_z
MCU_stepper.set_position: setting coord=[0.0, 0.0, 150.0] on stepper=stepper_z
MCU_stepper.set_position: calling itersolve_set_position
MCU_stepper.set_position: calling _set_mcu_position
set_position (toolhead): setting ABC kinematic position.
set_position (toolhead): using newpos=[10.0, 30.0, 30.0] and kin_homing_axes=[]
set_kinematics_position: setting kinematic position with newpos=[10.0, 30.0, 30.0] and homing_axes=[]
CartKinematicsABC.set_position: setting kinematic position of 3 rails with newpos=[10.0, 30.0, 30.0] and homing_axes=[]
CartKinematicsABC: setting newpos=[10.0, 30.0, 30.0] on stepper: stepper_a
MCU_stepper.set_position: setting coord=[10.0, 30.0, 30.0] on stepper=stepper_a
MCU_stepper.set_position: calling itersolve_set_position
MCU_stepper.set_position: calling _set_mcu_position
CartKinematicsABC: setting newpos=[10.0, 30.0, 30.0] on stepper: stepper_b
MCU_stepper.set_position: setting coord=[10.0, 30.0, 30.0] on stepper=stepper_b
MCU_stepper.set_position: calling itersolve_set_position
MCU_stepper.set_position: calling _set_mcu_position
CartKinematicsABC: setting newpos=[10.0, 30.0, 30.0] on stepper: stepper_c
MCU_stepper.set_position: setting coord=[10.0, 30.0, 30.0] on stepper=stepper_c
MCU_stepper.set_position: calling itersolve_set_position
MCU_stepper.set_position: calling _set_mcu_position
gcode_move.reset_last_position: triggered.
gcode_move.reset_last_position: set self.last_position=[0.0, 0.0, 150.0, 10.0, 30.0, 30.0, 5.0]
homing.home_rails: starting second home startpos=[0.0, 0.0, 150.0, 10.0, 30.0, 30.0, 5.0] and homepos=[0.0, 0.0, 150.0, 0.0, 30.0, 30.0, 5.0]
homing.homing_move: homing move called, starting setup.
homing.StepperPosition: add stepper stepper_a to endstop a
homing.homing_move: homing move start.
homing.homing_move: dwell for HOMING_START_DELAY=0.001
homing.homing_move: issuing drip move at speed: 5.0
drip_move: sending move to the queue.
toolhead.move: processing move to newpos=[0.0, 0.0, 150.0, 0.0, 30.0, 30.0, 5.0] at speed=5.0
toolhead.move: moved_axes=[3] unconfigured_axes=[] self.axes=[0, 1, 2, 3, 4, 5, 6]
toolhead.move: moving to newpos=[0.0, 0.0, 150.0, 0.0, 30.0, 30.0, 5.0]
Move: setup with start_pos=[0.0, 0.0, 150.0, 10.0, 30.0, 30.0, 5.0] and end_pos=[0.0, 0.0, 150.0, 0.0, 30.0, 30.0, 5.0]
Move: setup with axes_d=[0.0, 0.0, 0.0, -10.0, 0.0, 0.0, 0.0] and move_d=10.0.
Move: scale acceleration from 3000.0 to 3000.0.
toolhead.move: check_move on XYZ move.
cartesian_abc.check_move: checking move ending on (0.0, 0.0, 150.0, 0.0, 30.0, 30.0, 5.0).
cartesian_abc.check_move: no Z axis in move.
toolhead.move: check_move on ABC move.
cartesian_abc.check_move: checking move ending on (0.0, 0.0, 150.0, 0.0, 30.0, 30.0, 5.0).
cartesian_abc.check_move: no Z axis in ABC kinematic.
MoveQueue.add_move: adding move.
drip_move: flushing move queue / transmitting move.
Move set_junction: function triggered.
Move set_junction: function end.
ToolHead _process_moves: function triggered.
ToolHead _process_moves: self.print_time=775.3404432054308
ToolHead _process_moves: next_move_time=775.3404432054308
toolhead._process_moves: appending move to XYZ trapq.
toolhead._process_moves: appending move to ABC trapq.
ToolHead _process_moves: calling _update_drip_move_time with next_move_time=777.3421098720975
drip_move: calling flush_step_generation / exit drip state.
homing.homing_move: waiting for endstop triggers.
homing.homing_move: calculating haltpos.
set_position (toolhead): setting newpos=[0.0, 0.0, 150.0, 0.0, 30.0, 30.0, 5.0] and homing_axes=
set_position (toolhead): setting XYZ trapq position.
set_position (toolhead): using newpos=[0.0, 0.0, 150.0]
set_kin_trap_position: setting trapq pos to newpos=[0.0, 0.0, 150.0]
set_position (toolhead): setting ABC trapq position.
set_position (toolhead): using newpos=[0.0, 30.0, 30.0]
set_kin_trap_position: setting trapq pos to newpos=[0.0, 30.0, 30.0]
set_position (toolhead): setting E trapq pos.
toolhead.set_position_e: setting E to newpos=5.0.
PrinterExtruder.set_position: called with newpos_e=5.0 homing_axes= and self.axis_idx=6.
ExtruderStepper.set_position: setting E to newpos=5.0.
MCU_stepper.set_position: setting coord=[5.0, 0.0, 0.0] on stepper=extruder
MCU_stepper.set_position: calling itersolve_set_position
MCU_stepper.set_position: calling _set_mcu_position
set_position (toolhead): setting XYZ kinematic position.
set_position (toolhead): using newpos=[0.0, 0.0, 150.0] and kin_homing_axes=[]
set_kinematics_position: setting kinematic position with newpos=[0.0, 0.0, 150.0] and homing_axes=[]
CartKinematicsABC.set_position: setting kinematic position of 3 rails with newpos=[0.0, 0.0, 150.0] and homing_axes=[]
CartKinematicsABC: setting newpos=[0.0, 0.0, 150.0] on stepper: stepper_x
MCU_stepper.set_position: setting coord=[0.0, 0.0, 150.0] on stepper=stepper_x
MCU_stepper.set_position: calling itersolve_set_position
MCU_stepper.set_position: calling _set_mcu_position
CartKinematicsABC: setting newpos=[0.0, 0.0, 150.0] on stepper: stepper_y
MCU_stepper.set_position: setting coord=[0.0, 0.0, 150.0] on stepper=stepper_y
MCU_stepper.set_position: calling itersolve_set_position
MCU_stepper.set_position: calling _set_mcu_position
CartKinematicsABC: setting newpos=[0.0, 0.0, 150.0] on stepper: stepper_z
MCU_stepper.set_position: setting coord=[0.0, 0.0, 150.0] on stepper=stepper_z
MCU_stepper.set_position: calling itersolve_set_position
MCU_stepper.set_position: calling _set_mcu_position
set_position (toolhead): setting ABC kinematic position.
set_position (toolhead): using newpos=[0.0, 30.0, 30.0] and kin_homing_axes=[]
set_kinematics_position: setting kinematic position with newpos=[0.0, 30.0, 30.0] and homing_axes=[]
CartKinematicsABC.set_position: setting kinematic position of 3 rails with newpos=[0.0, 30.0, 30.0] and homing_axes=[]
CartKinematicsABC: setting newpos=[0.0, 30.0, 30.0] on stepper: stepper_a
MCU_stepper.set_position: setting coord=[0.0, 30.0, 30.0] on stepper=stepper_a
MCU_stepper.set_position: calling itersolve_set_position
MCU_stepper.set_position: calling _set_mcu_position
CartKinematicsABC: setting newpos=[0.0, 30.0, 30.0] on stepper: stepper_b
MCU_stepper.set_position: setting coord=[0.0, 30.0, 30.0] on stepper=stepper_b
MCU_stepper.set_position: calling itersolve_set_position
MCU_stepper.set_position: calling _set_mcu_position
CartKinematicsABC: setting newpos=[0.0, 30.0, 30.0] on stepper: stepper_c
MCU_stepper.set_position: setting coord=[0.0, 30.0, 30.0] on stepper=stepper_c
MCU_stepper.set_position: calling itersolve_set_position
MCU_stepper.set_position: calling _set_mcu_position
gcode_move.reset_last_position: triggered.
gcode_move.reset_last_position: set self.last_position=[0.0, 0.0, 150.0, 0.0, 30.0, 30.0, 5.0]
homing.homing_move: endstop trigger position trigpos=[0.0, 0.0, 150.0, 0.0, 30.0, 30.0, 5.0]
homing.homing_move: toolhead position set to haltpos=[0.0, 0.0, 150.0, 0.0, 30.0, 30.0, 5.0]
homing.homing_move: homing move end.
check_no_movement with axes=None
gcode_move.reset_last_position: triggered.
gcode_move.reset_last_position: set self.last_position=[0.0, 0.0, 150.0, 0.0, 30.0, 30.0, 5.0]
homing.home_rails: finalized.
toolhead.abc_axes_to_xyz: input=4
toolhead.abc_axes_to_xyz: output=1
cartesian_abc._home_axis: homing axis=4 with forcepos=[None, None, None, None, 270.0, None, None] and homepos=[None, None, None, None, 0.0, None, None]
homing.home_rails: homing begins with forcepos=[None, None, None, None, 270.0, None, None] and movepos=[None, None, None, None, 0.0, None, None]
set_position (toolhead): setting newpos=[0.0, 0.0, 150.0, 0.0, 270.0, 30.0, 5.0] and homing_axes=b
set_position (toolhead): setting XYZ trapq position.
set_position (toolhead): using newpos=[0.0, 0.0, 150.0]
set_kin_trap_position: setting trapq pos to newpos=[0.0, 0.0, 150.0]
set_position (toolhead): setting ABC trapq position.
set_position (toolhead): using newpos=[0.0, 270.0, 30.0]
set_kin_trap_position: setting trapq pos to newpos=[0.0, 270.0, 30.0]
set_position (toolhead): setting E trapq pos.
toolhead.set_position_e: setting E to newpos=5.0.
PrinterExtruder.set_position: called with newpos_e=5.0 homing_axes=b and self.axis_idx=6.
ExtruderStepper.set_position: setting E to newpos=5.0.
MCU_stepper.set_position: setting coord=[5.0, 0.0, 0.0] on stepper=extruder
MCU_stepper.set_position: calling itersolve_set_position
MCU_stepper.set_position: calling _set_mcu_position
set_position (toolhead): setting XYZ kinematic position.
set_position (toolhead): using newpos=[0.0, 0.0, 150.0] and kin_homing_axes=[]
set_kinematics_position: setting kinematic position with newpos=[0.0, 0.0, 150.0] and homing_axes=[]
CartKinematicsABC.set_position: setting kinematic position of 3 rails with newpos=[0.0, 0.0, 150.0] and homing_axes=[]
CartKinematicsABC: setting newpos=[0.0, 0.0, 150.0] on stepper: stepper_x
MCU_stepper.set_position: setting coord=[0.0, 0.0, 150.0] on stepper=stepper_x
MCU_stepper.set_position: calling itersolve_set_position
MCU_stepper.set_position: calling _set_mcu_position
CartKinematicsABC: setting newpos=[0.0, 0.0, 150.0] on stepper: stepper_y
MCU_stepper.set_position: setting coord=[0.0, 0.0, 150.0] on stepper=stepper_y
MCU_stepper.set_position: calling itersolve_set_position
MCU_stepper.set_position: calling _set_mcu_position
CartKinematicsABC: setting newpos=[0.0, 0.0, 150.0] on stepper: stepper_z
MCU_stepper.set_position: setting coord=[0.0, 0.0, 150.0] on stepper=stepper_z
MCU_stepper.set_position: calling itersolve_set_position
MCU_stepper.set_position: calling _set_mcu_position
set_position (toolhead): setting ABC kinematic position.
set_position (toolhead): using newpos=[0.0, 270.0, 30.0] and kin_homing_axes=['b']
set_kinematics_position: setting kinematic position with newpos=[0.0, 270.0, 30.0] and homing_axes=['b']
CartKinematicsABC.set_position: setting kinematic position of 3 rails with newpos=[0.0, 270.0, 30.0] and homing_axes=['b']
CartKinematicsABC: setting newpos=[0.0, 270.0, 30.0] on stepper: stepper_a
MCU_stepper.set_position: setting coord=[0.0, 270.0, 30.0] on stepper=stepper_a
MCU_stepper.set_position: calling itersolve_set_position
MCU_stepper.set_position: calling _set_mcu_position
CartKinematicsABC: setting newpos=[0.0, 270.0, 30.0] on stepper: stepper_b
MCU_stepper.set_position: setting coord=[0.0, 270.0, 30.0] on stepper=stepper_b
MCU_stepper.set_position: calling itersolve_set_position
MCU_stepper.set_position: calling _set_mcu_position
CartKinematicsABC: setting newpos=[0.0, 270.0, 30.0] on stepper: stepper_c
MCU_stepper.set_position: setting coord=[0.0, 270.0, 30.0] on stepper=stepper_c
MCU_stepper.set_position: calling itersolve_set_position
MCU_stepper.set_position: calling _set_mcu_position
CartKinematicsABC: setting limits=(-180.0, 180.0) on stepper: stepper_b
gcode_move.reset_last_position: triggered.
gcode_move.reset_last_position: set self.last_position=[0.0, 0.0, 150.0, 0.0, 270.0, 30.0, 5.0]
homing.homing_move: homing move called, starting setup.
homing.StepperPosition: add stepper stepper_b to endstop b
homing.homing_move: homing move start.
homing.homing_move: dwell for HOMING_START_DELAY=0.001
homing.homing_move: issuing drip move at speed: 25.0
drip_move: sending move to the queue.
toolhead.move: processing move to newpos=[0.0, 0.0, 150.0, 0.0, 0.0, 30.0, 5.0] at speed=25.0
toolhead.move: moved_axes=[4] unconfigured_axes=[] self.axes=[0, 1, 2, 3, 4, 5, 6]
toolhead.move: moving to newpos=[0.0, 0.0, 150.0, 0.0, 0.0, 30.0, 5.0]
Move: setup with start_pos=[0.0, 0.0, 150.0, 0.0, 270.0, 30.0, 5.0] and end_pos=[0.0, 0.0, 150.0, 0.0, 0.0, 30.0, 5.0]
Move: setup with axes_d=[0.0, 0.0, 0.0, 0.0, -270.0, 0.0, 0.0] and move_d=270.0.
Move: scale acceleration from 3000.0 to 3000.0.
toolhead.move: check_move on XYZ move.
cartesian_abc.check_move: checking move ending on (0.0, 0.0, 150.0, 0.0, 0.0, 30.0, 5.0).
cartesian_abc.check_move: no Z axis in move.
toolhead.move: check_move on ABC move.
cartesian_abc.check_move: checking move ending on (0.0, 0.0, 150.0, 0.0, 0.0, 30.0, 5.0).
cartesian_abc.check_move: no Z axis in ABC kinematic.
MoveQueue.add_move: adding move.
drip_move: flushing move queue / transmitting move.
Move set_junction: function triggered.
Move set_junction: function end.
ToolHead _process_moves: function triggered.
ToolHead _process_moves: self.print_time=777.3471098720973
ToolHead _process_moves: next_move_time=777.3471098720973
toolhead._process_moves: appending move to XYZ trapq.
toolhead._process_moves: appending move to ABC trapq.
ToolHead _process_moves: calling _update_drip_move_time with next_move_time=788.1554432054306
drip_move: calling flush_step_generation / exit drip state.
homing.homing_move: waiting for endstop triggers.
homing.homing_move: calculating haltpos.
set_position (toolhead): setting newpos=[0.0, 0.0, 150.0, 0.0, 0.0, 30.0, 5.0] and homing_axes=
set_position (toolhead): setting XYZ trapq position.
set_position (toolhead): using newpos=[0.0, 0.0, 150.0]
set_kin_trap_position: setting trapq pos to newpos=[0.0, 0.0, 150.0]
set_position (toolhead): setting ABC trapq position.
set_position (toolhead): using newpos=[0.0, 0.0, 30.0]
set_kin_trap_position: setting trapq pos to newpos=[0.0, 0.0, 30.0]
set_position (toolhead): setting E trapq pos.
toolhead.set_position_e: setting E to newpos=5.0.
PrinterExtruder.set_position: called with newpos_e=5.0 homing_axes= and self.axis_idx=6.
ExtruderStepper.set_position: setting E to newpos=5.0.
MCU_stepper.set_position: setting coord=[5.0, 0.0, 0.0] on stepper=extruder
MCU_stepper.set_position: calling itersolve_set_position
MCU_stepper.set_position: calling _set_mcu_position
set_position (toolhead): setting XYZ kinematic position.
set_position (toolhead): using newpos=[0.0, 0.0, 150.0] and kin_homing_axes=[]
set_kinematics_position: setting kinematic position with newpos=[0.0, 0.0, 150.0] and homing_axes=[]
CartKinematicsABC.set_position: setting kinematic position of 3 rails with newpos=[0.0, 0.0, 150.0] and homing_axes=[]
CartKinematicsABC: setting newpos=[0.0, 0.0, 150.0] on stepper: stepper_x
MCU_stepper.set_position: setting coord=[0.0, 0.0, 150.0] on stepper=stepper_x
MCU_stepper.set_position: calling itersolve_set_position
MCU_stepper.set_position: calling _set_mcu_position
CartKinematicsABC: setting newpos=[0.0, 0.0, 150.0] on stepper: stepper_y
MCU_stepper.set_position: setting coord=[0.0, 0.0, 150.0] on stepper=stepper_y
MCU_stepper.set_position: calling itersolve_set_position
MCU_stepper.set_position: calling _set_mcu_position
CartKinematicsABC: setting newpos=[0.0, 0.0, 150.0] on stepper: stepper_z
MCU_stepper.set_position: setting coord=[0.0, 0.0, 150.0] on stepper=stepper_z
MCU_stepper.set_position: calling itersolve_set_position
MCU_stepper.set_position: calling _set_mcu_position
set_position (toolhead): setting ABC kinematic position.
set_position (toolhead): using newpos=[0.0, 0.0, 30.0] and kin_homing_axes=[]
set_kinematics_position: setting kinematic position with newpos=[0.0, 0.0, 30.0] and homing_axes=[]
CartKinematicsABC.set_position: setting kinematic position of 3 rails with newpos=[0.0, 0.0, 30.0] and homing_axes=[]
CartKinematicsABC: setting newpos=[0.0, 0.0, 30.0] on stepper: stepper_a
MCU_stepper.set_position: setting coord=[0.0, 0.0, 30.0] on stepper=stepper_a
MCU_stepper.set_position: calling itersolve_set_position
MCU_stepper.set_position: calling _set_mcu_position
CartKinematicsABC: setting newpos=[0.0, 0.0, 30.0] on stepper: stepper_b
MCU_stepper.set_position: setting coord=[0.0, 0.0, 30.0] on stepper=stepper_b
MCU_stepper.set_position: calling itersolve_set_position
MCU_stepper.set_position: calling _set_mcu_position
CartKinematicsABC: setting newpos=[0.0, 0.0, 30.0] on stepper: stepper_c
MCU_stepper.set_position: setting coord=[0.0, 0.0, 30.0] on stepper=stepper_c
MCU_stepper.set_position: calling itersolve_set_position
MCU_stepper.set_position: calling _set_mcu_position
gcode_move.reset_last_position: triggered.
gcode_move.reset_last_position: set self.last_position=[0.0, 0.0, 150.0, 0.0, 0.0, 30.0, 5.0]
homing.homing_move: endstop trigger position trigpos=[0.0, 0.0, 150.0, 0.0, 0.0, 30.0, 5.0]
homing.homing_move: toolhead position set to haltpos=[0.0, 0.0, 150.0, 0.0, 0.0, 30.0, 5.0]
homing.homing_move: homing move end.
homing.home_rails: setting up second home startpos=[0.0, 0.0, 150.0, 0.0, 270.0, 30.0, 5.0] and homepos=[0.0, 0.0, 150.0, 0.0, 0.0, 30.0, 5.0]
homing.home_rails: issuing retraction move to retractpos=[0.0, 0.0, 150.0, 0.0, 5.0, 30.0, 5.0]
toolhead.move: processing move to newpos=[0.0, 0.0, 150.0, 0.0, 5.0, 30.0, 5.0] at speed=25.0
toolhead.move: moved_axes=[4] unconfigured_axes=[] self.axes=[0, 1, 2, 3, 4, 5, 6]
toolhead.move: moving to newpos=[0.0, 0.0, 150.0, 0.0, 5.0, 30.0, 5.0]
Move: setup with start_pos=[0.0, 0.0, 150.0, 0.0, 0.0, 30.0, 5.0] and end_pos=[0.0, 0.0, 150.0, 0.0, 5.0, 30.0, 5.0]
Move: setup with axes_d=[0.0, 0.0, 0.0, 0.0, 5.0, 0.0, 0.0] and move_d=5.0.
Move: scale acceleration from 3000.0 to 3000.0.
toolhead.move: check_move on XYZ move.
cartesian_abc.check_move: checking move ending on (0.0, 0.0, 150.0, 0.0, 5.0, 30.0, 5.0).
cartesian_abc.check_move: no Z axis in move.
toolhead.move: check_move on ABC move.
cartesian_abc.check_move: checking move ending on (0.0, 0.0, 150.0, 0.0, 5.0, 30.0, 5.0).
cartesian_abc.check_move: no Z axis in ABC kinematic.
MoveQueue.add_move: adding move.
homing.home_rails: issuing second homing move with startpos=[0.0, 0.0, 150.0, 0.0, 10.0, 30.0, 5.0]
set_position (toolhead): setting newpos=[0.0, 0.0, 150.0, 0.0, 10.0, 30.0, 5.0] and homing_axes=
Move set_junction: function triggered.
Move set_junction: function end.
ToolHead _process_moves: function triggered.
ToolHead _process_moves: self.print_time=788.1584432054306
ToolHead _process_moves: next_move_time=788.1584432054306
toolhead._process_moves: appending move to XYZ trapq.
toolhead._process_moves: appending move to ABC trapq.
set_position (toolhead): setting XYZ trapq position.
set_position (toolhead): using newpos=[0.0, 0.0, 150.0]
set_kin_trap_position: setting trapq pos to newpos=[0.0, 0.0, 150.0]
set_position (toolhead): setting ABC trapq position.
set_position (toolhead): using newpos=[0.0, 10.0, 30.0]
set_kin_trap_position: setting trapq pos to newpos=[0.0, 10.0, 30.0]
set_position (toolhead): setting E trapq pos.
toolhead.set_position_e: setting E to newpos=5.0.
PrinterExtruder.set_position: called with newpos_e=5.0 homing_axes= and self.axis_idx=6.
ExtruderStepper.set_position: setting E to newpos=5.0.
MCU_stepper.set_position: setting coord=[5.0, 0.0, 0.0] on stepper=extruder
MCU_stepper.set_position: calling itersolve_set_position
MCU_stepper.set_position: calling _set_mcu_position
set_position (toolhead): setting XYZ kinematic position.
set_position (toolhead): using newpos=[0.0, 0.0, 150.0] and kin_homing_axes=[]
set_kinematics_position: setting kinematic position with newpos=[0.0, 0.0, 150.0] and homing_axes=[]
CartKinematicsABC.set_position: setting kinematic position of 3 rails with newpos=[0.0, 0.0, 150.0] and homing_axes=[]
CartKinematicsABC: setting newpos=[0.0, 0.0, 150.0] on stepper: stepper_x
MCU_stepper.set_position: setting coord=[0.0, 0.0, 150.0] on stepper=stepper_x
MCU_stepper.set_position: calling itersolve_set_position
MCU_stepper.set_position: calling _set_mcu_position
CartKinematicsABC: setting newpos=[0.0, 0.0, 150.0] on stepper: stepper_y
MCU_stepper.set_position: setting coord=[0.0, 0.0, 150.0] on stepper=stepper_y
MCU_stepper.set_position: calling itersolve_set_position
MCU_stepper.set_position: calling _set_mcu_position
CartKinematicsABC: setting newpos=[0.0, 0.0, 150.0] on stepper: stepper_z
MCU_stepper.set_position: setting coord=[0.0, 0.0, 150.0] on stepper=stepper_z
MCU_stepper.set_position: calling itersolve_set_position
MCU_stepper.set_position: calling _set_mcu_position
set_position (toolhead): setting ABC kinematic position.
set_position (toolhead): using newpos=[0.0, 10.0, 30.0] and kin_homing_axes=[]
set_kinematics_position: setting kinematic position with newpos=[0.0, 10.0, 30.0] and homing_axes=[]
CartKinematicsABC.set_position: setting kinematic position of 3 rails with newpos=[0.0, 10.0, 30.0] and homing_axes=[]
CartKinematicsABC: setting newpos=[0.0, 10.0, 30.0] on stepper: stepper_a
MCU_stepper.set_position: setting coord=[0.0, 10.0, 30.0] on stepper=stepper_a
MCU_stepper.set_position: calling itersolve_set_position
MCU_stepper.set_position: calling _set_mcu_position
CartKinematicsABC: setting newpos=[0.0, 10.0, 30.0] on stepper: stepper_b
MCU_stepper.set_position: setting coord=[0.0, 10.0, 30.0] on stepper=stepper_b
MCU_stepper.set_position: calling itersolve_set_position
MCU_stepper.set_position: calling _set_mcu_position
CartKinematicsABC: setting newpos=[0.0, 10.0, 30.0] on stepper: stepper_c
MCU_stepper.set_position: setting coord=[0.0, 10.0, 30.0] on stepper=stepper_c
MCU_stepper.set_position: calling itersolve_set_position
MCU_stepper.set_position: calling _set_mcu_position
gcode_move.reset_last_position: triggered.
gcode_move.reset_last_position: set self.last_position=[0.0, 0.0, 150.0, 0.0, 10.0, 30.0, 5.0]
homing.home_rails: starting second home startpos=[0.0, 0.0, 150.0, 0.0, 10.0, 30.0, 5.0] and homepos=[0.0, 0.0, 150.0, 0.0, 0.0, 30.0, 5.0]
homing.homing_move: homing move called, starting setup.
homing.StepperPosition: add stepper stepper_b to endstop b
homing.homing_move: homing move start.
homing.homing_move: dwell for HOMING_START_DELAY=0.001
homing.homing_move: issuing drip move at speed: 5.0
drip_move: sending move to the queue.
toolhead.move: processing move to newpos=[0.0, 0.0, 150.0, 0.0, 0.0, 30.0, 5.0] at speed=5.0
toolhead.move: moved_axes=[4] unconfigured_axes=[] self.axes=[0, 1, 2, 3, 4, 5, 6]
toolhead.move: moving to newpos=[0.0, 0.0, 150.0, 0.0, 0.0, 30.0, 5.0]
Move: setup with start_pos=[0.0, 0.0, 150.0, 0.0, 10.0, 30.0, 5.0] and end_pos=[0.0, 0.0, 150.0, 0.0, 0.0, 30.0, 5.0]
Move: setup with axes_d=[0.0, 0.0, 0.0, 0.0, -10.0, 0.0, 0.0] and move_d=10.0.
Move: scale acceleration from 3000.0 to 3000.0.
toolhead.move: check_move on XYZ move.
cartesian_abc.check_move: checking move ending on (0.0, 0.0, 150.0, 0.0, 0.0, 30.0, 5.0).
cartesian_abc.check_move: no Z axis in move.
toolhead.move: check_move on ABC move.
cartesian_abc.check_move: checking move ending on (0.0, 0.0, 150.0, 0.0, 0.0, 30.0, 5.0).
cartesian_abc.check_move: no Z axis in ABC kinematic.
MoveQueue.add_move: adding move.
drip_move: flushing move queue / transmitting move.
Move set_junction: function triggered.
Move set_junction: function end.
ToolHead _process_moves: function triggered.
ToolHead _process_moves: self.print_time=788.3707765387638
ToolHead _process_moves: next_move_time=788.3707765387638
toolhead._process_moves: appending move to XYZ trapq.
toolhead._process_moves: appending move to ABC trapq.
ToolHead _process_moves: calling _update_drip_move_time with next_move_time=790.3724432054305
drip_move: calling flush_step_generation / exit drip state.
homing.homing_move: waiting for endstop triggers.
homing.homing_move: calculating haltpos.
set_position (toolhead): setting newpos=[0.0, 0.0, 150.0, 0.0, 0.0, 30.0, 5.0] and homing_axes=
set_position (toolhead): setting XYZ trapq position.
set_position (toolhead): using newpos=[0.0, 0.0, 150.0]
set_kin_trap_position: setting trapq pos to newpos=[0.0, 0.0, 150.0]
set_position (toolhead): setting ABC trapq position.
set_position (toolhead): using newpos=[0.0, 0.0, 30.0]
set_kin_trap_position: setting trapq pos to newpos=[0.0, 0.0, 30.0]
set_position (toolhead): setting E trapq pos.
toolhead.set_position_e: setting E to newpos=5.0.
PrinterExtruder.set_position: called with newpos_e=5.0 homing_axes= and self.axis_idx=6.
ExtruderStepper.set_position: setting E to newpos=5.0.
MCU_stepper.set_position: setting coord=[5.0, 0.0, 0.0] on stepper=extruder
MCU_stepper.set_position: calling itersolve_set_position
MCU_stepper.set_position: calling _set_mcu_position
set_position (toolhead): setting XYZ kinematic position.
set_position (toolhead): using newpos=[0.0, 0.0, 150.0] and kin_homing_axes=[]
set_kinematics_position: setting kinematic position with newpos=[0.0, 0.0, 150.0] and homing_axes=[]
CartKinematicsABC.set_position: setting kinematic position of 3 rails with newpos=[0.0, 0.0, 150.0] and homing_axes=[]
CartKinematicsABC: setting newpos=[0.0, 0.0, 150.0] on stepper: stepper_x
MCU_stepper.set_position: setting coord=[0.0, 0.0, 150.0] on stepper=stepper_x
MCU_stepper.set_position: calling itersolve_set_position
MCU_stepper.set_position: calling _set_mcu_position
CartKinematicsABC: setting newpos=[0.0, 0.0, 150.0] on stepper: stepper_y
MCU_stepper.set_position: setting coord=[0.0, 0.0, 150.0] on stepper=stepper_y
MCU_stepper.set_position: calling itersolve_set_position
MCU_stepper.set_position: calling _set_mcu_position
CartKinematicsABC: setting newpos=[0.0, 0.0, 150.0] on stepper: stepper_z
MCU_stepper.set_position: setting coord=[0.0, 0.0, 150.0] on stepper=stepper_z
MCU_stepper.set_position: calling itersolve_set_position
MCU_stepper.set_position: calling _set_mcu_position
set_position (toolhead): setting ABC kinematic position.
set_position (toolhead): using newpos=[0.0, 0.0, 30.0] and kin_homing_axes=[]
set_kinematics_position: setting kinematic position with newpos=[0.0, 0.0, 30.0] and homing_axes=[]
CartKinematicsABC.set_position: setting kinematic position of 3 rails with newpos=[0.0, 0.0, 30.0] and homing_axes=[]
CartKinematicsABC: setting newpos=[0.0, 0.0, 30.0] on stepper: stepper_a
MCU_stepper.set_position: setting coord=[0.0, 0.0, 30.0] on stepper=stepper_a
MCU_stepper.set_position: calling itersolve_set_position
MCU_stepper.set_position: calling _set_mcu_position
CartKinematicsABC: setting newpos=[0.0, 0.0, 30.0] on stepper: stepper_b
MCU_stepper.set_position: setting coord=[0.0, 0.0, 30.0] on stepper=stepper_b
MCU_stepper.set_position: calling itersolve_set_position
MCU_stepper.set_position: calling _set_mcu_position
CartKinematicsABC: setting newpos=[0.0, 0.0, 30.0] on stepper: stepper_c
MCU_stepper.set_position: setting coord=[0.0, 0.0, 30.0] on stepper=stepper_c
MCU_stepper.set_position: calling itersolve_set_position
MCU_stepper.set_position: calling _set_mcu_position
gcode_move.reset_last_position: triggered.
gcode_move.reset_last_position: set self.last_position=[0.0, 0.0, 150.0, 0.0, 0.0, 30.0, 5.0]
homing.homing_move: endstop trigger position trigpos=[0.0, 0.0, 150.0, 0.0, 0.0, 30.0, 5.0]
homing.homing_move: toolhead position set to haltpos=[0.0, 0.0, 150.0, 0.0, 0.0, 30.0, 5.0]
homing.homing_move: homing move end.
check_no_movement with axes=None
gcode_move.reset_last_position: triggered.
gcode_move.reset_last_position: set self.last_position=[0.0, 0.0, 150.0, 0.0, 0.0, 30.0, 5.0]
homing.home_rails: finalized.
toolhead.abc_axes_to_xyz: input=5
toolhead.abc_axes_to_xyz: output=2
cartesian_abc._home_axis: homing axis=5 with forcepos=[None, None, None, None, None, 540.0, None] and homepos=[None, None, None, None, None, 0.0, None]
homing.home_rails: homing begins with forcepos=[None, None, None, None, None, 540.0, None] and movepos=[None, None, None, None, None, 0.0, None]
set_position (toolhead): setting newpos=[0.0, 0.0, 150.0, 0.0, 0.0, 540.0, 5.0] and homing_axes=c
set_position (toolhead): setting XYZ trapq position.
set_position (toolhead): using newpos=[0.0, 0.0, 150.0]
set_kin_trap_position: setting trapq pos to newpos=[0.0, 0.0, 150.0]
set_position (toolhead): setting ABC trapq position.
set_position (toolhead): using newpos=[0.0, 0.0, 540.0]
set_kin_trap_position: setting trapq pos to newpos=[0.0, 0.0, 540.0]
set_position (toolhead): setting E trapq pos.
toolhead.set_position_e: setting E to newpos=5.0.
PrinterExtruder.set_position: called with newpos_e=5.0 homing_axes=c and self.axis_idx=6.
ExtruderStepper.set_position: setting E to newpos=5.0.
MCU_stepper.set_position: setting coord=[5.0, 0.0, 0.0] on stepper=extruder
MCU_stepper.set_position: calling itersolve_set_position
MCU_stepper.set_position: calling _set_mcu_position
set_position (toolhead): setting XYZ kinematic position.
set_position (toolhead): using newpos=[0.0, 0.0, 150.0] and kin_homing_axes=[]
set_kinematics_position: setting kinematic position with newpos=[0.0, 0.0, 150.0] and homing_axes=[]
CartKinematicsABC.set_position: setting kinematic position of 3 rails with newpos=[0.0, 0.0, 150.0] and homing_axes=[]
CartKinematicsABC: setting newpos=[0.0, 0.0, 150.0] on stepper: stepper_x
MCU_stepper.set_position: setting coord=[0.0, 0.0, 150.0] on stepper=stepper_x
MCU_stepper.set_position: calling itersolve_set_position
MCU_stepper.set_position: calling _set_mcu_position
CartKinematicsABC: setting newpos=[0.0, 0.0, 150.0] on stepper: stepper_y
MCU_stepper.set_position: setting coord=[0.0, 0.0, 150.0] on stepper=stepper_y
MCU_stepper.set_position: calling itersolve_set_position
MCU_stepper.set_position: calling _set_mcu_position
CartKinematicsABC: setting newpos=[0.0, 0.0, 150.0] on stepper: stepper_z
MCU_stepper.set_position: setting coord=[0.0, 0.0, 150.0] on stepper=stepper_z
MCU_stepper.set_position: calling itersolve_set_position
MCU_stepper.set_position: calling _set_mcu_position
set_position (toolhead): setting ABC kinematic position.
set_position (toolhead): using newpos=[0.0, 0.0, 540.0] and kin_homing_axes=['c']
set_kinematics_position: setting kinematic position with newpos=[0.0, 0.0, 540.0] and homing_axes=['c']
CartKinematicsABC.set_position: setting kinematic position of 3 rails with newpos=[0.0, 0.0, 540.0] and homing_axes=['c']
CartKinematicsABC: setting newpos=[0.0, 0.0, 540.0] on stepper: stepper_a
MCU_stepper.set_position: setting coord=[0.0, 0.0, 540.0] on stepper=stepper_a
MCU_stepper.set_position: calling itersolve_set_position
MCU_stepper.set_position: calling _set_mcu_position
CartKinematicsABC: setting newpos=[0.0, 0.0, 540.0] on stepper: stepper_b
MCU_stepper.set_position: setting coord=[0.0, 0.0, 540.0] on stepper=stepper_b
MCU_stepper.set_position: calling itersolve_set_position
MCU_stepper.set_position: calling _set_mcu_position
CartKinematicsABC: setting newpos=[0.0, 0.0, 540.0] on stepper: stepper_c
MCU_stepper.set_position: setting coord=[0.0, 0.0, 540.0] on stepper=stepper_c
MCU_stepper.set_position: calling itersolve_set_position
MCU_stepper.set_position: calling _set_mcu_position
CartKinematicsABC: setting limits=(-360.0, 360.0) on stepper: stepper_c
gcode_move.reset_last_position: triggered.
gcode_move.reset_last_position: set self.last_position=[0.0, 0.0, 150.0, 0.0, 0.0, 540.0, 5.0]
homing.homing_move: homing move called, starting setup.
homing.StepperPosition: add stepper stepper_c to endstop c
homing.homing_move: homing move start.
homing.homing_move: dwell for HOMING_START_DELAY=0.001
homing.homing_move: issuing drip move at speed: 25.0
drip_move: sending move to the queue.
toolhead.move: processing move to newpos=[0.0, 0.0, 150.0, 0.0, 0.0, 0.0, 5.0] at speed=25.0
toolhead.move: moved_axes=[5] unconfigured_axes=[] self.axes=[0, 1, 2, 3, 4, 5, 6]
toolhead.move: moving to newpos=[0.0, 0.0, 150.0, 0.0, 0.0, 0.0, 5.0]
Move: setup with start_pos=[0.0, 0.0, 150.0, 0.0, 0.0, 540.0, 5.0] and end_pos=[0.0, 0.0, 150.0, 0.0, 0.0, 0.0, 5.0]
Move: setup with axes_d=[0.0, 0.0, 0.0, 0.0, 0.0, -540.0, 0.0] and move_d=540.0.
Move: scale acceleration from 3000.0 to 3000.0.
toolhead.move: check_move on XYZ move.
cartesian_abc.check_move: checking move ending on (0.0, 0.0, 150.0, 0.0, 0.0, 0.0, 5.0).
cartesian_abc.check_move: no Z axis in move.
toolhead.move: check_move on ABC move.
cartesian_abc.check_move: checking move ending on (0.0, 0.0, 150.0, 0.0, 0.0, 0.0, 5.0).
cartesian_abc.check_move: no Z axis in ABC kinematic.
MoveQueue.add_move: adding move.
drip_move: flushing move queue / transmitting move.
Move set_junction: function triggered.
Move set_junction: function end.
ToolHead _process_moves: function triggered.
ToolHead _process_moves: self.print_time=790.3774432054304
ToolHead _process_moves: next_move_time=790.3774432054304
toolhead._process_moves: appending move to XYZ trapq.
toolhead._process_moves: appending move to ABC trapq.
ToolHead _process_moves: calling _update_drip_move_time with next_move_time=811.9857765387637
drip_move: calling flush_step_generation / exit drip state.
homing.homing_move: waiting for endstop triggers.
homing.homing_move: calculating haltpos.
set_position (toolhead): setting newpos=[0.0, 0.0, 150.0, 0.0, 0.0, 0.0, 5.0] and homing_axes=
set_position (toolhead): setting XYZ trapq position.
set_position (toolhead): using newpos=[0.0, 0.0, 150.0]
set_kin_trap_position: setting trapq pos to newpos=[0.0, 0.0, 150.0]
set_position (toolhead): setting ABC trapq position.
set_position (toolhead): using newpos=[0.0, 0.0, 0.0]
set_kin_trap_position: setting trapq pos to newpos=[0.0, 0.0, 0.0]
set_position (toolhead): setting E trapq pos.
toolhead.set_position_e: setting E to newpos=5.0.
PrinterExtruder.set_position: called with newpos_e=5.0 homing_axes= and self.axis_idx=6.
ExtruderStepper.set_position: setting E to newpos=5.0.
MCU_stepper.set_position: setting coord=[5.0, 0.0, 0.0] on stepper=extruder
MCU_stepper.set_position: calling itersolve_set_position
MCU_stepper.set_position: calling _set_mcu_position
set_position (toolhead): setting XYZ kinematic position.
set_position (toolhead): using newpos=[0.0, 0.0, 150.0] and kin_homing_axes=[]
set_kinematics_position: setting kinematic position with newpos=[0.0, 0.0, 150.0] and homing_axes=[]
CartKinematicsABC.set_position: setting kinematic position of 3 rails with newpos=[0.0, 0.0, 150.0] and homing_axes=[]
CartKinematicsABC: setting newpos=[0.0, 0.0, 150.0] on stepper: stepper_x
MCU_stepper.set_position: setting coord=[0.0, 0.0, 150.0] on stepper=stepper_x
MCU_stepper.set_position: calling itersolve_set_position
MCU_stepper.set_position: calling _set_mcu_position
CartKinematicsABC: setting newpos=[0.0, 0.0, 150.0] on stepper: stepper_y
MCU_stepper.set_position: setting coord=[0.0, 0.0, 150.0] on stepper=stepper_y
MCU_stepper.set_position: calling itersolve_set_position
MCU_stepper.set_position: calling _set_mcu_position
CartKinematicsABC: setting newpos=[0.0, 0.0, 150.0] on stepper: stepper_z
MCU_stepper.set_position: setting coord=[0.0, 0.0, 150.0] on stepper=stepper_z
MCU_stepper.set_position: calling itersolve_set_position
MCU_stepper.set_position: calling _set_mcu_position
set_position (toolhead): setting ABC kinematic position.
set_position (toolhead): using newpos=[0.0, 0.0, 0.0] and kin_homing_axes=[]
set_kinematics_position: setting kinematic position with newpos=[0.0, 0.0, 0.0] and homing_axes=[]
CartKinematicsABC.set_position: setting kinematic position of 3 rails with newpos=[0.0, 0.0, 0.0] and homing_axes=[]
CartKinematicsABC: setting newpos=[0.0, 0.0, 0.0] on stepper: stepper_a
MCU_stepper.set_position: setting coord=[0.0, 0.0, 0.0] on stepper=stepper_a
MCU_stepper.set_position: calling itersolve_set_position
MCU_stepper.set_position: calling _set_mcu_position
CartKinematicsABC: setting newpos=[0.0, 0.0, 0.0] on stepper: stepper_b
MCU_stepper.set_position: setting coord=[0.0, 0.0, 0.0] on stepper=stepper_b
MCU_stepper.set_position: calling itersolve_set_position
MCU_stepper.set_position: calling _set_mcu_position
CartKinematicsABC: setting newpos=[0.0, 0.0, 0.0] on stepper: stepper_c
MCU_stepper.set_position: setting coord=[0.0, 0.0, 0.0] on stepper=stepper_c
MCU_stepper.set_position: calling itersolve_set_position
MCU_stepper.set_position: calling _set_mcu_position
gcode_move.reset_last_position: triggered.
gcode_move.reset_last_position: set self.last_position=[0.0, 0.0, 150.0, 0.0, 0.0, 0.0, 5.0]
homing.homing_move: endstop trigger position trigpos=[0.0, 0.0, 150.0, 0.0, 0.0, 0.0, 5.0]
homing.homing_move: toolhead position set to haltpos=[0.0, 0.0, 150.0, 0.0, 0.0, 0.0, 5.0]
homing.homing_move: homing move end.
homing.home_rails: setting up second home startpos=[0.0, 0.0, 150.0, 0.0, 0.0, 540.0, 5.0] and homepos=[0.0, 0.0, 150.0, 0.0, 0.0, 0.0, 5.0]
homing.home_rails: issuing retraction move to retractpos=[0.0, 0.0, 150.0, 0.0, 0.0, 5.0, 5.0]
toolhead.move: processing move to newpos=[0.0, 0.0, 150.0, 0.0, 0.0, 5.0, 5.0] at speed=25.0
toolhead.move: moved_axes=[5] unconfigured_axes=[] self.axes=[0, 1, 2, 3, 4, 5, 6]
toolhead.move: moving to newpos=[0.0, 0.0, 150.0, 0.0, 0.0, 5.0, 5.0]
Move: setup with start_pos=[0.0, 0.0, 150.0, 0.0, 0.0, 0.0, 5.0] and end_pos=[0.0, 0.0, 150.0, 0.0, 0.0, 5.0, 5.0]
Move: setup with axes_d=[0.0, 0.0, 0.0, 0.0, 0.0, 5.0, 0.0] and move_d=5.0.
Move: scale acceleration from 3000.0 to 3000.0.
toolhead.move: check_move on XYZ move.
cartesian_abc.check_move: checking move ending on (0.0, 0.0, 150.0, 0.0, 0.0, 5.0, 5.0).
cartesian_abc.check_move: no Z axis in move.
toolhead.move: check_move on ABC move.
cartesian_abc.check_move: checking move ending on (0.0, 0.0, 150.0, 0.0, 0.0, 5.0, 5.0).
cartesian_abc.check_move: no Z axis in ABC kinematic.
MoveQueue.add_move: adding move.
homing.home_rails: issuing second homing move with startpos=[0.0, 0.0, 150.0, 0.0, 0.0, 10.0, 5.0]
set_position (toolhead): setting newpos=[0.0, 0.0, 150.0, 0.0, 0.0, 10.0, 5.0] and homing_axes=
Move set_junction: function triggered.
Move set_junction: function end.
ToolHead _process_moves: function triggered.
ToolHead _process_moves: self.print_time=811.9887765387637
ToolHead _process_moves: next_move_time=811.9887765387637
toolhead._process_moves: appending move to XYZ trapq.
toolhead._process_moves: appending move to ABC trapq.
set_position (toolhead): setting XYZ trapq position.
set_position (toolhead): using newpos=[0.0, 0.0, 150.0]
set_kin_trap_position: setting trapq pos to newpos=[0.0, 0.0, 150.0]
set_position (toolhead): setting ABC trapq position.
set_position (toolhead): using newpos=[0.0, 0.0, 10.0]
set_kin_trap_position: setting trapq pos to newpos=[0.0, 0.0, 10.0]
set_position (toolhead): setting E trapq pos.
toolhead.set_position_e: setting E to newpos=5.0.
PrinterExtruder.set_position: called with newpos_e=5.0 homing_axes= and self.axis_idx=6.
ExtruderStepper.set_position: setting E to newpos=5.0.
MCU_stepper.set_position: setting coord=[5.0, 0.0, 0.0] on stepper=extruder
MCU_stepper.set_position: calling itersolve_set_position
MCU_stepper.set_position: calling _set_mcu_position
set_position (toolhead): setting XYZ kinematic position.
set_position (toolhead): using newpos=[0.0, 0.0, 150.0] and kin_homing_axes=[]
set_kinematics_position: setting kinematic position with newpos=[0.0, 0.0, 150.0] and homing_axes=[]
CartKinematicsABC.set_position: setting kinematic position of 3 rails with newpos=[0.0, 0.0, 150.0] and homing_axes=[]
CartKinematicsABC: setting newpos=[0.0, 0.0, 150.0] on stepper: stepper_x
MCU_stepper.set_position: setting coord=[0.0, 0.0, 150.0] on stepper=stepper_x
MCU_stepper.set_position: calling itersolve_set_position
MCU_stepper.set_position: calling _set_mcu_position
CartKinematicsABC: setting newpos=[0.0, 0.0, 150.0] on stepper: stepper_y
MCU_stepper.set_position: setting coord=[0.0, 0.0, 150.0] on stepper=stepper_y
MCU_stepper.set_position: calling itersolve_set_position
MCU_stepper.set_position: calling _set_mcu_position
CartKinematicsABC: setting newpos=[0.0, 0.0, 150.0] on stepper: stepper_z
MCU_stepper.set_position: setting coord=[0.0, 0.0, 150.0] on stepper=stepper_z
MCU_stepper.set_position: calling itersolve_set_position
MCU_stepper.set_position: calling _set_mcu_position
set_position (toolhead): setting ABC kinematic position.
set_position (toolhead): using newpos=[0.0, 0.0, 10.0] and kin_homing_axes=[]
set_kinematics_position: setting kinematic position with newpos=[0.0, 0.0, 10.0] and homing_axes=[]
CartKinematicsABC.set_position: setting kinematic position of 3 rails with newpos=[0.0, 0.0, 10.0] and homing_axes=[]
CartKinematicsABC: setting newpos=[0.0, 0.0, 10.0] on stepper: stepper_a
MCU_stepper.set_position: setting coord=[0.0, 0.0, 10.0] on stepper=stepper_a
MCU_stepper.set_position: calling itersolve_set_position
MCU_stepper.set_position: calling _set_mcu_position
CartKinematicsABC: setting newpos=[0.0, 0.0, 10.0] on stepper: stepper_b
MCU_stepper.set_position: setting coord=[0.0, 0.0, 10.0] on stepper=stepper_b
MCU_stepper.set_position: calling itersolve_set_position
MCU_stepper.set_position: calling _set_mcu_position
CartKinematicsABC: setting newpos=[0.0, 0.0, 10.0] on stepper: stepper_c
MCU_stepper.set_position: setting coord=[0.0, 0.0, 10.0] on stepper=stepper_c
MCU_stepper.set_position: calling itersolve_set_position
MCU_stepper.set_position: calling _set_mcu_position
gcode_move.reset_last_position: triggered.
gcode_move.reset_last_position: set self.last_position=[0.0, 0.0, 150.0, 0.0, 0.0, 10.0, 5.0]
homing.home_rails: starting second home startpos=[0.0, 0.0, 150.0, 0.0, 0.0, 10.0, 5.0] and homepos=[0.0, 0.0, 150.0, 0.0, 0.0, 0.0, 5.0]
homing.homing_move: homing move called, starting setup.
homing.StepperPosition: add stepper stepper_c to endstop c
homing.homing_move: homing move start.
homing.homing_move: dwell for HOMING_START_DELAY=0.001
homing.homing_move: issuing drip move at speed: 5.0
drip_move: sending move to the queue.
toolhead.move: processing move to newpos=[0.0, 0.0, 150.0, 0.0, 0.0, 0.0, 5.0] at speed=5.0
toolhead.move: moved_axes=[5] unconfigured_axes=[] self.axes=[0, 1, 2, 3, 4, 5, 6]
toolhead.move: moving to newpos=[0.0, 0.0, 150.0, 0.0, 0.0, 0.0, 5.0]
Move: setup with start_pos=[0.0, 0.0, 150.0, 0.0, 0.0, 10.0, 5.0] and end_pos=[0.0, 0.0, 150.0, 0.0, 0.0, 0.0, 5.0]
Move: setup with axes_d=[0.0, 0.0, 0.0, 0.0, 0.0, -10.0, 0.0] and move_d=10.0.
Move: scale acceleration from 3000.0 to 3000.0.
toolhead.move: check_move on XYZ move.
cartesian_abc.check_move: checking move ending on (0.0, 0.0, 150.0, 0.0, 0.0, 0.0, 5.0).
cartesian_abc.check_move: no Z axis in move.
toolhead.move: check_move on ABC move.
cartesian_abc.check_move: checking move ending on (0.0, 0.0, 150.0, 0.0, 0.0, 0.0, 5.0).
cartesian_abc.check_move: no Z axis in ABC kinematic.
MoveQueue.add_move: adding move.
drip_move: flushing move queue / transmitting move.
Move set_junction: function triggered.
Move set_junction: function end.
ToolHead _process_moves: function triggered.
ToolHead _process_moves: self.print_time=812.2011098720969
ToolHead _process_moves: next_move_time=812.2011098720969
toolhead._process_moves: appending move to XYZ trapq.
toolhead._process_moves: appending move to ABC trapq.
ToolHead _process_moves: calling _update_drip_move_time with next_move_time=814.2027765387636
drip_move: calling flush_step_generation / exit drip state.
homing.homing_move: waiting for endstop triggers.
homing.homing_move: calculating haltpos.
set_position (toolhead): setting newpos=[0.0, 0.0, 150.0, 0.0, 0.0, 0.0, 5.0] and homing_axes=
set_position (toolhead): setting XYZ trapq position.
set_position (toolhead): using newpos=[0.0, 0.0, 150.0]
set_kin_trap_position: setting trapq pos to newpos=[0.0, 0.0, 150.0]
set_position (toolhead): setting ABC trapq position.
set_position (toolhead): using newpos=[0.0, 0.0, 0.0]
set_kin_trap_position: setting trapq pos to newpos=[0.0, 0.0, 0.0]
set_position (toolhead): setting E trapq pos.
toolhead.set_position_e: setting E to newpos=5.0.
PrinterExtruder.set_position: called with newpos_e=5.0 homing_axes= and self.axis_idx=6.
ExtruderStepper.set_position: setting E to newpos=5.0.
MCU_stepper.set_position: setting coord=[5.0, 0.0, 0.0] on stepper=extruder
MCU_stepper.set_position: calling itersolve_set_position
MCU_stepper.set_position: calling _set_mcu_position
set_position (toolhead): setting XYZ kinematic position.
set_position (toolhead): using newpos=[0.0, 0.0, 150.0] and kin_homing_axes=[]
set_kinematics_position: setting kinematic position with newpos=[0.0, 0.0, 150.0] and homing_axes=[]
CartKinematicsABC.set_position: setting kinematic position of 3 rails with newpos=[0.0, 0.0, 150.0] and homing_axes=[]
CartKinematicsABC: setting newpos=[0.0, 0.0, 150.0] on stepper: stepper_x
MCU_stepper.set_position: setting coord=[0.0, 0.0, 150.0] on stepper=stepper_x
MCU_stepper.set_position: calling itersolve_set_position
MCU_stepper.set_position: calling _set_mcu_position
CartKinematicsABC: setting newpos=[0.0, 0.0, 150.0] on stepper: stepper_y
MCU_stepper.set_position: setting coord=[0.0, 0.0, 150.0] on stepper=stepper_y
MCU_stepper.set_position: calling itersolve_set_position
MCU_stepper.set_position: calling _set_mcu_position
CartKinematicsABC: setting newpos=[0.0, 0.0, 150.0] on stepper: stepper_z
MCU_stepper.set_position: setting coord=[0.0, 0.0, 150.0] on stepper=stepper_z
MCU_stepper.set_position: calling itersolve_set_position
MCU_stepper.set_position: calling _set_mcu_position
set_position (toolhead): setting ABC kinematic position.
set_position (toolhead): using newpos=[0.0, 0.0, 0.0] and kin_homing_axes=[]
set_kinematics_position: setting kinematic position with newpos=[0.0, 0.0, 0.0] and homing_axes=[]
CartKinematicsABC.set_position: setting kinematic position of 3 rails with newpos=[0.0, 0.0, 0.0] and homing_axes=[]
CartKinematicsABC: setting newpos=[0.0, 0.0, 0.0] on stepper: stepper_a
MCU_stepper.set_position: setting coord=[0.0, 0.0, 0.0] on stepper=stepper_a
MCU_stepper.set_position: calling itersolve_set_position
MCU_stepper.set_position: calling _set_mcu_position
CartKinematicsABC: setting newpos=[0.0, 0.0, 0.0] on stepper: stepper_b
MCU_stepper.set_position: setting coord=[0.0, 0.0, 0.0] on stepper=stepper_b
MCU_stepper.set_position: calling itersolve_set_position
MCU_stepper.set_position: calling _set_mcu_position
CartKinematicsABC: setting newpos=[0.0, 0.0, 0.0] on stepper: stepper_c
MCU_stepper.set_position: setting coord=[0.0, 0.0, 0.0] on stepper=stepper_c
MCU_stepper.set_position: calling itersolve_set_position
MCU_stepper.set_position: calling _set_mcu_position
gcode_move.reset_last_position: triggered.
gcode_move.reset_last_position: set self.last_position=[0.0, 0.0, 150.0, 0.0, 0.0, 0.0, 5.0]
homing.homing_move: endstop trigger position trigpos=[0.0, 0.0, 150.0, 0.0, 0.0, 0.0, 5.0]
homing.homing_move: toolhead position set to haltpos=[0.0, 0.0, 150.0, 0.0, 0.0, 0.0, 5.0]
homing.homing_move: homing move end.
check_no_movement with axes=None
gcode_move.reset_last_position: triggered.
gcode_move.reset_last_position: set self.last_position=[0.0, 0.0, 150.0, 0.0, 0.0, 0.0, 5.0]
homing.home_rails: finalized.
GCodeMove: G1 starting setup with params={'G': '1', 'X': '0', 'Y': '0', 'Z': '150', 'A': '0', 'B': '0', 'C': '0', 'F': '3000'}
GCodeMove: current G1 modes are absolute_coord=True and absolute_extrude=True
GCodeMove: parsed axis=X with value=0.0
GCodeMove: parsed axis=Y with value=0.0
GCodeMove: parsed axis=Z with value=150.0
GCodeMove: parsed axis=A with value=0.0
GCodeMove: parsed axis=B with value=0.0
GCodeMove: parsed axis=C with value=0.0
GCodeMove: G1 moving to '[0.0, 0.0, 150.0, 0.0, 0.0, 0.0, 5.0]' at speed: 50.0
toolhead.move: processing move to newpos=[0.0, 0.0, 150.0, 0.0, 0.0, 0.0, 5.0] at speed=50.0
toolhead.move: moved_axes=[] unconfigured_axes=[] self.axes=[0, 1, 2, 3, 4, 5, 6]
toolhead.move: moving to newpos=[0.0, 0.0, 150.0, 0.0, 0.0, 0.0, 5.0]
Move: setup with start_pos=[0.0, 0.0, 150.0, 0.0, 0.0, 0.0, 5.0] and end_pos=[0.0, 0.0, 150.0, 0.0, 0.0, 0.0, 5.0]
Move: setup with axes_d=[0.0, 0.0, 0.0, 0.0, 0.0, 0.0, 0.0] and move_d=0.0.
Move: acceleration set to 99999999.9.
toolhead.move: early return, nothing to move. move.move_d=0.0
===== POSITION SUMMARY =====
Machine Mode: cnc
Axis Config: XYZABC (6 axes)
Position: X:0.000 Y:0.000 Z:150.000 A:0.000 B:0.000 C:0.000 E:5.000
Homed: X:✗ Y:✗ Z:✗ A:✗ B:✗ C:✗ X:✗ Y:✗ Z:✗ A:✗ B:✗ C:✗
Manual Steppers: None
Extruder Info:
  Temperature: 0.0°C (target: 0.0°C)
  Pressure Advance: 0.000000
  Smooth Time: 0.040000

===== DETAILED POSITIONS =====
mcu: XYZ: stepper_x:-54000 stepper_y:-50760 stepper_z:100000, ABC: stepper_a:-62400 stepper_b:-1272000 stepper_c:-2568000
stepper: XYZ: stepper_x:0.000000 stepper_y:0.000000 stepper_z:150.000000, ABC: stepper_a:0.000000 stepper_b:0.000000 stepper_c:0.000000
kinematic: XYZ: X:0.000000 Y:0.000000 Z:150.000000, ABC: A:0.000000 B:0.000000 C:0.000000

===== COORDINATE SYSTEMS =====
toolhead: X:0.000000 Y:0.000000 Z:150.000000 A:0.000000 B:0.000000 C:0.000000 E:5.000000
gcode: X:0.000000 Y:0.000000 Z:150.000000 A:0.000000 B:0.000000 C:0.000000 E:5.000000
gcode base: X:0.000000 Y:0.000000 Z:0.000000 A:0.000000 B:0.000000 C:0.000000 E:0.000000
gcode homing: X:0.000000 Y:0.000000 Z:0.000000 A:0.000000 B:0.000000 C:0.000000 E:0.000000
Machine mode: cnc, Tool mode: spindle, Axis: XYZABC (6 axes)
MachineMode: Status - Machine mode: cnc, Tool mode: spindle, Axis: XYZABC (6 axes)
Spindle Control: No PWM output configured
CNC M-Codes: M5 - Spindle STOP
M5: Spindle STOP
Unfreezing garbage collection


Test case test/klippy/machine_mode.test FAILED (Error during test)!

